D/ContactProvider( 5565): getAllContactInfoList End
I/syncContacts( 5565): thread: 443, sync time = 297
D/InputReader( 2383): Input event: value=1 when=91033104000
W/LicenseLogService( 2383): log() is called by non admin
I/dalvikvm( 5131): Total arena pages for JIT: 11
D/dalvikvm( 5131): Rejecting registerization due to and-int/lit16 v0, v5, (#128)
I/dalvikvm( 5131): Total arena pages for JIT: 12
D/dalvikvm( 5131): Rejecting registerization due to and-int/lit16 v0, v5, (#128)
D/dalvikvm( 2686): GC_EXPLICIT freed 528K, 46% free 5254K/9640K, paused 2ms+6ms, total 40ms
I/WAKELOCK_RELEASE( 2383): TIMESTAMP=91176938443, TAG=*net_scheduler*, TYPE=PARTIAL_WAKE_LOCK             , COUNT=0, PID=2803, UID=10018
I/Monitor ( 2383): SIOP:: Current AP = 407, CP = 0
I/GLSUser ( 2803): [GLSUser]  extracting token using key:Auth
I/WAKELOCK_RELEASE( 2383): TIMESTAMP=91214991245, TAG=Icing, TYPE=PARTIAL_WAKE_LOCK             , COUNT=0, PID=3272, UID=10018
W/GLSUser ( 2803): [GLSUser] [GLSUser]  Permission for com.google.android.googlequicksearchbox to access oauth2:https://www.googleapis.com/auth/googlenow will be managed locally.
W/LicenseLogService( 2383): log() is called by non admin
I/WAKELOCK_RELEASE( 2383): TIMESTAMP=91292904826, TAG=Icing, TYPE=PARTIAL_WAKE_LOCK             , COUNT=0, PID=3272, UID=10018
D/Finsky  ( 5582): [1] FinskyApp.onCreate: Initializing network with DFE https://android.clients.google.com/fdfe/
I/WAKELOCK_RELEASE( 2383): TIMESTAMP=91346641628, TAG=Icing, TYPE=PARTIAL_WAKE_LOCK             , COUNT=0, PID=3272, UID=10018
W/ContextImpl( 2383): Calling a method in the system process without a qualified user: android.app.ContextImpl.sendBroadcast:1361 com.android.server.am.ActivityManagerService.cleanUpApplicationRecordLocked:12456 com.android.server.am.ActivityManagerService.handleAppDiedLocked:3637 com.android.server.am.ActivityManagerService.appDiedLocked:3741 com.android.server.am.ActivityManagerService$AppDeathRecipient.binderDied:1001 
I/WAKELOCK_RELEASE( 2383): TIMESTAMP=91437002609, TAG=Icing, TYPE=PARTIAL_WAKE_LOCK             , COUNT=0, PID=3272, UID=10018
D/Finsky  ( 5582): [1] DailyHygiene.goMakeHygieneIfDirty: No need to run daily hygiene.
I/dalvikvm( 5164): Total arena pages for JIT: 11
D/dalvikvm( 5164): Rejecting registerization due to and-int/lit16 v0, v5, (#128)
I/dalvikvm( 5164): Total arena pages for JIT: 12
D/dalvikvm( 5164): Rejecting registerization due to and-int/lit16 v0, v5, (#128)
I/dalvikvm( 5582): Could not find method android.os.StatFs.getAvailableBytes, referenced from method com.google.android.finsky.installer.InstallPolicies.isFreeSpaceSufficient
W/dalvikvm( 5582): VFY: unable to resolve virtual method 1065: Landroid/os/StatFs;.getAvailableBytes ()J
D/dalvikvm( 5582): VFY: replacing opcode 0x6e at 0x000f
W/Settings( 5582): Setting download_manager_max_bytes_over_mobile has moved from android.provider.Settings.Secure to android.provider.Settings.Global.
W/Settings( 5582): Setting download_manager_recommended_max_bytes_over_mobile has moved from android.provider.Settings.Secure to android.provider.Settings.Global.
I/dalvikvm( 5582): Could not find method com.google.android.finsky.layout.DocImageView.setTransitionName, referenced from method com.google.android.finsky.utils.PlayCardUtils.bindCard
W/dalvikvm( 5582): VFY: unable to resolve virtual method 19035: Lcom/google/android/finsky/layout/DocImageView;.setTransitionName (Ljava/lang/String;)V
D/dalvikvm( 5582): VFY: replacing opcode 0x6e at 0x00a8
W/LicenseLogService( 2383): log() is called by non admin
W/LicenseLogService( 2383): log() is called by non admin
D/VoIPInterfaceManager( 2383): isVoIPRinging()...
D/VoIPInterfaceManager( 2383): Not exist call session
V/VibratorService( 2383): useVibetonz: false
D/STATUSBAR-PhoneStatusBar( 2571): animateCollapsePanels
D/dalvikvm( 2383): GC_EXPLICIT freed 498K, 27% free 21605K/29576K, paused 6ms+12ms, total 172ms
W/LicenseLogService( 2383): log() is called by non admin
D/dalvikvm( 5502): GC_CONCURRENT freed 2540K, 39% free 6360K/10340K, paused 5ms+3ms, total 77ms
W/LicenseLogService( 2383): log() is called by non admin
D/dalvikvm( 5502): Rejecting registerization due to +iget-quick v10, v4, (#20)
D/Finsky  ( 5582): [1] 2.run: Loaded library for account: [82SFKY8Q2_hDWwab4ViVoaHmvCs]
D/Finsky  ( 5582): [1] 2.run: Finished loading 1 libraries.
D/dalvikvm( 5502): Rejecting registerization due to +iget-quick v10, v4, (#20)
E/EnterpriseContainerManager( 2571): ContainerPolicy Service is not yet ready!!!
D/EnterpriseDeviceManager( 2571): ContainerId: 0
W/LicenseLogService( 2383): log() is called by non admin
D/dalvikvm( 5502): Rejecting registerization due to +iget-quick v10, v4, (#20)
D/dalvikvm( 5502): Rejecting registerization due to +iget-quick v10, v4, (#20)
D/PermissionCache( 1960): checking android.permission.READ_FRAME_BUFFER for uid=1000 => granted (215 us)
W/LicenseLogService( 2383): log() is called by non admin
W/LicenseLogService( 2383): log() is called by non admin
W/ContextImpl( 2383): Calling a method in the system process without a qualified user: android.app.ContextImpl.sendBroadcast:1361 com.android.server.am.ActivityManagerService.cleanUpApplicationRecordLocked:12456 com.android.server.am.ActivityManagerService.handleAppDiedLocked:3637 com.android.server.am.ActivityManagerService.appDiedLocked:3741 com.android.server.am.ActivityManagerService$AppDeathRecipient.binderDied:1001 
I/CustomFrequencyManager( 2383): newFrequencyRequest  - mFrequency = 1600000, mTimeoutMs = -1, mPkgName = ACTIVITY_RESUME_BOOSTER@5
I/CustomFrequencyManager( 2383): Boost Request from package = ACTIVITY_RESUME_BOOSTER@5 frequency : 1600000type = 6
I/CustomFrequencyManager( 2383): !! pkgName = ACTIVITY_RESUME_BOOSTER@5
I/CustomFrequencyManager( 2383): Request from package name pkgName = ACTIVITY_RESUME_BOOSTER@5
I/CustomFrequencyManager( 2383): mContext is Not Null  mContext.pkgName = android
I/CustomFrequencyManager( 2383): 2 Old token will be reused!
I/CustomFrequencyManager( 2383): CPUDVFSControlRequest : doFrequencyRequest::  = 1600000 Timeout : -1
W/ActivityManager( 2383): mDVFSHelper.acquire()
W/LicenseLogService( 2383): log() is called by non admin
W/ContextImpl( 2383): Calling a method in the system process without a qualified user: android.app.ContextImpl.sendBroadcast:1375 com.android.server.am.ActivityStack.startPausingLocked:1418 com.android.server.am.ActivityStack.startPausingLocked:1356 com.android.server.am.ActivityStack.resumeTopActivityLocked:2519 com.android.server.am.ActivityStack.resumeTopActivityLocked:2317 
W/LicenseLogService( 2383): log() is called by non admin
D/ActivityManager( 2383): Trying to launch com.android.systemui/.recent.RecentsActivity
D/WindowManager( 2383): computeScreenConfigurationLocked() set config.orientation=2 dw=1280 dh=800 Callers=com.android.server.wm.WindowManagerService.updateOrientationFromAppTokensLocked:5224 com.android.server.wm.WindowManagerService.updateOrientationFromAppTokens:5193 com.android.server.am.ActivityStack.realStartActivityLocked:966 
D/PowerManagerService( 2383): setKeyboardVisibility: false
W/ContextImpl( 2383): Calling a method in the system process without a qualified user: android.app.ContextImpl.sendBroadcast:1361 com.android.server.am.ActivityManagerService.computeOomAdjLocked:14974 com.android.server.am.ActivityManagerService.updateOomAdjLocked:15265 com.android.server.am.ActivityManagerService.updateOomAdjLocked:15483 com.android.server.am.ActivityManagerService.updateLruProcessLocked:2253 
W/ContextImpl( 2383): Calling a method in the system process without a qualified user: android.app.ContextImpl.sendBroadcast:1361 com.android.server.am.ActivityManagerService.computeOomAdjLocked:14980 com.android.server.am.ActivityManagerService.updateOomAdjLocked:15265 com.android.server.am.ActivityManagerService.updateOomAdjLocked:15483 com.android.server.am.ActivityManagerService.updateLruProcessLocked:2253 
D/Finsky  ( 5582): [1] GmsCoreHelper.cleanupNlp: result=false type=4
W/ContextImpl( 2383): Calling a method in the system process without a qualified user: android.app.ContextImpl.sendBroadcast:1375 com.android.server.am.ActivityStack.realStartActivityLocked:1003 com.android.server.am.ActivityStack.startSpecificActivityLocked:1198 com.android.server.am.ActivityStack.resumeTopActivityLocked:2830 com.android.server.am.ActivityStack.resumeTopActivityLocked:2317 
V/AlarmManager( 2383): waitForAlarm result :1
W/LicenseLogService( 2383): log() is called by non admin
V/AlarmManager( 2383): trigger ELAPSED_REALTIME_WAKEUP or RTC_WAKEUP
D/dalvikvm( 3017): Rejecting registerization due to mul-int/lit8 v4, v2, (#31)
W/LicenseLogService( 2383): log() is called by non admin
D/dalvikvm( 3198): GC_FOR_ALLOC freed 25K, 28% free 9474K/13032K, paused 97ms, total 104ms
W/LicenseLogService( 2383): log() is called by non admin
D/Finsky  ( 5582): [1] RestoreTracker.stopServiceIfDone: Restore complete with 0 success and 0 failed.
I/dalvikvm( 5209): Total arena pages for JIT: 11
D/dalvikvm( 5209): Rejecting registerization due to and-int/lit16 v0, v5, (#128)
I/dalvikvm( 5209): Total arena pages for JIT: 12
D/dalvikvm( 5209): Rejecting registerization due to and-int/lit16 v0, v5, (#128)
W/LicenseLogService( 2383): log() is called by non admin
W/LicenseLogService( 2383): log() is called by non admin
W/LicenseLogService( 2383): log() is called by non admin
D/InputReader( 2383): Input event: value=0 when=92225053000
W/LicenseLogService( 2383): log() is called by non admin
W/ContextImpl( 2383): Calling a method in the system process without a qualified user: android.app.ContextImpl.sendBroadcast:1361 com.android.server.am.ActivityManagerService.cleanUpApplicationRecordLocked:12456 com.android.server.am.ActivityManagerService.handleAppDiedLocked:3637 com.android.server.am.ActivityManagerService.appDiedLocked:3741 com.android.server.am.ActivityManagerService$AppDeathRecipient.binderDied:1001 
D/PackageBroadcastService( 3272): Received broadcast action=android.intent.action.PACKAGE_CHANGED and uri=com.google.android.gms
I/PackageBroadcastService( 3272): Null package name or gms related package.  Ignoreing.
I/WAKELOCK_RELEASE( 2383): TIMESTAMP=92237664665, TAG=AsyncService, TYPE=PARTIAL_WAKE_LOCK             , COUNT=0, PID=3198, UID=10079
D/dalvikvm( 3198): GC_FOR_ALLOC freed 13K, 24% free 11548K/15116K, paused 43ms, total 44ms
I/Icing   ( 3272): updateResources: need to parse e{com.google.android.gms}
W/ContextImpl( 2383): Calling a method in the system process without a qualified user: android.app.ContextImpl.sendBroadcast:1361 com.android.server.am.ActivityManagerService.cleanUpApplicationRecordLocked:12456 com.android.server.am.ActivityManagerService.handleAppDiedLocked:3637 com.android.server.am.ActivityManagerService.appDiedLocked:3741 com.android.server.am.ActivityManagerService$AppDeathRecipient.binderDied:1001 
D/dalvikvm( 2383): GC_EXPLICIT freed 672K, 27% free 21843K/29576K, paused 7ms+13ms, total 219ms
E/EnterpriseContainerManager( 2571): ContainerPolicy Service is not yet ready!!!
D/EnterpriseDeviceManager( 2571): ContainerId: 0
D/dalvikvm( 5582): Rejecting registerization due to and-int/lit16 v11, v11, (#255)
D/dalvikvm( 4656): Rejecting registerization due to array-length v3, v5, (#0)
D/dalvikvm( 4656): Rejecting registerization due to array-length v3, v5, (#0)
D/hwcomposer( 1960): isRGBOverlayLayer: got an RGB overlay layer
D/hwcomposer( 1960): isSpriteLayer: got a sprite layer
D/STATUSBAR-StatusBarManagerService( 2383): manageDisableList what=0x0 pkg=WindowManager.LayoutParams
I/WAKELOCK_RELEASE( 2383): TIMESTAMP=92429146537, TAG=hangouts_rtcs, TYPE=PARTIAL_WAKE_LOCK             , COUNT=0, PID=4656, UID=10158
D/dalvikvm( 5582): Rejecting registerization due to and-int/lit16 v11, v11, (#255)
I/PackageManager( 2383): findPreferredActivity: No PreferredActivities set
I/PackageManager( 2383): findPreferredActivity: No PreferredActivities set
I/PackageManager( 2383): findPreferredActivity: No PreferredActivities set
E/EnterpriseContainerManager( 2383): ContainerPolicy Service is not yet ready!!!
D/EnterpriseDeviceManager( 2383): ContainerId: 0
W/LicenseLogService( 2383): log() is called by non admin
W/ContextImpl( 2383): Calling a method in the system process without a qualified user: android.app.ContextImpl.sendBroadcast:1361 com.android.server.InputMethodManagerService$5.run:2473 java.lang.Thread.run:856 <bottom of call stack> <bottom of call stack> 
D/hwcomposer( 1960): isRGBOverlayLayer: got an RGB overlay layer
D/hwcomposer( 1960): isSpriteLayer: got a sprite layer
D/hwcomposer( 1960): isRGBOverlayLayer: got an RGB overlay layer
D/hwcomposer( 1960): isSpriteLayer: got a sprite layer
V/WindowManager( 2383): Window{21122eb0 u0 Keyguard}mOrientationRequetedFromKeyguard=false
V/WindowManager( 2383): Window{21122eb0 u0 Keyguard}mOrientationRequetedFromKeyguard=false
D/STATUSBAR-PhoneStatusBar( 2571): animateCollapsePanels
D/hwcomposer( 1960): bool IntelOverlayContext::disable(): disable overlay...
D/STATUSBAR-PhoneStatusBar( 2571): animateCollapsePanels
D/STATUSBAR-PhoneStatusBar( 2571): animateCollapsePanels
D/STATUSBAR-NetworkController( 2571): refreshSignalCluster: data=-1 bt=false
D/IconMerger( 2571): overflowShown = false
D/IconMerger( 2571): moreRequired = false
D/RecentsPanel( 2571): onReceive(Intent { act=com.android.systemui.recent.action.WINDOW_ANIMATION_START flg=0x10 pkg=com.android.systemui })
I/WAKELOCK_RELEASE( 2383): TIMESTAMP=92765750478, TAG=ActivityManager-Launch, TYPE=PARTIAL_WAKE_LOCK             , COUNT=0, PID=2383, UID=1000
W/ContextImpl( 2383): Calling a method in the system process without a qualified user: android.app.ContextImpl.sendBroadcast:1361 com.android.server.am.ActivityManagerService.cleanUpApplicationRecordLocked:12456 com.android.server.am.ActivityManagerService.handleAppDiedLocked:3637 com.android.server.am.ActivityManagerService.appDiedLocked:3741 com.android.server.am.ActivityManagerService$AppDeathRecipient.binderDied:1001 
I/dalvikvm( 5240): Total arena pages for JIT: 11
D/dalvikvm( 5240): Rejecting registerization due to and-int/lit16 v0, v5, (#128)
I/dalvikvm( 5240): Total arena pages for JIT: 12
D/dalvikvm( 5240): Rejecting registerization due to and-int/lit16 v0, v5, (#128)
D/LabelsProvider( 5651): local db exists
I/Icing   ( 3272): Indexing 5F26FF844AEEFD55535A812FC4FACFDE8A04F319 from com.google.android.googlequicksearchbox
W/ActivityManager( 2383): mDVFSHelper.release()
W/ContextImpl( 2383): Calling a method in the system process without a qualified user: android.app.ContextImpl.sendBroadcast:1361 com.android.server.am.ActivityManagerService.cleanUpApplicationRecordLocked:12456 com.android.server.am.ActivityManagerService.handleAppDiedLocked:3637 com.android.server.am.ActivityManagerService.appDiedLocked:3741 com.android.server.am.ActivityManagerService$AppDeathRecipient.binderDied:1001 
W/ContextImpl( 2383): Calling a method in the system process without a qualified user: android.app.ContextImpl.sendBroadcast:1361 com.android.server.am.ActivityManagerService.cleanUpApplicationRecordLocked:12456 com.android.server.am.ActivityManagerService.handleAppDiedLocked:3637 com.android.server.am.ActivityManagerService.appDiedLocked:3741 com.android.server.am.ActivityManagerService$AppDeathRecipient.binderDied:1001 
W/ActivityManager( 2383): Permission denied: checkComponentPermission() owningUid=10131
W/ActivityManager( 2383): Permission denied: checkComponentPermission() owningUid=10131
W/ContextImpl( 2383): Calling a method in the system process without a qualified user: android.app.ContextImpl.sendBroadcast:1361 com.android.server.am.ActivityManagerService.cleanUpApplicationRecordLocked:12456 com.android.server.am.ActivityManagerService.handleAppDiedLocked:3637 com.android.server.am.ActivityManagerService.appDiedLocked:3741 com.android.server.am.ActivityManagerService$AppDeathRecipient.binderDied:1001 
D/dalvikvm( 5502): Rejecting registerization due to and-int/lit16 v3, v3, (#255)
I/dalvikvm( 5253): Total arena pages for JIT: 11
I/dalvikvm( 5253): Total arena pages for JIT: 12
D/dalvikvm( 5253): Rejecting registerization due to and-int/lit16 v0, v5, (#128)
D/dalvikvm( 2686): GC_EXPLICIT freed 465K, 46% free 5260K/9640K, paused 2ms+3ms, total 23ms
D/Icing   ( 3272): Loaded CLD2 Version V2.0 - 20140131
D/dalvikvm( 5253): Rejecting registerization due to and-int/lit16 v0, v5, (#128)
W/ContextImpl( 2383): Calling a method in the system process without a qualified user: android.app.ContextImpl.sendBroadcast:1361 com.android.server.am.ActivityManagerService.cleanUpApplicationRecordLocked:12456 com.android.server.am.ActivityManagerService.handleAppDiedLocked:3637 com.android.server.am.ActivityManagerService.appDiedLocked:3741 com.android.server.am.ActivityManagerService$AppDeathRecipient.binderDied:1001 
D/dalvikvm( 5651): GC_CONCURRENT freed 2227K, 37% free 6547K/10328K, paused 2ms+1ms, total 27ms
W/ActivityManager( 2383): Permission denied: checkComponentPermission() owningUid=10131
W/ActivityManager( 2383): Permission denied: checkComponentPermission() owningUid=10131
W/ContextImpl( 2383): Calling a method in the system process without a qualified user: android.app.ContextImpl.sendBroadcast:1361 com.android.server.am.ActivityManagerService.cleanUpApplicationRecordLocked:12456 com.android.server.am.ActivityManagerService.handleAppDiedLocked:3637 com.android.server.am.ActivityManagerService.appDiedLocked:3741 com.android.server.am.ActivityManagerService$AppDeathRecipient.binderDied:1001 
D/dalvikvm( 5502): Rejecting registerization due to and-int/lit16 v3, v3, (#255)
D/PreloadUpdateManagerStateMachine( 5253): execute::IDLE:EXECUTE
D/PreloadUpdateManagerStateMachine( 5253): exit::IDLE
D/PreloadUpdateManagerStateMachine( 5253): entry::CHECK_TIMEOUT_FOR_UPDATE
D/hcjo    ( 5253): AutoUpdateTriggerManager:REQUEST2:requestInterval
W/ActivityManager( 2383): Permission denied: checkComponentPermission() owningUid=10131
W/ActivityManager( 2383): Permission denied: checkComponentPermission() owningUid=10131
D/dalvikvm( 5502): Rejecting registerization due to and-int/lit16 v3, v3, (#255)
W/ActivityManager( 2383): Permission denied: checkComponentPermission() owningUid=10131
W/ActivityManager( 2383): Permission denied: checkComponentPermission() owningUid=10131
D/dalvikvm( 5253): Rejecting registerization due to +iget-quick v1, v4, (#44)
D/dalvikvm( 5253): Rejecting registerization due to array-length v5, v3, (#0)
D/dalvikvm( 5253): Rejecting registerization due to sget-object v2, (#2350), (#0)
I/dalvikvm( 5253): JIT_INFO: Unresolved fieldPtr at sget_sput_common
I/dalvikvm( 5253): JIT_INFO: Unsupported bytecode sget-object
I/dalvikvm( 5253): Could not compile trace for Lorg/apache/commons/codec/binary/Base64;<clinit>, offset 29
I/dalvikvm( 5253): ++++++++++++++++++++++++++++++++++++++++++++
I/dalvikvm( 5253): JIT_INFO: Issues in trace  Lorg/apache/commons/codec/binary/Base64;<clinit>, offset 29
E/dalvikvm( 5253): The following issues were seen:
I/dalvikvm( 5253): 	Issue: Trace contains bytecode with no implementation
I/dalvikvm( 5253): 	Issue: Trace contains SGET / SPUT bytecode with unresolved field
I/dalvikvm( 5253): JIT_WARNING: Current trace has been rejected
I/dalvikvm( 5253): ++++++++++++++++++++++++++++++++++++++++++++
W/ActivityManager( 2383): Permission denied: checkComponentPermission() owningUid=10131
W/ActivityManager( 2383): Permission denied: checkComponentPermission() owningUid=10131
D/dalvikvm( 5253): Rejecting registerization due to mul-int/lit8 v4, v2, (#31)
D/dalvikvm( 5253): Rejecting registerization due to mul-int/lit8 v4, v2, (#31)
D/dalvikvm( 5253): Rejecting registerization due to +iget-quick v3, v5, (#20)
D/dalvikvm( 5253): Rejecting registerization due to +iget-quick v3, v5, (#20)
I/Icing   ( 3272): Indexing done 5F26FF844AEEFD55535A812FC4FACFDE8A04F319
D/Finsky  ( 5582): [1] 5.onFinished: Installation state replication succeeded.
D/dalvikvm( 2383): GC_EXPLICIT freed 711K, 27% free 21731K/29576K, paused 4ms+8ms, total 165ms
I/WAKELOCK_RELEASE( 2383): TIMESTAMP=93435831878, TAG=Icing, TYPE=PARTIAL_WAKE_LOCK             , COUNT=0, PID=3272, UID=10018
D/dalvikvm( 5582): Rejecting registerization due to mul-int/lit8 v4, v2, (#31)
D/dalvikvm( 5582): Rejecting registerization due to mul-int/lit8 v4, v2, (#31)
D/STATUSBAR-NetworkController( 2571): refreshSignalCluster: data=-1 bt=false
D/IconMerger( 2571): overflowShown = false
D/IconMerger( 2571): moreRequired = false
D/dalvikvm( 5253): Rejecting registerization due to +iget-object-quick v4, v6, (#8)
I/AccountProvider( 5651): com.yandex.auth.AccountProvider.onCreate(com.yandex.auth.maps)
D/dalvikvm( 5651): No JNI_OnLoad found in /system/lib/libgnustl_shared.so 0x420e3130, skipping init
D/dalvikvm( 5651): Trying to load lib /data/app-lib/ru.yandex.yandexmaps-2/libyandexmaps_360.so 0x420e3130
D/        ( 5651): calling hookDlopen()!
D/        ( 5651): calling hookCheckABI2Header()!
D/        ( 5651): calling houdiniHookInit()!
I/dalvikvm( 5272): Total arena pages for JIT: 11
D/dalvikvm( 5272): Rejecting registerization due to and-int/lit16 v0, v5, (#128)
W/ContextImpl( 2383): Calling a method in the system process without a qualified user: android.app.ContextImpl.sendBroadcast:1361 com.android.server.am.ActivityManagerService.cleanUpApplicationRecordLocked:12456 com.android.server.am.ActivityManagerService.handleAppDiedLocked:3637 com.android.server.am.ActivityManagerService.appDiedLocked:3741 com.android.server.am.ActivityManagerService$AppDeathRecipient.binderDied:1001 
I/dalvikvm( 5272): Total arena pages for JIT: 12
D/dalvikvm( 5272): Rejecting registerization due to and-int/lit16 v0, v5, (#128)
D/houdini ( 5651): [5651] Loading library(version: 3.3.3.43422 RELEASE)... successfully.
D/dalvikvm( 2383): GC_EXPLICIT freed 198K, 27% free 21704K/29576K, paused 4ms+8ms, total 134ms
W/ContextImpl( 2383): Calling a method in the system process without a qualified user: android.app.ContextImpl.sendBroadcast:1361 com.absolute.android.persistservice.ABTPersistenceService$1.run:924 java.lang.Thread.run:856 <bottom of call stack> <bottom of call stack> 
D/dalvikvm( 5253): Rejecting registerization due to +iget-object-quick v1, v3, (#12)
D/dalvikvm( 5253): Rejecting registerization due to +iget-object-quick v1, v3, (#12)
D/dalvikvm( 5253): Rejecting registerization due to +iget-object-quick v5, v7, (#8)
D/dalvikvm( 5253): Rejecting registerization due to +iget-object-quick v5, v7, (#8)
D/dalvikvm( 5253): Rejecting registerization due to +iget-object-quick v2, v3, (#8)
D/dalvikvm( 5253): Rejecting registerization due to +iget-object-quick v2, v3, (#8)
D/dalvikvm( 5253): Rejecting registerization due to array-length v1, v3, (#0)
D/dalvikvm( 5253): Rejecting registerization due to array-length v1, v3, (#0)
D/hcjo    ( 5253): AutoUpdateTriggerManager:REQUEST2:setInterval:86400000
D/dalvikvm( 5253): Rejecting registerization due to ushr-int/lit8 v2, v4, (#1)
D/dalvikvm( 5253): Rejecting registerization due to ushr-int/lit8 v2, v4, (#1)
D/dalvikvm( 5253): Rejecting registerization due to +iget-object-quick v4, v7, (#16)
D/dalvikvm( 5253): Rejecting registerization due to +iget-object-quick v4, v7, (#16)
D/hcjo    ( 5253): AutoUpdateTriggerManager:REQUEST2:notifyTimedOutAndWriteUpdateCheckedTime
D/dalvikvm( 5253): Rejecting registerization due to mul-int/lit8 v5, v0, (#31)
D/dalvikvm( 5253): Rejecting registerization due to mul-int/lit8 v5, v0, (#31)
D/dalvikvm( 5651): Added shared lib /data/app-lib/ru.yandex.yandexmaps-2/libyandexmaps_360.so 0x420e3130
D/        ( 5651): calling hookJniOnload()!
D/dalvikvm( 5253): Rejecting registerization due to +iget-object-quick v4, v9, (#16)
D/dalvikvm( 5253): Rejecting registerization due to +iget-object-quick v4, v9, (#16)
D/PreloadUpdateManagerStateMachine( 5253): execute::CHECK_TIMEOUT_FOR_UPDATE:TIMED_OUT
D/PreloadUpdateManagerStateMachine( 5253): exit::CHECK_TIMEOUT_FOR_UPDATE
D/PreloadUpdateManagerStateMachine( 5253): entry::REQ_UPDATE_CHECK
D/dalvikvm( 5253): Rejecting registerization due to array-length v3, v5, (#0)
D/dalvikvm( 5253): Rejecting registerization due to array-length v3, v5, (#0)
I/{Metrica for Apps}:{Log}( 5651): Initializing of Metrica, Release type, Version 1.41, API Level 12, Dated 03.09.2014.
W/ContextImpl( 2383): Calling a method in the system process without a qualified user: android.app.ContextImpl.sendBroadcast:1361 com.android.server.am.ActivityManagerService.cleanUpApplicationRecordLocked:12456 com.android.server.am.ActivityManagerService.handleAppDiedLocked:3637 com.android.server.am.ActivityManagerService.appDiedLocked:3741 com.android.server.am.ActivityManagerService$AppDeathRecipient.binderDied:1001 
D/dalvikvm( 5651): GC_CONCURRENT freed 2329K, 32% free 8229K/12084K, paused 1ms+8ms, total 45ms
I/dalvikvm( 5396): Total arena pages for JIT: 11
I/dalvikvm( 5396): Total arena pages for JIT: 12
D/dalvikvm( 5396): Rejecting registerization due to and-int/lit16 v0, v5, (#128)
D/dalvikvm( 5396): Rejecting registerization due to and-int/lit16 v0, v5, (#128)
D/dalvikvm( 5253): Rejecting registerization due to array-length v3, v5, (#0)
D/dalvikvm( 5253): Rejecting registerization due to array-length v3, v5, (#0)
D/dalvikvm( 5253): Rejecting registerization due to +iget-object-quick v1, v4, (#8)
W/ContextImpl( 2383): Calling a method in the system process without a qualified user: android.app.ContextImpl.sendBroadcast:1361 com.android.server.am.ActivityManagerService.cleanUpApplicationRecordLocked:12456 com.android.server.am.ActivityManagerService.handleAppDiedLocked:3637 com.android.server.am.ActivityManagerService.appDiedLocked:3741 com.android.server.am.ActivityManagerService$AppDeathRecipient.binderDied:1001 
D/dalvikvm( 5651): Rejecting registerization due to move v5, v4, (#0)
D/dalvikvm( 5253): Rejecting registerization due to +iget-object-quick v5, v10, (#8)
D/dalvikvm( 5651): Rejecting registerization due to mul-int/lit8 v4, v2, (#31)
D/dalvikvm( 5253): Rejecting registerization due to move v5, v4, (#0)
D/dalvikvm( 5253): Rejecting registerization due to move v5, v4, (#0)
D/dalvikvm( 5253): Rejecting registerization due to move v6, v7, (#0)
D/dalvikvm( 5253): Rejecting registerization due to move v6, v7, (#0)
W/ContextImpl( 2383): Calling a method in the system process without a qualified user: android.app.ContextImpl.sendBroadcast:1361 com.android.server.am.ActivityManagerService.cleanUpApplicationRecordLocked:12456 com.android.server.am.ActivityManagerService.handleAppDiedLocked:3637 com.android.server.am.ActivityManagerService.appDiedLocked:3741 com.android.server.am.ActivityManagerService$AppDeathRecipient.binderDied:1001 
W/ContextImpl( 2383): Calling a method in the system process without a qualified user: android.app.ContextImpl.sendBroadcast:1361 com.android.server.am.ActivityManagerService.cleanUpApplicationRecordLocked:12456 com.android.server.am.ActivityManagerService.handleAppDiedLocked:3637 com.android.server.am.ActivityManagerService.appDiedLocked:3741 com.android.server.am.ActivityManagerService$AppDeathRecipient.binderDied:1001 
D/dalvikvm( 2686): GC_EXPLICIT freed 467K, 46% free 5262K/9640K, paused 2ms+14ms, total 69ms
D/dalvikvm( 5253): Rejecting registerization due to +iget-quick v3, v5, (#20)
D/dalvikvm( 5253): Rejecting registerization due to and-int/lit16 v2, v2, (#255)
D/dalvikvm( 5253): Rejecting registerization due to and-int/lit16 v2, v2, (#255)
V/TaskCloserActivity( 4983): TaskCloserActivity resetList mRunningItems.clear
V/TaskCloserActivity( 4983): TaskCloserActivity resetList runningAppsCount : 0
D/ProgramMonitor( 4983): Active Applications count = 0
V/TaskCloserActivity( 4983): TaskCloserActivity onReceive()
D/dalvikvm( 2383): GC_EXPLICIT freed 352K, 27% free 21702K/29576K, paused 4ms+8ms, total 122ms
V/TaskCloserActivity( 4983): TaskCloserActivity onReceive()
D/dalvikvm( 5253): Rejecting registerization due to +iget-object-quick v5, v10, (#8)
E/CscFactoryReceiver( 2660): onReceive android.intent.action.MEDIA_SCANNER_FINISHED
D/CscFactoryReceiver( 2660): Media DB Scanner finished.
D/dalvikvm( 5253): Rejecting registerization due to mul-int/lit8 v3, v0, (#8)
D/CscFactoryReceiver( 2660): start service to Set Ringtone
D/CscFactoryReceiver( 2660): start service to Set Notification
D/CscFactoryReceiver( 2660): start service to Set Alarmtone
D/CscUpdateService( 2660): onStart
E/CscUpdateService( 2660): costomer file is exists : it has been preconfiged.
D/CscUpdateService( 2660): only ringtone update
D/CscUpdateService( 2660): onStart
E/CscUpdateService( 2660): costomer file is exists : it has been preconfiged.
D/CscUpdateService( 2660): only notification update
D/CscUpdateService( 2660): onStart
E/CscUpdateService( 2660): costomer file is exists : it has been preconfiged.
D/CscUpdateService( 2660): only alarmtone update
D/dalvikvm( 5253): Rejecting registerization due to +iget-object-quick v4, v9, (#12)
I/dalvikvm( 5431): Total arena pages for JIT: 11
I/dalvikvm( 5431): Total arena pages for JIT: 12
D/dalvikvm( 5431): Rejecting registerization due to and-int/lit16 v0, v5, (#128)
D/dalvikvm( 5431): Rejecting registerization due to and-int/lit16 v0, v5, (#128)
E/CscParser( 2660): update(): xml file exist
D/dalvikvm( 5692): Rejecting registerization due to mul-int/lit8 v4, v2, (#31)
E/CscParser( 2660): update(): xml file exist
E/CscParser( 2660): update(): xml file exist
D/dalvikvm( 5253): Rejecting registerization due to +iget-object-quick v4, v3, (#8)
D/dalvikvm( 5253): Rejecting registerization due to +iget-object-quick v4, v3, (#8)
D/dalvikvm( 5692): Rejecting registerization due to mul-int/lit8 v4, v2, (#31)
D/dalvikvm( 5253): Rejecting registerization due to +iget-object-quick v4, v6, (#8)
D/FactoryTestApp( 5431): [FactoryTestBroadcastReceiver$onReceive] onReceive action=android.intent.action.MEDIA_SCANNER_FINISHED
I/FactoryTestApp( 5431): [XMLDataStorage$parsingXML] FtClient => data parsing was completed.
D/FactoryTestApp( 5431): [FactoryTestBroadcastReceiver$onReceive] ACTION_MEDIA_SCANNER_FINISHED => XML data parsing was failed.
D/FactoryTestApp( 5431): [Support$Values.getString] id=CHIPSET_MANUFACTURE, value=INTEL
D/FactoryTestApp( 5431): [Support$Values.getString] id=CHIPSET_MANUFACTURE, value=INTEL
I/FactoryTestApp( 5431): [ModuleCommon$ModuleCommon] Create ModuleCommon
D/FactoryTestApp( 5431): [Support$Values.getString] id=EFS_FACTORYAPP_ROOT_PATH, value=/efs/FactoryApp/
I/FactoryTestApp( 5431): [ModuleCommon$setMediascanningCounter]  
I/FactoryTestApp( 5431): [ModuleCommon$getMediaScanningCount] get : 0
D/FactoryTestApp( 5431): [Support$Values.getString] id=BINARY_TYPE, value=ro.factory.factory_binary
D/FactoryTestApp( 5431): [Support$Properties.get] property=ro.factory.factory_binary
D/FactoryTestApp( 5431): [Support$Values.getString] id=BINARY_TYPE, value=ro.factory.factory_binary
D/FactoryTestApp( 5431): [Support$Properties.get] property=ro.factory.factory_binary
I/FactoryTestApp( 5431): [ModuleCommon$getMediaScanningCount] get : 1
W/CSCSettings( 2660): Setting Ringtones (type) : 4
D/CscParser( 2660): AlarmTone: null
W/CSCSettings( 2660): 1. Tag_Str: null
W/ContextImpl( 5431): Calling a method in the system process without a qualified user: android.app.ContextImpl.sendBroadcast:1361 android.content.ContextWrapper.sendBroadcast:345 android.content.ContextWrapper.sendBroadcast:345 com.sec.factory.entry.FactoryTestBroadcastReceiver.onReceive:290 android.app.ActivityThread.handleReceiver:2441 
W/CSCSettings( 2660): Setting Ringtones (type) : 1
D/CscParser( 2660): RingTone: null
W/CSCSettings( 2660): 1. Tag_Str: null
W/CSCSettings( 2660): Setting Ringtones (type) : 2
D/CscParser( 2660): MessageTone: null
W/CSCSettings( 2660): 1. Tag_Str: null
D/GalleryCacheReady( 5565): Receive action.ACTION_MEDIA_SCANNER_FINISHED
D/dalvikvm( 5565): Rejecting registerization due to move v5, v4, (#0)
D/dalvikvm( 5565): Rejecting registerization due to move v5, v4, (#0)
D/PreloadUpdateManagerStateMachine( 5253): execute::REQ_UPDATE_CHECK:REQUEST_SUCCESS
D/PreloadUpdateManagerStateMachine( 5253): exit::REQ_UPDATE_CHECK
D/PreloadUpdateManagerStateMachine( 5253): entry::NOTIFY_NOTIFICATION
D/PreloadUpdateManagerStateMachine( 5253): exit::NOTIFY_NOTIFICATION
D/PreloadUpdateManagerStateMachine( 5253): entry::FINISH
D/PreloadUpdateManagerStateMachine( 5253): exit::FINISH
D/PreloadUpdateManagerStateMachine( 5253): entry::IDLE
D/GalleryCacheReady( 5565): GalleryCacheReady start
D/ContentApp( 2686): startScan() is called.
D/ContentApp( 2686): startScan() is end.
W/ContextImpl( 2383): Calling a method in the system process without a qualified user: android.app.ContextImpl.sendBroadcast:1361 com.android.server.am.ActivityManagerService.cleanUpApplicationRecordLocked:12456 com.android.server.am.ActivityManagerService.handleAppDiedLocked:3637 com.android.server.am.ActivityManagerService.appDiedLocked:3741 com.android.server.am.ActivityManagerService$AppDeathRecipient.binderDied:1001 
D/dalvikvm( 2383): GC_EXPLICIT freed 283K, 27% free 21695K/29576K, paused 6ms+10ms, total 169ms
I/InputReader( 2383): Touch event's action is 0x0 (deviceType=0) [pCnt=1, s=0.10 ] when=95359461000
I/InputDispatcher( 2383): Delivering touch to: action: 0x0
I/InputDispatcher( 2383): Delivering touch to: action: 0x0
I/InputReader( 2383): Touch event's action is 0x1 (deviceType=0) [pCnt=1, s=] when=95576439000
I/InputDispatcher( 2383): Delivering touch to: action: 0x1
I/InputDispatcher( 2383): Delivering touch to: action: 0x1
D/ProgramMonitor( 4983):  stopWidgetsUpdating() 
V/TaskCloserActivity( 4983): TaskCloserActivity onReceive()
W/ContextImpl( 2383): Calling a method in the system process without a qualified user: android.app.ContextImpl.sendBroadcast:1375 com.android.server.am.ActivityStack.startPausingLocked:1418 com.android.server.am.ActivityStack.finishActivityLocked:5925 com.android.server.am.ActivityStack.finishActivityLocked:5839 com.android.server.am.ActivityStack.requestFinishActivityLocked:5755 
I/ActivityManager( 2383): Killing 4276:org.qtproject.example.mytetra/u0a10183: remove task
I/CustomFrequencyManager( 2383): newFrequencyRequest  - mFrequency = 1600000, mTimeoutMs = -1, mPkgName = ACTIVITY_RESUME_BOOSTER@5
I/CustomFrequencyManager( 2383): Boost Request from package = ACTIVITY_RESUME_BOOSTER@5 frequency : 1600000type = 6
I/CustomFrequencyManager( 2383): !! pkgName = ACTIVITY_RESUME_BOOSTER@5
I/CustomFrequencyManager( 2383): Request from package name pkgName = ACTIVITY_RESUME_BOOSTER@5
I/CustomFrequencyManager( 2383): mContext is Not Null  mContext.pkgName = android
I/CustomFrequencyManager( 2383): 2 Old token will be reused!
I/CustomFrequencyManager( 2383): CPUDVFSControlRequest : doFrequencyRequest::  = 1600000 Timeout : -1
W/ActivityManager( 2383): mDVFSHelper.acquire()
W/ContextImpl( 2383): Calling a method in the system process without a qualified user: android.app.ContextImpl.sendBroadcast:1361 com.android.server.am.ActivityManagerService.computeOomAdjLocked:14974 com.android.server.am.ActivityManagerService.computeOomAdjLocked:14633 com.android.server.am.ActivityManagerService.updateOomAdjLocked:15265 com.android.server.am.ActivityManagerService.updateOomAdjLocked:15483 
W/ContextImpl( 2383): Calling a method in the system process without a qualified user: android.app.ContextImpl.sendBroadcast:1361 com.android.server.am.ActivityManagerService.computeOomAdjLocked:14980 com.android.server.am.ActivityManagerService.computeOomAdjLocked:14633 com.android.server.am.ActivityManagerService.updateOomAdjLocked:15265 com.android.server.am.ActivityManagerService.updateOomAdjLocked:15483 
D/WindowManager( 2383): computeScreenConfigurationLocked() set config.orientation=2 dw=1280 dh=800 Callers=com.android.server.wm.WindowManagerService.updateOrientationFromAppTokensLocked:5224 com.android.server.wm.WindowManagerService.updateOrientationFromAppTokens:5193 com.android.server.am.ActivityStack.resumeTopActivityLocked:2689 
D/PowerManagerService( 2383): setKeyboardVisibility: false
W/ContextImpl( 2383): Calling a method in the system process without a qualified user: android.app.ContextImpl.sendBroadcast:1375 com.android.server.am.ActivityStack.resumeTopActivityLocked:2754 com.android.server.am.ActivityStack.resumeTopActivityLocked:2317 com.android.server.am.ActivityStack.resumeTopActivityLocked:2271 com.android.server.am.ActivityStack.completePauseLocked:1726 
W/ContextImpl( 2383): Calling a method in the system process without a qualified user: android.app.ContextImpl.sendBroadcast:1361 com.android.server.am.ActivityManagerService.cleanUpApplicationRecordLocked:12456 com.android.server.am.ActivityManagerService.handleAppDiedLocked:3637 com.android.server.am.ActivityManagerService.appDiedLocked:3741 com.android.server.am.ActivityManagerService$AppDeathRecipient.binderDied:1001 
D/Launcher( 2674): onRestart, Launcher: 557380576
D/Launcher( 2674): onStart, Launcher: 557380576
D/Launcher.HomeView( 2674): onStart
D/Launcher( 2674): onResume, Launcher: 557380576
D/Launcher.HomeView( 2674): onResume
D/MenuAppsGridFragment( 2674): onResume
D/SurfaceWidgetClient$ISurfaceWidgetStub( 3180): [123491/10] Surface widget visibility changed visibility = true on instance = 1
D/SurfaceWidget.Renderer( 3180): [123491/10] SurfaceWidgetRenderer waiting done: 1 (Thread[Thread-94,5,main])
D/SurfaceWidget.Renderer( 3180): [123491/10] SurfaceWidgetRenderer waiting: 1 (Thread[Thread-94,5,main])
D/STATUSBAR-StatusBarManagerService( 2383): manageDisableList what=0x0 pkg=WindowManager.LayoutParams
D/SurfaceWidgetView( 2674): getHardwareLayer being called directly
E/EnterpriseContainerManager( 2383): ContainerPolicy Service is not yet ready!!!
D/EnterpriseDeviceManager( 2383): ContainerId: 0
W/LicenseLogService( 2383): log() is called by non admin
W/ContextImpl( 2383): Calling a method in the system process without a qualified user: android.app.ContextImpl.sendBroadcast:1361 com.android.server.InputMethodManagerService$5.run:2473 java.lang.Thread.run:856 <bottom of call stack> <bottom of call stack> 
I/dalvikvm( 5565): Total arena pages for JIT: 11
I/dalvikvm( 5565): Total arena pages for JIT: 12
D/dalvikvm( 5565): Rejecting registerization due to and-int/lit16 v0, v5, (#128)
D/dalvikvm( 5565): Rejecting registerization due to and-int/lit16 v0, v5, (#128)
V/WindowManager( 2383): Window{21122eb0 u0 Keyguard}mOrientationRequetedFromKeyguard=false
I/WAKELOCK_RELEASE( 2383): TIMESTAMP=95990917738, TAG=ActivityManager-Launch, TYPE=PARTIAL_WAKE_LOCK             , COUNT=0, PID=2383, UID=1000
V/WindowManager( 2383): Window{21122eb0 u0 Keyguard}mOrientationRequetedFromKeyguard=false
I/WAKELOCK_RELEASE( 2383): TIMESTAMP=96046114102, TAG=ScheduleNextAlarmWakeLock, TYPE=PARTIAL_WAKE_LOCK             , COUNT=0, PID=5692, UID=10094
D/MediaScannerReceiver( 2686): action: android.intent.action.MTP_FILE_SCAN
D/comdaemonstockapp( 4436): [Daemon_Stock]>>> Stockclock_DaemonService.java:63 [0:0] onReceive: widgetappstockclockDAEMON_PROCESS_START
D/dalvikvm( 2686): GC_EXPLICIT freed 614K, 46% free 5270K/9640K, paused 23ms+7ms, total 80ms
D/comdaemonstockapp( 4436): [Daemon_Stock]>>> Stockclock_DaemonService.java:64 [0:0] appServiceStatus: 17
D/comdaemonstockapp( 4436): [Daemon_Stock]>>> Stockclock_DaemonService.java:65 [0:0] [AR]: 0
D/comdaemonstockapp( 4436): [Daemon_Stock]>>> Stockclock_DaemonService.java:66 [0:0] [AR]: Next time = 0
D/dalvikvm( 2383): GC_EXPLICIT freed 475K, 27% free 21838K/29576K, paused 5ms+11ms, total 190ms
V/AlarmManager( 2383): waitForAlarm result :1
D/WVMDrmPlugIn( 1979): WVMDrmPlugin::onInitialize : 893
D/WVMDrmPlugIn( 1979): WVMDrmPlugin::onSetOnInfoListener : add 893
I/DxDrmPluginEngine( 1979): DxDrmFrameworkPlugin::onInitialize(uniqueId = 893)
I/DxDrmPluginEngine( 1979): DxDrmFrameworkPlugin::onSetOnInfoListener(uniqueId = 893)
I/dalvikvm( 5582): Total arena pages for JIT: 11
V/AlarmManager( 2383): trigger ELAPSED_REALTIME_WAKEUP or RTC_WAKEUP
W/ActivityManager( 2383): mDVFSHelper.release()
I/dalvikvm( 5582): Total arena pages for JIT: 12
D/dalvikvm( 5582): Rejecting registerization due to and-int/lit16 v0, v5, (#128)
D/dalvikvm( 5582): Rejecting registerization due to and-int/lit16 v0, v5, (#128)
D/Finsky  ( 5582): [1] DailyHygiene.onStartCommand: Beginning daily hygiene
D/dalvikvm( 5582): DexOpt: couldn't find static field Landroid/os/Build;.SUPPORTED_ABIS
W/dalvikvm( 5582): VFY: unable to resolve static field 128 (SUPPORTED_ABIS) in Landroid/os/Build;
D/dalvikvm( 5582): VFY: replacing opcode 0x62 at 0x003d
D/dalvikvm( 5565): Rejecting registerization due to mul-int/lit8 v4, v2, (#31)
D/dalvikvm( 5565): Rejecting registerization due to mul-int/lit8 v4, v2, (#31)
D/dalvikvm( 5565): Rejecting registerization due to +iget-quick v10, v4, (#20)
D/dalvikvm( 5565): Rejecting registerization due to +iget-quick v10, v4, (#20)
D/dalvikvm( 5565): Rejecting registerization due to +iget-quick v10, v4, (#20)
D/dalvikvm( 1961): GC_EXPLICIT freed 43K, 26% free 4741K/6344K, paused 4ms+2ms, total 35ms
D/dalvikvm( 5565): Rejecting registerization due to +iget-quick v10, v4, (#20)
W/dalvikvm( 5565): VFY: unable to find class referenced in signature (Landroid/sec/multiwindow/MultiWindow;)
D/dalvikvm( 1961): GC_EXPLICIT freed <1K, 26% free 4742K/6344K, paused 3ms+3ms, total 28ms
D/dalvikvm( 1961): GC_EXPLICIT freed <1K, 26% free 4742K/6344K, paused 2ms+1ms, total 23ms
D/dalvikvm( 5784): Rejecting registerization due to mul-int/lit8 v4, v2, (#31)
D/dalvikvm( 5784): Rejecting registerization due to mul-int/lit8 v4, v2, (#31)
I/dalvikvm( 5565): Could not find method android.sec.multiwindow.MultiWindow.isMultiWindow, referenced from method com.sec.samsung.gallery.app.imagenote.ImageNote.getToolBarHeight
W/dalvikvm( 5565): VFY: unable to resolve virtual method 1357: Landroid/sec/multiwindow/MultiWindow;.isMultiWindow ()Z
D/dalvikvm( 5565): VFY: replacing opcode 0x6e at 0x001b
I/dalvikvm( 5565): Could not find method android.sec.multiwindow.MultiWindow.isMultiWindow, referenced from method com.sec.samsung.gallery.app.imagenote.ImageNote.updateButtonsTextVisibiltiy
W/dalvikvm( 5565): VFY: unable to resolve virtual method 1357: Landroid/sec/multiwindow/MultiWindow;.isMultiWindow ()Z
D/dalvikvm( 5565): VFY: replacing opcode 0x6e at 0x000e
I/dalvikvm( 5565): Could not find method android.sec.multiwindow.MultiWindow.isMultiWindow, referenced from method com.sec.samsung.gallery.app.imagenote.ImageNote.updateSCanvasViewLayout
W/dalvikvm( 5565): VFY: unable to resolve virtual method 1357: Landroid/sec/multiwindow/MultiWindow;.isMultiWindow ()Z
D/dalvikvm( 5565): VFY: replacing opcode 0x6e at 0x001b
I/dalvikvm( 5565): Could not find method android.sec.multiwindow.MultiWindow.isMultiWindow, referenced from method com.sec.samsung.gallery.app.imagenote.ImageNote.updateSCanvasViewLayout
W/dalvikvm( 5565): VFY: unable to resolve virtual method 1357: Landroid/sec/multiwindow/MultiWindow;.isMultiWindow ()Z
D/dalvikvm( 5565): VFY: replacing opcode 0x6e at 0x0054
I/dalvikvm( 5565): Could not find method android.sec.multiwindow.MultiWindow.isMultiWindow, referenced from method com.sec.samsung.gallery.app.imagenote.ImageNote.updateSCanvasViewLayout
W/dalvikvm( 5565): VFY: unable to resolve virtual method 1357: Landroid/sec/multiwindow/MultiWindow;.isMultiWindow ()Z
D/dalvikvm( 5565): VFY: replacing opcode 0x6e at 0x00eb
I/dalvikvm( 5565): Could not find method android.sec.multiwindow.MultiWindow.isMultiWindow, referenced from method com.sec.samsung.gallery.app.imagenote.ImageNote.updateSCanvasViewLayout
W/dalvikvm( 5565): VFY: unable to resolve virtual method 1357: Landroid/sec/multiwindow/MultiWindow;.isMultiWindow ()Z
D/dalvikvm( 5565): VFY: replacing opcode 0x6e at 0x0177
I/dalvikvm( 5565): Could not find method android.sec.multiwindow.MultiWindow.createInstance, referenced from method com.sec.samsung.gallery.app.imagenote.ImageNote.onCreate
W/dalvikvm( 5565): VFY: unable to resolve static method 1354: Landroid/sec/multiwindow/MultiWindow;.createInstance (Landroid/app/Activity;)Landroid/sec/multiwindow/MultiWindow;
D/dalvikvm( 5565): VFY: replacing opcode 0x71 at 0x00b9
D/dalvikvm( 5582): Rejecting registerization due to +iget-quick v3, v5, (#20)
D/dalvikvm( 5582): Rejecting registerization due to +iget-quick v3, v5, (#20)
D/STATUSBAR-NetworkController( 2571): refreshSignalCluster: data=-1 bt=false
I/dalvikvm( 5796): Could not find method android.app.ActivityManager.isLowRamDevice, referenced from method com.android.mail.utils.Y.F
W/dalvikvm( 5796): VFY: unable to resolve virtual method 139: Landroid/app/ActivityManager;.isLowRamDevice ()Z
D/dalvikvm( 5796): VFY: replacing opcode 0x6e at 0x0011
D/IconMerger( 2571): overflowShown = false
D/IconMerger( 2571): moreRequired = false
I/dalvikvm( 5796): Could not find method android.os.Trace.beginSection, referenced from method com.android.mail.utils.Y.bt
W/dalvikvm( 5796): VFY: unable to resolve static method 1265: Landroid/os/Trace;.beginSection (Ljava/lang/String;)V
D/dalvikvm( 5796): VFY: replacing opcode 0x71 at 0x0006
I/dalvikvm( 5796): Could not find method android.os.Trace.endSection, referenced from method com.android.mail.utils.Y.sh
W/dalvikvm( 5796): VFY: unable to resolve static method 1266: Landroid/os/Trace;.endSection ()V
D/dalvikvm( 5796): VFY: replacing opcode 0x71 at 0x0006
D/dalvikvm( 5582): Rejecting registerization due to move v5, v4, (#0)
D/dalvikvm( 5582): Rejecting registerization due to +iget-quick v1, v4, (#44)
I/dalvikvm( 5796): Could not find method com.android.mail.browse.E.getNotificationUri, referenced from 