W/ContextImpl( 2786): Calling a method in the system process without a qualified user: android.app.ContextImpl.sendBroadcast:1361 android.content.ContextWrapper.sendBroadcast:345 android.inputmethodservice.InputMethodService.sendInputViewShownState:533 android.inputmethodservice.InputMethodService.showWindow:2133 android.inputmethodservice.InputMethodService$InputMethodImpl.showSoftInput:701 
D/STATUSBAR-NetworkController( 2571): Nothing, mRoamingIconId = 0
D/STATUSBAR-NetworkController( 2571): onServiceStateChanged state=2
D/STATUSBAR-NetworkController( 2571): updateDataNetType()
D/STATUSBAR-NetworkController( 2571): Nothing, mRoamingIconId = 0
D/STATUSBAR-NetworkController( 2571): Nothing, mRoamingIconId = 0
D/IconMerger( 2571): overflowShown = false
D/IconMerger( 2571): moreRequired = false
D/STATUSBAR-NetworkController( 2571): onDataConnectionStateChanged: state=-1 type=3
D/STATUSBAR-NetworkController( 2571): updateDataNetType()
D/STATUSBAR-NetworkController( 2571): Nothing, mRoamingIconId = 0
W/ContextImpl( 2786): Calling a method in the system process without a qualified user: android.app.ContextImpl.sendBroadcast:1361 android.content.ContextWrapper.sendBroadcast:345 com.diotek.ime.framework.common.InputManagerImpl.sendInputLanguage:7219 com.diotek.ime.framework.common.InputManagerImpl.setLanguage:4232 com.diotek.ime.framework.common.InputManagerImpl.startInputViewContinue:2490 
D/STATUSBAR-NetworkController( 2571): Nothing, mRoamingIconId = 0
D/STATUSBAR-NetworkController( 2571): refreshSignalCluster: data=-1 bt=false
D/STATUSBAR-NetworkController( 2571): onSignalStrengthsChanged signalStrength=SignalStrength: 16 -1 -1 -1 -1 -1 -1 99 2147483647 2147483647 2147483647 -1 2147483647 gsm|lte 0x4 level=4
D/STATUSBAR-NetworkController( 2571): Nothing, mRoamingIconId = 0
D/STATUSBAR-NetworkController( 2571): refreshSignalCluster: data=-1 bt=false
D/STATUSBAR-NetworkController( 2571): onSignalStrengthsChanged signalStrength=SignalStrength: 13 -1 -1 -1 -1 -1 -1 99 2147483647 2147483647 2147483647 -1 2147483647 gsm|lte 0x4 level=4
D/STATUSBAR-NetworkController( 2571): Nothing, mRoamingIconId = 0
D/STATUSBAR-NetworkController( 2571): onReceive() - RSSI_CHANGED_ACTION, WIFI_STATE, NETWORK_STATE
D/STATUSBAR-NetworkController( 2571): Nothing, mRoamingIconId = 0
D/IconMerger( 2571): overflowShown = false
D/IconMerger( 2571): moreRequired = false
W/InputMethodManagerService( 2383): Found no subtypes in a system IME: com.sec.android.inputmethod
I/WAKELOCK_RELEASE( 2383): TIMESTAMP=38217905194, TAG=SMSDispatcher, TYPE=PARTIAL_WAKE_LOCK             , COUNT=0, PID=2660, UID=1001
W/ContextImpl( 2786): Calling a method in the system process without a qualified user: android.app.ContextImpl.sendBroadcast:1361 android.content.ContextWrapper.sendBroadcast:345 android.inputmethodservice.InputMethodService.sendInputViewShownState:533 android.inputmethodservice.InputMethodService.showWindow:2133 android.inputmethodservice.InputMethodService$InputMethodImpl.showSoftInput:701 
I/WAKELOCK_RELEASE( 2383): TIMESTAMP=38372360676, TAG=GCoreFlp, TYPE=PARTIAL_WAKE_LOCK             , COUNT=0, PID=2702, UID=10018
D/WifiService( 2383): onDataConnectionStateChanged: state --1, networkType - UMTS
D/MobileDataStateTracker( 2383): default: Received state=DISCONNECTED, old=DISCONNECTED, reason=nwTypeChanged
D/STATUSBAR-NetworkController( 2571): onReceive() - RSSI_CHANGED_ACTION, WIFI_STATE, NETWORK_STATE
D/STATUSBAR-NetworkController( 2571): Nothing, mRoamingIconId = 0
D/ConnectivityService( 2383): ConnectivityChange for WIFI: CONNECTED/CONNECTED
D/STATUSBAR-NetworkController( 2571): onReceive() - RSSI_CHANGED_ACTION, WIFI_STATE, NETWORK_STATE
D/STATUSBAR-NetworkController( 2571): refreshSignalCluster: data=-1 bt=false
D/ConnectivityService( 2383): handleConnectivityChange: setting default proxy info 
D/IconMerger( 2571): overflowShown = false
D/IconMerger( 2571): moreRequired = false
W/ContextImpl( 2786): Calling a method in the system process without a qualified user: android.app.ContextImpl.sendBroadcast:1361 android.content.ContextWrapper.sendBroadcast:345 com.diotek.ime.framework.common.InputManagerImpl.sendInputLanguage:7219 com.diotek.ime.framework.common.InputManagerImpl.setLanguage:4232 com.diotek.ime.framework.common.InputManagerImpl.startInputViewContinue:2490 
W/ContextImpl( 2383): Calling a method in the system process without a qualified user: android.app.ContextImpl.sendBroadcast:1361 com.absolute.android.persistservice.ABTPersistenceService$1.run:924 java.lang.Thread.run:856 <bottom of call stack> <bottom of call stack> 
W/ContextImpl( 2786): Calling a method in the system process without a qualified user: android.app.ContextImpl.sendBroadcast:1361 android.content.ContextWrapper.sendBroadcast:345 com.diotek.ime.framework.common.InputManagerImpl.sendInputLanguage:7219 com.diotek.ime.framework.common.InputManagerImpl.initDefaultLanguage:3769 com.diotek.ime.framework.common.InputManagerImpl.initSelectedLanguage:3977 
D/ConnectivityService( 2383): sendStickyBroadcast: action=android.net.conn.CONNECTIVITY_CHANGE_IMMEDIATE
D/ConnectivityService( 2383): sendStickyBroadcastDelayed: delayMs=500, action=android.net.conn.CONNECTIVITY_CHANGE
W/ContextImpl( 2786): Calling a method in the system process without a qualified user: android.app.ContextImpl.sendBroadcast:1361 android.content.ContextWrapper.sendBroadcast:345 android.inputmethodservice.InputMethodService.sendInputViewShownState:533 android.inputmethodservice.InputMethodService.showWindow:2133 android.inputmethodservice.InputMethodService.onConfigurationChanged:1157 
W/ContextImpl( 2786): Calling a method in the system process without a qualified user: android.app.ContextImpl.sendBroadcast:1361 android.content.ContextWrapper.sendBroadcast:345 android.inputmethodservice.InputMethodService.sendInputViewShownState:533 android.inputmethodservice.InputMethodService.showWindow:2133 android.inputmethodservice.InputMethodService$InputMethodImpl.showSoftInput:701 
I/WAKELOCK_RELEASE( 2383): TIMESTAMP=38685540444, TAG=NetworkStats, TYPE=PARTIAL_WAKE_LOCK             , COUNT=0, PID=2383, UID=1000
W/ContextImpl( 2786): Calling a method in the system process without a qualified user: android.app.ContextImpl.sendBroadcast:1361 android.content.ContextWrapper.sendBroadcast:345 com.diotek.ime.framework.common.InputManagerImpl.sendInputLanguage:7219 com.diotek.ime.framework.common.InputManagerImpl.setLanguage:4232 com.diotek.ime.framework.common.InputManagerImpl.startInputViewContinue:2490 
W/ContextImpl( 2786): Calling a method in the system process without a qualified user: android.app.ContextImpl.sendBroadcast:1361 android.content.ContextWrapper.sendBroadcast:345 com.diotek.ime.framework.common.InputManagerImpl.sendInputLanguage:7219 com.diotek.ime.framework.common.InputManagerImpl.initDefaultLanguage:3769 com.diotek.ime.framework.common.InputManagerImpl.initSelectedLanguage:3977 
W/ContextImpl( 2786): Calling a method in the system process without a qualified user: android.app.ContextImpl.sendBroadcast:1361 android.content.ContextWrapper.sendBroadcast:345 android.inputmethodservice.InputMethodService.sendInputViewShownState:533 android.inputmethodservice.InputMethodService.showWindow:2133 android.inputmethodservice.InputMethodService$InputMethodImpl.showSoftInput:701 
W/ContextImpl( 2786): Calling a method in the system process without a qualified user: android.app.ContextImpl.sendBroadcast:1361 android.content.ContextWrapper.sendBroadcast:345 com.diotek.ime.framework.common.InputManagerImpl.sendInputLanguage:7219 com.diotek.ime.framework.common.InputManagerImpl.setLanguage:4232 com.diotek.ime.framework.common.InputManagerImpl.startInputViewContinue:2490 
D/MobileDataStateTracker( 2383): default: setPolicyDataEnable(enabled=true)
D/MobileDataStateTracker( 2383): default: setPolicyDataEnable(enabled=true)
D/STATUSBAR-NetworkController( 2571): onReceive() - RSSI_CHANGED_ACTION, WIFI_STATE, NETWORK_STATE
W/ContextImpl( 2786): Calling a method in the system process without a qualified user: android.app.ContextImpl.sendBroadcast:1361 android.content.ContextWrapper.sendBroadcast:345 android.inputmethodservice.InputMethodService.sendInputViewShownState:533 android.inputmethodservice.InputMethodService.showWindow:2133 android.inputmethodservice.InputMethodService$InputMethodImpl.showSoftInput:701 
V/WindowManager( 2383): Window{21122eb0 u0 Keyguard}mOrientationRequetedFromKeyguard=true
V/WindowManager( 2383): Window{21122eb0 u0 Keyguard}mOrientationRequetedFromKeyguard=true
D/ConnectivityService( 2383): sendStickyBroadcast: action=android.net.conn.CONNECTIVITY_CHANGE
D/STATUSBAR-NetworkController( 2571): onReceive() - CONNECTIVITY_ACTION, INET_CONDITION_ACTION
D/STATUSBAR-NetworkController( 2571): updateDataNetType()
D/STATUSBAR-NetworkController( 2571): Nothing, mRoamingIconId = 0
D/STATUSBAR-NetworkController( 2571): refreshSignalCluster: data=-1 bt=false
D/STATUSBAR-NetworkController( 2571): refreshSignalCluster: data=-1 bt=false
D/IconMerger( 2571): overflowShown = false
D/IconMerger( 2571): moreRequired = false
I/WAKELOCK_RELEASE( 2383): TIMESTAMP=39529017393, TAG=GpsLocationProvider, TYPE=PARTIAL_WAKE_LOCK             , COUNT=0, PID=2383, UID=1000
I/WAKELOCK_RELEASE( 2383): TIMESTAMP=39980896455, TAG=Wakeful StateMachine: GeofencerStateMachine, TYPE=PARTIAL_WAKE_LOCK             , COUNT=0, PID=2702, UID=10018
I/WAKELOCK_RELEASE( 2383): TIMESTAMP=40038434943, TAG=SyncLoopWakeLock, TYPE=PARTIAL_WAKE_LOCK             , COUNT=0, PID=2383, UID=1000
D/STATUSBAR-NetworkController( 2571): refreshSignalCluster: data=-1 bt=false
D/IconMerger( 2571): overflowShown = false
D/IconMerger( 2571): moreRequired = false
I/WAKELOCK_RELEASE( 2383): TIMESTAMP=40587123718, TAG=fingerprint_scanner_static, TYPE=PARTIAL_WAKE_LOCK             , COUNT=0, PID=3198, UID=10079
W/ContextImpl( 2383): Calling a method in the system process without a qualified user: android.app.ContextImpl.sendBroadcast:1361 com.android.server.BackupManagerService.warnEdmAdminOperationCompleted:6308 com.android.server.BackupManagerService.access$200:146 com.android.server.BackupManagerService$PerformBackupTask.finalizeBackup:2178 com.android.server.BackupManagerService$PerformBackupTask.execute:1893 
I/WAKELOCK_RELEASE( 2383): TIMESTAMP=41008184550, TAG=RILJ, TYPE=PARTIAL_WAKE_LOCK             , COUNT=0, PID=2660, UID=1001
I/PerformBackupTask( 2383): Backup pass finished.
I/WAKELOCK_RELEASE( 2383): TIMESTAMP=41031970104, TAG=*backup*, TYPE=PARTIAL_WAKE_LOCK             , COUNT=0, PID=2383, UID=1000
D/PowerManagerService( 2383): [api] [s] userActivity : event: 3 flags: 0 (uid: 1000 pid: 2383)
D/PowerManagerService( 2383): [api] [s] userActivity : event: 3 flags: 0 (uid: 1000 pid: 2383)
D/PowerManagerService( 2383): [api] [s] userActivity : event: 3 flags: 0 (uid: 1000 pid: 2383)
I/WAKELOCK_RELEASE( 2383): TIMESTAMP=41407626966, TAG=fingerprint_scanner_local, TYPE=PARTIAL_WAKE_LOCK             , COUNT=0, PID=3198, UID=10079
I/WAKELOCK_RELEASE( 2383): TIMESTAMP=41450445510, TAG=NlpWakeLock, TYPE=PARTIAL_WAKE_LOCK             , COUNT=0, PID=2702, UID=10018
D/PowerManagerService( 2383): [api] [s] userActivity : event: 3 flags: 0 (uid: 1000 pid: 2383)
D/PowerManagerService( 2383): [api] [s] userActivity : event: 3 flags: 0 (uid: 1000 pid: 2383)
D/PowerManagerService( 2383): [api] [s] userActivity : event: 3 flags: 0 (uid: 1000 pid: 2383)
D/STATUSBAR-NetworkController( 2571): refreshSignalCluster: data=-1 bt=false
D/IconMerger( 2571): overflowShown = false
D/IconMerger( 2571): moreRequired = false
I/WAKELOCK_RELEASE( 2383): TIMESTAMP=41541521782, TAG=GCoreFlp, TYPE=PARTIAL_WAKE_LOCK             , COUNT=0, PID=2702, UID=10018
D/PowerManagerService( 2383): [api] [s] userActivity : event: 3 flags: 0 (uid: 1000 pid: 2383)
D/PowerManagerService( 2383): [api] [s] userActivity : event: 3 flags: 0 (uid: 1000 pid: 2383)
D/PowerManagerService( 2383): [api] [s] userActivity : event: 3 flags: 0 (uid: 1000 pid: 2383)
I/WAKELOCK_RELEASE( 2383): TIMESTAMP=41788833288, TAG=GCoreFlp, TYPE=PARTIAL_WAKE_LOCK             , COUNT=0, PID=2702, UID=10018
I/WAKELOCK_RELEASE( 2383): TIMESTAMP=41798503029, TAG=NlpWakeLock, TYPE=PARTIAL_WAKE_LOCK             , COUNT=0, PID=2702, UID=10018
I/WAKELOCK_RELEASE( 2383): TIMESTAMP=41838331113, TAG=Wakeful StateMachine: GeofencerStateMachine, TYPE=PARTIAL_WAKE_LOCK             , COUNT=0, PID=2702, UID=10018
W/BackupManagerService( 2383): dataChanged but no participant pkg='com.android.providers.settings' uid=1001
I/WAKELOCK_RELEASE( 2383): TIMESTAMP=42013810325, TAG=GCoreFlp, TYPE=PARTIAL_WAKE_LOCK             , COUNT=0, PID=2702, UID=10018
I/WAKELOCK_RELEASE( 2383): TIMESTAMP=42060959889, TAG=UlrDispatchingService, TYPE=PARTIAL_WAKE_LOCK             , COUNT=0, PID=2702, UID=10018
D/STATUSBAR-NetworkController( 2571): onReceive() - RSSI_CHANGED_ACTION, WIFI_STATE, NETWORK_STATE
W/ActivityThread( 3547): ClassLoader.getResources: The class loader returned by Thread.getContextClassLoader() may fail for processes that host multiple applications. You should explicitly specify a context class loader. For example: Thread.setContextClassLoader(getClass().getClassLoader());
D/PowerManagerService( 2383): [api] [s] userActivity : event: 3 flags: 0 (uid: 1000 pid: 2383)
D/PowerManagerService( 2383): [api] [s] userActivity : event: 3 flags: 0 (uid: 1000 pid: 2383)
D/PowerManagerService( 2383): [api] [s] userActivity : event: 3 flags: 0 (uid: 1000 pid: 2383)
I/WAKELOCK_RELEASE( 2383): TIMESTAMP=42261774385, TAG=copresGcore_EventLoop, TYPE=PARTIAL_WAKE_LOCK             , COUNT=0, PID=2702, UID=10018
D/PowerManagerService( 2383): [api] [s] userActivity : event: 3 flags: 0 (uid: 1000 pid: 2383)
D/PowerManagerService( 2383): [api] [s] userActivity : event: 3 flags: 0 (uid: 1000 pid: 2383)
D/PowerManagerService( 2383): [api] [s] userActivity : event: 3 flags: 0 (uid: 1000 pid: 2383)
I/WAKELOCK_RELEASE( 2383): TIMESTAMP=42590680580, TAG=GCoreFlp, TYPE=PARTIAL_WAKE_LOCK             , COUNT=0, PID=2702, UID=10018
I/WAKELOCK_RELEASE( 2383): TIMESTAMP=42599566837, TAG=UlrDispatchingService, TYPE=PARTIAL_WAKE_LOCK             , COUNT=0, PID=2702, UID=10018
D/PowerManagerService( 2383): [api] [s] userActivity : event: 3 flags: 0 (uid: 1000 pid: 2383)
D/PowerManagerService( 2383): [api] [s] userActivity : event: 3 flags: 0 (uid: 1000 pid: 2383)
D/PowerManagerService( 2383): [api] [s] userActivity : event: 3 flags: 0 (uid: 1000 pid: 2383)
W/ContextImpl( 2383): Calling a method in the system process without a qualified user: android.app.ContextImpl.sendBroadcast:1361 com.android.server.InputMethodManagerService$5.run:2473 java.lang.Thread.run:856 <bottom of call stack> <bottom of call stack> 
D/STATUSBAR-NetworkController( 2571): refreshSignalCluster: data=-1 bt=false
W/ContextImpl( 2786): Calling a method in the system process without a qualified user: android.app.ContextImpl.sendBroadcast:1361 android.content.ContextWrapper.sendBroadcast:345 android.inputmethodservice.InputMethodService.sendInputViewShownState:533 android.inputmethodservice.InputMethodService.hideWindow:2308 android.inputmethodservice.InputMethodService.doHideWindow:2293 
D/PowerManagerService( 2383): [api] [s] userActivity : event: 3 flags: 0 (uid: 1000 pid: 2383)
D/PowerManagerService( 2383): [api] [s] userActivity : event: 3 flags: 0 (uid: 1000 pid: 2383)
D/PowerManagerService( 2383): [api] [s] userActivity : event: 3 flags: 0 (uid: 1000 pid: 2383)
D/STATUSBAR-StatusBarManagerService( 2383): manageDisableList what=0x0 pkg=android
V/WindowManager( 2383): Window{21122eb0 u0 Keyguard}mOrientationRequetedFromKeyguard=true
D/IconMerger( 2571): overflowShown = false
D/IconMerger( 2571): moreRequired = false
D/PowerManagerService( 2383): [api] [s] userActivity : event: 0 flags: 0 (uid: 1000 pid: 2383)
D/PowerManagerService( 2383): [api] [s] wakeUp (uid: 1000 pid: 2383)
D/PhoneStatusBar( 2571): disable: < expand* icons alerts ticker* system_info BACK HOME recent* clock search brightness >
V/WindowManager( 2383): Window{21122eb0 u0 Keyguard EXITING}mOrientationRequetedFromKeyguard=false
V/WindowManager( 2383): rotationForOrientationLw(orient=-1, last=0); user=1  sensorRotation=-1 isCoverOpen=true mLidState=-1 mDockMode=0 mHdmiPlugged=false mAccelerometerDefault=false
V/WindowManager( 2383): Application requested orientation -1, got rotation 0 which has compatible metrics
D/PowerManagerService( 2383): [api] setUserActivityTimeoutOverrideFromWindowManagerInternal: timeoutMillis: -1
D/PowerManagerService( 2383): [s] getScreenOffTimeoutLocked: 10000 -> 600000
D/PowerManagerService( 2383): [api] setScreenDimDurationOverrideFromWindowManagerInternal: timeoutMillis: -1
D/PowerManagerService( 2383): [api] setButtonTimeoutOverrideFromWindowManagerInternal: timeoutMillis: -1
D/STATUSBAR-StatusBarManagerService( 2383): manageDisableList what=0x0 pkg=WindowManager.LayoutParams
D/PhoneStatusBar( 2571): disable: < expand icons alerts ticker system_info back* home* recent clock search brightness >
W/ContextImpl( 2383): Calling a method in the system process without a qualified user: android.app.ContextImpl.sendBroadcast:1361 com.android.server.InputMethodManagerService$5.run:2473 java.lang.Thread.run:856 <bottom of call stack> <bottom of call stack> 
W/ContextImpl( 2383): Calling a method in the system process without a qualified user: android.app.ContextImpl.sendBroadcast:1361 com.absolute.android.persistservice.ABTPersistenceService$1.run:924 java.lang.Thread.run:856 <bottom of call stack> <bottom of call stack> 
D/CountryDetector( 2383): The first listener is added
V/WindowManager( 2383): Window{21122eb0 u0 Keyguard}mOrientationRequetedFromKeyguard=false
I/WAKELOCK_RELEASE( 2383): TIMESTAMP=44049321701, TAG=StartingAlertService, TYPE=PARTIAL_WAKE_LOCK             , COUNT=0, PID=3617, UID=10102
V/VibratorService( 2383): useVibetonz: false
D/STATUSBAR-NetworkController( 2571): refreshSignalCluster: data=-1 bt=false
D/IconMerger( 2571): overflowShown = false
D/IconMerger( 2571): moreRequired = false
W/ActivityManager( 2383): Unable to start service Intent { cmp=com.android.email/.service.AttachmentDownloadService } U=0: not found
E/ActivityThread( 3705): Service com.android.exchange.ExchangeService has leaked ServiceConnection com.android.emailcommon.service.ServiceProxy$ProxyConnection@2107b310 that was originally bound here
E/ActivityThread( 3705): android.app.ServiceConnectionLeaked: Service com.android.exchange.ExchangeService has leaked ServiceConnection com.android.emailcommon.service.ServiceProxy$ProxyConnection@2107b310 that was originally bound here
E/ActivityThread( 3705): 	at android.app.LoadedApk$ServiceDispatcher.<init>(LoadedApk.java:974)
E/ActivityThread( 3705): 	at android.app.LoadedApk.getServiceDispatcher(LoadedApk.java:868)
E/ActivityThread( 3705): 	at android.app.ContextImpl.bindService(ContextImpl.java:1757)
E/ActivityThread( 3705): 	at android.app.ContextImpl.bindService(ContextImpl.java:1746)
E/ActivityThread( 3705): 	at android.content.ContextWrapper.bindService(ContextWrapper.java:480)
E/ActivityThread( 3705): 	at com.android.emailcommon.service.ServiceProxy.setTask(ServiceProxy.java:158)
E/ActivityThread( 3705): 	at com.android.emailcommon.service.ServiceProxy.setTask(ServiceProxy.java:146)
E/ActivityThread( 3705): 	at com.android.emailcommon.service.AccountServiceProxy.restoreAccountsIfNeeded(AccountServiceProxy.java:135)
E/ActivityThread( 3705): 	at com.android.exchange.ExchangeService$11.run(ExchangeService.java:4575)
E/ActivityThread( 3705): 	at com.android.emailcommon.utility.Utility$2.doInBackground(Utility.java:986)
E/ActivityThread( 3705): 	at com.android.emailcommon.utility.Utility$2.doInBackground(Utility.java:983)
E/ActivityThread( 3705): 	at android.os.AsyncTask$2.call(AsyncTask.java:287)
E/ActivityThread( 3705): 	at java.util.concurrent.FutureTask.run(FutureTask.java:234)
E/ActivityThread( 3705): 	at android.os.AsyncTask$SerialExecutor$1.run(AsyncTask.java:230)
E/ActivityThread( 3705): 	at java.util.concurrent.ThreadPoolExecutor.runWorker(ThreadPoolExecutor.java:1080)
E/ActivityThread( 3705): 	at java.util.concurrent.ThreadPoolExecutor$Worker.run(ThreadPoolExecutor.java:573)
E/ActivityThread( 3705): 	at java.lang.Thread.run(Thread.java:856)
D/STATUSBAR-NetworkController( 2571): onReceive() - RSSI_CHANGED_ACTION, WIFI_STATE, NETWORK_STATE
D/STATUSBAR-NetworkController( 2571): refreshSignalCluster: data=-1 bt=false
D/IconMerger( 2571): overflowShown = false
D/IconMerger( 2571): moreRequired = false
I/WAKELOCK_RELEASE( 2383): TIMESTAMP=45808811144, TAG=RILJ, TYPE=PARTIAL_WAKE_LOCK             , COUNT=0, PID=2660, UID=1001
I/WAKELOCK_RELEASE( 2383): TIMESTAMP=45859865088, TAG=RILS, TYPE=PARTIAL_WAKE_LOCK             , COUNT=0, PID=3774, UID=10098
I/WAKELOCK_RELEASE( 2383): TIMESTAMP=45894212593, TAG=Checkin Handoff, TYPE=PARTIAL_WAKE_LOCK             , COUNT=0, PID=3272, UID=10018
I/WAKELOCK_RELEASE( 2383): TIMESTAMP=45938484874, TAG=RILJ, TYPE=PARTIAL_WAKE_LOCK             , COUNT=0, PID=2660, UID=1001
I/WAKELOCK_RELEASE( 2383): TIMESTAMP=45953800138, TAG=RILJ, TYPE=PARTIAL_WAKE_LOCK             , COUNT=0, PID=2660, UID=1001
I/WAKELOCK_RELEASE( 2383): TIMESTAMP=46052992024, TAG=RILJ, TYPE=PARTIAL_WAKE_LOCK             , COUNT=0, PID=2660, UID=1001
I/WAKELOCK_RELEASE( 2383): TIMESTAMP=46115705973, TAG=RILJ, TYPE=PARTIAL_WAKE_LOCK             , COUNT=0, PID=2660, UID=1001
I/WAKELOCK_RELEASE( 2383): TIMESTAMP=46121977953, TAG=RILJ, TYPE=PARTIAL_WAKE_LOCK             , COUNT=0, PID=2660, UID=1001
W/ActivityThread( 2803): ClassLoader.loadClass: The class loader returned by Thread.getContextClassLoader() may fail for processes that host multiple applications. You should explicitly specify a context class loader. For example: Thread.setContextClassLoader(getClass().getClassLoader());
I/WAKELOCK_RELEASE( 2383): TIMESTAMP=46162116099, TAG=RILJ, TYPE=PARTIAL_WAKE_LOCK             , COUNT=0, PID=2660, UID=1001
I/WAKELOCK_RELEASE( 2383): TIMESTAMP=46231216286, TAG=*net_scheduler*, TYPE=PARTIAL_WAKE_LOCK             , COUNT=0, PID=2803, UID=10018
I/WAKELOCK_RELEASE( 2383): TIMESTAMP=46232028523, TAG=StartingAlertService, TYPE=PARTIAL_WAKE_LOCK             , COUNT=0, PID=3617, UID=10102
I/WAKELOCK_RELEASE( 2383): TIMESTAMP=46400515713, TAG=GCM_CONN_ALARM, TYPE=PARTIAL_WAKE_LOCK             , COUNT=0, PID=2803, UID=10018
I/WAKELOCK_RELEASE( 2383): TIMESTAMP=46409889924, TAG=GCM_CONN, TYPE=PARTIAL_WAKE_LOCK             , COUNT=0, PID=2803, UID=10018
I/WAKELOCK_RELEASE( 2383): TIMESTAMP=46445665495, TAG=GCM_CONN, TYPE=PARTIAL_WAKE_LOCK             , COUNT=0, PID=2803, UID=10018
I/WAKELOCK_RELEASE( 2383): TIMESTAMP=46454393448, TAG=*net_scheduler*, TYPE=PARTIAL_WAKE_LOCK             , COUNT=0, PID=2803, UID=10018
I/WAKELOCK_RELEASE( 2383): TIMESTAMP=46464294161, TAG=*net_scheduler*, TYPE=PARTIAL_WAKE_LOCK             , COUNT=0, PID=2803, UID=10018
I/WAKELOCK_RELEASE( 2383): TIMESTAMP=46470496858, TAG=GCM_CONN, TYPE=PARTIAL_WAKE_LOCK             , COUNT=0, PID=2803, UID=10018
I/WAKELOCK_RELEASE( 2383): TIMESTAMP=46478272684, TAG=*net_scheduler*, TYPE=PARTIAL_WAKE_LOCK             , COUNT=0, PID=2803, UID=10018
D/STATUSBAR-NetworkController( 2571): refreshSignalCluster: data=-1 bt=false
D/IconMerger( 2571): overflowShown = false
D/IconMerger( 2571): moreRequired = false
D/ConnectivityService( 2383): handleInetConditionHoldEnd: net=1, condition=100, published condition=0
D/ConnectivityService( 2383): sendStickyBroadcast: action=android.net.conn.INET_CONDITION_ACTION
D/STATUSBAR-NetworkController( 2571): onReceive() - CONNECTIVITY_ACTION, INET_CONDITION_ACTION
D/STATUSBAR-NetworkController( 2571): updateDataNetType()
D/STATUSBAR-NetworkController( 2571): Nothing, mRoamingIconId = 0
I/WAKELOCK_RELEASE( 2383): TIMESTAMP=48257246494, TAG=*net_scheduler*, TYPE=PARTIAL_WAKE_LOCK             , COUNT=0, PID=2803, UID=10018
W/ContextImpl( 2383): Calling a method in the system process without a qualified user: android.app.ContextImpl.sendBroadcast:1361 com.absolute.android.persistservice.ABTPersistenceService$1.run:924 java.lang.Thread.run:856 <bottom of call stack> <bottom of call stack> 
D/STATUSBAR-NetworkController( 2571): onSignalStrengthsChanged signalStrength=SignalStrength: 12 -1 -1 -1 -1 -1 -1 99 2147483647 2147483647 2147483647 -1 2147483647 gsm|lte 0x4 level=4
I/WAKELOCK_RELEASE( 2383): TIMESTAMP=49770258417, TAG=*net_scheduler*, TYPE=PARTIAL_WAKE_LOCK             , COUNT=0, PID=2803, UID=10018
I/AmoledAdjustTimer( 2383): mInputPathExist = true
I/AmoledAdjustTimer( 2383): mOutputPathExist = false
D/LightsService( 2383): [SvcLED] turnOff:: id = 4mIsIDUsingPatternLED = true
D/LightsService( 2383): [SvcLED] setSvcLedStateLocked:: id = 4, color = 0, mode = Off, set = Off
E/MotionRecognitionService( 2383):   mReceiver.onReceive : ACTION_USER_PRESENT  :: UNLOCK SCREEN
D/LightsService( 2383): [SvcLED] ForcedSvcLEDTask is running.
D/LightsService( 2383): [SvcLED] setSvcLedLightLocked : mSvcLedState : 0x0  priority : 7  mSvcLedMode : 0
I/WAKELOCK_RELEASE( 2383): TIMESTAMP=50106865546, TAG=SyncLoopWakeLock, TYPE=PARTIAL_WAKE_LOCK             , COUNT=0, PID=2383, UID=1000
W/ContextImpl( 2383): Calling a method in the system process without a qualified user: android.app.ContextImpl.startService:1681 android.content.ContextWrapper.startService:457 android.content.ContextWrapper.startService:457 com.android.server.enterprise.takeover.TakeOverBroadcastReceiver.onReceive:64 android.app.ActivityThread.handleReceiver:2441 
I/WAKELOCK_RELEASE( 2383): TIMESTAMP=50114522171, TAG=SyncLoopWakeLock, TYPE=PARTIAL_WAKE_LOCK             , COUNT=0, PID=2383, UID=1000
I/WAKELOCK_RELEASE( 2383): TIMESTAMP=50118983308, TAG=SyncLoopWakeLock, TYPE=PARTIAL_WAKE_LOCK             , COUNT=0, PID=2383, UID=1000
I/WAKELOCK_RELEASE( 2383): TIMESTAMP=50150494745, TAG=*sync*_com.google.android.gms.fitness_Account {name=eM_ADDR, type=com.google}, TYPE=PARTIAL_WAKE_LOCK             , COUNT=0, PID=2383, UID=1000
I/WAKELOCK_RELEASE( 2383): TIMESTAMP=50151166049, TAG=LightsService, TYPE=PARTIAL_WAKE_LOCK             , COUNT=0, PID=2383, UID=1000
I/WAKELOCK_RELEASE( 2383): TIMESTAMP=50156973321, TAG=SyncLoopWakeLock, TYPE=PARTIAL_WAKE_LOCK             , COUNT=0, PID=2383, UID=1000
I/WAKELOCK_RELEASE( 2383): TIMESTAMP=50164136534, TAG=*sync*_com.google.android.gms.drive.sync_Account {name=eM_ADDR, type=com.google}, TYPE=PARTIAL_WAKE_LOCK             , COUNT=0, PID=2383, UID=1000
I/WAKELOCK_RELEASE( 2383): TIMESTAMP=50167235340, TAG=SyncLoopWakeLock, TYPE=PARTIAL_WAKE_LOCK             , COUNT=0, PID=2383, UID=1000
I/WAKELOCK_RELEASE( 2383): TIMESTAMP=50173904871, TAG=*sync*_com.android.chrome_Account {name=eM_ADDR, type=com.google}, TYPE=PARTIAL_WAKE_LOCK             , COUNT=0, PID=2383, UID=1000
I/WAKELOCK_RELEASE( 2383): TIMESTAMP=50178194880, TAG=SyncLoopWakeLock, TYPE=PARTIAL_WAKE_LOCK             , COUNT=0, PID=2383, UID=1000
W/ActivityThread( 3272): ClassLoader.loadClass: The class loader returned by Thread.getContextClassLoader() may fail for processes that host multiple applications. You should explicitly specify a context class loader. For example: Thread.setContextClassLoader(getClass().getClassLoader());
W/ActivityThread( 3903): ClassLoader.loadClass: The class loader returned by Thread.getContextClassLoader() may fail for processes that host multiple applications. You should explicitly specify a context class loader. For example: Thread.setContextClassLoader(getClass().getClassLoader());
W/ContextImpl( 2383): Calling a method in the system process without a qualified user: android.app.ContextImpl.startService:1681 android.content.ContextWrapper.startService:457 android.content.ContextWrapper.startService:457 com.android.server.DRMEventReceiver.beginStartingService:59 com.android.server.DRMEventReceiver.onReceiveWithPrivilege:47 
I/BootReceiver( 2383): Copying /proc/last_kmsg to DropBox (SYSTEM_LAST_KMSG)
W/ContextImpl( 3977): Calling a method in the system process without a qualified user: android.app.ContextImpl.startService:1681 android.content.ContextWrapper.startService:457 android.content.ContextWrapper.startService:457 com.sec.android.app.bluetoothtest.BluetoothBDAdrressReceiver.onReceive:19 android.app.ActivityThread.handleReceiver:2441 
V/AlarmManager( 2383): waitForAlarm result :8
W/ContextImpl( 2982): Calling a method in the system process without a qualified user: android.app.ContextImpl.startService:1681 android.content.ContextWrapper.startService:457 android.content.ContextWrapper.startService:457 com.dolby.DsBooter.onReceive:36 android.app.ActivityThread.handleReceiver:2441 
V/AlarmManager( 2383): waitForAlarm result :1
V/AlarmManager( 2383): trigger ELAPSED_REALTIME_WAKEUP or RTC_WAKEUP
I/WAKELOCK_RELEASE( 2383): TIMESTAMP=53253621431, TAG=Checkin Service, TYPE=PARTIAL_WAKE_LOCK             , COUNT=0, PID=3272, UID=10018
--------- beginning of /dev/log/main
I/EffectDs( 1977): DS_PARAM_DEFINE_PARAMS [0]:bver
I/EffectDs( 1977): DS_PARAM_DEFINE_PARAMS [1]:bndl
I/EffectDs( 1977): DS_PARAM_DEFINE_PARAMS [2]:ocf
I/EffectDs( 1977): DS_PARAM_DEFINE_PARAMS [3]:preg
I/EffectDs( 1977): DS_PARAM_DEFINE_PARAMS [4]:vdhe
I/EffectDs( 1977): DS_PARAM_DEFINE_PARAMS [5]:vspe
I/EffectDs( 1977): DS_PARAM_DEFINE_PARAMS [6]:dssf
I/EffectDs( 1977): DS_PARAM_DEFINE_PARAMS [7]:dvli
I/EffectDs( 1977): DS_PARAM_DEFINE_PARAMS [8]:dvlo
I/EffectDs( 1977): DS_PARAM_DEFINE_PARAMS [9]:dvle
I/EffectDs( 1977): DS_PARAM_DEFINE_PARAMS [10]:dvmc
I/EffectDs( 1977): DS_PARAM_DEFINE_PARAMS [11]:dvme
I/EffectDs( 1977): DS_PARAM_DEFINE_PARAMS [12]:ienb
I/EffectDs( 1977): DS_PARAM_DEFINE_PARAMS [13]:iebf
I/EffectDs( 1977): DS_PARAM_DEFINE_PARAMS [14]:ieon
I/EffectDs( 1977): DS_PARAM_DEFINE_PARAMS [15]:deon
I/EffectDs( 1977): DS_PARAM_DEFINE_PARAMS [16]:ngon
I/EffectDs( 1977): DS_PARAM_DEFINE_PARAMS [17]:geon
I/EffectDs( 1977): DS_PARAM_DEFINE_PARAMS [18]:genb
I/EffectDs( 1977): DS_PARAM_DEFINE_PARAMS [19]:gebf
I/EffectDs( 1977): DS_PARAM_DEFINE_PARAMS [20]:aonb
I/EffectDs( 1977): DS_PARAM_DEFINE_PARAMS [21]:aobf
I/EffectDs( 1977): DS_PARAM_DEFINE_PARAMS [22]:aobg
I/EffectDs( 1977): DS_PARAM_DEFINE_PARAMS [23]:aoon
I/EffectDs( 1977): DS_PARAM_DEFINE_PARAMS [24]:arnb
I/EffectDs( 1977): DS_PARAM_DEFINE_PARAMS [25]:arbf
I/EffectDs( 1977): DS_PARAM_DEFINE_PARAMS [26]:plb
I/EffectDs( 1977): DS_PARAM_DEFINE_PARAMS [27]:plmd
I/EffectDs( 1977): DS_PARAM_DEFINE_PARAMS [28]:ven
I/EffectDs( 1977): DS_PARAM_DEFINE_PARAMS [29]:vnnb
I/EffectDs( 1977): DS_PARAM_DEFINE_PARAMS [30]:vnbf
I/EffectDs( 1977): DS_PARAM_DEFINE_PARAMS [31]:vnbg
I/EffectDs( 1977): DS_PARAM_DEFINE_PARAMS [32]:vnbe
I/EffectDs( 1977): DS_PARAM_DEFINE_PARAMS [33]:vcnb
I/EffectDs( 1977): DS_PARAM_DEFINE_PARAMS [34]:vcbf
I/EffectDs( 1977): DS_PARAM_DEFINE_PARAMS [35]:vcbg
I/EffectDs( 1977): DS_PARAM_DEFINE_PARAMS [36]:vcbe
I/EffectDs( 1977): DS_PARAM_DEFINE_PARAMS [37]:ver
I/EffectDs( 1977): DS_PARAM_DEFINE_PARAMS [38]:pstg
I/EffectDs( 1977): DS_PARAM_DEFINE_PARAMS [39]:dhsb
I/EffectDs( 1977): DS_PARAM_DEFINE_PARAMS [40]:dhrg
I/EffectDs( 1977): DS_PARAM_DEFINE_PARAMS [41]:dssb
I/EffectDs( 1977): DS_PARAM_DEFINE_PARAMS [42]:dssa
I/EffectDs( 1977): DS_PARAM_DEFINE_PARAMS [43]:dvla
I/EffectDs( 1977): DS_PARAM_DEFINE_PARAMS [44]:iebt
I/EffectDs( 1977): DS_PARAM_DEFINE_PARAMS [45]:iea
I/EffectDs( 1977): DS_PARAM_DEFINE_PARAMS [46]:dea
I/EffectDs( 1977): DS_PARAM_DEFINE_PARAMS [47]:ded
I/EffectDs( 1977): DS_PARAM_DEFINE_PARAMS [48]:gebg
I/EffectDs( 1977): DS_PARAM_DEFINE_PARAMS [49]:aocc
I/EffectDs( 1977): DS_PARAM_DEFINE_PARAMS [50]:arbi
I/EffectDs( 1977): DS_PARAM_DEFINE_PARAMS [51]:arbl
I/EffectDs( 1977): DS_PARAM_DEFINE_PARAMS [52]:arbh
I/EffectDs( 1977): DS_PARAM_DEFINE_PARAMS [53]:arod
I/EffectDs( 1977): DS_PARAM_DEFINE_PARAMS [54]:artp
I/EffectDs( 1977): DS_PARAM_DEFINE_PARAMS [55]:endp
I/EffectDs( 1977): DS_PARAM_DEFINE_PARAMS [56]:mxou
I/EffectDs( 1977): DS_PARAM_DEFINE_PARAMS [57]:vol
I/EffectDs( 1977): DS_PARAM_DEFINE_PARAMS [58]:vmon
I/EffectDs( 1977): DS_PARAM_DEFINE_PARAMS [59]:vmb
I/EffectDs( 1977): DS_PARAM_DEFINE_PARAMS [60]:lcmf
I/EffectDs( 1977): DS_PARAM_DEFINE_PARAMS [61]:lcvd
I/EffectDs( 1977): DS_PARAM_DEFINE_PARAMS [62]:lcsz
I/EffectDs( 1977): DS_PARAM_DEFINE_PARAMS [63]:lcpt
D/FactoryTestApp( 3547): [Support$Values.getString] id=HIDDEN_MENU_BLOCK, value=/efs/carrier/HiddenMenu
D/dalvikvm( 2982): Rejecting registerization due to and-int/lit8 v4, v6, (#15)
I/DsEffect( 2982): _invokeSetParameter baParam:HEX(1 0 0 0 )
I/DsEffect( 2982):  baValue:HEX(fffffffe 0 4 0 0 5 0 0 6 0 0 7 0 0 8 0 0 9 0 0 a 0 0 b 0 0 c 0 0 d 0 0 d 1 0 d 2 0 d 3 0 d 4 0 d 5 0 d 6 0 d 7 0 d 8 0 d 9 0 d a 0 d b 0 d c 0 d d 0 d e 0 d f 0 d 10 0 d 11 0 d 12 0 d 13 0 e 0 0 f 0 0 10 0 0 11 0 0 12 0 0 13 0 0 13 1 0 13 2 0 13 3 0 13 4 0 13 5 0 13 6 0 13 7 0 13 8 0 13 9 0 13 a 0 13 b 0 13 c 0 13 d 0 13 e 0 13 f 0 13 10 0 13 11 0 13 12 0 13 13 0 14 0 0 15 0 0 15 1 0 15 2 0 15 3 0 15 4 0 15 5 0 15 6 0 15 7 0 15 8 0 15 9 0 15 a 0 15 b 0 15 c 0 15 d 0 15 e 0 15 f 0 15 10 0 15 11 0 15 12 0 15 13 0 16 0 0 16 1 0 16 2 0 16 3 0 16 4 0 16 5 0 16 6 0 16 7 0 16 8 0 16 9 0 16 a 0 16 b 0 16 c 0 16 d 0 16 e 0 16 f 0 16 10 0 16 11 0 16 12 0 16 13 0 16 14 0 16 15 0 16 16 0 16 17 0 16 18 0 16 19 0 16 1a 0 16 1b 0 16 1c 0 16 1d 0 16 1e 0 16 1f 0 16 20 0 16 21 0 16 22 0 16 23 0 16 24 0 16 25 0 16 26 0 16 27 0 16 28 0 16 29 0 17 0 0 18 0 0 19 0 0 19 1 0 19 2 0 19 3 0 19 4 0 19 5 0 19 6 0 19 7 0 19 8 0 19 9 0 19 a 0 19 b 0 19 c 0 19 d 0 19 e 0 19 f 0 19 10 0 19 11 0 19 12 0 19 13 0 1a 0 0 1b 0 0 27 0 0 28 0 0 29 0 0 2a 0 0 2b 0 0 2c 0 0 2c 1 0 2c 2 0 2c 3 0 2c 4 0 2c 5 0 2c 6 0 2c 7 0 2c 8 0 2c 9 0 2c a 0 2c b 0 2c c 0 2c d 0 2c e 0 2c f 0 2c 10 0 2c 11 0 2c 12 0 2c 13 0 2d 0 0 2e 0 0 2f 0 0 30 0 0 30 1 0 30 2 0 30 3 0 30 4 0 30 5 0 30 6 0 30 7 0 30 8 0 30 9 0 30 a 0 30 b 0 30 c 0 30 d 0 30 e 0 30 f 0 30 10 0 30 11 0 30 12 0 30 13 0 31 0 0 32 0 0 32 1 0 32 2 0 32 3 0 32 4 0 32 5 0 32 6 0 32 7 0 32 8 0 32 9 0 32 a 0 32 b 0 32 c 0 32 d 0 32 e 0 32 f 0 32 10 0 32 11 0 32 12 0 32 13 0 33 0 0 33 1 0 33 2 0 33 3 0 33 4 0 33 5 0 33 6 0 33 7 0 33 8 0 33 9 0 33 a 0 33 b 0 33 c 0 33 d 0 33 e 0 33 f 0 33 10 0 33 11 0 33 12 0 33 13 0 34 0 0 34 1 0 34 2 0 34 3 0 34 4 0 34 5 0 34 6 0 34 7 0 34 8 0 34 9 0 34 a 0 34 b 0 34 c 0 34 d 0 34 e 0 34 f 0 34 10 0 34 11 0 34 12 0 34 13 0 35 0 0 36 0 0 3a 0 0 3b 0 0 )
I/EffectDs( 1977): Effect_command() EFFECT_CMD_SET_PARAM
I/EffectDs( 1977): DS_PARAM_DEFINE_SETTINGS count:254
I/EffectDs( 1977): DS_PARAM_DEFINE_SETTINGS Clearing cache...
I/EffectDs( 1977): DS_PARAM_DEFINE_SETTINGS Copying settings definitions: [index]:parameter.offset
I/EffectDs( 1977): DS_PARAM_DEFINE_SETTINGS [0]:4-vdhe.0
I/EffectDs( 1977): DS_PARAM_DEFINE_SETTINGS [1]:5-vspe.0
I/EffectDs( 1977): DS_PARAM_DEFINE_SETTINGS [2]:6-dssf.0
I/EffectDs( 1977): DS_PARAM_DEFINE_SETTINGS [3]:7-dvli.0
I/EffectDs( 1977): DS_PARAM_DEFINE_SETTINGS [4]:8-dvlo.0
I/EffectDs( 1977): DS_PARAM_DEFINE_SETTINGS [5]:9-dvle.0
I/EffectDs( 1977): DS_PARAM_DEFINE_SETTINGS [6]:10-dvmc.0
I/EffectDs( 1977): DS_PARAM_DEFINE_SETTINGS [7]:11-dvme.0
I/EffectDs( 1977): DS_PARAM_DEFINE_SETTINGS [8]:12-ienb.0
I/EffectDs( 1977): DS_PARAM_DEFINE_SETTINGS [9]:13-iebf.0
I/EffectDs( 1977): DS_PARAM_DEFINE_SETTINGS [10]:13-iebf.1
I/EffectDs( 1977): DS_PARAM_DEFINE_SETTINGS [11]:13-iebf.2
I/EffectDs( 1977): DS_PARAM_DEFINE_SETTINGS [12]:13-iebf.3
I/EffectDs( 1977): DS_PARAM_DEFINE_SETTINGS [13]:13-iebf.4
I/EffectDs( 1977): DS_PARAM_DEFINE_SETTINGS [14]:13-iebf.5
I/EffectDs( 1977): DS_PARAM_DEFINE_SETTINGS [15]:13-iebf.6
I/EffectDs( 1977): DS_PARAM_DEFINE_SETTINGS [16]:13-iebf.7
I/EffectDs( 1977): DS_PARAM_DEFINE_SETTINGS [17]:13-iebf.8
I/EffectDs( 1977): DS_PARAM_DEFINE_SETTINGS [18]:13-iebf.9
I/EffectDs( 1977): DS_PARAM_DEFINE_SETTINGS [19]:13-iebf.10
I/EffectDs( 1977): DS_PARAM_DEFINE_SETTINGS [20]:13-iebf.11
I/EffectDs( 1977): DS_PARAM_DEFINE_SETTINGS [21]:13-iebf.12
I/EffectDs( 1977): DS_PARAM_DEFINE_SETTINGS [22]:13-iebf.13
I/EffectDs( 1977): DS_PARAM_DEFINE_SETTINGS [23]:13-iebf.14
I/EffectDs( 1977): DS_PARAM_DEFINE_SETTINGS [24]:13-iebf.15
I/EffectDs( 1977): DS_PARAM_DEFINE_SETTINGS [25]:13-iebf.16
I/EffectDs( 1977): DS_PARAM_DEFINE_SETTINGS [26]:13-iebf.17
I/EffectDs( 1977): DS_PARAM_DEFINE_SETTINGS [27]:13-iebf.18
I/EffectDs( 1977): DS_PARAM_DEFINE_SETTINGS [28]:13-iebf.19
I/EffectDs( 1977): DS_PARAM_DEFINE_SETTINGS [29]:14-ieon.0
I/EffectDs( 1977): DS_PARAM_DEFINE_SETTINGS [30]:15-deon.0
I/EffectDs( 1977): DS_PARAM_DEFINE_SETTINGS [31]:16-ngon.0
I/EffectDs( 1977): DS_PARAM_DEFINE_SETTINGS [32]:17-geon.0
I/EffectDs( 1977): DS_PARAM_DEFINE_SETTINGS [33]:18-genb.0
I/EffectDs( 1977): DS_PARAM_DEFINE_SETTINGS [34]:19-gebf.0
I/EffectDs( 1977): DS_PARAM_DEFINE_SETTINGS [35]:19-gebf.1
I/EffectDs( 1977): DS_PARAM_DEFINE_SETTINGS [36]:19-gebf.2
I/EffectDs( 1977): DS_PARAM_DEFINE_SETTINGS [37]:19-gebf.3
I/EffectDs( 1977): DS_PARAM_DEFINE_SETTINGS [38]:19-gebf.4
I/EffectDs( 1977): DS_PARAM_DEFINE_SETTINGS [39]:19-gebf.5
I/EffectDs( 1977): DS_PARAM_DEFINE_SETTINGS [40]:19-gebf.6
I/EffectDs( 1977): DS_PARAM_DEFINE_SETTINGS [41]:19-gebf.7
I/EffectDs( 1977): DS_PARAM_DEFINE_SETTINGS [42]:19-gebf.8
I/EffectDs( 1977): DS_PARAM_DEFINE_SETTINGS [43]:19-gebf.9
I/EffectDs( 1977): DS_PARAM_DEFINE_SETTINGS [44]:19-gebf.10
I/EffectDs( 1977): DS_PARAM_DEFINE_SETTINGS [45]:19-gebf.11
I/EffectDs( 1977): DS_PARAM_DEFINE_SETTINGS [46]:19-gebf.12
I/EffectDs( 1977): DS_PARAM_DEFINE_SETTINGS [47]:19-gebf.13
I/EffectDs( 1977): DS_PARAM_DEFINE_SETTINGS [48]:19-gebf.14
I/EffectDs( 1977): DS_PARAM_DEFINE_SETTINGS [49]:19-gebf.15
I/EffectDs( 1977): DS_PARAM_DEFINE_SETTINGS [50]:19-gebf.16
I/EffectDs( 1977): DS_PARAM_DEFINE_SETTINGS [51]:19-gebf.17
I/EffectDs( 1977): DS_PARAM_DEFINE_SETTINGS [52]:19-gebf.18
I/EffectDs( 1977): DS_PARAM_DEFINE_SETTINGS [53]:19-gebf.19
I/EffectDs( 1977): DS_PARAM_DEFINE_SETTINGS [54]:20-aonb.0
I/EffectDs( 1977): DS_PARAM_DEFINE_SETTINGS [55]:21-aobf.0
I/EffectDs( 1977): DS_PARAM_DEFINE_SETTINGS [56]:21-aobf.1
I/EffectDs( 1977): DS_PARAM_DEFINE_SETTINGS [57]:21-aobf.2
I/EffectDs( 1977): DS_PARAM_DEFINE_SETTINGS [58]:21-aobf.3
I/EffectDs( 1977): DS_PARAM_DEFINE_SETTINGS [59]:21-aobf.4
I/EffectDs( 1977): DS_PARAM_DEFINE_SETTINGS [60]:21-aobf.5
I/EffectDs( 1977): DS_PARAM_DEFINE_SETTINGS [61]:21-aobf.6
I/EffectDs( 1977): DS_PARAM_DEFINE_SETTINGS [62]:21-aobf.7
I/EffectDs( 1977): DS_PARAM_DEFINE_SETTINGS [63]:21-aobf.8
I/EffectDs( 1977): DS_PARAM_DEFINE_SETTINGS [64]:21-aobf.9
I/EffectDs( 1977): DS_PARAM_DEFINE_SETTINGS [65]:21-aobf.10
I/EffectDs( 1977): DS_PARAM_DEFINE_SETTINGS [66]:21-aobf.11
I/EffectDs( 1977): DS_PARAM_DEFINE_SETTINGS [67]:21-aobf.12
I/EffectDs( 1977): DS_PARAM_DEFINE_SETTINGS [68]:21-aobf.13
I/EffectDs( 1977): DS_PARAM_DEFINE_SETTINGS [69]:21-aobf.14
I/EffectDs( 1977): DS_PARAM_DEFINE_SETTINGS [70]:21-aobf.15
I/EffectDs( 1977): DS_PARAM_DEFINE_SETTINGS [71]:21-aobf.16
I/EffectDs( 1977): DS_PARAM_DEFINE_SETTINGS [72]:21-aobf.17
I/EffectDs( 1977): DS_PARAM_DEFINE_SETTINGS [73]:21-aobf.18
I/EffectDs( 1977): DS_PARAM_DEFINE_SETTINGS [74]:21-aobf.19
I/EffectDs( 1977): DS_PARAM_DEFINE_SETTINGS [75]:22-aobg.0
I/EffectDs( 1977): DS_PARAM_DEFINE_SETTINGS [76]:22-aobg.1
I/EffectDs( 1977): DS_PARAM_DEFINE_SETTINGS [77]:22-aobg.2
I/EffectDs( 1977): DS_PARAM_DEFINE_SETTINGS [78]:22-aobg.3
I/EffectDs( 1977): DS_PARAM_DEFINE_SETTINGS [79]:22-aobg.4
I/EffectDs( 1977): DS_PARAM_DEFINE_SETTINGS [80]:22-aobg.5
I/EffectDs( 1977): DS_PARAM_DEFINE_SETTINGS [81]:22-aobg.6
I/EffectDs( 1977): DS_PARAM_DEFINE_SETTINGS [82]:22-aobg.7
I/EffectDs( 1977): DS_PARAM_DEFINE_SETTINGS [83]:22-aobg.8
I/EffectDs( 1977): DS_PARAM_DEFINE_SETTINGS [84]:22-aobg.9
I/EffectDs( 1977): DS_PARAM_DEFINE_SETTINGS [85]:22-aobg.10
I/EffectDs( 1977): DS_PARAM_DEFINE_SETTINGS [86]:22-aobg.11
I/EffectDs( 1977): DS_PARAM_DEFINE_SETTINGS [87]:22-aobg.12
I/EffectDs( 1977): DS_PARAM_DEFINE_SETTINGS [88]:22-aobg.13
I/EffectDs( 1977): DS_PARAM_DEFINE_SETTINGS [89]:22-aobg.14
I/EffectDs( 1977): DS_PARAM_DEFINE_SETTINGS [90]:22-aobg.15
I/EffectDs( 1977): DS_PARAM_DEFINE_SETTINGS [91]:22-aobg.16
I/EffectDs( 1977): DS_PARAM_DEFINE_SETTINGS [92]:22-aobg.17
I/EffectDs( 1977): DS_PARAM_DEFINE_SETTINGS [93]:22-aobg.18
I/EffectDs( 1977): DS_PARAM_DEFINE_SETTINGS [94]:22-aobg.19
I/EffectDs( 1977): DS_PARAM_DEFINE_SETTINGS [95]:22-aobg.20
I/EffectDs( 1977): DS_PARAM_DEFINE_SETTINGS [96]:22-aobg.21
I/EffectDs( 1977): DS_PARAM_DEFINE_SETTINGS [97]:22-aobg.22
I/EffectDs( 1977): DS_PARAM_DEFINE_SETTINGS [98]:22-aobg.23
I/EffectDs( 1977): DS_PARAM_DEFINE_SETTINGS [99]:22-aobg.24
I/EffectDs( 1977): DS_PARAM_DEFINE_SETTINGS [100]:22-aobg.25
I/EffectDs( 1977): DS_PARAM_DEFINE_SETTINGS [101]:22-aobg.26
I/EffectDs( 1977): DS_PARAM_DEFINE_SETTINGS [102]:22-aobg.27
I/EffectDs( 1977): DS_PARAM_DEFINE_SETTINGS [103]:22-aobg.28
I/EffectDs( 1977): DS_PARAM_DEFINE_SETTINGS [104]:22-aobg.29
I/EffectDs( 1977): DS_PARAM_DEFINE_SETTINGS [105]:22-aobg.30
I/EffectDs( 1977): DS_PARAM_DEFINE_SETTINGS [106]:22-aobg.31
I/EffectDs( 1977): DS_PARAM_DEFINE_SETTINGS [107]:22-aobg.32
I/EffectDs( 1977): DS_PARAM_DEFINE_SETTINGS [108]:22-aobg.33
I/EffectDs( 1977): DS_PARAM_DEFINE_SETTINGS [109]:22-aobg.34
I/EffectDs( 1977): DS_PARAM_DEFINE_SETTINGS [110]:22-aobg.35
I/EffectDs( 1977): DS_PARAM_DEFINE_SETTINGS [111]:22-aobg.36
I/EffectDs( 1977): DS_PARAM_DEFINE_SETTINGS [112]:22-aobg.37
I/EffectDs( 1977): DS_PARAM_DEFINE_SETTINGS [113]:22-aobg.38
I/EffectDs( 1977): DS_PARAM_DEFINE_SETTINGS [114]:22-aobg.39
I/EffectDs( 1977): DS_PARAM_DEFINE_SETTINGS [115]:22-aobg.40
I/EffectDs( 1977): DS_PARAM_DEFINE_SETTINGS [116]:22-aobg.41
I/EffectDs( 1977): DS_PARAM_DEFINE_SETTINGS [117]:23-aoon.0
I/EffectDs( 1977): DS_PARAM_DEFINE_SETTINGS [118]:24-arnb.0
I/EffectDs( 1977): DS_PARAM_DEFINE_SETTINGS [119]:25-arbf.0
I/EffectDs( 1977): DS_PARAM_DEFINE_SETTINGS [120]:25-arbf.1
I/EffectDs( 1977): DS_PARAM_DEFINE_SETTINGS [121]:25-arbf.2
I/EffectDs( 1977): DS_PARAM_DEFINE_SETTINGS [122]:25-arbf.3
I/EffectDs( 1977): DS_PARAM_DEFINE_SETTINGS [123]:25-arbf.4
I/EffectDs( 1977): DS_PARAM_DEFINE_SETTINGS [124]:25-arbf.5
I/EffectDs( 1977): DS_PARAM_DEFINE_SETTINGS [125]:25-arbf.6
I/EffectDs( 1977): DS_PARAM_DEFINE_SETTINGS [126]:25-arbf.7
I/EffectDs( 1977): DS_PARAM_DEFINE_SETTINGS [127]:25-arbf.8
I/EffectDs( 1977): DS_PARAM_DEFINE_SETTINGS [128]:25-arbf.9
I/EffectDs( 1977): DS_PARAM_DEFINE_SETTINGS [129]:25-arbf.10
I/EffectDs( 1977): DS_PARAM_DEFINE_SETTINGS [130]:25-arbf.11
I/EffectDs( 1977): DS_PARAM_DEFINE_SETTINGS [131]:25-arbf.12
I/EffectDs( 1977): DS_PARAM_DEFINE_SETTINGS [132]:25-arbf.13
I/EffectDs( 1977): DS_PARAM_DEFINE_SETTINGS [133]:25-arbf.14
I/EffectDs( 1977): DS_PARAM_DEFINE_SETTINGS [134]:25-arbf.15
I/EffectDs( 1977): DS_PARAM_DEFINE_SETTINGS [135]:25-arbf.16
I/EffectDs( 1977): DS_PARAM_DEFINE_SETTINGS [136]:25-arbf.17
I/EffectDs( 1977): DS_PARAM_DEFINE_SETTINGS [137]:25-arbf.18
I/EffectDs( 1977): DS_PARAM_DEFINE_SETTINGS [138]:25-arbf.19
I/EffectDs( 1977): DS_PARAM_DEFINE_SETTINGS [139]:26-plb.0
I/EffectDs( 1977): DS_PARAM_DEFINE_SETTINGS [140]:27-plmd.0
I/EffectDs( 1977): DS_PARAM_DEFINE_SETTINGS [141]:39-dhsb.0
I/EffectDs( 1977): DS_PARAM_DEFINE_SETTINGS [142]:40-dhrg.0
I/EffectDs( 1977): DS_PARAM_DEFINE_SETTINGS [143]:41-dssb.0
I/EffectDs( 1977): DS_PARAM_DEFINE_SETTINGS [144]:42-dssa.0
I/EffectDs( 1977): DS_PARAM_DEFINE_SETTINGS [145]:43-dvla.0
I/EffectDs( 1977): DS_PARAM_DEFINE_SETTINGS [146]:44-iebt.0
I/EffectDs( 1977): DS_PARAM_DEFINE_SETTINGS [147]:44-iebt.1
I/EffectDs( 1977): DS_PARAM_DEFINE_SETTINGS [148]:44-iebt.2
I/EffectDs( 1977): DS_PARAM_DEFINE_SETTINGS [149]:44-iebt.3
I/EffectDs( 1977): DS_PARAM_DEFINE_SETTINGS [150]:44-iebt.4
I/EffectDs( 1977): DS_PARAM_DEFINE_SETTINGS [151]:44-iebt.5
I/EffectDs( 1977): DS_PARAM_DEFINE_SETTINGS [152]:44-iebt.6
I/EffectDs( 1977): DS_PARAM_DEFINE_SETTINGS [153]:44-iebt.7
I/EffectDs( 1977): DS_PARAM_DEFINE_SETTINGS [154]:44-iebt.8
I/EffectDs( 1977): DS_PARAM_DEFINE_SETTINGS [155]:44-iebt.9
I/EffectDs( 1977): DS_PARAM_DEFINE_SETTINGS [156]:44-iebt.10
I/EffectDs( 1977): DS_PARAM_DEFINE_SETTINGS [157]:44-iebt.11
I/EffectDs( 1977): DS_PARAM_DEFINE_SETTINGS [158]:44-iebt.12
I/EffectDs( 1977): DS_PARAM_DEFINE_SETTINGS [159]:44-iebt.13
I/EffectDs( 1977): DS_PARAM_DEFINE_SETTINGS [160]:44-iebt.14
I/EffectDs( 1977): DS_PARAM_DEFINE_SETTINGS [161]:44-iebt.15
I/EffectDs( 1977): DS_PARAM_DEFINE_SETTINGS [162]:44-iebt.16
I/EffectDs( 1977): DS_PARAM_DEFINE_SETTINGS [163]:44-iebt.17
I/EffectDs( 1977): DS_PARAM_DEFINE_SETTINGS [164]:44-iebt.18
I/EffectDs( 1977): DS_PARAM_DEFINE_SETTINGS [165]:44-iebt.19
I/EffectDs( 1977): DS_PARAM_DEFINE_SETTINGS [166]:45-iea.0
I/EffectDs( 1977): DS_PARAM_DEFINE_SETTINGS [167]:46-dea.0
I/EffectDs( 1977): DS_PARAM_DEFINE_SETTINGS [168]:47-ded.0
I/EffectDs( 1977): DS_PARAM_DEFINE_SETTINGS [169]:48-gebg.0
I/EffectDs( 1977): DS_PARAM_DEFINE_SETTINGS [170]:48-gebg.1
I/EffectDs( 1977): DS_PARAM_DEFINE_SETTINGS [171]:48-gebg.2
I/EffectDs( 1977): DS_PARAM_DEFINE_SETTINGS [172]:48-gebg.3
I/EffectDs( 1977): DS_PARAM_DEFINE_SETTINGS [173]:48-gebg.4
I/EffectDs( 1977): DS_PARAM_DEFINE_SETTINGS [174]:48-gebg.5
I/EffectDs( 1977): DS_PARAM_DEFINE_SETTINGS [175]:48-gebg.6
I/EffectDs( 1977): DS_PARAM_DEFINE_SETTINGS [176]:48-gebg.7
I/EffectDs( 1977): DS_PARAM_DEFINE_SETTINGS [177]:48-gebg.8
I/EffectDs( 1977): DS_PARAM_DEFINE_SETTINGS [178]:48-gebg.9
I/EffectDs( 1977): DS_PARAM_DEFINE_SETTINGS [179]:48-gebg.10
I/EffectDs( 1977): DS_PARAM_DEFINE_SETTINGS [180]:48-gebg.11
I/EffectDs( 1977): DS_PARAM_DEFINE_SETTINGS [181]:48-gebg.12
I/EffectDs( 1977): DS_PARAM_DEFINE_SETTINGS [182]:48-gebg.13
I/EffectDs( 1977): DS_PARAM_DEFINE_SETTINGS [183]:48-gebg.14
I/EffectDs( 1977): DS_PARAM_DEFINE_SETTINGS [184]:48-gebg.15
I/EffectDs( 1977): DS_PARAM_DEFINE_SETTINGS [185]:48-gebg.16
I/EffectDs( 1977): DS_PARAM_DEFINE_SETTINGS [186]:48-gebg.17
I/EffectDs( 1977): DS_PARAM_DEFINE_SETTINGS [187]:48-gebg.18
I/EffectDs( 1977): DS_PARAM_DEFINE_SETTINGS [188]:48-gebg.19
I/EffectDs( 1977): DS_PARAM_DEFINE_SETTINGS [189]:49-aocc.0
I/EffectDs( 1977): DS_PARAM_DEFINE_SETTINGS [190]:50-arbi.0
I/EffectDs( 1977): DS_PARAM_DEFINE_SETTINGS [191]:50-arbi.1
I/EffectDs( 1977): DS_PARAM_DEFINE_SETTINGS [192]:50-arbi.2
I/EffectDs( 1977): DS_PARAM_DEFINE_SETTINGS [193]:50-arbi.3
I/EffectDs( 1977): DS_PARAM_DEFINE_SETTINGS [194]:50-arbi.4
I/EffectDs( 1977): DS_PARAM_DEFINE_SETTINGS [195]:50-arbi.5
I/EffectDs( 1977): DS_PARAM_DEFINE_SETTINGS [196]:50-arbi.6
I/EffectDs( 1977): DS_PARAM_DEFINE_SETTINGS [197]:50-arbi.7
I/EffectDs( 1977): DS_PARAM_DEFINE_SETTINGS [198]:50-arbi.8
I/EffectDs( 1977): DS_PARAM_DEFINE_SETTINGS [199]:50-arbi.9
I/EffectDs( 1977): DS_PARAM_DEFINE_SETTINGS [200]:50-arbi.10
I/EffectDs( 1977): DS_PARAM_DEFINE_SETTINGS [201]:50-arbi.11
I/EffectDs( 1977): DS_PARAM_DEFINE_SETTINGS [202]:50-arbi.12
I/EffectDs( 1977): DS_PARAM_DEFINE_SETTINGS [203]:50-arbi.13
I/EffectDs( 1977): DS_PARAM_DEFINE_SETTINGS [204]:50-arbi.14
I/EffectDs( 1977): DS_PARAM_DEFINE_SETTINGS [205]:50-arbi.15
I/EffectDs( 1977): DS_PARAM_DEFINE_SETTINGS [206]:50-arbi.16
I/EffectDs( 1977): DS_PARAM_DEFINE_SETTINGS [207]:50-arbi.17
I/EffectDs( 1977): DS_PARAM_DEFINE_SETTINGS [208]:50-arbi.18
I/EffectDs( 1977): DS_PARAM_DEFINE_SETTINGS [209]:50-arbi.19
I/EffectDs( 1977): DS_PARAM_DEFINE_SETTINGS [210]:51-arbl.0
I/EffectDs( 1977): DS_PARAM_DEFINE_SETTINGS [211]:51-arbl.1
I/EffectDs( 1977): DS_PARAM_DEFINE_SETTINGS [212]:51-arbl.2
I/EffectDs( 1977): DS_PARAM_DEFINE_SETTINGS [213]:51-arbl.3
I/EffectDs( 1977): DS_PARAM_DEFINE_SETTINGS [214]:51-arbl.4
I/EffectDs( 1977): DS_PARAM_DEFINE_SETTINGS [215]:51-arbl.5
I/EffectDs( 1977): DS_PARAM_DEFINE_SETTINGS [216]:51-arbl.6
I/EffectDs( 1977): DS_PARAM_DEFINE_SETTINGS [217]:51-arbl.7
I/EffectDs( 1977): DS_PARAM_DEFINE_SETTINGS [218]:51-arbl.8
I/EffectDs( 1977): DS_PARAM_DEFINE_SETTINGS [219]:51-arbl.9
I/EffectDs( 1977): DS_PARAM_DEFINE_SETTINGS [220]:51-arbl.10
I/EffectDs( 1977): DS_PARAM_DEFINE_SETTINGS [221]:51-arbl.11
I/EffectDs( 1977): DS_PARAM_DEFINE_SETTINGS [222]:51-arbl.12
I/EffectDs( 1977): DS_PARAM_DEFINE_SETTINGS [223]:51-arbl.13
I/EffectDs( 1977): DS_PARAM_DEFINE_SETTINGS [224]:51-arbl.14
I/EffectDs( 1977): DS_PARAM_DEFINE_SETTINGS [225]:51-arbl.15
I/EffectDs( 1977): DS_PARAM_DEFINE_SETTINGS [226]:51-arbl.16
I/EffectDs( 1977): DS_PARAM_DEFINE_SETTINGS [227]:51-arbl.17
I/EffectDs( 1977): DS_PARAM_DEFINE_SETTINGS [228]:51-arbl.18
I/EffectDs( 1977): DS_PARAM_DEFINE_SETTINGS [229]:51-arbl.19
I/EffectDs( 1977): DS_PARAM_DEFINE_SETTINGS [230]:52-arbh.0
I/EffectDs( 1977): DS_PARAM_DEFINE_SETTINGS [231]:52-arbh.1
I/EffectDs( 1977): DS_PARAM_DEFINE_SETTINGS [232]:52-arbh.2
I/EffectDs( 1977): DS_PARAM_DEFINE_SETTINGS [233]:52-arbh.3
I/EffectDs( 1977): DS_PARAM_DEFINE_SETTINGS [234]:52-arbh.4
I/EffectDs( 1977): DS_PARAM_DEFINE_SETTINGS [235]:52-arbh.5
I/EffectDs( 1977): DS_PARAM_DEFINE_SETTINGS [236]:52-arbh.6
I/EffectDs( 1977): DS_PARAM_DEFINE_SETTINGS [237]:52-arbh.7
I/EffectDs( 1977): DS_PARAM_DEFINE_SETTINGS [238]:52-arbh.8
I/EffectDs( 1977): DS_PARAM_DEFINE_SETTINGS [239]:52-arbh.9
I/EffectDs( 1977): DS_PARAM_DEFINE_SETTINGS [240]:52-arbh.10
I/EffectDs( 1977): DS_PARAM_DEFINE_SETTINGS [241]:52-arbh.11
I/EffectDs( 1977): DS_PARAM_DEFINE_SETTINGS [242]:52-arbh.12
I/EffectDs( 1977): DS_PARAM_DEFINE_SETTINGS [243]:52-arbh.13
I/EffectDs( 1977): DS_PARAM_DEFINE_SETTINGS [244]:52-arbh.14
I/EffectDs( 1977): DS_PARAM_DEFINE_SETTINGS [245]:52-arbh.15
I/EffectDs( 1977): DS_PARAM_DEFINE_SETTINGS [246]:52-arbh.16
I/EffectDs( 1977): DS_PARAM_DEFINE_SETTINGS [247]:52-arbh.17
I/EffectDs( 1977): DS_PARAM_DEFINE_SETTINGS [248]:52-arbh.18
I/EffectDs( 1977): DS_PARAM_DEFINE_SETTINGS [249]:52-arbh.19
I/EffectDs( 1977): DS_PARAM_DEFINE_SETTINGS [250]:53-arod.0
I/EffectDs( 1977): DS_PARAM_DEFINE_SETTINGS [251]:54-artp.0
I/EffectDs( 1977): DS_PARAM_DEFINE_SETTINGS [252]:58-vmon.0
I/EffectDs( 1977): DS_PARAM_DEFINE_SETTINGS [253]:59-vmb.0
D/FactoryTestApp( 3547): [Support$Values.getString] id=BINARY_TYPE, value=ro.factory.factory_binary
