D/ProgressBar( 2383): setProgress = 12, fromUser = false
D/ProgressBar( 2383): mProgress = 0mIndeterminate = false, mMin = 0, mMax = 15
D/ExtSeekBar( 2383): updateDrawable this.mThumb = null, msetDrawable = android.graphics.drawable.LayerDrawable@2118e470, mOffsetThumb = -1
D/ExtSeekBar( 2383): updateDrawable getProgress() = 12, getMax() = 15GeneralUtil.isTablet() = true
D/ProgressBar( 2383): setProgressDrawable mProgressDrawable = android.graphics.drawable.LayerDrawable@2118e470, d = android.graphics.drawable.LayerDrawable@2118e470needUpdate = false
D/ProgressBar( 2383): setProgressDrawable drawableHeight = 9
D/VolumePanel( 2383): addOtherVolumes stream : 3
D/ExtSeekBar( 2383): setProgress = 0
D/ProgressBar( 2383): setProgress = 0
D/ExtSeekBar( 2383): setProgress = 0, fromUser = false, isEnableChangeColor() = false
D/ProgressBar( 2383): setProgress = 0, fromUser = false
D/ProgressBar( 2383): mProgress = 0mIndeterminate = false, mMin = 0, mMax = 7
D/ExtSeekBar( 2383): updateDrawable this.mThumb = null, msetDrawable = android.graphics.drawable.LayerDrawable@215de7d8, mOffsetThumb = -1
D/ExtSeekBar( 2383): updateDrawable getProgress() = 0, getMax() = 7GeneralUtil.isTablet() = true
D/ProgressBar( 2383): setProgressDrawable mProgressDrawable = android.graphics.drawable.LayerDrawable@215de7d8, d = android.graphics.drawable.LayerDrawable@215de7d8needUpdate = false
D/ProgressBar( 2383): setProgressDrawable drawableHeight = 9
D/VolumePanel( 2383): addOtherVolumes stream : 5
D/ExtSeekBar( 2383): setProgress = 2
D/ProgressBar( 2383): setProgress = 2
D/ExtSeekBar( 2383): setProgress = 2, fromUser = false, isEnableChangeColor() = false
D/ProgressBar( 2383): setProgress = 2, fromUser = false
D/ProgressBar( 2383): mProgress = 0mIndeterminate = false, mMin = 0, mMax = 7
D/ExtSeekBar( 2383): updateDrawable this.mThumb = null, msetDrawable = android.graphics.drawable.LayerDrawable@2197f1c8, mOffsetThumb = -1
D/ExtSeekBar( 2383): updateDrawable getProgress() = 2, getMax() = 7GeneralUtil.isTablet() = true
D/ProgressBar( 2383): setProgressDrawable mProgressDrawable = android.graphics.drawable.LayerDrawable@2197f1c8, d = android.graphics.drawable.LayerDrawable@2197f1c8needUpdate = false
D/ProgressBar( 2383): setProgressDrawable drawableHeight = 9
D/VolumePanel( 2383): addOtherVolumes stream : STREAM_SYSTEM
D/VolumePanel( 2383): onShowVolumeChanged(streamType: 2, flags: 1), index: 2
D/RingtoneManager( 2383): getActualDefaultRingtoneUri  type    :1
I/dalvikvm( 5010): Turning on JNI app bug workarounds for target SDK version 7...
I/InputDispatcher( 2383): Delivering key to: action: 0x1
D/RingtoneManager( 2383): checkDefaultRingtoneProperUri : InternalMediaAudio uriString not null    type:1
D/ExtSeekBar( 2383): setProgress = 2
D/ProgressBar( 2383): setProgress = 2
D/ExtSeekBar( 2383): setProgress = 2, fromUser = false, isEnableChangeColor() = false
D/ProgressBar( 2383): setProgress = 2, fromUser = false
D/ProgressBar( 2383): mProgress = 2mIndeterminate = false, mMin = 0, mMax = 7
D/ExtSeekBar( 2383): updateDrawable this.mThumb = android.graphics.drawable.StateListDrawable@218480b8, msetDrawable = android.graphics.drawable.LayerDrawable@216b2228, mOffsetThumb = 16
D/ExtSeekBar( 2383): updateDrawable getProgress() = 2, getMax() = 7GeneralUtil.isTablet() = true
D/ProgressBar( 2383): setProgressDrawable mProgressDrawable = android.graphics.drawable.LayerDrawable@216b2228, d = android.graphics.drawable.LayerDrawable@216b2228needUpdate = false
D/ProgressBar( 2383): setProgressDrawable drawableHeight = 9
D/VolumePanel( 2383): onShowVolumeChanged: setSeekbarSlidingAnimation(false)
D/VolumePanel( 2383): setSeekbarSlidingAnimation(): Call sc.seekbarView.setSlidingAnimation: enable = false
D/VolumePanel( 2383): setSeekbarSlidingAnimation(): Call sc.seekbarView.setSlidingAnimation: enable = false
D/VolumePanel( 2383): setSeekbarSlidingAnimation(): Call sc.seekbarView.setSlidingAnimation: enable = false
D/VolumePanel( 2383): setSeekbarSlidingAnimation(): Call sc.seekbarView.setSlidingAnimation: enable = false
D/VolumePanel( 2383): call resetTimeout
D/VolumePanel( 2383): onReceive() : intent=Intent { act=com.samsung.cover.OPEN flg=0x10 (has extras) }
V/WindowManager( 2383): Window{21122eb0 u0 Keyguard}mOrientationRequetedFromKeyguard=false
D/VolumePanel( 2383): onProgressChanged progress : 2
D/VolumePanel( 2383): call resetTimeout
D/VolumePanel( 2383): onProgressChanged progress : 2
D/VolumePanel( 2383): call resetTimeout
D/VolumePanel( 2383): onProgressChanged progress : 12
D/VolumePanel( 2383): call resetTimeout
D/VolumePanel( 2383): onProgressChanged progress : 0
D/VolumePanel( 2383): call resetTimeout
D/VolumePanel( 2383): onProgressChanged progress : 2
D/VolumePanel( 2383): call resetTimeout
V/WindowManager( 2383): Window{21122eb0 u0 Keyguard}mOrientationRequetedFromKeyguard=false
D/hwcomposer( 1960): isRGBOverlayLayer: got an RGB overlay layer
D/hwcomposer( 1960): isSpriteLayer: got a sprite layer
D/ProgressBar( 2383): updateDrawableBounds: left = 0
D/ProgressBar( 2383): updateDrawableBounds: top = 0
D/ProgressBar( 2383): updateDrawableBounds: right = 271
D/ProgressBar( 2383): updateDrawableBounds: bottom = 32
D/ProgressBar( 2383): updateDrawableBounds: mProgressDrawable.setBounds()
D/VolumePanel( 2383): change volume by MSG_VOLUME_CHANGED
D/InputReader( 2383): Input event: value=1 when=76373072000
D/VolumePanel( 2383): onVolumeChanged(streamType: 2, flags: 4)
D/VolumePanel( 2383): onVolumeChanged: Call setSeekbarSlidingAnimation(true)
D/VolumePanel( 2383): setSeekbarSlidingAnimation(): Call sc.seekbarView.setSlidingAnimation: enable = true
D/VolumePanel( 2383): setSeekbarSlidingAnimation(): Call sc.seekbarView.setSlidingAnimation: enable = true
D/VolumePanel( 2383): setSeekbarSlidingAnimation(): Call sc.seekbarView.setSlidingAnimation: enable = true
D/VolumePanel( 2383): setSeekbarSlidingAnimation(): Call sc.seekbarView.setSlidingAnimation: enable = true
D/VolumePanel( 2383): VolumePanel onVolumeChanged call onPlaySound
I/InputDispatcher( 2383): Delivering key to: action: 0x0
V/AudioPolicyManagerBase( 1977): getOutput() stream 2, samplingRate 0, format 0, channelMask 3, flags 0
V/AudioPolicyManagerBase( 1977): getOutputsForDevice device 0002 -> 0002
V/AudioPolicyManagerBase( 1977): selectOutput() output 2 outputDesc->mProfile->mFlags 0002 flags 0000
V/AudioPolicyManagerBase( 1977): selectOutput() output 3 outputDesc->mProfile->mFlags 0008 flags 0000
V/AudioPolicyManagerBase( 1977): getOutput() returns output 2
V/AudioPolicyManagerBase( 1977): getOutput() stream 2, samplingRate 0, format 0, channelMask 3, flags 0
V/AudioPolicyManagerBase( 1977): getOutputsForDevice device 0002 -> 0002
V/AudioPolicyManagerBase( 1977): selectOutput() output 2 outputDesc->mProfile->mFlags 0002 flags 0000
V/AudioPolicyManagerBase( 1977): selectOutput() output 3 outputDesc->mProfile->mFlags 0008 flags 0000
V/AudioPolicyManagerBase( 1977): getOutput() returns output 2
V/AudioPolicyManagerBase( 1977): getOutput() stream 2, samplingRate 44100, format 1, channelMask 3, flags 4
V/AudioPolicyManagerBase( 1977): getOutputsForDevice device 0002 -> 0002
V/AudioPolicyManagerBase( 1977): selectOutput() output 2 outputDesc->mProfile->mFlags 0002 flags 0004
V/AudioPolicyManagerBase( 1977): selectOutput() output 3 outputDesc->mProfile->mFlags 0008 flags 0004
V/AudioPolicyManagerBase( 1977): getOutput() returns output 2
V/LvOutput( 1977): initCheck: 0
V/LvOutput( 1977): attachEffects: attach processing to output 2, stream 2, session 11, mode 0
V/LvOutput( 1977): attachEffects: no output processing needs to be attached to this stream
V/LvOutput( 1977): LvOutput::setAllProcessorEnabled(false) mOutputs.size(0)
V/AudioPolicyManagerBase( 1977): startOutput() output 2, stream 2, session 11
V/AudioPolicyManagerBase( 1977): changeRefCount() stream 2, count 1
V/AudioPolicyManagerBase( 1977): getNewDevice() selected device 2
V/AudioPolicyManagerBase( 1977): setOutputDevice() output 2 device 0002 force 0 delayMs 0 
V/AudioPolicyManagerBase( 1977): setOutputDevice() prevDevice 0002
V/AudioPolicyManagerBase( 1977): setOutputDevice() setting same device 0002 or null device for output 2
W/SamsungWindowManager( 2383): voice stream active = false, record thread active = false
D/VolumePanel( 2383): call resetTimeout
E/AudioResampler( 1977): Unsupported sample format, 1 bits, 2 channels
I/AudioResampler( 1977): new MM resampler(44100 -> 48000, 2)
I/AudioHardwareTinyALSA( 1977): AudioStreamOutALSA::write setDevice
D/AudioHardwareTinyALSA( 1977): OutALSA::setDevice: mode = 0, newDevice=0x2, currentDevice=0x2 ,force= 0
D/AudioHardwareTinyALSA( 1977): OutALSA::setDevice: mDevice 0x2, newDevice = 0x2
D/AudioHardwareTinyALSA( 1977): setOutputVolume
D/TinyUCM ( 1977): setModifier Normal, en=1
D/hwcomposer( 1960): isRGBOverlayLayer: got an RGB overlay layer
D/hwcomposer( 1960): isSpriteLayer: got a sprite layer
I/AudioHardwareTinyALSA( 1977): OutALSA::setDevice: mHandle NULL mode[0], Device[00000002] 
I/AudioHardwareTinyALSA( 1977): Open: mDefaults->direction=0 device=0
D/AudioHardwareTinyALSA( 1977): Channel: 2, Samplerate: 48000, Format: 0, Peroid Size: 1024, Period Count: 4
I/AudioHardwareTinyALSA( 1977): before pcm_prepare
D/AudioHardwareTinyALSA( 1977): setPcmInterface: Stream=0x1, iSamplerate=16000++
D/AudioHardwareTinyALSA( 1977): setPcmInterface--
D/VolumePanel( 2383): change volume by MSG_VOLUME_CHANGED
D/VolumePanel( 2383): onVolumeChanged(streamType: 2, flags: 17)
D/VolumePanel( 2383): onVolumeChanged: Call setSeekbarSlidingAnimation(true)
D/VolumePanel( 2383): setSeekbarSlidingAnimation(): Call sc.seekbarView.setSlidingAnimation: enable = true
D/VolumePanel( 2383): setSeekbarSlidingAnimation(): Call sc.seekbarView.setSlidingAnimation: enable = true
D/VolumePanel( 2383): setSeekbarSlidingAnimation(): Call sc.seekbarView.setSlidingAnimation: enable = true
D/VolumePanel( 2383): setSeekbarSlidingAnimation(): Call sc.seekbarView.setSlidingAnimation: enable = true
D/VolumePanel( 2383): onShowVolumeChanged(streamType: 2, flags: 17), index: 3
D/RingtoneManager( 2383): getActualDefaultRingtoneUri  type    :1
D/RingtoneManager( 2383): checkDefaultRingtoneProperUri : InternalMediaAudio uriString not null    type:1
D/ExtSeekBar( 2383): setProgress = 3
D/ProgressBar( 2383): setProgress = 3
D/ExtSeekBar( 2383): setProgress = 3, fromUser = false, isEnableChangeColor() = false
D/ProgressBar( 2383): setProgress = 3, fromUser = false
D/ProgressBar( 2383): mProgress = 2mIndeterminate = false, mMin = 0, mMax = 7
D/ExtSeekBar( 2383): updateDrawable this.mThumb = android.graphics.drawable.StateListDrawable@218480b8, msetDrawable = android.graphics.drawable.LayerDrawable@216b2228, mOffsetThumb = 16
D/ExtSeekBar( 2383): updateDrawable getProgress() = 3, getMax() = 7GeneralUtil.isTablet() = true
D/ProgressBar( 2383): setProgressDrawable mProgressDrawable = android.graphics.drawable.LayerDrawable@216b2228, d = android.graphics.drawable.LayerDrawable@216b2228needUpdate = false
D/ProgressBar( 2383): setProgressDrawable drawableHeight = 9
D/VolumePanel( 2383): call resetTimeout
D/VolumePanel( 2383): onProgressChanged progress : 3
D/VolumePanel( 2383): call resetTimeout
D/hwcomposer( 1960): isRGBOverlayLayer: got an RGB overlay layer
D/hwcomposer( 1960): isSpriteLayer: got a sprite layer
D/hwcomposer( 1960): isRGBOverlayLayer: got an RGB overlay layer
D/GCM     ( 2803): GcmService start Intent { act=com.google.android.gms.INITIALIZE flg=0x10 pkg=com.google.android.gms cmp=com.google.android.gms/.gcm.GcmService } com.google.android.gms.INITIALIZE
W/ContextImpl( 2383): Calling a method in the system process without a qualified user: android.app.ContextImpl.sendBroadcast:1361 com.android.server.am.ActivityManagerService.cleanUpApplicationRecordLocked:12456 com.android.server.am.ActivityManagerService.handleAppDiedLocked:3637 com.android.server.am.ActivityManagerService.appDiedLocked:3741 com.android.server.am.ActivityManagerService$AppDeathRecipient.binderDied:1001 
W/ContextImpl( 2383): Calling a method in the system process without a qualified user: android.app.ContextImpl.sendBroadcast:1361 com.android.server.am.ActivityManagerService.cleanUpApplicationRecordLocked:12456 com.android.server.am.ActivityManagerService.handleAppDiedLocked:3637 com.android.server.am.ActivityManagerService.appDiedLocked:3741 com.android.server.am.ActivityManagerService$AppDeathRecipient.binderDied:1001 
D/LocationInitializer( 3272): Restart initialization of location
D/AuthorizationBluetoothService( 2803): Received GmsCore event: Intent { act=com.google.android.gms.INITIALIZE flg=0x10 pkg=com.google.android.gms cmp=com.google.android.gms/.auth.be.proximity.authorization.bt.AuthorizationBluetoothService$AutoStarter }.
E/AuthorizationBluetoothService( 2803): Proximity feature is not enabled.
D/VolumePanel( 2383): stop play sound by MSG_STOP_SOUNDS
V/LvOutput( 1977): initCheck: 0
V/LvOutput( 1977): detachEffects: detach processing for output 2, stream 2, session 11
V/LvOutput( 1977): detachEffects: no output processing was attached to this stream
V/AudioPolicyManagerBase( 1977): stopOutput() output 2, stream 2, session 11
V/AudioPolicyManagerBase( 1977): changeRefCount() stream 2, count 0
V/AudioPolicyManagerBase( 1977): getNewDevice() selected device 0
V/AudioPolicyManagerBase( 1977): setOutputDevice() output 2 device 0000 force 0 delayMs 170 
V/AudioPolicyManagerBase( 1977): setOutputDevice() prevDevice 0002
V/AudioPolicyManagerBase( 1977): setOutputDevice() setting same device 0000 or null device for output 2
D/dalvikvm( 3743): GC_CONCURRENT freed 4052K, 53% free 5212K/10880K, paused 5ms+3ms, total 32ms
D/dalvikvm( 3743): WAIT_FOR_CONCURRENT_GC blocked 15ms
D/InputReader( 2383): Input event: value=0 when=76586281000
I/InputDispatcher( 2383): Delivering key to: action: 0x1
D/VolumePanel( 2383): change volume by MSG_VOLUME_CHANGED
D/VolumePanel( 2383): onVolumeChanged(streamType: 2, flags: 4)
D/VolumePanel( 2383): onVolumeChanged: Call setSeekbarSlidingAnimation(true)
D/VolumePanel( 2383): setSeekbarSlidingAnimation(): Call sc.seekbarView.setSlidingAnimation: enable = true
D/VolumePanel( 2383): setSeekbarSlidingAnimation(): Call sc.seekbarView.setSlidingAnimation: enable = true
D/VolumePanel( 2383): setSeekbarSlidingAnimation(): Call sc.seekbarView.setSlidingAnimation: enable = true
D/VolumePanel( 2383): setSeekbarSlidingAnimation(): Call sc.seekbarView.setSlidingAnimation: enable = true
D/VolumePanel( 2383): VolumePanel onVolumeChanged call onPlaySound
V/AudioPolicyManagerBase( 1977): getOutput() stream 2, samplingRate 0, format 0, channelMask 3, flags 0
V/AudioPolicyManagerBase( 1977): getOutputsForDevice device 0002 -> 0002
V/AudioPolicyManagerBase( 1977): selectOutput() output 2 outputDesc->mProfile->mFlags 0002 flags 0000
V/AudioPolicyManagerBase( 1977): selectOutput() output 3 outputDesc->mProfile->mFlags 0008 flags 0000
V/AudioPolicyManagerBase( 1977): getOutput() returns output 2
V/AudioPolicyManagerBase( 1977): getOutput() stream 2, samplingRate 0, format 0, channelMask 3, flags 0
V/AudioPolicyManagerBase( 1977): getOutputsForDevice device 0002 -> 0002
V/AudioPolicyManagerBase( 1977): selectOutput() output 2 outputDesc->mProfile->mFlags 0002 flags 0000
V/AudioPolicyManagerBase( 1977): selectOutput() output 3 outputDesc->mProfile->mFlags 0008 flags 0000
V/AudioPolicyManagerBase( 1977): getOutput() returns output 2
V/AudioPolicyManagerBase( 1977): getOutput() stream 2, samplingRate 44100, format 1, channelMask 3, flags 4
V/AudioPolicyManagerBase( 1977): getOutputsForDevice device 0002 -> 0002
V/AudioPolicyManagerBase( 1977): selectOutput() output 2 outputDesc->mProfile->mFlags 0002 flags 0004
V/AudioPolicyManagerBase( 1977): selectOutput() output 3 outputDesc->mProfile->mFlags 0008 flags 0004
V/AudioPolicyManagerBase( 1977): getOutput() returns output 2
V/LvOutput( 1977): initCheck: 0
V/LvOutput( 1977): attachEffects: attach processing to output 2, stream 2, session 12, mode 0
V/LvOutput( 1977): attachEffects: no output processing needs to be attached to this stream
V/LvOutput( 1977): LvOutput::setAllProcessorEnabled(false) mOutputs.size(0)
V/AudioPolicyManagerBase( 1977): startOutput() output 2, stream 2, session 12
V/AudioPolicyManagerBase( 1977): changeRefCount() stream 2, count 1
V/AudioPolicyManagerBase( 1977): getNewDevice() selected device 2
V/AudioPolicyManagerBase( 1977): setOutputDevice() output 2 device 0002 force 0 delayMs 0 
V/AudioPolicyManagerBase( 1977): setOutputDevice() prevDevice 0002
V/AudioPolicyManagerBase( 1977): setOutputDevice() setting same device 0002 or null device for output 2
V/AudioPolicyManagerBase( 1977): releaseOutput() 2
D/VolumePanel( 2383): call resetTimeout
E/AudioResampler( 1977): Unsupported sample format, 1 bits, 2 channels
I/AudioResampler( 1977): new MM resampler(44100 -> 48000, 2)
D/dalvikvm( 2383): GC_EXPLICIT freed 810K, 28% free 21579K/29576K, paused 5ms+8ms, total 160ms
V/LvOutput( 1977): initCheck: 0
V/LvOutput( 1977): detachEffects: detach processing for output 2, stream 2, session 12
V/LvOutput( 1977): detachEffects: no output processing was attached to this stream
V/AudioPolicyManagerBase( 1977): stopOutput() output 2, stream 2, session 12
V/AudioPolicyManagerBase( 1977): changeRefCount() stream 2, count 0
V/AudioPolicyManagerBase( 1977): getNewDevice() selected device 0
V/AudioPolicyManagerBase( 1977): setOutputDevice() output 2 device 0000 force 0 delayMs 170 
V/AudioPolicyManagerBase( 1977): setOutputDevice() prevDevice 0002
V/AudioPolicyManagerBase( 1977): setOutputDevice() setting same device 0000 or null device for output 2
D/VolumePanel( 2383): stop play sound by MSG_STOP_SOUNDS
D/dalvikvm( 4162): Rejecting registerization due to move v5, v4, (#0)
D/AllShareSetting( 2758): MountReceiver.onReceive - ACTION: android.net.wifi.STATE_CHANGE
I/AllShareSetting( 2758): MountReceiver.onReceive - STATE WIFI:OBTAINING_IPADDR, P2P:IDLE
I/AllShareSetting( 2758): MountReceiver.onReceive - Set preference state off
D/[FileShare][Server]( 5029): ServerBroadcastReceiver : onReceive: android.net.wifi.p2p.CONNECTION_STATE_CHANGE // null
D/[FileShare][Server]( 5029): ServerBroadcastReceiver : IDLE
D/AllShareSetting( 2758): MountReceiver.onReceive - ACTION: android.net.wifi.p2p.CONNECTION_STATE_CHANGE
I/AllShareSetting( 2758): MountReceiver.onReceive - STATE WIFI:CONNECTED, P2P:IDLE
I/AllShareSetting( 2758): MountReceiver.onReceive - Keep current state
I/WAKELOCK_RELEASE( 2383): TIMESTAMP=76880910165, TAG=SamsungPhoneWindowManager.mBroadcastWakeLock, TYPE=PARTIAL_WAKE_LOCK             , COUNT=0, PID=2383, UID=1000
I/dalvikvm( 4841): Total arena pages for JIT: 11
I/dalvikvm( 4841): Total arena pages for JIT: 12
D/dalvikvm( 4841): Rejecting registerization due to and-int/lit16 v0, v5, (#128)
D/dalvikvm( 4841): Rejecting registerization due to and-int/lit16 v0, v5, (#128)
W/ContextImpl( 2383): Calling a method in the system process without a qualified user: android.app.ContextImpl.sendBroadcast:1361 com.android.server.am.ActivityManagerService.cleanUpApplicationRecordLocked:12456 com.android.server.am.ActivityManagerService.handleAppDiedLocked:3637 com.android.server.am.ActivityManagerService.appDiedLocked:3741 com.android.server.am.ActivityManagerService$AppDeathRecipient.binderDied:1001 
D/LabelsProvider( 5042): local db exists
D/dalvikvm( 2383): GC_EXPLICIT freed 348K, 28% free 21532K/29576K, paused 7ms+8ms, total 154ms
D/dalvikvm( 5042): GC_CONCURRENT freed 2230K, 37% free 6522K/10308K, paused 2ms+2ms, total 26ms
D/dalvikvm( 2686): GC_EXPLICIT freed 505K, 46% free 5228K/9640K, paused 5ms+6ms, total 34ms
D/dalvikvm( 2383): GC_EXPLICIT freed 107K, 28% free 21521K/29576K, paused 7ms+9ms, total 160ms
I/AccountProvider( 5042): com.yandex.auth.AccountProvider.onCreate(com.yandex.auth.maps)
W/ContextImpl( 2383): Calling a method in the system process without a qualified user: android.app.ContextImpl.sendBroadcast:1361 com.android.server.am.ActivityManagerService.cleanUpApplicationRecordLocked:12456 com.android.server.am.ActivityManagerService.handleAppDiedLocked:3637 com.android.server.am.ActivityManagerService.appDiedLocked:3741 com.android.server.am.ActivityManagerService$AppDeathRecipient.binderDied:1001 
D/dalvikvm( 5042): No JNI_OnLoad found in /system/lib/libgnustl_shared.so 0x420e5210, skipping init
D/dalvikvm( 5042): Trying to load lib /data/app-lib/ru.yandex.yandexmaps-2/libyandexmaps_360.so 0x420e5210
D/        ( 5042): calling hookDlopen()!
D/        ( 5042): calling hookCheckABI2Header()!
D/        ( 5042): calling houdiniHookInit()!
D/houdini ( 5042): [5042] Loading library(version: 3.3.3.43422 RELEASE)... successfully.
D/dalvikvm( 5042): Added shared lib /data/app-lib/ru.yandex.yandexmaps-2/libyandexmaps_360.so 0x420e5210
D/        ( 5042): calling hookJniOnload()!
D/STATUSBAR-NetworkController( 2571): refreshSignalCluster: data=-1 bt=false
D/IconMerger( 2571): overflowShown = false
D/IconMerger( 2571): moreRequired = false
D/dalvikvm( 2383): GC_EXPLICIT freed 156K, 28% free 21525K/29576K, paused 8ms+9ms, total 174ms
I/{Metrica for Apps}:{Log}( 5042): Initializing of Metrica, Release type, Version 1.41, API Level 12, Dated 03.09.2014.
D/StatusChecker( 4940): onReceive : android.intent.action.SERVICE_STATE
D/StatusChecker( 4940): Service state changed : 2
W/ContextImpl( 2383): Calling a method in the system process without a qualified user: android.app.ContextImpl.sendBroadcast:1361 com.android.server.am.ActivityManagerService.cleanUpApplicationRecordLocked:12456 com.android.server.am.ActivityManagerService.handleAppDiedLocked:3637 com.android.server.am.ActivityManagerService.appDiedLocked:3741 com.android.server.am.ActivityManagerService$AppDeathRecipient.binderDied:1001 
D/dalvikvm( 5042): GC_CONCURRENT freed 2335K, 33% free 8201K/12088K, paused 1ms+1ms, total 40ms
I/BootupListener( 2660): mPendingNetworkManualSelection : false
W/ContextImpl( 2383): Calling a method in the system process without a qualified user: android.app.ContextImpl.sendBroadcast:1361 com.android.server.am.ActivityManagerService.cleanUpApplicationRecordLocked:12456 com.android.server.am.ActivityManagerService.handleAppDiedLocked:3637 com.android.server.am.ActivityManagerService.appDiedLocked:3741 com.android.server.am.ActivityManagerService$AppDeathRecipient.binderDied:1001 
W/ContextImpl( 2383): Calling a method in the system process without a qualified user: android.app.ContextImpl.sendBroadcast:1361 com.android.server.am.ActivityManagerService.cleanUpApplicationRecordLocked:12456 com.android.server.am.ActivityManagerService.handleAppDiedLocked:3637 com.android.server.am.ActivityManagerService.appDiedLocked:3741 com.android.server.am.ActivityManagerService$AppDeathRecipient.binderDied:1001 
D/StatusChecker( 4940): onReceive : android.intent.action.SERVICE_STATE
D/StatusChecker( 4940): Service state changed : 2
I/BootupListener( 2660): mPendingNetworkManualSelection : false
W/ContextImpl( 2383): Calling a method in the system process without a qualified user: android.app.ContextImpl.sendBroadcast:1361 com.android.server.am.ActivityManagerService.cleanUpApplicationRecordLocked:12456 com.android.server.am.ActivityManagerService.handleAppDiedLocked:3637 com.android.server.am.ActivityManagerService.appDiedLocked:3741 com.android.server.am.ActivityManagerService$AppDeathRecipient.binderDied:1001 
W/ContextImpl( 2383): Calling a method in the system process without a qualified user: android.app.ContextImpl.sendBroadcast:1361 com.android.server.am.ActivityManagerService.cleanUpApplicationRecordLocked:12456 com.android.server.am.ActivityManagerService.handleAppDiedLocked:3637 com.android.server.am.ActivityManagerService.appDiedLocked:3741 com.android.server.am.ActivityManagerService$AppDeathRecipient.binderDied:1001 
W/ContextImpl( 2383): Calling a method in the system process without a qualified user: android.app.ContextImpl.sendBroadcast:1361 com.android.server.am.ActivityManagerService.cleanUpApplicationRecordLocked:12456 com.android.server.am.ActivityManagerService.handleAppDiedLocked:3637 com.android.server.am.ActivityManagerService.appDiedLocked:3741 com.android.server.am.ActivityManagerService$AppDeathRecipient.binderDied:1001 
D/dalvikvm( 4162): Rejecting registerization due to move v5, v4, (#0)
D/AllShareSetting( 2758): MountReceiver.onReceive - ACTION: android.net.wifi.STATE_CHANGE
I/AllShareSetting( 2758): MountReceiver.onReceive - STATE WIFI:VERIFYING_POOR_LINK, P2P:IDLE
I/AllShareSetting( 2758): MountReceiver.onReceive - Keep current state
D/GCM     ( 2803): GcmService start Intent { act=com.google.android.gms.INITIALIZE flg=0x10 pkg=com.google.android.gms cmp=com.google.android.gms/.gcm.GcmService } com.google.android.gms.INITIALIZE
W/ContextImpl( 2383): Calling a method in the system process without a qualified user: android.app.ContextImpl.sendBroadcast:1361 com.absolute.android.persistservice.ABTPersistenceService$1.run:924 java.lang.Thread.run:856 <bottom of call stack> <bottom of call stack> 
D/dalvikvm( 5042): Rejecting registerization due to move v5, v4, (#0)
D/LocationInitializer( 3272): Restart initialization of location
D/AuthorizationBluetoothService( 2803): Received GmsCore event: Intent { act=com.google.android.gms.INITIALIZE flg=0x10 pkg=com.google.android.gms cmp=com.google.android.gms/.auth.be.proximity.authorization.bt.AuthorizationBluetoothService$AutoStarter }.
E/AuthorizationBluetoothService( 2803): Proximity feature is not enabled.
D/dalvikvm( 5042): Rejecting registerization due to mul-int/lit8 v4, v2, (#31)
V/ConfigFetchTask( 3272): ConfigFetchTask getDeviceDataVersionInfo(): ABFEt1UtuoHuzHNS8fwwWfwO8gAdSk3c2OVsdvOP_47MJDeHGSZnFPbe6klJ6DYyRPafDDvBfK8K7ogKW6fIne_wuvz8OBxlXXv4lEcIF7mDOLpnq8qCPzxvpfcwELaMC0_3MnwWqArOafgjmNCIabEMATLaNYL3GExbxQq3viaX-_1h5jKnKdtAkPGl6O7dOfk_y18iI8J1ulFQ7bPbddLJtWw3CLPAVyN0p6THGKSalNsHyDMepL1Z-IVri-AGFpG753LbGocRwZABJ7WpZZF5fLMvmCROQtCSKzimglXcd9QfDGa7ZEUNbGFAyWNZbbvyOG8jpDkhjXessiEhnwN6zf-HCZk_v6JbTykw0n2PT4So4MGGKAs
D/dalvikvm( 2686): GC_EXPLICIT freed 483K, 46% free 5238K/9640K, paused 2ms+5ms, total 26ms
D/AllShareSetting( 2758): MountReceiver.onReceive - ACTION: android.net.wifi.STATE_CHANGE
I/AllShareSetting( 2758): MountReceiver.onReceive - STATE WIFI:CAPTIVE_PORTAL_CHECK, P2P:IDLE
I/AllShareSetting( 2758): MountReceiver.onReceive - Set preference state off
I/GoogleHttpClient( 3272): Falling back to old SSLCertificateSocketFactory
D/dalvikvm( 2758): Rejecting registerization due to +iget-quick v7, v10, (#40)
D/dalvikvm( 2758): Rejecting registerization due to +iget-quick v7, v10, (#40)
D/AllShareSetting( 2758): MountReceiver.onReceive - ACTION: android.net.wifi.STATE_CHANGE
I/AllShareSetting( 2758): MountReceiver.onReceive - STATE WIFI:CONNECTED, P2P:IDLE
I/AllShareSetting( 2758): MountReceiver.onReceive - Keep current state
V/WindowManager( 2383): Window{21122eb0 u0 Keyguard}mOrientationRequetedFromKeyguard=false
D/GCM     ( 2803): GcmService start Intent { act=com.google.android.gms.INITIALIZE flg=0x10 pkg=com.google.android.gms cmp=com.google.android.gms/.gcm.GcmService } com.google.android.gms.INITIALIZE
V/WindowManager( 2383): Window{21122eb0 u0 Keyguard}mOrientationRequetedFromKeyguard=false
D/hwcomposer( 1960): isRGBOverlayLayer: got an RGB overlay layer
D/PowerManagerService( 2383): [api] acquire WakeLock flags=0x2000000a tag=WindowManager uid=1000 pid=2383
D/hwcomposer( 1960): isRGBOverlayLayer: got an RGB overlay layer
D/LocationInitializer( 3272): Restart initialization of location
D/AuthorizationBluetoothService( 2803): Received GmsCore event: Intent { act=com.google.android.gms.INITIALIZE flg=0x10 pkg=com.google.android.gms cmp=com.google.android.gms/.auth.be.proximity.authorization.bt.AuthorizationBluetoothService$AutoStarter }.
E/AuthorizationBluetoothService( 2803): Proximity feature is not enabled.
D/hwcomposer( 1960): isRGBOverlayLayer: got an RGB overlay layer
D/dalvikvm( 3272): Rejecting registerization due to and-int/lit16 v9, v9, (#240)
D/hwcomposer( 1960): bool IntelOverlayContext::disable(): disable overlay...
D/dalvikvm( 3272): Rejecting registerization due to and-int/lit16 v9, v9, (#240)
I/dalvikvm( 5068): Turning on JNI app bug workarounds for target SDK version 8...
D/dalvikvm( 2383): GC_EXPLICIT freed 788K, 28% free 21543K/29576K, paused 5ms+9ms, total 210ms
I/PCWCLIENTTRACE_PushUtil( 5068): SPPPushClient is installed : true
I/PCWCLIENTTRACE_PushUtil( 5068): sales region : global
I/PCWCLIENTTRACE_PushUtil( 5068): getPushTypeList : [SPP, GCM]
D/dalvikvm( 3272): Rejecting registerization due to +iget-object-quick v1, v4, (#8)
D/dalvikvm( 3272): Rejecting registerization due to mul-int/lit8 v7, v4, (#100)
D/VolumePanel( 2383): dismiss by MSG_TIMEOUT
D/STATUSBAR-NetworkController( 2571): refreshSignalCluster: data=-1 bt=false
D/IconMerger( 2571): overflowShown = false
D/IconMerger( 2571): moreRequired = false
D/VolumePanel( 2383): ******* onDismiss *******
D/VolumePanel( 2383): onDismiss: setSeekbarSlidingAnimation(false)
D/VolumePanel( 2383): setSeekbarSlidingAnimation(): Call sc.seekbarView.setSlidingAnimation: enable = false
D/VolumePanel( 2383): setSeekbarSlidingAnimation(): Call sc.seekbarView.setSlidingAnimation: enable = false
D/VolumePanel( 2383): setSeekbarSlidingAnimation(): Call sc.seekbarView.setSlidingAnimation: enable = false
D/VolumePanel( 2383): setSeekbarSlidingAnimation(): Call sc.seekbarView.setSlidingAnimation: enable = false
D/AudioHardwareTinyALSA( 1977): Entering AudioStreamOutALSA standby mode
I/AudioHardwareTinyALSA( 1977): Close mHandle:4491d370
I/WAKELOCK_RELEASE( 2383): TIMESTAMP=79740963743, TAG=AudioOut_2, TYPE=PARTIAL_WAKE_LOCK             , COUNT=0, PID=1977, UID=1013
I/MusicStore( 5080): Database version: 104
I/dalvikvm( 5080): Could not find method android.app.ActivityManager.isLowRamDevice, referenced from method com.google.android.music.utils.SystemUtils.isLowMemory
W/dalvikvm( 5080): VFY: unable to resolve virtual method 309: Landroid/app/ActivityManager;.isLowRamDevice ()Z
D/dalvikvm( 5080): VFY: replacing opcode 0x6e at 0x000e
D/dalvikvm( 2803): GC_EXPLICIT freed 607K, 34% free 5862K/8852K, paused 3ms+7ms, total 55ms
I/ConfigFetchService( 3272): fetch service done; releasing wakelock
I/ConfigFetchService( 3272): stopping self
I/WAKELOCK_RELEASE( 2383): TIMESTAMP=79974166693, TAG=Config Service fetch, TYPE=PARTIAL_WAKE_LOCK             , COUNT=0, PID=3272, UID=10018
I/ConfigService( 2803): onDestroy
D/dalvikvm( 5080): Trying to load lib /data/app-lib/com.google.android.gms-1/libgmscore.so 0x4217ffb0
D/dalvikvm( 5080): Added shared lib /data/app-lib/com.google.android.gms-1/libgmscore.so 0x4217ffb0
D/dalvikvm( 5080): No JNI_OnLoad found in /data/app-lib/com.google.android.gms-1/libgmscore.so 0x4217ffb0, skipping init
E/dalvikvm( 5080): Could not find class 'android.app.AppOpsManager', referenced from method com.google.android.gms.common.util.e.a
W/dalvikvm( 5080): VFY: unable to resolve check-cast 35 (Landroid/app/AppOpsManager;) in Lcom/google/android/gms/common/util/e;
D/dalvikvm( 5080): VFY: replacing opcode 0x1f at 0x0010
D/hwcomposer( 1960): isRGBOverlayLayer: got an RGB overlay layer
D/dalvikvm( 5080): Trying to load lib /data/app-lib/com.google.android.gms-1/libconscrypt_gmscore_jni.so 0x4217ffb0
D/dalvikvm( 5080): Added shared lib /data/app-lib/com.google.android.gms-1/libconscrypt_gmscore_jni.so 0x4217ffb0
D/        ( 5080): calling hookJniOnload()!
V/JNIHelp ( 5080): Registering com/google/android/gms/org/conscrypt/NativeCrypto's 235 native methods...
D/hwcomposer( 1960): isRGBOverlayLayer: got an RGB overlay layer
D/dalvikvm( 5080): Trying to load lib /data/app-lib/com.google.android.gms-1/libgmscore.so 0x4217ffb0
D/dalvikvm( 5080): Shared lib '/data/app-lib/com.google.android.gms-1/libgmscore.so' already loaded in same CL 0x4217ffb0
D/dalvikvm( 5080): Trying to load lib /data/app-lib/com.google.android.gms-1/libconscrypt_gmscore_jni.so 0x4217ffb0
D/dalvikvm( 5080): Shared lib '/data/app-lib/com.google.android.gms-1/libconscrypt_gmscore_jni.so' already loaded in same CL 0x4217ffb0
I/ProviderInstaller( 5080): Installed default security provider GmsCore_OpenSSL
D/AndroidMusic( 5080): GMSCore installation verified
I/ConfigStore( 5080): Config Database version: 1
D/dalvikvm( 2383): GC_EXPLICIT freed 217K, 28% free 21508K/29576K, paused 5ms+9ms, total 162ms
I/dalvikvm( 5080): Could not find method android.content.Context.getExternalFilesDirs, referenced from method com.google.android.music.download.cache.CacheLocationManager.deviceHasExternalStorage
W/dalvikvm( 5080): VFY: unable to resolve virtual method 633: Landroid/content/Context;.getExternalFilesDirs (Ljava/lang/String;)[Ljava/io/File;
D/dalvikvm( 5080): VFY: replacing opcode 0x6e at 0x008f
I/dalvikvm( 5080): Could not find method android.content.Context.getExternalFilesDirs, referenced from method com.google.android.music.download.cache.StorageProbeUtils.getLocationsWithKitKatApis
W/dalvikvm( 5080): VFY: unable to resolve virtual method 633: Landroid/content/Context;.getExternalFilesDirs (Ljava/lang/String;)[Ljava/io/File;
D/dalvikvm( 5080): VFY: replacing opcode 0x6e at 0x0015
W/LicenseLogService( 2383): log() is called by non admin
I/MediaRouter( 5080): Found default route: MediaRouter.RouteInfo{ uniqueId=android/.support.v7.media.SystemMediaRouteProvider:DEFAULT_ROUTE, name=Планшет, description=null, enabled=true, connecting=false, playbackType=0, playbackStream=3, volumeHandling=1, volume=12, volumeMax=15, presentationDisplayId=-1, extras=null, providerPackageName=android }
I/NetworkMonitor( 5080): type=WIFI subType= reason=null isConnected=true
D/dalvikvm( 5080): Rejecting registerization due to move v5, v4, (#0)
D/dalvikvm( 5080): Rejecting registerization due to move v5, v4, (#0)
I/NetworkMonitor( 5080): type=WIFI subType= reason=null isConnected=true
D/SyncManager( 2383): setIsSyncable:  provider com.google.android.music.MusicContent, user 0 -> 1
W/LicenseLogService( 2383): log() is called by non admin
I/elm     ( 4039): MainReceiver.onReceive() : android.net.conn.CONNECTIVITY_CHANGE
E/elm     ( 4039): MainReceiver.onReceive(). Broadcasting can not be processed : android.net.conn.CONNECTIVITY_CHANGE
D/dalvikvm( 2686): GC_EXPLICIT freed 485K, 46% free 5245K/9640K, paused 2ms+8ms, total 36ms
W/ContextImpl( 2383): Calling a method in the system process without a qualified user: android.app.ContextImpl.sendBroadcast:1361 com.android.server.am.ActivityManagerService.cleanUpApplicationRecordLocked:12456 com.android.server.am.ActivityManagerService.handleAppDiedLocked:3637 com.android.server.am.ActivityManagerService.appDiedLocked:3741 com.android.server.am.ActivityManagerService$AppDeathRecipient.binderDied:1001 
I/Monitor ( 2383): SIOP:: Current AP = 407, CP = 0
D/dalvikvm( 2383): GC_EXPLICIT freed 277K, 28% free 21532K/29576K, paused 6ms+7ms, total 149ms
I/dalvikvm( 4971): Total arena pages for JIT: 11
I/dalvikvm( 4971): Total arena pages for JIT: 12
D/dalvikvm( 4971): Rejecting registerization due to and-int/lit16 v0, v5, (#128)
D/dalvikvm( 4971): Rejecting registerization due to and-int/lit16 v0, v5, (#128)
D/dalvikvm( 1961): GC_EXPLICIT freed 43K, 26% free 4741K/6344K, paused 4ms+3ms, total 39ms
D/dalvikvm( 1961): GC_EXPLICIT freed <1K, 26% free 4742K/6344K, paused 3ms+3ms, total 28ms
W/ContextImpl( 2383): Calling a method in the system process without a qualified user: android.app.ContextImpl.sendBroadcast:1361 com.android.server.am.ActivityManagerService.cleanUpApplicationRecordLocked:12456 com.android.server.am.ActivityManagerService.handleAppDiedLocked:3637 com.android.server.am.ActivityManagerService.appDiedLocked:3741 com.android.server.am.ActivityManagerService$AppDeathRecipient.binderDied:1001 
D/dalvikvm( 1961): GC_EXPLICIT freed <1K, 26% free 4742K/6344K, paused 2ms+3ms, total 24ms
D/dalvikvm( 5131): Rejecting registerization due to +iget-object-quick v6, v8, (#8)
W/ContextImpl( 2383): Calling a method in the system process without a qualified user: android.app.ContextImpl.sendBroadcast:1361 com.android.server.am.ActivityManagerService.cleanUpApplicationRecordLocked:12456 com.android.server.am.ActivityManagerService.handleAppDiedLocked:3637 com.android.server.am.ActivityManagerService.appDiedLocked:3741 com.android.server.am.ActivityManagerService$AppDeathRecipient.binderDied:1001 
D/dalvikvm( 5131): Rejecting registerization due to move v5, v4, (#0)
D/dalvikvm( 5131): Rejecting registerization due to move v5, v4, (#0)
D/dalvikvm( 5131): Rejecting registerization due to +iget-quick v10, v4, (#20)
I/dalvikvm( 4811): Total arena pages for JIT: 11
D/dalvikvm( 4811): Rejecting registerization due to and-int/lit16 v0, v5, (#128)
D/dalvikvm( 5131): Rejecting registerization due to and-int/lit8 v6, v6, (#1)
D/PicasaUploader( 5131):    wifiOnlyPhoto changed to true
D/PicasaUploader( 5131):    wifiOnlyVideo changed to true
D/PicasaUploader( 5131):    syncOnBattery changed to true
D/dalvikvm( 5131): Rejecting registerization due to and-int/lit8 v6, v6, (#1)
D/PicasaUploaderSync( 5131): sync account database
I/dalvikvm( 4811): Total arena pages for JIT: 12
D/dalvikvm( 5131): Rejecting registerization due to and-int/lit8 v6, v6, (#1)
D/dalvikvm( 4811): Rejecting registerization due to and-int/lit16 v0, v5, (#128)
D/dalvikvm( 5131): Rejecting registerization due to and-int/lit8 v6, v6, (#1)
D/dalvikvm( 5131): Rejecting registerization due to mul-int/lit8 v4, v2, (#31)
D/dalvikvm( 5131): Rejecting registerization due to mul-int/lit8 v4, v2, (#31)
D/PicasaUploaderSync( 5131): accounts in DB=1
D/PicasaUploaderSyncManager( 5131): active network: NetworkInfo: type: WIFI[], state: CONNECTED/CONNECTED, reason: (unspecified), extra: "xi_home", roaming: false, failover: false, isAvailable: true
D/PicasaUploaderSyncManager( 5131): background data: true
D/PicasaUploaderSyncManager( 5131): battery info: false
I/dalvikvm( 3903): Total arena pages for JIT: 11
D/dalvikvm( 3903): Rejecting registerization due to and-int/lit16 v0, v5, (#128)
I/dalvikvm( 3903): Total arena pages for JIT: 12
D/dalvikvm( 3903): Rejecting registerization due to and-int/lit16 v0, v5, (#128)
W/ContextImpl( 2383): Calling a method in the system process without a qualified user: android.app.ContextImpl.sendBroadcast:1361 com.android.server.am.ActivityManagerService.cleanUpApplicationRecordLocked:12456 com.android.server.am.ActivityManagerService.handleAppDiedLocked:3637 com.android.server.am.ActivityManagerService.appDiedLocked:3741 com.android.server.am.ActivityManagerService$AppDeathRecipient.binderDied:1001 
I/Process ( 3903): Sending signal. PID: 3903 SIG: 9
I/Process ( 3903): Sending signal. PID: 3903 SIG: 9
I/ActivityManager( 2383): Process mobi.mgeek.TunnyBrowser:DolphinNotification (pid 3903) (adj 0) has died.
W/ContextImpl( 2383): Calling a method in the system process without a qualified user: android.app.ContextImpl.sendBroadcast:1361 com.android.server.am.ActivityManagerService.cleanUpApplicationRecordLocked:12456 com.android.server.am.ActivityManagerService.handleAppDiedLocked:3637 com.android.server.am.ActivityManagerService.appDiedLocked:3741 com.android.server.am.ActivityManagerService$AppDeathRecipient.binderDied:1001 
I/SA      ( 5164): [SSP] onCreated
I/dalvikvm( 4825): Total arena pages for JIT: 11
D/dalvikvm( 4825): Rejecting registerization due to and-int/lit16 v0, v5, (#128)
I/SA      ( 5164): [BDLM] already registered in spp
I/dalvikvm( 4825): Total arena pages for JIT: 12
I/SA      ( 5164): [TPM] There is no property file
D/dalvikvm( 4825): Rejecting registerization due to and-int/lit16 v0, v5, (#128)
I/SA      ( 5164): [TPM] getModelProperty : null
I/SA      ( 5164): [TPM] getCSCProperty : null
I/SA      ( 5164): [DM] getCountryCodeFromCSC : RU
I/SA      ( 5164): support phone number id : false
I/SA      ( 5164): [DM] init START
I/SA      ( 5164): [DM] This device is not a Vodafone
I/SA      ( 5164): [DM] init END
I/SA      ( 5164): [OR] onReceive log=[SA = 1.5.0222 V = 17 HWD = 800X1280 1.0 dpi = 160  SIZE = 4 LOCALE = ru_RU CSC = MGF MCC = 250 MNC 2 T = user DEVICE = santos103g P = santos103gxx I = JDQ39 M = GT-P5200 OKLEFT false DIS JDQ39.P5200XXUANB6 PSS = 10.074733334933462  ]
I/SA      ( 5164): [BDLM] already registered in spp
I/SA      ( 5164): [OR] onReceive Intent=[ android.net.conn.CONNECTIVITY_CHANGE ]
I/SA      ( 5164): [OR] == ACTION_CONNECTIVITY_CHANGE ==
I/SA      ( 5164): [TPMU]  strSIMState 	:SIM_STATE_READY
I/SA      ( 5164): [TPMU] getMccFromUsim : 250
I/SA      ( 5164): [SCU] saveMccToPreferece Start
I/SA      ( 5164): [SCU] RegionMCC : 250
I/SA      ( 5164): [SSP] query invoked
D/dalvikvm( 2383): GC_EXPLICIT freed 329K, 28% free 21512K/29576K, paused 4ms+8ms, total 148ms
I/SA      ( 5164): [TPMU] GetMccFromDB : null
I/SA      ( 5164): [SCU] getMccFromPreferece mcc = 250
I/SA      ( 5164): [SCU] saveMccToPreferece End
I/SA      ( 5164): [OR] onReceive END
I/SecDownloader( 2686): Broadcast: Network Up
D/PhoneNumberLocatorBootCompletedReceiver( 2660): onReceive
D/PhoneNumberLocatorBootCompletedReceiver( 2660): Phone number locator feature is dsiabled
D/dalvikvm( 2686): Rejecting registerization due to +iget-quick v3, v10, (#20)
D/dalvikvm( 3743): GC_CONCURRENT freed 3988K, 53% free 5211K/10876K, paused 4ms+2ms, total 21ms
D/dalvikvm( 3743): WAIT_FOR_CONCURRENT_GC blocked 10ms
V/SecDownloader( 2686): stopself called
I/dalvikvm( 4857): Total arena pages for JIT: 11
D/dalvikvm( 4857): Rejecting registerization due to and-int/lit16 v0, v5, (#128)
I/dalvikvm( 4857): Total arena pages for JIT: 12
D/dalvikvm( 4857): Rejecting registerization due to and-int/lit16 v0, v5, (#128)
D/WVMDrmPlugIn( 1979): WVMDrmPlugin::onInitialize : 1666
D/WVMDrmPlugIn( 1979): WVMDrmPlugin::onSetOnInfoListener : add 1666
D/dalvikvm( 2383): Rejecting registerization due to sget-object v6, (#22578), (#0)
D/dalvikvm( 2383): Rejecting registerization due to sget-object v6, (#22578), (#0)
I/DxDrmPluginEngine( 1979): DxDrmFrameworkPlugin::onInitialize(uniqueId = 1666)
I/DxDrmPluginEngine( 1979): DxDrmFrameworkPlugin::onSetOnInfoListener(uniqueId = 1666)
D/dalvikvm( 2686): GC_EXPLICIT freed 575K, 46% free 5282K/9640K, paused 3ms+11ms, total 45ms
D/WVMDrmPlugIn( 1979): WVMDrmPlugin::onGetSupportInfo : 0
I/DxDrmPluginEngine( 1979): DxDrmFrameworkPlugin::onGetSupportInfo(uniqueId = 0)
D/WVMDrmPlugIn( 1979): WVMDrmPlugin::onAcquireDrmInfo : 1666
I/WVCrypto( 1979): Calling 
I/WVCrypto( 1979): Drm_Library_Init returned 0
I/WVCrypto( 1979): Calling 
E/DRM-LibSEP( 1979): resultlen = 112.
E/DRM-LibSEP( 1979): wKeyDataSize = 72.
E/DRM-LibSEP( 1979): wDeviceIDSize = 32.
I/WVCrypto( 1979): Drm_GetKeyBoxInfo returned res 0
I/WVCrypto( 1979): Calling 
E/DRM-LibSEP( 1979): resultlen = 112.
E/DRM-LibSEP( 1979): wKeyDataSize = 72.
E/DRM-LibSEP( 1979): wDeviceIDSize = 32.
I/WVCrypto( 1979): Drm_GetKeyBoxInfo returned res 0
I/WVCrypto( 1979): Calling 
I/WVCrypto( 1979): Calling 
W/ContextImpl( 2383): Calling a method in the system process without a qualified user: android.app.ContextImpl.sendBroadcast:1361 com.android.server.am.ActivityManagerService.cleanUpApplicationRecordLocked:12456 com.android.server.am.ActivityManagerService.handleAppDiedLocked:3637 com.android.server.am.ActivityManagerService.appDiedLocked:3741 com.android.server.am.ActivityManagerService$AppDeathRecipient.binderDied:1001 
E/DRM-LibSEP( 1979): resultlen = 112.
E/DRM-LibSEP( 1979): wKeyDataSize = 72.
E/DRM-LibSEP( 1979): wDeviceIDSize = 32.
I/WVCrypto( 1979): extracted keydata 00:00:00:02, len 72, res 0
I/WVCrypto( 1979): Calling 
E/DRM-LibSEP( 1979): resultlen = 112.
E/DRM-LibSEP( 1979): wKeyDataSize = 72.
E/DRM-LibSEP( 1979): wDeviceIDSize = 32.
I/WVCrypto( 1979): extracted deviceID SECPHONE_00000000000000185756752, res 0
D/WVMLogging( 1979): Sat Dec 13 15:12:29 2014 (40053e80):LicenseManager::ReadRegisteredAssets failed(0, 83886081)
D/dalvikvm( 2383): GC_EXPLICIT freed 312K, 28% free 21524K/29576K, paused 16ms+9ms, total 176ms
D/PushModule( 5224): [PushClientApplication] (main) PushClientApplication.onCreate()
I/PushModule( 5224): [PushClientApplication] (main) PushModule version: 0.9.01.12
D/PushModule( 5224): [PushClientApplication] (main) Discovered public push client. disable in app push client.
D/ChatON  ( 5224): [1][isApplicationInstalled] com.android.mms was installed
W/ActivityManager( 2383): Unable to start service Intent { act=com.sec.chaton.push.PUSH_CLIENT_SERVICE_ACTION } U=0: not found
D/ChatON  ( 5224): [1][a] ChatONV isn't installed.
D/ChatON  ( 5224): [1][a] ChatONVPlugIn.isAvailable()
I/dalvikvm( 4884): Total arena pages for JIT: 11
D/dalvikvm( 4884): Rejecting registerization due to and-int/lit16 v0, v5, (#128)
W/ContextImpl( 2383): Calling a method in the system process without a qualified user: android.app.ContextImpl.sendBroadcast:1361 com.android.server.am.ActivityManagerService.cleanUpApplicationRecordLocked:12456 com.android.server.am.ActivityManagerService.handleAppDiedLocked:3637 com.android.server.am.ActivityManagerService.appDiedLocked:3741 com.android.server.am.ActivityManagerService$AppDeathRecipient.binderDied:1001 
I/dalvikvm( 4884): Total arena pages for JIT: 12
D/dalvikvm( 4884): Rejecting registerization due to and-int/lit16 v0, v5, (#128)
D/STATUSBAR-NetworkController( 2571): refreshSignalCluster: data=-1 bt=false
D/IconMerger( 2571): overflowShown = false
D/IconMerger( 2571): moreRequired = false
I/dalvikvm( 5240): Could not find method android.app.ActivityManager.isLowRamDevice, referenced from method com.google.android.apps.chrome.icing.IcingProvider.isSvelteDeviceV19
W/dalvikvm( 5240): VFY: unable to resolve virtual method 141: Landroid/app/ActivityManager;.isLowRamDevice ()Z
D/dalvikvm( 5240): VFY: replacing opcode 0x6e at 0x0009
D/hwcomposer( 1960): isRGBOverlayLayer: got an RGB overlay layer
D/hwcomposer( 1960): isRGBOverlayLayer: got an RGB overlay layer
D/hwcomposer( 1960): isRGBOverlayLayer: got an RGB overlay layer
D/hwcomposer( 1960): isRGBOverlayLayer: got an RGB overlay layer
D/hwcomposer( 1960): isRGBOverlayLayer: got an RGB overlay layer
D/hwcomposer( 1960): isRGBOverlayLayer: got an RGB overlay layer
D/hwcomposer( 1960): isRGBOverlayLayer: got an RGB overlay layer
D/hwcomposer( 1960): isRGBOverlayLayer: got an RGB overlay layer
D/hwcomposer( 1960): isRGBOverlayLayer: got an RGB overlay layer
D/hwcomposer( 1960): isRGBOverlayLayer: got an RGB overlay layer
D/hwcomposer( 1960): isRGBOverlayLayer: got an RGB overlay layer
D/hwcomposer( 1960): isRGBOverlayLayer: got an RGB overlay layer
D/hwcomposer( 1960): isRGBOverlayLayer: got an RGB overlay layer
D/hwcomposer( 1960): isRGBOverlayLayer: got an RGB overlay layer
D/dalvikvm( 2383): GC_EXPLICIT freed 211K, 28% free 21518K/29576K, paused 6ms+9ms, total 135ms
D/hwcomposer( 1960): isRGBOverlayLayer: got an RGB overlay layer
D/hwcomposer( 1960): isRGBOverlayLayer: got an RGB overlay layer
D/hwcomposer( 1960): isRGBOverlayLayer: got an RGB overlay layer
D/hwcomposer( 1960): isRGBOverlayLayer: got an RGB overlay layer
D/hwcomposer( 1960): isRGBOverlayLayer: got an RGB overlay layer
D/hwcomposer( 1960): isRGBOverlayLayer: got an RGB overlay layer
D/hwcomposer( 1960): isRGBOverlayLayer: got an RGB overlay layer
D/hwcomposer( 1960): isRGBOverlayLayer: got an RGB overlay layer
D/WaitQueueForNetworkActivate( 5253): notifyNetworkActivated
D/hwcomposer( 1960): isRGBOverlayLayer: got an RGB overlay layer
D/hwcomposer( 1960): isRGBOverlayLayer: got an RGB overlay layer
D/hwcomposer( 1960): isRGBOverlayLayer: got an RGB overlay layer
D/hwcomposer( 1960): isRGBOverlayLayer: got an RGB overlay layer
D/hwcomposer( 1960): isRGBOverlayLayer: got an RGB overlay layer
D/hwcomposer( 1960): isRGBOverlayLayer: got an RGB overlay layer
D/hwcomposer( 1960): isRGBOverlayLayer: got an RGB overlay layer
D/hwcomposer( 1960): isRGBOverlayLayer: got an RGB overlay layer
D/hwcomposer( 1960): isSpriteLayer: got a sprite layer
D/PowerManagerService( 2383): [api] [s] userActivity : event: 0 flags: 0 (uid: 1000 pid: 2383)
D/PowerManagerService( 2383): [api] release WakeLock flags=0x2000000a tag=WindowManager uid=1000 pid=2383 (0x0)
D/PowerManagerService( 2383): [api] applyWakeLockFlagsOnReleaseLocked : userActivityNoUpdateLocked is called : SCREEN_BRIGHT_WAKE_LOCK        'WindowManager' ON_AFTER_RELEASE (uid=1000, pid=2383, ws={WorkSource: uids=[1000]}) (elapsedTime=3994)
I/WAKELOCK_RELEASE( 2383): TIMESTAMP=83264167991, TAG=WindowManager, TYPE=SCREEN_BRIGHT_WAKE_LOCK       , COUNT=0, PID=2383, UID=1000
D/hwcomposer( 1960): isRGBOverlayLayer: got an RGB overlay layer
D/hwcomposer( 1960): isSpriteLayer: got a sprite layer
W/ActivityManager( 2383): Unable to start service Intent { act=com.sec.knox.containeragent.service.containermanager.ContainerManagerService } U=0: not found
D/dalvikvm( 3198): Rejecting registerization due to move v5, v4, (#0)
D/dalvikvm( 3198): GC_FOR_ALLOC freed 1971K, 40% free 5337K/8864K, paused 56ms, total 61ms
D/hcjo    ( 5253): AutoUpdateManager:IDLE:execute
D/InitializeManagerStateMachine( 5253): execute::IDLE:EXECUTE
D/InitializeManagerStateMachine( 5253): exit::IDLE
D/InitializeManagerStateMachine( 5253): entry::NETWORK_CHECK
D/InitializeManagerStateMachine( 5253): execute::NETWORK_CHECK:NETWORK_STATE_OK
D/InitializeManagerStateMachine( 5253): exit::NETWORK_CHECK
D/InitializeManagerStateMachine( 5253): entry::CHECK_COUNTRY_INFO
D/InitializeManagerStateMachine( 5253): execute::CHECK_COUNTRY_INFO:COUNTRY_INFO_OK
D/InitializeManagerStateMachine( 5253): exit::CHECK_COUNTRY_INFO
D/InitializeManagerStateMachine( 5253): entry::SUCCESS
D/hcjo    ( 5253): AutoUpdateManager:INITCHECK:onInitializeSuccess
D/hcjo    ( 5253): AutoUpdateTriggerManager:IDLE:setInterval:345600000
D/dalvikvm( 3198): GC_FOR_ALLOC freed 48K, 33% free 7380K/10948K, paused 22ms, total 23ms
D/hcjo    ( 5253): AutoUpdateTriggerManager:IDLE:notifyNextTime
D/hcjo    ( 5253): AutoUpdateManager:UPD_CHECK_TIMING:onNoUpdateTime
D/InitializeManagerStateMachine( 5253): exit::SUCCESS
D/InitializeManagerStateMachine( 5253): entry::IDLE
