W/dalvikvm( 8559): VFY: unable to resolve check-cast 35 (Landroid/app/AppOpsManager;) in Lcom/google/android/gms/common/util/e;
D/dalvikvm( 8559): VFY: replacing opcode 0x1f at 0x0010
I/dalvikvm( 8559): Could not find method android.app.admin.DevicePolicyManager.isDeviceOwnerApp, referenced from method com.google.android.gms.init.InitializeIntentService.onHandleIntent
W/dalvikvm( 8559): VFY: unable to resolve virtual method 310: Landroid/app/admin/DevicePolicyManager;.isDeviceOwnerApp (Ljava/lang/String;)Z
D/dalvikvm( 8559): VFY: replacing opcode 0x6e at 0x00e9
D/dalvikvm( 8559): Rejecting registerization due to move v5, v4, (#0)
D/dalvikvm( 8559): Rejecting registerization due to move v5, v4, (#0)
D/AuthorizationBluetoothService(10067): Received GmsCore event: Intent { act=com.google.android.gms.INITIALIZE flg=0x10 pkg=com.google.android.gms cmp=com.google.android.gms/.auth.be.proximity.authorization.bt.AuthorizationBluetoothService$AutoStarter }.
E/AuthorizationBluetoothService(10067): Proximity feature is not enabled.
D/LocationInitializer( 8559): Restart initialization of location
D/STATUSBAR-NetworkController(10134): refreshSignalCluster: data=-1 bt=false
D/IconMerger(10134): overflowShown = false
D/IconMerger(10134): moreRequired = false
D/STATUSBAR-NetworkController(10134): refreshSignalCluster: data=-1 bt=false
D/IconMerger(10134): overflowShown = false
D/IconMerger(10134): moreRequired = false
D/AudioHardwareTinyALSA( 9632): Entering AudioStreamOutALSA standby mode
I/AudioHardwareTinyALSA( 9632): Close mHandle:46b90d00
I/WAKELOCK_RELEASE( 9929): TIMESTAMP=993594781578517, TAG=AudioOut_2, TYPE=PARTIAL_WAKE_LOCK             , COUNT=0, PID=9632, UID=1013
D/dalvikvm( 8251): GC_CONCURRENT freed 3650K, 51% free 5074K/10276K, paused 2ms+2ms, total 34ms
E/MTPPlaObsrvr( 8454): On change is called.false
E/MTPPlaObsrvr( 8454): URI of the playlistcontent://media/external/audio/playlists
I/dalvikvm( 8454): Total arena pages for JIT: 11
I/dalvikvm( 8454): Total arena pages for JIT: 12
D/dalvikvm( 8454): Rejecting registerization due to and-int/lit16 v0, v5, (#128)
D/MediaScanner( 8251): BulkDeleter flush number : 3
D/MediaScanner( 8251): BulkDeleter ID-info : [16710, 16777, 16780]
D/dalvikvm( 8454): Rejecting registerization due to and-int/lit16 v0, v5, (#128)
V/MediaScanner( 8251): processDirectory :  /storage/emulated/0
E/MTPPlaObsrvr( 8454): Count1mCount1
E/MTPPlaObsrvr( 8454): Neither deleted nor added. Could be rename
E/MTPPlaObsrvr( 8454): It is not renamed
D/dalvikvm( 8559): Rejecting registerization due to mul-int/lit8 v4, v2, (#31)
D/dalvikvm( 8559): Rejecting registerization due to mul-int/lit8 v4, v2, (#31)
D/dalvikvm( 8559): Rejecting registerization due to +iget-quick v10, v4, (#20)
D/dalvikvm( 8559): Rejecting registerization due to +iget-quick v10, v4, (#20)
D/dalvikvm( 8559): Rejecting registerization due to +iget-quick v10, v4, (#20)
D/dalvikvm( 8559): Rejecting registerization due to +iget-quick v10, v4, (#20)
D/dalvikvm( 8559): Rejecting registerization due to +iget-quick v3, v5, (#20)
D/dalvikvm( 8559): Rejecting registerization due to +iget-quick v3, v5, (#20)
I/iu.UploadsManager( 8559): #reloadSettings(); account: -1; IU: disabled; IS: disabled; IS account: -1; photoWiFi: true; videoWiFi: true; roam: false; battery: true; size: FULL; maxMobile: 157286400
D/dalvikvm( 8559): Rejecting registerization due to and-int/lit8 v4, v4, (#1)
D/dalvikvm( 8559): Rejecting registerization due to and-int/lit8 v4, v4, (#1)
D/dalvikvm( 8559): Rejecting registerization due to and-int/lit8 v4, v4, (#1)
D/dalvikvm( 8559): Rejecting registerization due to and-int/lit8 v4, v4, (#1)
D/dalvikvm( 8559): Rejecting registerization due to mul-int/lit8 v5, v0, (#31)
D/dalvikvm( 8559): Rejecting registerization due to mul-int/lit8 v5, v0, (#31)
I/iu.UploadsManager( 8559): End new media; added: 0, uploading: 0, time: 60 ms
D/dalvikvm( 9929): Rejecting registerization due to ushr-int/lit8 v0, v2, (#19)
I/WAKELOCK_RELEASE( 9929): TIMESTAMP=993595298395001, TAG=wake:com.google.android.gms/com.google.android.libraries.social.mediamonitor.MediaMonitorIntentService, TYPE=PARTIAL_WAKE_LOCK             , COUNT=0, PID=8559, UID=10018
D/dalvikvm(27358): GC_CONCURRENT freed 3981K, 52% free 5212K/10848K, paused 3ms+3ms, total 37ms
D/dalvikvm(27358): WAIT_FOR_CONCURRENT_GC blocked 3ms
I/dalvikvm( 8526): Total arena pages for JIT: 11
I/dalvikvm( 8526): Total arena pages for JIT: 12
D/dalvikvm( 8526): Rejecting registerization due to and-int/lit16 v0, v5, (#128)
D/dalvikvm( 8526): Rejecting registerization due to and-int/lit16 v0, v5, (#128)
D/dalvikvm( 8526): Rejecting registerization due to mul-int/lit8 v4, v2, (#31)
D/dalvikvm( 8526): Rejecting registerization due to mul-int/lit8 v4, v2, (#31)
D/dalvikvm( 9929): GC_EXPLICIT freed 1209K, 38% free 28180K/45224K, paused 6ms+11ms, total 177ms
D/dalvikvm( 9929): GC_EXPLICIT freed 119K, 38% free 28148K/45224K, paused 6ms+11ms, total 160ms
D/dalvikvm( 8251): GC_EXPLICIT freed 479K, 50% free 5227K/10276K, paused 2ms+3ms, total 22ms
D/dalvikvm( 9929): GC_EXPLICIT freed 88K, 38% free 28148K/45224K, paused 5ms+9ms, total 165ms
I/Monitor ( 9929): SIOP:: Current AP = 310, CP = 0
D/dalvikvm( 9929): GC_EXPLICIT freed 90K, 38% free 28173K/45224K, paused 5ms+10ms, total 154ms
D/dalvikvm( 8251): GC_EXPLICIT freed 455K, 49% free 5248K/10276K, paused 2ms+5ms, total 29ms
D/dalvikvm( 8251): Rejecting registerization due to +iget-quick v3, v5, (#20)
V/WindowOrientationListener( 9929): Proposed rotation changed!  proposedRotation=1, oldProposedRotation=-1currentRotation = 0
I/CustomFrequencyManager( 9929): newFrequencyRequest  - mFrequency = 1600000, mTimeoutMs = 2000, mPkgName = ROTATION_BOOSTER@13
I/CustomFrequencyManager( 9929): Boost Request from package = ROTATION_BOOSTER@13 frequency : 1600000type = 6
I/CustomFrequencyManager( 9929): !! pkgName = ROTATION_BOOSTER@13
I/CustomFrequencyManager( 9929): Request from package name pkgName = ROTATION_BOOSTER@13
I/CustomFrequencyManager( 9929): mContext is Not Null  mContext.pkgName = android
I/CustomFrequencyManager( 9929): 2 Old token will be reused!
I/CustomFrequencyManager( 9929): CPUDVFSControlRequest : doFrequencyRequest::  = 1600000 Timeout : 2000
D/InputDispatcher( 9929): setInputDispatchMode: enabled=1, frozen=1
W/Surface ( 9929): Surfaces should always be created with the HIDDEN flag set to ensure that they are not made visible prematurely before all of the surface's properties have been configured.  Set the other properties and make the surface visible within a transaction.  New surface name: FreezeSurface
W/Surface ( 9929): java.lang.Throwable
W/Surface ( 9929): 	at android.view.Surface.<init>(Surface.java:337)
W/Surface ( 9929): 	at com.android.server.wm.ScreenRotationAnimation.<init>(ScreenRotationAnimation.java:258)
W/Surface ( 9929): 	at com.android.server.wm.WindowManagerService.startFreezingDisplayLocked(WindowManagerService.java:12122)
W/Surface ( 9929): 	at com.android.server.wm.WindowManagerService.updateRotationUncheckedLocked(WindowManagerService.java:7665)
W/Surface ( 9929): 	at com.android.server.wm.WindowManagerService.updateRotationUnchecked(WindowManagerService.java:7572)
W/Surface ( 9929): 	at com.android.server.wm.WindowManagerService.updateRotation(WindowManagerService.java:7535)
W/Surface ( 9929): 	at com.android.internal.policy.impl.PhoneWindowManager.updateRotation(PhoneWindowManager.java:6605)
W/Surface ( 9929): 	at com.android.internal.policy.impl.PhoneWindowManager$MyOrientationListener.onProposedRotationChanged(PhoneWindowManager.java:725)
W/Surface ( 9929): 	at android.view.WindowOrientationListener$SensorEventListenerImpl.onSensorChanged(WindowOrientationListener.java:1050)
W/Surface ( 9929): 	at android.hardware.SystemSensorManager$ListenerDelegate$1.handleMessage(SystemSensorManager.java:256)
W/Surface ( 9929): 	at android.os.Handler.dispatchMessage(Handler.java:99)
W/Surface ( 9929): 	at android.os.Looper.loop(Looper.java:176)
W/Surface ( 9929): 	at com.android.server.ServerThread.run(SystemServer.java:1726)
V/WindowManager( 9929): rotationForOrientationLw(orient=-1, last=0); user=1  sensorRotation=1 isCoverOpen=true mLidState=-1 mDockMode=0 mHdmiPlugged=false mAccelerometerDefault=false
V/WindowManager( 9929): Application requested orientation -1, got rotation 1 which has compatible metrics
V/WindowManager( 9929): Rotation changed to 1 from 0, forceApp=-1
D/SamsungWindowManager( 9929): setRotationLw() : rotation=1
D/WindowManager( 9929): computeScreenConfigurationLocked() set config.orientation=1 dw=800 dh=1280 Callers=com.android.server.wm.WindowManagerService.computeNewConfigurationLocked:8401 com.android.server.wm.WindowManagerService.computeNewConfiguration:8388 com.android.server.am.ActivityManagerService.updateConfiguration:13956 
D/PowerManagerService( 9929): setKeyboardVisibility: false
I/ActivityManager( 9929): Config changes=480 {1 0 1.0 250mcc2mnc ru_RU ldltr sw800dp w800dp h1255dp 160dpi xlrg port finger -keyb/v/h -nav/h s.36}
I/InputReader( 9929): Reconfiguring input devices.  changes=0x00000004
I/InputReader( 9929): Device reconfigured: id=9, name='sec_touchscreen', size 1280x800, orientation 1, mode 1, display id 0
I/dalvikvm( 8559): Total arena pages for JIT: 11
I/dalvikvm( 8559): Total arena pages for JIT: 12
I/dalvikvm( 8494): Total arena pages for JIT: 11
D/dalvikvm( 8559): Rejecting registerization due to and-int/lit16 v0, v5, (#128)
I/dalvikvm( 8582): Total arena pages for JIT: 11
I/dalvikvm( 8494): Total arena pages for JIT: 12
D/dalvikvm( 8494): Rejecting registerization due to and-int/lit16 v0, v5, (#128)
I/dalvikvm( 8582): Total arena pages for JIT: 12
D/dalvikvm( 8582): Rejecting registerization due to and-int/lit16 v0, v5, (#128)
D/dalvikvm( 8559): Rejecting registerization due to and-int/lit16 v0, v5, (#128)
D/dalvikvm( 8494): Rejecting registerization due to and-int/lit16 v0, v5, (#128)
D/dalvikvm( 8582): Rejecting registerization due to and-int/lit16 v0, v5, (#128)
I/dalvikvm( 8514): Total arena pages for JIT: 11
I/dalvikvm( 8544): Total arena pages for JIT: 11
I/dalvikvm( 8514): Total arena pages for JIT: 12
D/dalvikvm( 8514): Rejecting registerization due to and-int/lit16 v0, v5, (#128)
I/dalvikvm( 8544): Total arena pages for JIT: 12
D/dalvikvm( 8544): Rejecting registerization due to and-int/lit16 v0, v5, (#128)
D/dalvikvm(27358): Rejecting registerization due to sget-object v2, (#8885), (#0)
D/dalvikvm( 8514): Rejecting registerization due to and-int/lit16 v0, v5, (#128)
D/dalvikvm(27358): Rejecting registerization due to sget-object v2, (#8885), (#0)
D/dalvikvm( 8544): Rejecting registerization due to and-int/lit16 v0, v5, (#128)
D/dalvikvm(28281): Rejecting registerization due to ushr-int/lit8 v4, v7, (#19)
D/dalvikvm( 8251): Rejecting registerization due to sget-object v2, (#8885), (#0)
D/dalvikvm(24962): Rejecting registerization due to sget-object v2, (#8885), (#0)
D/dalvikvm(28446): Rejecting registerization due to sget-object v2, (#8885), (#0)
D/dalvikvm(28418): Rejecting registerization due to sget-object v2, (#8885), (#0)
D/dalvikvm(28446): Rejecting registerization due to sget-object v2, (#8885), (#0)
D/dalvikvm(28418): Rejecting registerization due to sget-object v2, (#8885), (#0)
D/SurfaceWidgetClient(24962): [123491/10] onConfigurationChanged
D/dalvikvm(27589): Rejecting registerization due to sget-object v2, (#8885), (#0)
D/dalvikvm(28271): Rejecting registerization due to sget-object v2, (#8885), (#0)
D/dalvikvm(12493): Rejecting registerization due to sget-object v2, (#8885), (#0)
D/dalvikvm(32402): Rejecting registerization due to sget-object v2, (#8885), (#0)
D/KeyguardViewMediator( 9929): ACTION_CONFIGURATION_CHANGED intent is received.
V/KeyguardViewManager( 9929): mConfigChangeReceiver.onReceive : action=android.intent.action.CONFIGURATION_CHANGED mLastOrientation=0 orient=1
W/WallpaperManager(10134): peekWallpaperBitmapcom.android.systemui
W/WallpaperManager(10134): peekWallpaperBitmap:mWallpaper is null
W/WallpaperService( 9929): SimStatusVerifyandroid
D/WallpaperService( 9929): WallpaperManagerService->SimStatusVerify slot  currSimId 0
D/VoIPInterfaceManager( 9929): getState()...
D/VoIPInterfaceManager( 9929): Not exist call session
D/VoIPInterfaceManager( 9929): getState()...
D/VoIPInterfaceManager( 9929): Not exist call session
V/WallpaperService( 9929): callback register : android.app.IWallpaperManagerCallback$Stub$Proxy@218c40b8
V/WallpaperService( 9929): WallpaperManagerService  SimStatusFlag : 0 WALLPAPER_FILE is not existed
I/CustomFrequencyManager(24861): newFrequencyRequest  - mFrequency = 1600000, mTimeoutMs = -1, mPkgName = com.sec.android.app.launcher@1
I/CustomFrequencyManager(24861): Boost Request from package = com.sec.android.app.launcher@1 frequency : 1600000type = 6
I/CustomFrequencyManager(24861): !! pkgName = com.sec.android.app.launcher@1
I/CustomFrequencyManager(24861): Request from package name pkgName = com.sec.android.app.launcher@1
I/CustomFrequencyManager(24861): mContext is Not Null  mContext.pkgName = com.sec.android.app.launcher
I/CustomFrequencyManager(24861): mToken is Null....Creating New Binder!
I/CustomFrequencyManager(24861): CPUDVFSControlRequest : doFrequencyRequest::  = 1600000 Timeout : -1
D/dalvikvm(10134): GC_FOR_ALLOC freed 1155K, 62% free 6984K/18204K, paused 30ms, total 30ms
I/dalvikvm-heap(10134): Grow heap (frag case) to 14.588MB for 6553616-byte allocation
D/dalvikvm(10134): GC_FOR_ALLOC freed 16K, 46% free 13368K/24608K, paused 22ms, total 22ms
V/MediaPlayer-JNI(10134): native_finalize
V/MediaPlayer-JNI(10134): release
D/dalvikvm(10134): GC_CONCURRENT freed 182K, 47% free 13185K/24608K, paused 2ms+2ms, total 32ms
D/dalvikvm(24861): GC_FOR_ALLOC freed 5290K, 36% free 13907K/21544K, paused 124ms, total 125ms
D/dalvikvm( 9929): GC_EXPLICIT freed 222K, 38% free 28148K/45224K, paused 4ms+16ms, total 165ms
D/SurfaceWidgetView(24861): getHardwareLayer being called directly
D/STATUSBAR-QuickSettingPanel(10134): setSingleLine:true
D/STATUSBAR-QuickSettingButton(10134): Reduce text : [
D/STATUSBAR-QuickSettingButton(10134): ] - buttonWidth:[73], textWidth[79]
D/STATUSBAR-QuickSettingButton(10134): Reduce text : [
D/STATUSBAR-QuickSettingButton(10134): ] - buttonWidth:[73], textWidth[78]
D/STATUSBAR-QuickSettingButton(10134): Reduce text : [Bluetooth] - buttonWidth:[73], textWidth[84]
D/STATUSBAR-QuickSettingButton(10134): Reduce text : [Bluetooth] - buttonWidth:[73], textWidth[83]
D/STATUSBAR-QuickSettingButton(10134): Reduce text : [
D/STATUSBAR-QuickSettingButton(10134): .] - buttonWidth:[73], textWidth[93]
D/STATUSBAR-QuickSettingButton(10134): Reduce text : [
D/STATUSBAR-QuickSettingButton(10134): .] - buttonWidth:[73], textWidth[92]
D/STATUSBAR-QuickSettingButton(10134): Reduce text : [ 
D/STATUSBAR-QuickSettingButton(10134): Wi-Fi] - buttonWidth:[73], textWidth[83]
D/STATUSBAR-QuickSettingButton(10134): Reduce text : [ 
D/STATUSBAR-QuickSettingButton(10134): Wi-Fi] - buttonWidth:[73], textWidth[82]
D/STATUSBAR-QuickSettingButton(10134): Reduce text : [
D/STATUSBAR-QuickSettingButton(10134): ] - buttonWidth:[73], textWidth[92]
D/STATUSBAR-QuickSettingButton(10134): Reduce text : [
D/STATUSBAR-QuickSettingButton(10134): ] - buttonWidth:[73], textWidth[91]
D/STATUSBAR-QuickSettingButton(10134): Reduce text : [.
D/STATUSBAR-QuickSettingButton(10134): .] - buttonWidth:[73], textWidth[103]
D/STATUSBAR-QuickSettingButton(10134): Reduce text : [.
D/STATUSBAR-QuickSettingButton(10134): .] - buttonWidth:[73], textWidth[101]
D/STATUSBAR-NetworkController(10134): onReceive() - ACTION_CONFIGURATION_CHANGED
D/IconMerger(10134): overflowShown = false
D/IconMerger(10134): moreRequired = false
D/InputDispatcher( 9929): setInputDispatchMode: enabled=1, frozen=0
D/STATUSBAR-NetworkController(10134): refreshSignalCluster: data=-1 bt=false
V/WindowManager( 9929): Window{21126b70 u0 Keyguard}mOrientationRequetedFromKeyguard=false
I/WAKELOCK_RELEASE( 9929): TIMESTAMP=993598696209448, TAG=SCREEN_FROZEN, TYPE=PARTIAL_WAKE_LOCK             , COUNT=0, PID=9929, UID=1000
D/IconMerger(10134): overflowShown = false
D/IconMerger(10134): moreRequired = false
D/dalvikvm( 9929): GC_EXPLICIT freed 112K, 38% free 28145K/45224K, paused 7ms+10ms, total 206ms
V/WindowManager( 9929): rotationForOrientationLw(orient=-1, last=1); user=1  sensorRotation=-1 isCoverOpen=true mLidState=-1 mDockMode=0 mHdmiPlugged=false mAccelerometerDefault=false
V/WindowManager( 9929): Application requested orientation -1, got rotation 1 which has compatible metrics
D/dalvikvm( 8251): GC_EXPLICIT freed 498K, 49% free 5255K/10276K, paused 2ms+4ms, total 26ms
V/AlarmManager( 9929): waitForAlarm result :1
V/AlarmManager( 9929): trigger ELAPSED_REALTIME_WAKEUP or RTC_WAKEUP
I/WAKELOCK_RELEASE( 9929): TIMESTAMP=993599546862339, TAG=AlarmManager, TYPE=PARTIAL_WAKE_LOCK             , COUNT=0, PID=9929, UID=1000
D/STATUSBAR-NetworkController(10134): refreshSignalCluster: data=-1 bt=false
D/IconMerger(10134): overflowShown = false
D/IconMerger(10134): moreRequired = false
D/dalvikvm( 9929): GC_EXPLICIT freed 104K, 38% free 28145K/45224K, paused 8ms+9ms, total 164ms
E/Watchdog( 9929): !@Sync 2052
D/dalvikvm( 9929): GC_EXPLICIT freed 125K, 38% free 28139K/45224K, paused 6ms+8ms, total 172ms
D/dalvikvm( 8251): GC_EXPLICIT freed 495K, 49% free 5254K/10272K, paused 1ms+3ms, total 19ms
D/STATUSBAR-NetworkController(10134): refreshSignalCluster: data=-1 bt=false
D/IconMerger(10134): overflowShown = false
D/IconMerger(10134): moreRequired = false
D/dalvikvm(27358): GC_CONCURRENT freed 3985K, 52% free 5210K/10848K, paused 2ms+4ms, total 23ms
D/dalvikvm(27358): WAIT_FOR_CONCURRENT_GC blocked 26ms
V/WindowOrientationListener( 9929): Proposed rotation changed!  proposedRotation=0, oldProposedRotation=-1currentRotation = 1
I/CustomFrequencyManager( 9929): newFrequencyRequest  - mFrequency = 1600000, mTimeoutMs = 2000, mPkgName = ROTATION_BOOSTER@13
I/CustomFrequencyManager( 9929): Boost Request from package = ROTATION_BOOSTER@13 frequency : 1600000type = 6
I/CustomFrequencyManager( 9929): !! pkgName = ROTATION_BOOSTER@13
I/CustomFrequencyManager( 9929): Request from package name pkgName = ROTATION_BOOSTER@13
I/CustomFrequencyManager( 9929): mContext is Not Null  mContext.pkgName = android
I/CustomFrequencyManager( 9929): 2 Old token will be reused!
I/CustomFrequencyManager( 9929): CPUDVFSControlRequest : doFrequencyRequest::  = 1600000 Timeout : 2000
D/InputDispatcher( 9929): setInputDispatchMode: enabled=1, frozen=1
W/Surface ( 9929): Surfaces should always be created with the HIDDEN flag set to ensure that they are not made visible prematurely before all of the surface's properties have been configured.  Set the other properties and make the surface visible within a transaction.  New surface name: FreezeSurface
W/Surface ( 9929): java.lang.Throwable
W/Surface ( 9929): 	at android.view.Surface.<init>(Surface.java:337)
W/Surface ( 9929): 	at com.android.server.wm.ScreenRotationAnimation.<init>(ScreenRotationAnimation.java:258)
W/Surface ( 9929): 	at com.android.server.wm.WindowManagerService.startFreezingDisplayLocked(WindowManagerService.java:12122)
W/Surface ( 9929): 	at com.android.server.wm.WindowManagerService.updateRotationUncheckedLocked(WindowManagerService.java:7665)
W/Surface ( 9929): 	at com.android.server.wm.WindowManagerService.updateRotationUnchecked(WindowManagerService.java:7572)
W/Surface ( 9929): 	at com.android.server.wm.WindowManagerService.updateRotation(WindowManagerService.java:7535)
W/Surface ( 9929): 	at com.android.internal.policy.impl.PhoneWindowManager.updateRotation(PhoneWindowManager.java:6605)
W/Surface ( 9929): 	at com.android.internal.policy.impl.PhoneWindowManager$MyOrientationListener.onProposedRotationChanged(PhoneWindowManager.java:725)
W/Surface ( 9929): 	at android.view.WindowOrientationListener$SensorEventListenerImpl.onSensorChanged(WindowOrientationListener.java:1050)
W/Surface ( 9929): 	at android.hardware.SystemSensorManager$ListenerDelegate$1.handleMessage(SystemSensorManager.java:256)
W/Surface ( 9929): 	at android.os.Handler.dispatchMessage(Handler.java:99)
W/Surface ( 9929): 	at android.os.Looper.loop(Looper.java:176)
W/Surface ( 9929): 	at com.android.server.ServerThread.run(SystemServer.java:1726)
V/WindowManager( 9929): rotationForOrientationLw(orient=-1, last=1); user=1  sensorRotation=0 isCoverOpen=true mLidState=-1 mDockMode=0 mHdmiPlugged=false mAccelerometerDefault=false
V/WindowManager( 9929): Application requested orientation -1, got rotation 0 which has compatible metrics
V/WindowManager( 9929): Rotation changed to 0 from 1, forceApp=-1
D/SamsungWindowManager( 9929): setRotationLw() : rotation=0
D/dalvikvm( 9929): GC_EXPLICIT freed 169K, 38% free 28153K/45224K, paused 6ms+13ms, total 202ms
D/dalvikvm( 9929): WAIT_FOR_CONCURRENT_GC blocked 65ms
D/WindowManager( 9929): computeScreenConfigurationLocked() set config.orientation=2 dw=1280 dh=800 Callers=com.android.server.wm.WindowManagerService.computeNewConfigurationLocked:8401 com.android.server.wm.WindowManagerService.computeNewConfiguration:8388 com.android.server.am.ActivityManagerService.updateConfiguration:13956 
D/PowerManagerService( 9929): setKeyboardVisibility: false
I/ActivityManager( 9929): Config changes=480 {1 0 1.0 250mcc2mnc ru_RU ldltr sw800dp w1280dp h775dp 160dpi xlrg land finger -keyb/v/h -nav/h s.37}
I/dalvikvm( 8595): Total arena pages for JIT: 11
D/dalvikvm( 8340): Rejecting registerization due to sget-object v2, (#8885), (#0)
I/dalvikvm( 8595): Total arena pages for JIT: 12
D/dalvikvm( 8595): Rejecting registerization due to and-int/lit16 v0, v5, (#128)
D/dalvikvm( 8251): Rejecting registerization due to sget-object v2, (#8885), (#0)
D/dalvikvm( 8595): Rejecting registerization due to and-int/lit16 v0, v5, (#128)
D/dalvikvm(17302): Rejecting registerization due to sget-object v2, (#8885), (#0)
D/dalvikvm(10582): Rejecting registerization due to +iget-quick v3, v5, (#20)
D/SurfaceWidgetClient(24962): [123491/10] onConfigurationChanged
D/dalvikvm(27725): Rejecting registerization due to sget-object v2, (#8885), (#0)
D/dalvikvm(32402): Rejecting registerization due to sget-object v2, (#8885), (#0)
D/dalvikvm(27739): Rejecting registerization due to sget-object v2, (#8885), (#0)
D/dalvikvm(27589): Rejecting registerization due to sget-object v2, (#8885), (#0)
D/dalvikvm(28281): Rejecting registerization due to sget-object v2, (#8885), (#0)
D/dalvikvm(27628): Rejecting registerization due to sget-object v2, (#8885), (#0)
D/dalvikvm(28023): Rejecting registerization due to sget-object v2, (#8885), (#0)
D/dalvikvm(28436): Rejecting registerization due to sget-object v2, (#8885), (#0)
D/dalvikvm(27526): Rejecting registerization due to sget-object v2, (#8885), (#0)
D/KeyguardViewMediator( 9929): ACTION_CONFIGURATION_CHANGED intent is received.
V/KeyguardViewManager( 9929): mConfigChangeReceiver.onReceive : action=android.intent.action.CONFIGURATION_CHANGED mLastOrientation=0 orient=2
I/InputReader( 9929): Reconfiguring input devices.  changes=0x00000004
I/InputReader( 9929): Device reconfigured: id=9, name='sec_touchscreen', size 1280x800, orientation 0, mode 1, display id 0
D/VoIPInterfaceManager( 9929): getState()...
D/VoIPInterfaceManager( 9929): Not exist call session
D/VoIPInterfaceManager( 9929): getState()...
D/VoIPInterfaceManager( 9929): Not exist call session
I/InputReader( 9929): Reconfiguring input devices.  changes=0x00000004
I/InputReader( 9929): Device reconfigured: id=9, name='sec_touchscreen', size 1280x800, orientation 0, mode 1, display id 0
I/CustomFrequencyManager(24861): newFrequencyRequest  - mFrequency = 1600000, mTimeoutMs = -1, mPkgName = com.sec.android.app.launcher@1
I/CustomFrequencyManager(24861): Boost Request from package = com.sec.android.app.launcher@1 frequency : 1600000type = 6
I/CustomFrequencyManager(24861): !! pkgName = com.sec.android.app.launcher@1
I/CustomFrequencyManager(24861): Request from package name pkgName = com.sec.android.app.launcher@1
I/CustomFrequencyManager(24861): mContext is Not Null  mContext.pkgName = com.sec.android.app.launcher
I/CustomFrequencyManager(24861): mToken is Null....Creating New Binder!
I/CustomFrequencyManager(24861): CPUDVFSControlRequest : doFrequencyRequest::  = 1600000 Timeout : -1
D/dalvikvm( 9929): GC_EXPLICIT freed 42K, 38% free 28141K/45224K, paused 5ms+8ms, total 213ms
V/TaskCloserActivity(18186): TaskCloserActivity resetList mRunningItems.clear
V/TaskCloserActivity(18186): TaskCloserActivity resetList runningAppsCount : 1
V/TaskCloserActivity(18186): TaskCloserActivity tnails == null
D/ProgramMonitor(18186): Active Applications count = 1
V/TaskCloserActivity(18186): TaskCloserActivity onReceive()
D/SurfaceWidgetView(24861): getHardwareLayer being called directly
D/STATUSBAR-QuickSettingPanel(10134): setSingleLine:true
D/SurfaceWidgetView(24861): getHardwareLayer being called directly
D/STATUSBAR-QuickSettingButton(10134): Reduce text : [Wi-Fi] - buttonWidth:[46], textWidth[47]
D/STATUSBAR-QuickSettingButton(10134): Reduce text : [
D/STATUSBAR-QuickSettingButton(10134): ] - buttonWidth:[46], textWidth[79]
D/STATUSBAR-QuickSettingButton(10134): Reduce text : [
D/STATUSBAR-QuickSettingButton(10134): ] - buttonWidth:[46], textWidth[78]
D/STATUSBAR-QuickSettingButton(10134): Reduce text : [Bluetooth] - buttonWidth:[46], textWidth[84]
D/STATUSBAR-QuickSettingButton(10134): Reduce text : [Bluetooth] - buttonWidth:[46], textWidth[83]
D/STATUSBAR-QuickSettingButton(10134): Reduce text : [.
D/STATUSBAR-QuickSettingButton(10134): ] - buttonWidth:[46], textWidth[72]
D/STATUSBAR-QuickSettingButton(10134): Reduce text : [.
D/STATUSBAR-QuickSettingButton(10134): ] - buttonWidth:[46], textWidth[69]
D/STATUSBAR-QuickSettingButton(10134): Reduce text : [
D/STATUSBAR-QuickSettingButton(10134): .] - buttonWidth:[46], textWidth[93]
D/STATUSBAR-QuickSettingButton(10134): Reduce text : [
D/STATUSBAR-QuickSettingButton(10134): .] - buttonWidth:[46], textWidth[92]
D/STATUSBAR-QuickSettingButton(10134): Reduce text : [
D/STATUSBAR-QuickSettingButton(10134): .] - buttonWidth:[46], textWidth[71]
D/STATUSBAR-QuickSettingButton(10134): Reduce text : [
D/STATUSBAR-QuickSettingButton(10134): .] - buttonWidth:[46], textWidth[71]
D/STATUSBAR-QuickSettingButton(10134): Reduce text : [ 
D/STATUSBAR-QuickSettingButton(10134): Wi-Fi] - buttonWidth:[46], textWidth[83]
D/STATUSBAR-QuickSettingButton(10134): Reduce text : [ 
D/STATUSBAR-QuickSettingButton(10134): Wi-Fi] - buttonWidth:[46], textWidth[82]
D/STATUSBAR-QuickSettingButton(10134): Reduce text : [
D/STATUSBAR-QuickSettingButton(10134): ] - buttonWidth:[46], textWidth[92]
D/STATUSBAR-QuickSettingButton(10134): Reduce text : [
D/STATUSBAR-QuickSettingButton(10134): ] - buttonWidth:[46], textWidth[91]
D/STATUSBAR-QuickSettingButton(10134): Reduce text : [.
D/STATUSBAR-QuickSettingButton(10134): .] - buttonWidth:[46], textWidth[103]
D/STATUSBAR-QuickSettingButton(10134): Reduce text : [.
D/STATUSBAR-QuickSettingButton(10134): .] - buttonWidth:[46], textWidth[101]
D/STATUSBAR-NetworkController(10134): onReceive() - ACTION_CONFIGURATION_CHANGED
D/IconMerger(10134): overflowShown = false
D/IconMerger(10134): moreRequired = false
D/InputDispatcher( 9929): setInputDispatchMode: enabled=1, frozen=0
V/WindowManager( 9929): Window{21126b70 u0 Keyguard}mOrientationRequetedFromKeyguard=false
I/WAKELOCK_RELEASE( 9929): TIMESTAMP=993601381388155, TAG=SCREEN_FROZEN, TYPE=PARTIAL_WAKE_LOCK             , COUNT=0, PID=9929, UID=1000
V/WindowOrientationListener( 9929): nearestRotation : 0   Angle: 4   tilt: 23
D/STATUSBAR-NetworkController(10134): refreshSignalCluster: data=-1 bt=false
D/IconMerger(10134): overflowShown = false
D/IconMerger(10134): moreRequired = false
D/dalvikvm( 9929): GC_EXPLICIT freed 123K, 38% free 28149K/45224K, paused 7ms+14ms, total 188ms
V/WindowManager( 9929): rotationForOrientationLw(orient=-1, last=0); user=1  sensorRotation=0 isCoverOpen=true mLidState=-1 mDockMode=0 mHdmiPlugged=false mAccelerometerDefault=false
V/WindowManager( 9929): Application requested orientation -1, got rotation 0 which has compatible metrics
D/dalvikvm( 8251): GC_EXPLICIT freed 497K, 49% free 5269K/10272K, paused 3ms+6ms, total 33ms
D/dalvikvm( 9929): GC_EXPLICIT freed 95K, 38% free 28144K/45224K, paused 6ms+11ms, total 163ms
D/STATUSBAR-NetworkController(10134): refreshSignalCluster: data=-1 bt=false
D/IconMerger(10134): overflowShown = false
D/IconMerger(10134): moreRequired = false
D/dalvikvm( 9929): GC_EXPLICIT freed 94K, 38% free 28138K/45224K, paused 5ms+10ms, total 166ms
D/dalvikvm( 8251): GC_EXPLICIT freed 514K, 49% free 5275K/10272K, paused 1ms+3ms, total 20ms
W/DataSyncServiceHelper( 2941): Timed out while getting connected peers
D/dalvikvm( 9929): GC_EXPLICIT freed 88K, 38% free 28138K/45224K, paused 6ms+11ms, total 182ms
D/dalvikvm( 9929): WAIT_FOR_CONCURRENT_GC blocked 95ms
D/dalvikvm( 9929): GC_EXPLICIT freed 8K, 38% free 28131K/45224K, paused 7ms+11ms, total 210ms
D/dalvikvm( 9929): GC_EXPLICIT freed 81K, 38% free 28139K/45224K, paused 6ms+10ms, total 176ms
D/dalvikvm( 8251): GC_EXPLICIT freed 506K, 49% free 5257K/10272K, paused 1ms+4ms, total 19ms
D/dalvikvm( 9929): GC_EXPLICIT freed 88K, 38% free 28138K/45224K, paused 5ms+9ms, total 175ms
D/PowerManagerService( 9929): [api] release WakeLock flags=0x10000006 tag=PowerUI uid=10123 pid=10134 (0x0)
I/WAKELOCK_RELEASE( 9929): TIMESTAMP=993605040132110, TAG=PowerUI, TYPE=SCREEN_DIM_WAKE_LOCK          , COUNT=0, PID=10134, UID=10123
V/AlarmManager( 9929): waitForAlarm result :1
V/AlarmManager( 9929): trigger ELAPSED_REALTIME_WAKEUP or RTC_WAKEUP
I/WAKELOCK_RELEASE( 9929): TIMESTAMP=993605106746448, TAG=AlarmManager, TYPE=PARTIAL_WAKE_LOCK             , COUNT=0, PID=9929, UID=1000
I/iu.UploadsManager( 8559): End new media; added: 0, uploading: 0, time: 63 ms
D/dalvikvm( 8251): GC_EXPLICIT freed 492K, 49% free 5250K/10272K, paused 3ms+5ms, total 30ms
D/dalvikvm( 9929): GC_EXPLICIT freed 118K, 38% free 28141K/45224K, paused 6ms+12ms, total 195ms
D/dalvikvm( 9929): GC_EXPLICIT freed 117K, 38% free 28139K/45224K, paused 3ms+11ms, total 164ms
D/dalvikvm( 8251): GC_EXPLICIT freed 501K, 49% free 5285K/10272K, paused 2ms+6ms, total 30ms
D/STATUSBAR-NetworkController(10134): refreshSignalCluster: data=-1 bt=false
D/IconMerger(10134): overflowShown = false
D/IconMerger(10134): moreRequired = false
D/dalvikvm( 9929): GC_EXPLICIT freed 111K, 38% free 28139K/45224K, paused 5ms+10ms, total 170ms
D/dalvikvm( 9929): GC_EXPLICIT freed 88K, 38% free 28139K/45224K, paused 6ms+11ms, total 158ms
D/STATUSBAR-NetworkController(10134): refreshSignalCluster: data=-1 bt=false
D/IconMerger(10134): overflowShown = false
D/IconMerger(10134): moreRequired = false
I/Monitor ( 9929): SIOP:: Current AP = 314, CP = 0
D/dalvikvm( 8251): GC_EXPLICIT freed 504K, 49% free 5270K/10272K, paused 2ms+6ms, total 32ms
D/dalvikvm( 9929): GC_EXPLICIT freed 115K, 38% free 28140K/45224K, paused 6ms+11ms, total 189ms
D/dalvikvm( 9929): GC_EXPLICIT freed 88K, 38% free 28139K/45224K, paused 5ms+15ms, total 172ms
D/STATUSBAR-NetworkController(10134): refreshSignalCluster: data=-1 bt=false
D/IconMerger(10134): overflowShown = false
D/IconMerger(10134): moreRequired = false
D/dalvikvm( 8251): GC_EXPLICIT freed 494K, 49% free 5280K/10272K, paused 2ms+5ms, total 26ms
D/dalvikvm( 9929): GC_EXPLICIT freed 88K, 38% free 28139K/45224K, paused 5ms+15ms, total 167ms
D/dalvikvm( 9929): GC_EXPLICIT freed 89K, 38% free 28139K/45224K, paused 5ms+10ms, total 161ms
D/dalvikvm( 8251): GC_EXPLICIT freed 507K, 49% free 5267K/10272K, paused 2ms+5ms, total 26ms
D/dalvikvm( 9929): GC_EXPLICIT freed 98K, 38% free 28140K/45224K, paused 4ms+9ms, total 153ms
D/STATUSBAR-NetworkController(10134): refreshSignalCluster: data=-1 bt=false
D/IconMerger(10134): overflowShown = false
D/IconMerger(10134): moreRequired = false
D/dalvikvm(27358): GC_CONCURRENT freed 4021K, 53% free 5186K/10856K, paused 2ms+3ms, total 20ms
D/dalvikvm(27358): WAIT_FOR_CONCURRENT_GC blocked 11ms
D/dalvikvm( 9929): GC_EXPLICIT freed 101K, 38% free 28140K/45224K, paused 6ms+11ms, total 193ms
V/TaskCloserActivity(18186): TaskCloserActivity resetList mRunningItems.clear
V/TaskCloserActivity(18186): TaskCloserActivity resetList runningAppsCount : 1
V/TaskCloserActivity(18186): TaskCloserActivity tnails == null
D/ProgramMonitor(18186): Active Applications count = 1
V/TaskCloserActivity(18186): TaskCloserActivity onReceive()
D/SurfaceWidgetView(24861): getHardwareLayer being called directly
D/dalvikvm( 8251): GC_EXPLICIT freed 477K, 49% free 5265K/10272K, paused 2ms+5ms, total 29ms
D/dalvikvm( 9929): GC_EXPLICIT freed 137K, 38% free 28141K/45224K, paused 5ms+7ms, total 146ms
D/STATUSBAR-NetworkController(10134): refreshSignalCluster: data=-1 bt=false
D/IconMerger(10134): overflowShown = false
D/IconMerger(10134): moreRequired = false
D/dalvikvm( 9929): GC_EXPLICIT freed 89K, 38% free 28140K/45224K, paused 5ms+10ms, total 152ms
D/dalvikvm( 8251): GC_EXPLICIT freed 474K, 49% free 5262K/10272K, paused 2ms+5ms, total 26ms
D/dalvikvm( 9929): GC_EXPLICIT freed 88K, 38% free 28140K/45224K, paused 5ms+10ms, total 155ms
D/STATUSBAR-NetworkController(10134): refreshSignalCluster: data=-1 bt=false
D/IconMerger(10134): overflowShown = false
D/IconMerger(10134): moreRequired = false
D/dalvikvm( 9929): GC_EXPLICIT freed 89K, 38% free 28140K/45224K, paused 5ms+7ms, total 160ms
D/dalvikvm( 8251): GC_EXPLICIT freed 469K, 49% free 5262K/10272K, paused 2ms+6ms, total 30ms
D/dalvikvm( 8251): Rejecting registerization due to +iget-object-quick v3, v6, (#8)
D/dalvikvm( 9929): WAIT_FOR_CONCURRENT_GC blocked 1ms
D/dalvikvm( 9929): GC_EXPLICIT freed 88K, 38% free 28140K/45224K, paused 5ms+10ms, total 185ms
I/ThermalZone( 9929): TEMP 39000 newMaxSensorState 0
D/dalvikvm( 9929): GC_EXPLICIT freed 115K, 38% free 28139K/45224K, paused 5ms+11ms, total 150ms
D/dalvikvm( 8251): GC_EXPLICIT freed 468K, 49% free 5263K/10272K, paused 1ms+5ms, total 27ms
D/STATUSBAR-NetworkController(10134): refreshSignalCluster: data=-1 bt=false
D/IconMerger(10134): overflowShown = false
D/IconMerger(10134): moreRequired = false
D/dalvikvm( 9929): GC_EXPLICIT freed 87K, 38% free 28139K/45224K, paused 5ms+10ms, total 162ms
D/dalvikvm( 9929): GC_EXPLICIT freed 88K, 38% free 28139K/45224K, paused 6ms+11ms, total 165ms
D/STATUSBAR-NetworkController(10134): refreshSignalCluster: data=-1 bt=false
D/IconMerger(10134): overflowShown = false
D/IconMerger(10134): moreRequired = false
D/dalvikvm( 8251): GC_EXPLICIT freed 472K, 49% free 5262K/10272K, paused 2ms+6ms, total 30ms
D/dalvikvm( 9929): GC_EXPLICIT freed 94K, 38% free 28139K/45224K, paused 5ms+10ms, total 190ms
D/dalvikvm(27358): GC_CONCURRENT freed 4020K, 53% free 5188K/10856K, paused 2ms+2ms, total 16ms
D/dalvikvm(27358): WAIT_FOR_CONCURRENT_GC blocked 10ms
D/dalvikvm( 9929): GC_EXPLICIT freed 108K, 38% free 28139K/45224K, paused 6ms+7ms, total 165ms
D/STATUSBAR-NetworkController(10134): refreshSignalCluster: data=-1 bt=false
D/IconMerger(10134): overflowShown = false
D/IconMerger(10134): moreRequired = false
D/dalvikvm( 8251): GC_EXPLICIT freed 469K, 49% free 5262K/10272K, paused 2ms+5ms, total 26ms
D/dalvikvm( 9929): GC_EXPLICIT freed 88K, 38% free 28139K/45224K, paused 5ms+12ms, total 151ms
D/STATUSBAR-NetworkController(10134): refreshSignalCluster: data=-1 bt=false
D/IconMerger(10134): overflowShown = false
D/IconMerger(10134): moreRequired = false
D/dalvikvm( 9929): GC_EXPLICIT freed 88K, 38% free 28163K/45224K, paused 5ms+12ms, total 158ms
I/Monitor ( 9929): SIOP:: Current AP = 316, CP = 0
D/dalvikvm( 8251): GC_EXPLICIT freed 471K, 49% free 5261K/10272K, paused 2ms+6ms, total 30ms
D/dalvikvm( 9929): GC_EXPLICIT freed 114K, 38% free 28139K/45224K, paused 6ms+10ms, total 158ms
D/STATUSBAR-NetworkController(10134): refreshSignalCluster: data=-1 bt=false
D/IconMerger(10134): overflowShown = false
D/IconMerger(10134): moreRequired = false
D/dalvikvm( 9929): GC_EXPLICIT freed 89K, 38% free 28139K/45224K, paused 5ms+11ms, total 168ms
D/dalvikvm( 8251): GC_EXPLICIT freed 470K, 49% free 5262K/10272K, paused 2ms+4ms, total 26ms
D/dalvikvm( 9929): GC_EXPLICIT freed 88K, 38% free 28139K/45224K, paused 5ms+11ms, total 173ms
D/STATUSBAR-NetworkController(10134): refreshSignalCluster: data=-1 bt=false
D/IconMerger(10134): overflowShown = false
D/IconMerger(10134): moreRequired = false
D/BatteryService( 9929): update start
D/BatteryService( 9929): level:15, scale:100, status:3, health:2, present:true, voltage: 3629, temperature: 286, technology: Li-ion, AC powered:false, USB powered:false, Wireless powered:false, icon:17303346, invalid charger:0, online:1, charge type:0, current avg:-649
D/BatteryService( 9929): Sending ACTION_BATTERY_CHANGED.
D/STATUSBAR-BatteryController(10134): onReceive() - ACTION_BATTERY_CHANGED
D/STATUSBAR-BatteryController(10134): onReceive() - BATTERY_STATUS_DISCHARGING: tw_stat_sys_battery
D/STATUSBAR-PhoneStatusBar(10134):  mBrightnessEnablebySettings = true mBrightnessEnablebyBattery = true mBrightnessEnablebyDisableFlag = true
D/dalvikvm( 9929): GC_EXPLICIT freed 106K, 38% free 28141K/45224K, paused 6ms+11ms, total 166ms
D/dalvikvm( 8251): GC_EXPLICIT freed 471K, 49% free 5263K/10272K, paused 2ms+5ms, total 30ms
D/dalvikvm( 9929): GC_EXPLICIT freed 90K, 38% free 28143K/45224K, paused 6ms+16ms, total 180ms
D/STATUSBAR-NetworkController(10134): refreshSignalCluster: data=-1 bt=false
D/IconMerger(10134): overflowShown = false
D/IconMerger(10134): moreRequired = false
D/dalvikvm( 9929): GC_EXPLICIT freed 91K, 38% free 28141K/45224K, paused 5ms+14ms, total 172ms
I/InputReader( 9929): Touch event's action is 0x0 (deviceType=0) [pCnt=1, s=0.38892 ] when=208917475035000
I/InputDispatcher( 9929): Delivering touch to: action: 0x0
I/InputDispatcher( 9929): Delivering touch to: action: 0x0
I/CustomFrequencyManager(24861): newFrequencyRequest  - mFrequency = 1333000, mTimeoutMs = 1000, mPkgName = com.sec.android.app.launcher@1
I/CustomFrequencyManager(24861): Boost Request from package = com.sec.android.app.launcher@1 frequency : 1333000type = 6
I/CustomFrequencyManager(24861): !! pkgName = com.sec.android.app.launcher@1
I/CustomFrequencyManager(24861): Request from package name pkgName = com.sec.android.app.launcher@1
I/CustomFrequencyManager(24861): mContext is Not Null  mContext.pkgName = com.sec.android.app.launcher
I/CustomFrequencyManager(24861): mToken is Null....Creating New Binder!
I/CustomFrequencyManager(24861): CPUDVFSControlRequest : doFrequencyRequest::  = 1333000 Timeout : 1000
V/TaskCloserActivity(18186): TaskCloserActivity resetList mRunningItems.clear
V/TaskCloserActivity(18186): TaskCloserActivity resetList runningAppsCount : 1
V/TaskCloserActivity(18186): TaskCloserActivity tnails == null
D/ProgramMonitor(18186): Active Applications count = 1
V/TaskCloserActivity(18186): TaskCloserActivity onReceive()
D/SurfaceWidgetView(24861): getHardwareLayer being called directly
D/dalvikvm( 8251): GC_EXPLICIT freed 475K, 49% free 5269K/10272K, paused 2ms+5ms, total 33ms
D/dalvikvm(27358): GC_CONCURRENT freed 4021K, 53% free 5187K/10856K, paused 2ms+2ms, total 23ms
D/dalvikvm(27358): WAIT_FOR_CONCURRENT_GC blocked 16ms
D/STATUSBAR-NetworkController(10134): refreshSignalCluster: data=-1 bt=false
I/InputReader( 9929): Touch event's action is 0x1 (deviceType=0) [pCnt=1, s=] when=208917833330000
I/InputDispatcher( 9929): Delivering touch to: action: 0x1
I/InputDispatcher( 9929): Delivering touch to: action: 0x1
D/IconMerger(10134): overflowShown = false
D/IconMerger(10134): moreRequired = false
D/BatteryService( 9929): update start
D/dalvikvm( 9929): GC_EXPLICIT freed 277K, 38% free 28147K/45224K, paused 5ms+13ms, total 185ms
D/BatteryService( 9929): level:15, scale:100, status:3, health:2, present:true, voltage: 3610, temperature: 288, technology: Li-ion, AC powered:false, USB powered:true, Wireless powered:false, icon:17303346, invalid charger:0, online:4, charge type:1, current avg:-661
D/BatteryService( 9929): Sending ACTION_BATTERY_CHANGED.
D/PowerManagerService( 9929): [api] updateIsPoweredLocked : mIsPowered: true mPlugType: 2
D/UsbDeviceManager( 9929): handleMessage -> MSG_POWER_STATE = 1
D/STATUSBAR-BatteryController(10134): onReceive() - ACTION_BATTERY_CHANGED
D/STATUSBAR-BatteryController(10134): onReceive() - BATTERY_STATUS_DISCHARGING: tw_stat_sys_battery_usb_not_charge
I/WAKELOCK_RELEASE( 9929): TIMESTAMP=993622064877309, TAG=Wakeful StateMachine: GeofencerStateMachine, TYPE=PARTIAL_WAKE_LOCK             , COUNT=0, PID=9871, UID=10018
D/UsbDeviceManager( 9929): sending intent : ACTION_USB_CABLE_STATE : connected = true
D/STATUSBAR-PhoneStatusBar(10134):  mBrightnessEnablebySettings = true mBrightnessEnablebyBattery = true mBrightnessEnablebyDisableFlag = true
D/PicasaUploaderSyncManager( 8526): battery info: true
D/PowerUI (10134): playSound : 1
D/PowerUI (10134): RINGER_MODE_NORMAL
D/IconMerger(10134): overflowShown = false
D/IconMerger(10134): moreRequired = false
V/MediaPlayer-JNI(10134): native_setup
V/MediaPlayer(10134): constructor
V/MediaPlayer(10134): setListener
V/MediaPlayer-JNI(10134): setAudioStreamType: 5
V/MediaPlayer(10134): MediaPlayer::setAudioStreamType
V/MediaPlayer-JNI(10134): setDataSourceFD: fd 70
V/MediaPlayer(10134): setDataSource(70, 0, 576460752303423487)
V/MediaPlayerService( 9632): Client(50) constructor
V/MediaPlayerService( 9632): Create new client(50) from pid 10134, uid 10123, 
V/MediaPlayerService( 9632): setDataSource fd=67, offset=0, length=576460752303423487
V/MediaPlayerService( 9632): st_dev  = 45832
V/MediaPlayerService( 9632): st_mode = 33188
V/MediaPlayerService( 9632): st_uid  = 0
V/MediaPlayerService( 9632): st_gid  = 0
V/MediaPlayerService( 9632): st_size = 14351
V/MediaPlayerService( 9632): calculated length = 14351
V/MediaPlayerService( 9632): player type = 3
V/AwesomePlayer( 9632): setDefault
V/AwesomePlayer( 9632): constructor
V/AwesomePlayer( 9632): setDefault
V/AwesomePlayer( 9632): reset_l()
V/AwesomePlayer( 9632): reset_l() while (mFlags & PREPARING) condition check
V/AwesomePlayer( 9632): cancelPlayerEvents (keepNotifications=0)
V/AwesomePlayer( 9632): mAudioTrackVector clear
V/AwesomePlayer( 9632): reset_l() mAudioPlayer successfully deleted
V/AwesomePlayer( 9632): mSecMediaClock clear
V/StagefrightPlayer( 9632): StagefrightPlayer
V/AwesomePlayer( 9632): setListener
V/StagefrightPlayer( 9632): initCheck
V/AwesomePlayer( 9632): AwesomePlayer running on behalf of uid 10123
V/AudioSink( 9632): AudioOutput(1774)
V/AwesomePlayer( 9632): setAudioSink
V/StagefrightPlayer( 9632): setDataSource(67, 0, 14351)
V/AwesomePlayer( 9632): setDataSource (68, 0, 14351)
V/AwesomePlayer( 9632): reset_l()
V/AwesomePlayer( 9632): reset_l() while (mFlags & PREPARING) condition check
V/AwesomePlayer( 9632): cancelPlayerEvents (keepNotifications=0)
V/AwesomePlayer( 9632): mAudioTrackVector clear
V/AwesomePlayer( 9632): reset_l() mAudioPlayer successfully deleted
V/AwesomePlayer( 9632): mSecMediaClock clear
E/videowall-TranscodeReceiver( 8239): broadcastMSG : android.intent.action.ACTION_POWER_CONNECTED
V/AwesomePlayer( 9632): track of type 'audio/vorbis' does not publish bitrate
V/AwesomePlayer( 9632): mBitrate = -1 bits/sec
W/AwesomePlayer( 9632): couldn't get userdata - Weather
W/AwesomePlayer( 9632): couldn't get userdata - Authorization 
W/AwesomePlayer( 9632): couldn't get userdata - SnapShot 
W/AwesomePlayer( 9632): couldn't get userdata - SMRD
V/AwesomePlayer( 9632): current audio track index (0) is added to vector
V/AwesomePlayer( 9632): setDataSource_l: Audio(1), Video(0)
I/AwesomePlayer( 9632): AwesomePlayer::setDataSource_l():: This is not a DRM content
V/MediaPlayerService( 9632):  setDataSource
V/MediaPlayerService( 9632): [50] setParameter(1604)
V/StagefrightPlayer( 9632): setParameter(key=1604)
V/AwesomePlayer( 9632): setParameter key (1604)
V/AwesomePlayer( 9632): Current Contet PID : 10134
V/MediaPlayerService( 9632): [50] getParameter(1700)
V/MediaPlayer-JNI(10134): setLooping: 0
V/MediaPlayer(10134): MediaPlayer::setLooping
V/MediaPlayerService( 9632): [50] setLooping(0)
V/StagefrightPlayer( 9632): setLooping
V/AwesomePlayer( 9632): setLooping (0)
V/MediaPlayer(10134): setVideoSurfaceTexture
V/MediaPlayerService( 9632): [50] setVideoSurfaceTexture(0x0)
V/MediaPlayer(10134): prepare
V/MediaPlayerService( 9632): [50] setAudioStreamType(5)
V/MediaPlayerService( 9632): [50] prepareAsync
V/AwesomePlayer( 9632): prepareAsync
V/AwesomePlayer( 9632): notifyListner_l() msg (200-MEDIA_INFO), ext1 (1), ext2 (1189018944)
V/MediaPlayerService( 9632): [50] notify (0x48dbdb00, 200, 1, 1189018944)
V/MediaPlayer(10134): message received msg=200, ext1=1, ext2=1189018944
W/MediaPlayer(10134): info/warning (1, 1189018944)
V/MediaPlayer(10134): callback application
V/MediaPlayer(10134): back from callback
V/AwesomePlayer( 9632): onPrepareAsyncEvent
I/SecMediaClock( 9632): SecMediaClock constructor
I/SecMediaClock( 9632): reset
V/AwesomePlayer( 9632): initAudioDecoder
I/OMXCodec( 9632): OMXCodec::Create mime (audio/vorbis), flags (0), matchComponentName ((null)), createEncoder (0)
I/OMXCodec( 9632): Attempting to allocate OMX node 'OMX.google.vorbis.decoder'
I/OMXCodec( 9632): Successfully allocated OMX node 'OMX.google.vorbis.decoder'
I/OMXCodec( 9632): [OMX.google.vorbis.decoder] allocating 4 buffers of size 8192 on input port
I/OMXCodec( 9632): [OMX.google.vorbis.decoder] allocating 4 buffers of size 32768 on output port
V/AwesomePlayer( 9632): finishAsyncPrepare_l
V/AwesomePlayer( 9632): notifyListner_l() msg (5-MEDIA_SET_VIDEO_SIZE), ext1 (0), ext2 (0)
V/MediaPlayerService( 9632): [50] notify (0x48dbdb00, 5, 0, 0)
V/AwesomePlayer( 9632): notifyListner_l() msg (1-MEDIA_PREPARED), ext1 (0), ext2 (0)
V/MediaPlayerService( 9632): [50] notify (0x48dbdb00, 1, 0, 0)
V/MediaPlayer(10134): message received msg=5, ext1=0, ext2=0
V/MediaPlayer(10134): New video size 0 x 0
V/MediaPlayer(10134): callback application
V/MediaPlayer(10134): back from callback
V/MediaPlayer(10134): message received msg=1, ext1=0, ext2=0
V/MediaPlayer(10134): prepared
V/MediaPlayer(10134): signal application thread
V/MediaPlayer(10134): callback application
V/MediaPlayer(10134): prepare complete - status=0
V/MediaPlayer(10134): back from callback
I/AudioService( 9929):  AudioFocus  requestAudioFocus() from 10134 focusChangeHint:3
D/videowall-TranscodeService( 8239): service on
V/MediaPlayer-JNI(10134): start
V/MediaPlayer(10134): start
V/MediaPlayerService( 9632): [50] setLooping(0)
V/StagefrightPlayer( 9632): setLooping
V/AwesomePlayer( 9632): setLooping (0)
V/MediaPlayerService( 9632): [50] setVolume(1.000000, 1.000000)
V/AudioSink( 9632): setVolume(1.000000, 1.000000)
V/MediaPlayerService( 9632): [50] setAuxEffectSendLevel(0.000000)
V/AudioSink( 9632): setAuxEffectSendLevel(0.000000)
V/MediaPlayerService( 9632): [50] start
V/StagefrightPlayer( 9632): setLooping
V/AwesomePlayer( 9632): setLooping (0)
V/StagefrightPlayer( 9632): start
V/AwesomePlayer( 9632): AwesomePlayer::play_l():: This is not a DRM content
V/AwesomePlayer( 9632): startAudioPlayer_l, sendErrorNotification (0)
I/OMXCodec( 9632): [OMX.google.vorbis.decoder] allocating 4 buffers of size 32768 on output port
I/AudioPlayer( 9632):  Audioplayer kKeyAudioPCMFormat:1, 2, 0
I/AudioPlayer( 9632):  Audioplayer1 (2, 1)
D/AudioSink( 9632): bufferCount (2) is too small and increased to 12
V/AudioSink( 9632): open(44100, 2, 0x0, 1, 12, 1774)
V/AudioPolicyManagerBase( 9632): getOutput() stream 5, samplingRate 0, format 0, channelMask 3, flags 0
V/AudioPolicyManagerBase( 9632): getOutputsForDevice device 0002 -> 0002
V/AudioPolicyManagerBase( 9632): selectOutput() output 2 outputDesc->mProfile->mFlags 0002 flags 0000
V/AudioPolicyManagerBase( 9632): selectOutput() output 3 outputDesc->mProfile->mFlags 0008 flags 0000
V/AudioPolicyManagerBase( 9632): getOutput() returns output 2
V/AudioPolicyManagerBase( 9632): getOutput() stream 5, samplingRate 0, format 0, channelMask 3, flags 0
V/AudioPolicyManagerBase( 9632): getOutputsForDevice device 0002 -> 0002
V/AudioPolicyManagerBase( 9632): selectOutput() output 2 outputDesc->mProfile->mFlags 0002 flags 0000
V/AudioPolicyManagerBase( 9632): selectOutput() output 3 outputDesc->mProfile->mFlags 0008 flags 0000
V/AudioPolicyManagerBase( 9632): getOutput() returns output 2
V/AudioPolicyManagerBase( 9632): getOutput() stream 5, samplingRate 44100, format 1, channelMask 3, flags 0
V/AudioPolicyManagerBase( 9632): getOutputsForDevice device 0002 -> 0002
V/AudioPolicyManagerBase( 9632): selectOutput() output 2 outputDesc->mProfile->mFlags 0002 flags 0000
V/AudioPolicyManagerBase( 9632): selectOutput() output 3 outputDesc->mProfile->mFlags 0008 flags 0000
V/AudioPolicyManagerBase( 9632): getOutput() returns output 2
V/AudioSink( 9632): setVolume
V/AudioPolicyManagerBase( 9632): getOutput() stream 5, samplingRate 0, format 0, channelMask 3, flags 0
V/AudioPolicyManagerBase( 9632): getOutputsForDevice device 0002 -> 0002
V/AudioPolicyManagerBase( 9632): selectOutput() output 2 outputDesc->mProfile->mFlags 0002 flags 0000
V/AudioPolicyManagerBase( 9632): selectOutput() output 3 outputDesc->mProfile->mFlags 0008 flags 0000
V/AudioPolicyManagerBase( 9632): getOutput() returns output 2
V/AudioSink( 9632): start
V/LvOutput( 9632): initCheck: 0
V/LvOutput( 9632): attachEffects: attach processing to output 2, stream 5, session 1774, mode 0
V/LvOutput( 9632): attachEffects: no output processing needs to be attached to this stream
V/LvOutput( 9632): LvOutput::setAllProcessorEnabled(false) mOutputs.size(0)
V/AudioPolicyManagerBase( 9632): startOutput() output 2, stream 5, session 1774
V/AudioPolicyManagerBase( 9632): changeRefCount() stream 5, count 1
V/AudioPolicyManagerBase( 9632): getNewDevice() selected device 2
V/AudioPolicyManagerBase( 9632): setOutputDevice() output 2 device 0002 force 0 delayMs 0 
V/AudioPolicyManagerBase( 9632): setOutputDevice() prevDevice 0002
