D/STATUSBAR-NetworkController( 2578): refreshSignalCluster: data=-1 bt=false
D/IconMerger( 2578): overflowShown = false
D/IconMerger( 2578): moreRequired = false
D/STATUSBAR-NetworkController( 2578): refreshSignalCluster: data=-1 bt=false
D/IconMerger( 2578): overflowShown = false
D/IconMerger( 2578): moreRequired = false
D/STATUSBAR-NetworkController( 2578): refreshSignalCluster: data=-1 bt=false
D/IconMerger( 2578): overflowShown = false
D/IconMerger( 2578): moreRequired = false
D/PowerManagerService( 2387): [api] userActivityFromNative : 2960 (event: 2 flags: 0)
D/STATUSBAR-NetworkController( 2578): refreshSignalCluster: data=-1 bt=false
D/IconMerger( 2578): overflowShown = false
D/IconMerger( 2578): moreRequired = false
D/STATUSBAR-NetworkController( 2578): refreshSignalCluster: data=-1 bt=false
D/IconMerger( 2578): overflowShown = false
D/IconMerger( 2578): moreRequired = false
D/STATUSBAR-NetworkController( 2578): refreshSignalCluster: data=-1 bt=false
D/IconMerger( 2578): overflowShown = false
D/IconMerger( 2578): moreRequired = false
E/Watchdog( 2387): !@Sync 4295
V/AlarmManager( 2387): waitForAlarm result :4
D/STATUSBAR-NetworkController( 2578): refreshSignalCluster: data=-1 bt=false
D/IconMerger( 2578): overflowShown = false
D/IconMerger( 2578): moreRequired = false
D/PowerManagerService( 2387): [api] userActivityFromNative : 2970 (event: 2 flags: 0)
D/BatteryService( 2387): update start
D/BatteryService( 2387): level:14, scale:100, status:3, health:2, present:true, voltage: 3579, temperature: 360, technology: Li-ion, AC powered:false, USB powered:false, Wireless powered:false, icon:17303346, invalid charger:0, online:1, charge type:0, current avg:-899
D/BatteryService( 2387): Sending ACTION_BATTERY_CHANGED.
D/STATUSBAR-BatteryController( 2578): onReceive() - ACTION_BATTERY_CHANGED
D/STATUSBAR-BatteryController( 2578): onReceive() - BATTERY_STATUS_DISCHARGING: tw_stat_sys_battery
D/STATUSBAR-PhoneStatusBar( 2578):  mBrightnessEnablebySettings = true mBrightnessEnablebyBattery = true mBrightnessEnablebyDisableFlag = true
D/STATUSBAR-NetworkController( 2578): refreshSignalCluster: data=-1 bt=false
D/IconMerger( 2578): overflowShown = false
D/IconMerger( 2578): moreRequired = false
D/STATUSBAR-NetworkController( 2578): refreshSignalCluster: data=-1 bt=false
D/IconMerger( 2578): overflowShown = false
D/IconMerger( 2578): moreRequired = false
D/STATUSBAR-NetworkController( 2578): refreshSignalCluster: data=-1 bt=false
D/IconMerger( 2578): overflowShown = false
D/IconMerger( 2578): moreRequired = false
D/STATUSBAR-NetworkController( 2578): refreshSignalCluster: data=-1 bt=false
D/IconMerger( 2578): overflowShown = false
D/IconMerger( 2578): moreRequired = false
D/STATUSBAR-NetworkController( 2578): refreshSignalCluster: data=-1 bt=false
D/IconMerger( 2578): overflowShown = false
D/IconMerger( 2578): moreRequired = false
V/AlarmManager( 2387): waitForAlarm result :1
V/AlarmManager( 2387): trigger ELAPSED_REALTIME_WAKEUP or RTC_WAKEUP
I/WAKELOCK_RELEASE( 2387): TIMESTAMP=694643414609807, TAG=AlarmManager, TYPE=PARTIAL_WAKE_LOCK             , COUNT=0, PID=2387, UID=1000
D/STATUSBAR-NetworkController( 2578): refreshSignalCluster: data=-1 bt=false
D/IconMerger( 2578): overflowShown = false
D/IconMerger( 2578): moreRequired = false
D/PowerManagerService( 2387): [api] userActivityFromNative : 2980 (event: 2 flags: 0)
D/STATUSBAR-NetworkController( 2578): refreshSignalCluster: data=-1 bt=false
D/IconMerger( 2578): overflowShown = false
D/IconMerger( 2578): moreRequired = false
D/STATUSBAR-NetworkController( 2578): refreshSignalCluster: data=-1 bt=false
D/IconMerger( 2578): overflowShown = false
D/IconMerger( 2578): moreRequired = false
D/STATUSBAR-NetworkController( 2578): refreshSignalCluster: data=-1 bt=false
D/IconMerger( 2578): overflowShown = false
D/IconMerger( 2578): moreRequired = false
D/STATUSBAR-NetworkController( 2578): refreshSignalCluster: data=-1 bt=false
D/IconMerger( 2578): overflowShown = false
D/IconMerger( 2578): moreRequired = false
D/STATUSBAR-NetworkController( 2578): refreshSignalCluster: data=-1 bt=false
D/IconMerger( 2578): overflowShown = false
D/IconMerger( 2578): moreRequired = false
D/STATUSBAR-NetworkController( 2578): refreshSignalCluster: data=-1 bt=false
D/IconMerger( 2578): overflowShown = false
D/IconMerger( 2578): moreRequired = false
E/Watchdog( 2387): !@Sync 4296
V/AlarmManager( 2387): waitForAlarm result :8
D/KeyguardClockWidgetService(12859): onReceive action=android.intent.action.TIME_TICK
V/AlarmManager( 2387): ClockReceiver onReceive() ACTION_TIME_TICK
D/IconMerger( 2578): overflowShown = false
D/IconMerger( 2578): moreRequired = false
I/WAKELOCK_RELEASE( 2387): TIMESTAMP=694654109862152, TAG=AlarmManager, TYPE=PARTIAL_WAKE_LOCK             , COUNT=0, PID=2387, UID=1000
D/PowerManagerService( 2387): [api] userActivityFromNative : 2990 (event: 2 flags: 0)
D/STATUSBAR-NetworkController( 2578): refreshSignalCluster: data=-1 bt=false
D/IconMerger( 2578): overflowShown = false
D/IconMerger( 2578): moreRequired = false
D/STATUSBAR-NetworkController( 2578): refreshSignalCluster: data=-1 bt=false
D/IconMerger( 2578): overflowShown = false
D/IconMerger( 2578): moreRequired = false
D/BatteryService( 2387): update start
D/BatteryService( 2387): level:14, scale:100, status:3, health:2, present:true, voltage: 3561, temperature: 361, technology: Li-ion, AC powered:false, USB powered:false, Wireless powered:false, icon:17303346, invalid charger:0, online:1, charge type:0, current avg:-945
D/BatteryService( 2387): Sending ACTION_BATTERY_CHANGED.
D/STATUSBAR-BatteryController( 2578): onReceive() - ACTION_BATTERY_CHANGED
D/STATUSBAR-BatteryController( 2578): onReceive() - BATTERY_STATUS_DISCHARGING: tw_stat_sys_battery
D/STATUSBAR-PhoneStatusBar( 2578):  mBrightnessEnablebySettings = true mBrightnessEnablebyBattery = true mBrightnessEnablebyDisableFlag = true
D/STATUSBAR-NetworkController( 2578): refreshSignalCluster: data=-1 bt=false
D/IconMerger( 2578): overflowShown = false
D/IconMerger( 2578): moreRequired = false
D/STATUSBAR-NetworkController( 2578): refreshSignalCluster: data=-1 bt=false
D/IconMerger( 2578): overflowShown = false
D/IconMerger( 2578): moreRequired = false
D/PowerManagerService( 2387): [api] userActivityFromNative : 3000 (event: 2 flags: 0)
D/STATUSBAR-NetworkController( 2578): refreshSignalCluster: data=-1 bt=false
D/IconMerger( 2578): overflowShown = false
D/IconMerger( 2578): moreRequired = false
D/STATUSBAR-NetworkController( 2578): refreshSignalCluster: data=-1 bt=false
D/IconMerger( 2578): overflowShown = false
D/IconMerger( 2578): moreRequired = false
D/STATUSBAR-NetworkController( 2578): refreshSignalCluster: data=-1 bt=false
D/IconMerger( 2578): overflowShown = false
D/IconMerger( 2578): moreRequired = false
D/STATUSBAR-NetworkController( 2578): refreshSignalCluster: data=-1 bt=false
D/IconMerger( 2578): overflowShown = false
D/IconMerger( 2578): moreRequired = false
D/PowerManagerService( 2387): [api] userActivityFromNative : 3010 (event: 2 flags: 0)
D/STATUSBAR-NetworkController( 2578): refreshSignalCluster: data=-1 bt=false
D/IconMerger( 2578): overflowShown = false
D/IconMerger( 2578): moreRequired = false
D/STATUSBAR-NetworkController( 2578): refreshSignalCluster: data=-1 bt=false
D/IconMerger( 2578): overflowShown = false
D/IconMerger( 2578): moreRequired = false
D/STATUSBAR-NetworkController( 2578): refreshSignalCluster: data=-1 bt=false
D/IconMerger( 2578): overflowShown = false
D/IconMerger( 2578): moreRequired = false
D/STATUSBAR-NetworkController( 2578): refreshSignalCluster: data=-1 bt=false
D/IconMerger( 2578): overflowShown = false
D/IconMerger( 2578): moreRequired = false
D/STATUSBAR-NetworkController( 2578): refreshSignalCluster: data=-1 bt=false
D/IconMerger( 2578): overflowShown = false
D/IconMerger( 2578): moreRequired = false
D/STATUSBAR-NetworkController( 2578): refreshSignalCluster: data=-1 bt=false
D/IconMerger( 2578): overflowShown = false
D/IconMerger( 2578): moreRequired = false
D/PowerManagerService( 2387): [api] userActivityFromNative : 3020 (event: 2 flags: 0)
D/STATUSBAR-NetworkController( 2578): refreshSignalCluster: data=-1 bt=false
D/IconMerger( 2578): overflowShown = false
D/IconMerger( 2578): moreRequired = false
E/Watchdog( 2387): !@Sync 4297
D/STATUSBAR-NetworkController( 2578): refreshSignalCluster: data=-1 bt=false
D/IconMerger( 2578): overflowShown = false
D/IconMerger( 2578): moreRequired = false
D/STATUSBAR-NetworkController( 2578): refreshSignalCluster: data=-1 bt=false
D/IconMerger( 2578): overflowShown = false
D/IconMerger( 2578): moreRequired = false
D/STATUSBAR-NetworkController( 2578): refreshSignalCluster: data=-1 bt=false
D/IconMerger( 2578): overflowShown = false
D/IconMerger( 2578): moreRequired = false
D/BatteryService( 2387): update start
D/BatteryService( 2387): level:14, scale:100, status:3, health:2, present:true, voltage: 3605, temperature: 360, technology: Li-ion, AC powered:false, USB powered:false, Wireless powered:false, icon:17303346, invalid charger:0, online:1, charge type:0, current avg:-950
D/BatteryService( 2387): Sending ACTION_BATTERY_CHANGED.
D/STATUSBAR-BatteryController( 2578): onReceive() - ACTION_BATTERY_CHANGED
D/STATUSBAR-BatteryController( 2578): onReceive() - BATTERY_STATUS_DISCHARGING: tw_stat_sys_battery
D/STATUSBAR-PhoneStatusBar( 2578):  mBrightnessEnablebySettings = true mBrightnessEnablebyBattery = true mBrightnessEnablebyDisableFlag = true
D/STATUSBAR-NetworkController( 2578): refreshSignalCluster: data=-1 bt=false
D/IconMerger( 2578): overflowShown = false
D/IconMerger( 2578): moreRequired = false
D/STATUSBAR-NetworkController( 2578): refreshSignalCluster: data=-1 bt=false
D/IconMerger( 2578): overflowShown = false
D/IconMerger( 2578): moreRequired = false
D/STATUSBAR-NetworkController( 2578): refreshSignalCluster: data=-1 bt=false
D/IconMerger( 2578): overflowShown = false
D/IconMerger( 2578): moreRequired = false
I/WAKELOCK_RELEASE( 2387): TIMESTAMP=694694717780295, TAG=AudioOut_2, TYPE=PARTIAL_WAKE_LOCK             , COUNT=0, PID=1982, UID=1013
D/PowerManagerService( 2387): [api] userActivityFromNative : 3030 (event: 2 flags: 0)
D/STATUSBAR-NetworkController( 2578): refreshSignalCluster: data=-1 bt=false
D/IconMerger( 2578): overflowShown = false
D/IconMerger( 2578): moreRequired = false
D/STATUSBAR-NetworkController( 2578): refreshSignalCluster: data=-1 bt=false
D/IconMerger( 2578): overflowShown = false
D/IconMerger( 2578): moreRequired = false
D/STATUSBAR-NetworkController( 2578): refreshSignalCluster: data=-1 bt=false
D/IconMerger( 2578): overflowShown = false
D/IconMerger( 2578): moreRequired = false
D/STATUSBAR-NetworkController( 2578): onReceive() - RSSI_CHANGED_ACTION, WIFI_STATE, NETWORK_STATE
D/STATUSBAR-NetworkController( 2578): refreshSignalCluster: data=-1 bt=false
D/IconMerger( 2578): overflowShown = false
D/IconMerger( 2578): moreRequired = false
D/STATUSBAR-NetworkController( 2578): refreshSignalCluster: data=-1 bt=false
D/IconMerger( 2578): overflowShown = false
D/IconMerger( 2578): moreRequired = false
D/STATUSBAR-NetworkController( 2578): refreshSignalCluster: data=-1 bt=false
D/IconMerger( 2578): overflowShown = false
D/IconMerger( 2578): moreRequired = false
D/STATUSBAR-NetworkController( 2578): onReceive() - RSSI_CHANGED_ACTION, WIFI_STATE, NETWORK_STATE
D/STATUSBAR-NetworkController( 2578): refreshSignalCluster: data=-1 bt=false
D/IconMerger( 2578): overflowShown = false
D/IconMerger( 2578): moreRequired = false
I/WAKELOCK_RELEASE( 2387): TIMESTAMP=694706791987878, TAG=AudioOut_2, TYPE=PARTIAL_WAKE_LOCK             , COUNT=0, PID=1982, UID=1013
D/STATUSBAR-NetworkController( 2578): onReceive() - RSSI_CHANGED_ACTION, WIFI_STATE, NETWORK_STATE
D/STATUSBAR-NetworkController( 2578): refreshSignalCluster: data=-1 bt=false
D/IconMerger( 2578): overflowShown = false
D/IconMerger( 2578): moreRequired = false
D/STATUSBAR-NetworkController( 2578): refreshSignalCluster: data=-1 bt=false
D/IconMerger( 2578): overflowShown = false
D/IconMerger( 2578): moreRequired = false
D/PowerManagerService( 2387): [api] userActivityFromNative : 3040 (event: 2 flags: 0)
D/STATUSBAR-NetworkController( 2578): refreshSignalCluster: data=-1 bt=false
D/IconMerger( 2578): overflowShown = false
D/IconMerger( 2578): moreRequired = false
D/STATUSBAR-NetworkController( 2578): onReceive() - RSSI_CHANGED_ACTION, WIFI_STATE, NETWORK_STATE
D/STATUSBAR-NetworkController( 2578): refreshSignalCluster: data=-1 bt=false
D/IconMerger( 2578): overflowShown = false
D/IconMerger( 2578): moreRequired = false
D/STATUSBAR-NetworkController( 2578): refreshSignalCluster: data=-1 bt=false
D/IconMerger( 2578): overflowShown = false
D/IconMerger( 2578): moreRequired = false
E/Watchdog( 2387): !@Sync 4298
V/AlarmManager( 2387): waitForAlarm result :8
D/KeyguardClockWidgetService(12859): onReceive action=android.intent.action.TIME_TICK
V/AlarmManager( 2387): ClockReceiver onReceive() ACTION_TIME_TICK
D/IconMerger( 2578): overflowShown = false
D/IconMerger( 2578): moreRequired = false
I/WAKELOCK_RELEASE( 2387): TIMESTAMP=694714108014293, TAG=AlarmManager, TYPE=PARTIAL_WAKE_LOCK             , COUNT=0, PID=2387, UID=1000
I/WAKELOCK_RELEASE( 2387): TIMESTAMP=694714215674448, TAG=AudioOut_2, TYPE=PARTIAL_WAKE_LOCK             , COUNT=0, PID=1982, UID=1013
D/STATUSBAR-NetworkController( 2578): refreshSignalCluster: data=-1 bt=false
D/IconMerger( 2578): overflowShown = false
D/IconMerger( 2578): moreRequired = false
D/STATUSBAR-NetworkController( 2578): refreshSignalCluster: data=-1 bt=false
D/IconMerger( 2578): overflowShown = false
D/IconMerger( 2578): moreRequired = false
D/STATUSBAR-NetworkController( 2578): refreshSignalCluster: data=-1 bt=false
D/IconMerger( 2578): overflowShown = false
D/IconMerger( 2578): moreRequired = false
D/STATUSBAR-NetworkController( 2578): refreshSignalCluster: data=-1 bt=false
D/IconMerger( 2578): overflowShown = false
D/IconMerger( 2578): moreRequired = false
D/BatteryService( 2387): update start
D/BatteryService( 2387): level:14, scale:100, status:3, health:2, present:true, voltage: 3585, temperature: 362, technology: Li-ion, AC powered:false, USB powered:false, Wireless powered:false, icon:17303346, invalid charger:0, online:1, charge type:0, current avg:-929
D/BatteryService( 2387): Sending ACTION_BATTERY_CHANGED.
D/STATUSBAR-BatteryController( 2578): onReceive() - ACTION_BATTERY_CHANGED
D/STATUSBAR-BatteryController( 2578): onReceive() - BATTERY_STATUS_DISCHARGING: tw_stat_sys_battery
D/STATUSBAR-PhoneStatusBar( 2578):  mBrightnessEnablebySettings = true mBrightnessEnablebyBattery = true mBrightnessEnablebyDisableFlag = true
D/STATUSBAR-NetworkController( 2578): refreshSignalCluster: data=-1 bt=false
D/IconMerger( 2578): overflowShown = false
D/IconMerger( 2578): moreRequired = false
D/STATUSBAR-NetworkController( 2578): refreshSignalCluster: data=-1 bt=false
D/IconMerger( 2578): overflowShown = false
D/IconMerger( 2578): moreRequired = false
D/PowerManagerService( 2387): [api] userActivityFromNative : 3050 (event: 2 flags: 0)
D/STATUSBAR-NetworkController( 2578): refreshSignalCluster: data=-1 bt=false
D/IconMerger( 2578): overflowShown = false
D/IconMerger( 2578): moreRequired = false
D/STATUSBAR-NetworkController( 2578): onReceive() - RSSI_CHANGED_ACTION, WIFI_STATE, NETWORK_STATE
D/STATUSBAR-NetworkController( 2578): refreshSignalCluster: data=-1 bt=false
D/IconMerger( 2578): overflowShown = false
D/IconMerger( 2578): moreRequired = false
D/STATUSBAR-NetworkController( 2578): refreshSignalCluster: data=-1 bt=false
D/IconMerger( 2578): overflowShown = false
D/IconMerger( 2578): moreRequired = false
D/STATUSBAR-NetworkController( 2578): onReceive() - RSSI_CHANGED_ACTION, WIFI_STATE, NETWORK_STATE
D/STATUSBAR-NetworkController( 2578): refreshSignalCluster: data=-1 bt=false
D/IconMerger( 2578): overflowShown = false
D/IconMerger( 2578): moreRequired = false
D/STATUSBAR-NetworkController( 2578): refreshSignalCluster: data=-1 bt=false
D/IconMerger( 2578): overflowShown = false
D/IconMerger( 2578): moreRequired = false
D/STATUSBAR-NetworkController( 2578): refreshSignalCluster: data=-1 bt=false
D/IconMerger( 2578): overflowShown = false
D/IconMerger( 2578): moreRequired = false
D/STATUSBAR-NetworkController( 2578): refreshSignalCluster: data=-1 bt=false
D/IconMerger( 2578): overflowShown = false
D/IconMerger( 2578): moreRequired = false
D/STATUSBAR-NetworkController( 2578): refreshSignalCluster: data=-1 bt=false
D/IconMerger( 2578): overflowShown = false
D/IconMerger( 2578): moreRequired = false
E/Watchdog( 2387): !@Sync 4299
D/PowerManagerService( 2387): [api] userActivityFromNative : 3060 (event: 2 flags: 0)
D/STATUSBAR-NetworkController( 2578): refreshSignalCluster: data=-1 bt=false
D/IconMerger( 2578): overflowShown = false
D/IconMerger( 2578): moreRequired = false
D/STATUSBAR-NetworkController( 2578): refreshSignalCluster: data=-1 bt=false
D/IconMerger( 2578): overflowShown = false
D/IconMerger( 2578): moreRequired = false
D/STATUSBAR-NetworkController( 2578): refreshSignalCluster: data=-1 bt=false
D/IconMerger( 2578): overflowShown = false
D/IconMerger( 2578): moreRequired = false
D/BatteryService( 2387): update start
D/BatteryService( 2387): level:14, scale:100, status:3, health:2, present:true, voltage: 3547, temperature: 363, technology: Li-ion, AC powered:false, USB powered:false, Wireless powered:false, icon:17303346, invalid charger:0, online:1, charge type:0, current avg:-959
D/BatteryService( 2387): Sending ACTION_BATTERY_CHANGED.
D/STATUSBAR-BatteryController( 2578): onReceive() - ACTION_BATTERY_CHANGED
D/STATUSBAR-BatteryController( 2578): onReceive() - BATTERY_STATUS_DISCHARGING: tw_stat_sys_battery
D/STATUSBAR-PhoneStatusBar( 2578):  mBrightnessEnablebySettings = true mBrightnessEnablebyBattery = true mBrightnessEnablebyDisableFlag = true
D/STATUSBAR-NetworkController( 2578): refreshSignalCluster: data=-1 bt=false
D/IconMerger( 2578): overflowShown = false
D/IconMerger( 2578): moreRequired = false
D/PowerManagerService( 2387): [api] userActivityFromNative : 3070 (event: 2 flags: 0)
D/STATUSBAR-NetworkController( 2578): refreshSignalCluster: data=-1 bt=false
D/IconMerger( 2578): overflowShown = false
D/IconMerger( 2578): moreRequired = false
D/STATUSBAR-NetworkController( 2578): refreshSignalCluster: data=-1 bt=false
D/IconMerger( 2578): overflowShown = false
D/IconMerger( 2578): moreRequired = false
D/STATUSBAR-NetworkController( 2578): refreshSignalCluster: data=-1 bt=false
D/IconMerger( 2578): overflowShown = false
D/IconMerger( 2578): moreRequired = false
D/PowerManagerService( 2387): [api] userActivityFromNative : 3080 (event: 2 flags: 0)
D/STATUSBAR-NetworkController( 2578): refreshSignalCluster: data=-1 bt=false
D/IconMerger( 2578): overflowShown = false
D/IconMerger( 2578): moreRequired = false
V/AlarmManager( 2387): waitForAlarm result :1
V/AlarmManager( 2387): trigger ELAPSED_REALTIME_WAKEUP or RTC_WAKEUP
I/WAKELOCK_RELEASE( 2387): TIMESTAMP=694766624637548, TAG=AlarmManager, TYPE=PARTIAL_WAKE_LOCK             , COUNT=0, PID=2387, UID=1000
D/STATUSBAR-NetworkController( 2578): refreshSignalCluster: data=-1 bt=false
D/IconMerger( 2578): overflowShown = false
D/IconMerger( 2578): moreRequired = false
D/STATUSBAR-NetworkController( 2578): refreshSignalCluster: data=-1 bt=false
D/IconMerger( 2578): overflowShown = false
D/IconMerger( 2578): moreRequired = false
D/STATUSBAR-NetworkController( 2578): refreshSignalCluster: data=-1 bt=false
D/IconMerger( 2578): overflowShown = false
D/IconMerger( 2578): moreRequired = false
D/STATUSBAR-NetworkController( 2578): refreshSignalCluster: data=-1 bt=false
D/IconMerger( 2578): overflowShown = false
D/IconMerger( 2578): moreRequired = false
D/STATUSBAR-NetworkController( 2578): refreshSignalCluster: data=-1 bt=false
D/IconMerger( 2578): overflowShown = false
D/IconMerger( 2578): moreRequired = false
E/Watchdog( 2387): !@Sync 4300
V/AlarmManager( 2387): waitForAlarm result :8
D/KeyguardClockWidgetService(12859): onReceive action=android.intent.action.TIME_TICK
V/AlarmManager( 2387): ClockReceiver onReceive() ACTION_TIME_TICK
D/IconMerger( 2578): overflowShown = false
D/IconMerger( 2578): moreRequired = false
I/WAKELOCK_RELEASE( 2387): TIMESTAMP=694774106319161, TAG=AlarmManager, TYPE=PARTIAL_WAKE_LOCK             , COUNT=0, PID=2387, UID=1000
D/STATUSBAR-NetworkController( 2578): refreshSignalCluster: data=-1 bt=false
D/IconMerger( 2578): overflowShown = false
D/IconMerger( 2578): moreRequired = false
D/STATUSBAR-NetworkController( 2578): onReceive() - RSSI_CHANGED_ACTION, WIFI_STATE, NETWORK_STATE
D/STATUSBAR-NetworkController( 2578): refreshSignalCluster: data=-1 bt=false
D/IconMerger( 2578): overflowShown = false
D/IconMerger( 2578): moreRequired = false
D/STATUSBAR-NetworkController( 2578): refreshSignalCluster: data=-1 bt=false
D/IconMerger( 2578): overflowShown = false
D/IconMerger( 2578): moreRequired = false
I/WAKELOCK_RELEASE( 2387): TIMESTAMP=694777129945304, TAG=AudioOut_2, TYPE=PARTIAL_WAKE_LOCK             , COUNT=0, PID=1982, UID=1013
D/STATUSBAR-NetworkController( 2578): refreshSignalCluster: data=-1 bt=false
D/IconMerger( 2578): overflowShown = false
D/IconMerger( 2578): moreRequired = false
D/STATUSBAR-NetworkController( 2578): onReceive() - RSSI_CHANGED_ACTION, WIFI_STATE, NETWORK_STATE
D/STATUSBAR-NetworkController( 2578): refreshSignalCluster: data=-1 bt=false
D/IconMerger( 2578): overflowShown = false
D/IconMerger( 2578): moreRequired = false
D/STATUSBAR-NetworkController( 2578): refreshSignalCluster: data=-1 bt=false
D/IconMerger( 2578): overflowShown = false
D/IconMerger( 2578): moreRequired = false
D/STATUSBAR-NetworkController( 2578): refreshSignalCluster: data=-1 bt=false
D/IconMerger( 2578): overflowShown = false
D/IconMerger( 2578): moreRequired = false
D/STATUSBAR-NetworkController( 2578): refreshSignalCluster: data=-1 bt=false
D/IconMerger( 2578): overflowShown = false
D/IconMerger( 2578): moreRequired = false
D/BatteryService( 2387): update start
D/BatteryService( 2387): level:13, scale:100, status:3, health:2, present:true, voltage: 3575, temperature: 362, technology: Li-ion, AC powered:false, USB powered:false, Wireless powered:false, icon:17303346, invalid charger:0, online:1, charge type:0, current avg:-955
D/BatteryService( 2387): Sending ACTION_BATTERY_CHANGED.
D/STATUSBAR-BatteryController( 2578): onReceive() - ACTION_BATTERY_CHANGED
D/STATUSBAR-BatteryController( 2578): onReceive() - BATTERY_STATUS_DISCHARGING: tw_stat_sys_battery
D/STATUSBAR-PhoneStatusBar( 2578):  mBrightnessEnablebySettings = true mBrightnessEnablebyBattery = true mBrightnessEnablebyDisableFlag = true
D/STATUSBAR-NetworkController( 2578): refreshSignalCluster: data=-1 bt=false
D/IconMerger( 2578): overflowShown = false
D/IconMerger( 2578): moreRequired = false
D/STATUSBAR-NetworkController( 2578): refreshSignalCluster: data=-1 bt=false
D/IconMerger( 2578): overflowShown = false
D/IconMerger( 2578): moreRequired = false
D/STATUSBAR-NetworkController( 2578): onReceive() - RSSI_CHANGED_ACTION, WIFI_STATE, NETWORK_STATE
D/STATUSBAR-NetworkController( 2578): refreshSignalCluster: data=-1 bt=false
D/IconMerger( 2578): overflowShown = false
D/IconMerger( 2578): moreRequired = false
D/PowerManagerService( 2387): [api] userActivityFromNative : 3090 (event: 2 flags: 0)
I/WAKELOCK_RELEASE( 2387): TIMESTAMP=694785965846230, TAG=AudioOut_2, TYPE=PARTIAL_WAKE_LOCK             , COUNT=0, PID=1982, UID=1013
D/STATUSBAR-NetworkController( 2578): onReceive() - RSSI_CHANGED_ACTION, WIFI_STATE, NETWORK_STATE
D/STATUSBAR-NetworkController( 2578): refreshSignalCluster: data=-1 bt=false
D/IconMerger( 2578): overflowShown = false
D/IconMerger( 2578): moreRequired = false
D/STATUSBAR-NetworkController( 2578): refreshSignalCluster: data=-1 bt=false
D/IconMerger( 2578): overflowShown = false
D/IconMerger( 2578): moreRequired = false
D/STATUSBAR-NetworkController( 2578): refreshSignalCluster: data=-1 bt=false
D/IconMerger( 2578): overflowShown = false
D/IconMerger( 2578): moreRequired = false
D/STATUSBAR-NetworkController( 2578): refreshSignalCluster: data=-1 bt=false
D/IconMerger( 2578): overflowShown = false
D/IconMerger( 2578): moreRequired = false
D/STATUSBAR-NetworkController( 2578): refreshSignalCluster: data=-1 bt=false
D/IconMerger( 2578): overflowShown = false
D/IconMerger( 2578): moreRequired = false
D/STATUSBAR-NetworkController( 2578): refreshSignalCluster: data=-1 bt=false
D/IconMerger( 2578): overflowShown = false
D/IconMerger( 2578): moreRequired = false
D/STATUSBAR-NetworkController( 2578): refreshSignalCluster: data=-1 bt=false
D/IconMerger( 2578): overflowShown = false
D/IconMerger( 2578): moreRequired = false
V/AlarmManager( 2387): waitForAlarm result :4
D/STATUSBAR-NetworkController( 2578): refreshSignalCluster: data=-1 bt=false
D/IconMerger( 2578): overflowShown = false
D/IconMerger( 2578): moreRequired = false
D/STATUSBAR-NetworkController( 2578): refreshSignalCluster: data=-1 bt=false
D/IconMerger( 2578): overflowShown = false
D/IconMerger( 2578): moreRequired = false
E/Watchdog( 2387): !@Sync 4301
D/PowerManagerService( 2387): [api] userActivityFromNative : 3100 (event: 2 flags: 0)
D/STATUSBAR-NetworkController( 2578): refreshSignalCluster: data=-1 bt=false
D/IconMerger( 2578): overflowShown = false
D/IconMerger( 2578): moreRequired = false
D/STATUSBAR-NetworkController( 2578): refreshSignalCluster: data=-1 bt=false
D/IconMerger( 2578): overflowShown = false
D/IconMerger( 2578): moreRequired = false
D/STATUSBAR-NetworkController( 2578): refreshSignalCluster: data=-1 bt=false
D/IconMerger( 2578): overflowShown = false
D/IconMerger( 2578): moreRequired = false
D/STATUSBAR-NetworkController( 2578): refreshSignalCluster: data=-1 bt=false
D/IconMerger( 2578): overflowShown = false
D/IconMerger( 2578): moreRequired = false
D/STATUSBAR-NetworkController( 2578): refreshSignalCluster: data=-1 bt=false
D/IconMerger( 2578): overflowShown = false
D/IconMerger( 2578): moreRequired = false
D/BatteryService( 2387): update start
D/BatteryService( 2387): level:13, scale:100, status:3, health:2, present:true, voltage: 3599, temperature: 360, technology: Li-ion, AC powered:false, USB powered:false, Wireless powered:false, icon:17303346, invalid charger:0, online:1, charge type:0, current avg:-883
D/BatteryService( 2387): Sending ACTION_BATTERY_CHANGED.
D/STATUSBAR-BatteryController( 2578): onReceive() - ACTION_BATTERY_CHANGED
D/STATUSBAR-BatteryController( 2578): onReceive() - BATTERY_STATUS_DISCHARGING: tw_stat_sys_battery
D/STATUSBAR-PhoneStatusBar( 2578):  mBrightnessEnablebySettings = true mBrightnessEnablebyBattery = true mBrightnessEnablebyDisableFlag = true
D/STATUSBAR-NetworkController( 2578): refreshSignalCluster: data=-1 bt=false
D/IconMerger( 2578): overflowShown = false
D/IconMerger( 2578): moreRequired = false
D/PowerManagerService( 2387): [api] userActivityFromNative : 3110 (event: 2 flags: 0)
D/STATUSBAR-NetworkController( 2578): refreshSignalCluster: data=-1 bt=false
D/IconMerger( 2578): overflowShown = false
D/IconMerger( 2578): moreRequired = false
D/STATUSBAR-NetworkController( 2578): refreshSignalCluster: data=-1 bt=false
D/IconMerger( 2578): overflowShown = false
D/IconMerger( 2578): moreRequired = false
D/STATUSBAR-NetworkController( 2578): refreshSignalCluster: data=-1 bt=false
D/IconMerger( 2578): overflowShown = false
D/IconMerger( 2578): moreRequired = false
D/STATUSBAR-NetworkController( 2578): refreshSignalCluster: data=-1 bt=false
D/IconMerger( 2578): overflowShown = false
D/IconMerger( 2578): moreRequired = false
D/PowerManagerService( 2387): [api] userActivityFromNative : 3120 (event: 2 flags: 0)
I/WAKELOCK_RELEASE( 2387): TIMESTAMP=694825291452720, TAG=AudioOut_2, TYPE=PARTIAL_WAKE_LOCK             , COUNT=0, PID=1982, UID=1013
D/STATUSBAR-NetworkController( 2578): refreshSignalCluster: data=-1 bt=false
D/IconMerger( 2578): overflowShown = false
D/IconMerger( 2578): moreRequired = false
D/STATUSBAR-NetworkController( 2578): refreshSignalCluster: data=-1 bt=false
D/IconMerger( 2578): overflowShown = false
D/IconMerger( 2578): moreRequired = false
D/STATUSBAR-NetworkController( 2578): refreshSignalCluster: data=-1 bt=false
D/IconMerger( 2578): overflowShown = false
D/IconMerger( 2578): moreRequired = false
D/STATUSBAR-NetworkController( 2578): refreshSignalCluster: data=-1 bt=false
D/IconMerger( 2578): overflowShown = false
D/IconMerger( 2578): moreRequired = false
D/STATUSBAR-NetworkController( 2578): refreshSignalCluster: data=-1 bt=false
D/IconMerger( 2578): overflowShown = false
D/IconMerger( 2578): moreRequired = false
E/Watchdog( 2387): !@Sync 4302
V/AlarmManager( 2387): waitForAlarm result :8
D/KeyguardClockWidgetService(12859): onReceive action=android.intent.action.TIME_TICK
V/AlarmManager( 2387): ClockReceiver onReceive() ACTION_TIME_TICK
D/IconMerger( 2578): overflowShown = false
D/IconMerger( 2578): moreRequired = false
I/WAKELOCK_RELEASE( 2387): TIMESTAMP=694834115172286, TAG=AlarmManager, TYPE=PARTIAL_WAKE_LOCK             , COUNT=0, PID=2387, UID=1000
D/PowerManagerService( 2387): [api] userActivityFromNative : 3130 (event: 2 flags: 0)
D/STATUSBAR-NetworkController( 2578): refreshSignalCluster: data=-1 bt=false
D/IconMerger( 2578): overflowShown = false
D/IconMerger( 2578): moreRequired = false
D/STATUSBAR-NetworkController( 2578): refreshSignalCluster: data=-1 bt=false
D/IconMerger( 2578): overflowShown = false
D/IconMerger( 2578): moreRequired = false
D/BatteryService( 2387): update start
D/BatteryService( 2387): level:13, scale:100, status:3, health:2, present:true, voltage: 3570, temperature: 361, technology: Li-ion, AC powered:false, USB powered:false, Wireless powered:false, icon:17303346, invalid charger:0, online:1, charge type:0, current avg:-896
D/BatteryService( 2387): Sending ACTION_BATTERY_CHANGED.
D/STATUSBAR-BatteryController( 2578): onReceive() - ACTION_BATTERY_CHANGED
D/STATUSBAR-BatteryController( 2578): onReceive() - BATTERY_STATUS_DISCHARGING: tw_stat_sys_battery
D/STATUSBAR-PhoneStatusBar( 2578):  mBrightnessEnablebySettings = true mBrightnessEnablebyBattery = true mBrightnessEnablebyDisableFlag = true
D/STATUSBAR-NetworkController( 2578): refreshSignalCluster: data=-1 bt=false
D/IconMerger( 2578): overflowShown = false
D/IconMerger( 2578): moreRequired = false
D/PowerManagerService( 2387): [api] userActivityFromNative : 3140 (event: 2 flags: 0)
D/STATUSBAR-NetworkController( 2578): refreshSignalCluster: data=-1 bt=false
D/IconMerger( 2578): overflowShown = false
D/IconMerger( 2578): moreRequired = false
D/STATUSBAR-NetworkController( 2578): refreshSignalCluster: data=-1 bt=false
D/IconMerger( 2578): overflowShown = false
D/IconMerger( 2578): moreRequired = false
D/STATUSBAR-NetworkController( 2578): refreshSignalCluster: data=-1 bt=false
D/IconMerger( 2578): overflowShown = false
D/IconMerger( 2578): moreRequired = false
D/STATUSBAR-NetworkController( 2578): refreshSignalCluster: data=-1 bt=false
D/IconMerger( 2578): overflowShown = false
D/IconMerger( 2578): moreRequired = false
D/PowerManagerService( 2387): [api] userActivityFromNative : 3150 (event: 2 flags: 0)
D/STATUSBAR-NetworkController( 2578): refreshSignalCluster: data=-1 bt=false
D/IconMerger( 2578): overflowShown = false
D/IconMerger( 2578): moreRequired = false
D/STATUSBAR-NetworkController( 2578): refreshSignalCluster: data=-1 bt=false
D/IconMerger( 2578): overflowShown = false
D/IconMerger( 2578): moreRequired = false
D/STATUSBAR-NetworkController( 2578): refreshSignalCluster: data=-1 bt=false
D/IconMerger( 2578): overflowShown = false
D/IconMerger( 2578): moreRequired = false
D/PowerManagerService( 2387): [api] userActivityFromNative : 3160 (event: 2 flags: 0)
D/STATUSBAR-NetworkController( 2578): refreshSignalCluster: data=-1 bt=false
D/IconMerger( 2578): overflowShown = false
D/IconMerger( 2578): moreRequired = false
D/STATUSBAR-NetworkController( 2578): refreshSignalCluster: data=-1 bt=false
D/IconMerger( 2578): overflowShown = false
D/IconMerger( 2578): moreRequired = false
D/STATUSBAR-NetworkController( 2578): refreshSignalCluster: data=-1 bt=false
D/IconMerger( 2578): overflowShown = false
D/IconMerger( 2578): moreRequired = false
D/STATUSBAR-NetworkController( 2578): refreshSignalCluster: data=-1 bt=false
D/IconMerger( 2578): overflowShown = false
D/IconMerger( 2578): moreRequired = false
D/PowerManagerService( 2387): [api] userActivityFromNative : 3170 (event: 2 flags: 0)
D/STATUSBAR-NetworkController( 2578): refreshSignalCluster: data=-1 bt=false
D/IconMerger( 2578): overflowShown = false
D/IconMerger( 2578): moreRequired = false
D/STATUSBAR-NetworkController( 2578): refreshSignalCluster: data=-1 bt=false
D/IconMerger( 2578): overflowShown = false
D/IconMerger( 2578): moreRequired = false
D/STATUSBAR-NetworkController( 2578): refreshSignalCluster: data=-1 bt=false
D/IconMerger( 2578): overflowShown = false
D/IconMerger( 2578): moreRequired = false
E/Watchdog( 2387): !@Sync 4303
D/STATUSBAR-NetworkController( 2578): refreshSignalCluster: data=-1 bt=false
D/IconMerger( 2578): overflowShown = false
D/IconMerger( 2578): moreRequired = false
D/STATUSBAR-NetworkController( 2578): refreshSignalCluster: data=-1 bt=false
D/IconMerger( 2578): overflowShown = false
D/IconMerger( 2578): moreRequired = false
D/STATUSBAR-NetworkController( 2578): refreshSignalCluster: data=-1 bt=false
D/IconMerger( 2578): overflowShown = false
D/IconMerger( 2578): moreRequired = false
D/BatteryService( 2387): update start
D/BatteryService( 2387): level:13, scale:100, status:3, health:2, present:true, voltage: 3602, temperature: 360, technology: Li-ion, AC powered:false, USB powered:false, Wireless powered:false, icon:17303346, invalid charger:0, online:1, charge type:0, current avg:-894
D/BatteryService( 2387): Sending ACTION_BATTERY_CHANGED.
D/STATUSBAR-BatteryController( 2578): onReceive() - ACTION_BATTERY_CHANGED
D/STATUSBAR-BatteryController( 2578): onReceive() - BATTERY_STATUS_DISCHARGING: tw_stat_sys_battery
D/STATUSBAR-PhoneStatusBar( 2578):  mBrightnessEnablebySettings = true mBrightnessEnablebyBattery = true mBrightnessEnablebyDisableFlag = true
D/PowerManagerService( 2387): [api] userActivityFromNative : 3180 (event: 2 flags: 0)
--------- beginning of /dev/log/main
V/AudioPolicyManagerBase( 1982): getOutput() returns output 2
V/LvOutput( 1982): initCheck: 0
V/LvOutput( 1982): attachEffects: attach processing to output 2, stream 3, session 6835, mode 0
V/LvOutput( 1982): attachEffects: no output processing needs to be attached to this stream
V/LvOutput( 1982): LvOutput::setAllProcessorEnabled(false) mOutputs.size(0)
V/AudioPolicyManagerBase( 1982): startOutput() output 2, stream 3, session 6835
V/AudioPolicyManagerBase( 1982): changeRefCount() stream 3, count 3
V/AudioPolicyManagerBase( 1982): releaseOutput() 2
E/AudioResampler( 1982): Unsupported sample format, 1 bits, 1 channels
I/AudioResampler( 1982): new MM resampler(22050 -> 48000, 1)
I/InputReader( 2387): Touch event's action is 0x1 (deviceType=0) [pCnt=1, s=] when=129887408789000
I/InputDispatcher( 2387): Delivering touch to: action: 0x1
D/STATUSBAR-NetworkController( 2578): refreshSignalCluster: data=-1 bt=false
D/IconMerger( 2578): overflowShown = false
D/IconMerger( 2578): moreRequired = false
I/InputReader( 2387): Touch event's action is 0x0 (deviceType=0) [pCnt=1, s=0.31692 ] when=129887510132000
I/InputDispatcher( 2387): Delivering touch to: action: 0x0
V/AudioPolicyManagerBase( 1982): getOutput() stream 3, samplingRate 0, format 0, channelMask 3, flags 0
V/AudioPolicyManagerBase( 1982): getOutputsForDevice device 0002 -> 0002
V/AudioPolicyManagerBase( 1982): selectOutput() output 2 outputDesc->mProfile->mFlags 0002 flags 0000
V/AudioPolicyManagerBase( 1982): selectOutput() output 3 outputDesc->mProfile->mFlags 0008 flags 0000
V/AudioPolicyManagerBase( 1982): getOutput() returns output 2
V/AudioPolicyManagerBase( 1982): getOutput() stream 3, samplingRate 0, format 0, channelMask 3, flags 0
V/AudioPolicyManagerBase( 1982): getOutputsForDevice device 0002 -> 0002
V/AudioPolicyManagerBase( 1982): selectOutput() output 2 outputDesc->mProfile->mFlags 0002 flags 0000
V/AudioPolicyManagerBase( 1982): selectOutput() output 3 outputDesc->mProfile->mFlags 0008 flags 0000
V/AudioPolicyManagerBase( 1982): getOutput() returns output 2
V/AudioPolicyManagerBase( 1982): getOutput() stream 3, samplingRate 22050, format 1, channelMask 1, flags 4
V/AudioPolicyManagerBase( 1982): getOutputsForDevice device 0002 -> 0002
V/AudioPolicyManagerBase( 1982): selectOutput() output 2 outputDesc->mProfile->mFlags 0002 flags 0004
V/AudioPolicyManagerBase( 1982): selectOutput() output 3 outputDesc->mProfile->mFlags 0008 flags 0004
V/AudioPolicyManagerBase( 1982): getOutput() returns output 2
V/LvOutput( 1982): initCheck: 0
V/LvOutput( 1982): attachEffects: attach processing to output 2, stream 3, session 6836, mode 0
V/LvOutput( 1982): attachEffects: no output processing needs to be attached to this stream
V/LvOutput( 1982): LvOutput::setAllProcessorEnabled(false) mOutputs.size(0)
V/AudioPolicyManagerBase( 1982): startOutput() output 2, stream 3, session 6836
V/AudioPolicyManagerBase( 1982): changeRefCount() stream 3, count 4
V/AudioPolicyManagerBase( 1982): releaseOutput() 2
E/AudioResampler( 1982): Unsupported sample format, 1 bits, 1 channels
I/AudioResampler( 1982): new MM resampler(22050 -> 48000, 1)
I/InputReader( 2387): Touch event's action is 0x1 (deviceType=0) [pCnt=1, s=] when=129887569107000
I/InputDispatcher( 2387): Delivering touch to: action: 0x1
V/LvOutput( 1982): initCheck: 0
V/LvOutput( 1982): detachEffects: detach processing for output 2, stream 3, session 6832
V/LvOutput( 1982): detachEffects: no output processing was attached to this stream
V/AudioPolicyManagerBase( 1982): stopOutput() output 2, stream 3, session 6832
V/AudioPolicyManagerBase( 1982): changeRefCount() stream 3, count 3
I/InputReader( 2387): Touch event's action is 0x0 (deviceType=0) [pCnt=1, s=0.31693 ] when=129887658726000
I/InputDispatcher( 2387): Delivering touch to: action: 0x0
V/LvOutput( 1982): initCheck: 0
V/LvOutput( 1982): detachEffects: detach processing for output 2, stream 3, session 6835
V/LvOutput( 1982): detachEffects: no output processing was attached to this stream
V/AudioPolicyManagerBase( 1982): stopOutput() output 2, stream 3, session 6835
V/AudioPolicyManagerBase( 1982): changeRefCount() stream 3, count 2
V/AudioPolicyManagerBase( 1982): getOutput() stream 3, samplingRate 0, format 0, channelMask 3, flags 0
V/AudioPolicyManagerBase( 1982): getOutputsForDevice device 0002 -> 0002
V/AudioPolicyManagerBase( 1982): selectOutput() output 2 outputDesc->mProfile->mFlags 0002 flags 0000
V/AudioPolicyManagerBase( 1982): selectOutput() output 3 outputDesc->mProfile->mFlags 0008 flags 0000
V/AudioPolicyManagerBase( 1982): getOutput() returns output 2
V/AudioPolicyManagerBase( 1982): getOutput() stream 3, samplingRate 0, format 0, channelMask 3, flags 0
V/AudioPolicyManagerBase( 1982): getOutputsForDevice device 0002 -> 0002
V/AudioPolicyManagerBase( 1982): selectOutput() output 2 outputDesc->mProfile->mFlags 0002 flags 0000
V/AudioPolicyManagerBase( 1982): selectOutput() output 3 outputDesc->mProfile->mFlags 0008 flags 0000
V/AudioPolicyManagerBase( 1982): getOutput() returns output 2
V/AudioPolicyManagerBase( 1982): getOutput() stream 3, samplingRate 22050, format 1, channelMask 1, flags 4
V/AudioPolicyManagerBase( 1982): getOutputsForDevice device 0002 -> 0002
V/AudioPolicyManagerBase( 1982): selectOutput() output 2 outputDesc->mProfile->mFlags 0002 flags 0004
V/AudioPolicyManagerBase( 1982): selectOutput() output 3 outputDesc->mProfile->mFlags 0008 flags 0004
V/AudioPolicyManagerBase( 1982): getOutput() returns output 2
V/LvOutput( 1982): initCheck: 0
V/LvOutput( 1982): attachEffects: attach processing to output 2, stream 3, session 6837, mode 0
V/LvOutput( 1982): attachEffects: no output processing needs to be attached to this stream
V/LvOutput( 1982): LvOutput::setAllProcessorEnabled(false) mOutputs.size(0)
V/AudioPolicyManagerBase( 1982): startOutput() output 2, stream 3, session 6837
V/AudioPolicyManagerBase( 1982): changeRefCount() stream 3, count 3
V/AudioPolicyManagerBase( 1982): releaseOutput() 2
E/AudioResampler( 1982): Unsupported sample format, 1 bits, 1 channels
I/AudioResampler( 1982): new MM resampler(22050 -> 48000, 1)
I/InputReader( 2387): Touch event's action is 0x1 (deviceType=0) [pCnt=1, s=] when=129887729640000
I/InputDispatcher( 2387): Delivering touch to: action: 0x1
V/LvOutput( 1982): initCheck: 0
V/LvOutput( 1982): detachEffects: detach processing for output 2, stream 3, session 6836
V/LvOutput( 1982): detachEffects: no output processing was attached to this stream
V/AudioPolicyManagerBase( 1982): stopOutput() output 2, stream 3, session 6836
V/AudioPolicyManagerBase( 1982): changeRefCount() stream 3, count 2
I/InputReader( 2387): Touch event's action is 0x0 (deviceType=0) [pCnt=1, s=0.31694 ] when=129887819211000
I/InputDispatcher( 2387): Delivering touch to: action: 0x0
V/AudioPolicyManagerBase( 1982): getOutput() stream 3, samplingRate 0, format 0, channelMask 3, flags 0
V/AudioPolicyManagerBase( 1982): getOutputsForDevice device 0002 -> 0002
V/AudioPolicyManagerBase( 1982): selectOutput() output 2 outputDesc->mProfile->mFlags 0002 flags 0000
V/AudioPolicyManagerBase( 1982): selectOutput() output 3 outputDesc->mProfile->mFlags 0008 flags 0000
V/AudioPolicyManagerBase( 1982): getOutput() returns output 2
V/AudioPolicyManagerBase( 1982): getOutput() stream 3, samplingRate 0, format 0, channelMask 3, flags 0
V/AudioPolicyManagerBase( 1982): getOutputsForDevice device 0002 -> 0002
V/AudioPolicyManagerBase( 1982): selectOutput() output 2 outputDesc->mProfile->mFlags 0002 flags 0000
V/AudioPolicyManagerBase( 1982): selectOutput() output 3 outputDesc->mProfile->mFlags 0008 flags 0000
V/AudioPolicyManagerBase( 1982): getOutput() returns output 2
V/AudioPolicyManagerBase( 1982): getOutput() stream 3, samplingRate 22050, format 1, channelMask 1, flags 4
V/AudioPolicyManagerBase( 1982): getOutputsForDevice device 0002 -> 0002
V/AudioPolicyManagerBase( 1982): selectOutput() output 2 outputDesc->mProfile->mFlags 0002 flags 0004
V/AudioPolicyManagerBase( 1982): selectOutput() output 3 outputDesc->mProfile->mFlags 0008 flags 0004
V/AudioPolicyManagerBase( 1982): getOutput() returns output 2
V/LvOutput( 1982): initCheck: 0
V/LvOutput( 1982): attachEffects: attach processing to output 2, stream 3, session 6838, mode 0
V/LvOutput( 1982): attachEffects: no output processing needs to be attached to this stream
V/LvOutput( 1982): LvOutput::setAllProcessorEnabled(false) mOutputs.size(0)
V/AudioPolicyManagerBase( 1982): startOutput() output 2, stream 3, session 6838
V/AudioPolicyManagerBase( 1982): changeRefCount() stream 3, count 3
V/AudioPolicyManagerBase( 1982): releaseOutput() 2
E/AudioResampler( 1982): Unsupported sample format, 1 bits, 1 channels
I/AudioResampler( 1982): new MM resampler(22050 -> 48000, 1)
I/InputReader( 2387): Touch event's action is 0x1 (deviceType=0) [pCnt=1, s=] when=129887879623000
I/InputDispatcher( 2387): Delivering touch to: action: 0x1
V/LvOutput( 1982): initCheck: 0
V/LvOutput( 1982): detachEffects: detach processing for output 2, stream 3, session 6837
V/LvOutput( 1982): detachEffects: no output processing was attached to this stream
V/AudioPolicyManagerBase( 1982): stopOutput() output 2, stream 3, session 6837
V/AudioPolicyManagerBase( 1982): changeRefCount() stream 3, count 2
V/AudioPolicyManagerBase( 1982): getOutput() stream 3, samplingRate 0, format 0, channelMask 3, flags 0
V/AudioPolicyManagerBase( 1982): getOutputsForDevice device 0002 -> 0002
V/AudioPolicyManagerBase( 1982): selectOutput() output 2 outputDesc->mProfile->mFlags 0002 flags 0000
V/AudioPolicyManagerBase( 1982): selectOutput() output 3 outputDesc->mProfile->mFlags 0008 flags 0000
V/AudioPolicyManagerBase( 1982): getOutput() returns output 2
V/AudioPolicyManagerBase( 1982): getOutput() stream 3, samplingRate 0, format 0, channelMask 3, flags 0
V/AudioPolicyManagerBase( 1982): getOutputsForDevice device 0002 -> 0002
V/AudioPolicyManagerBase( 1982): selectOutput() output 2 outputDesc->mProfile->mFlags 0002 flags 0000
V/AudioPolicyManagerBase( 1982): selectOutput() output 3 outputDesc->mProfile->mFlags 0008 flags 0000
V/AudioPolicyManagerBase( 1982): getOutput() returns output 2
V/AudioPolicyManagerBase( 1982): getOutput() stream 3, samplingRate 22050, format 1, channelMask 1, flags 4
V/AudioPolicyManagerBase( 1982): getOutputsForDevice device 0002 -> 0002
V/AudioPolicyManagerBase( 1982): selectOutput() output 2 outputDesc->mProfile->mFlags 0002 flags 0004
V/AudioPolicyManagerBase( 1982): selectOutput() output 3 outputDesc->mProfile->mFlags 0008 flags 0004
V/AudioPolicyManagerBase( 1982): getOutput() returns output 2
V/LvOutput( 1982): initCheck: 0
V/LvOutput( 1982): attachEffects: attach processing to output 2, stream 3, session 6839, mode 0
V/LvOutput( 1982): attachEffects: no output processing needs to be attached to this stream
V/LvOutput( 1982): LvOutput::setAllProcessorEnabled(false) mOutputs.size(0)
V/AudioPolicyManagerBase( 1982): startOutput() output 2, stream 3, session 6839
V/AudioPolicyManagerBase( 1982): changeRefCount() stream 3, count 3
V/AudioPolicyManagerBase( 1982): releaseOutput() 2
V/AudioPolicyManagerBase( 1982): getOutput() stream 3, samplingRate 0, format 0, channelMask 3, flags 0
V/AudioPolicyManagerBase( 1982): getOutputsForDevice device 0002 -> 0002
V/AudioPolicyManagerBase( 1982): selectOutput() output 2 outputDesc->mProfile->mFlags 0002 flags 0000
V/AudioPolicyManagerBase( 1982): selectOutput() output 3 outputDesc->mProfile->mFlags 0008 flags 0000
V/AudioPolicyManagerBase( 1982): getOutput() returns output 2
V/AudioPolicyManagerBase( 1982): getOutput() stream 3, samplingRate 0, format 0, channelMask 3, flags 0
V/AudioPolicyManagerBase( 1982): getOutputsForDevice device 0002 -> 0002
V/AudioPolicyManagerBase( 1982): selectOutput() output 2 outputDesc->mProfile->mFlags 0002 flags 0000
V/AudioPolicyManagerBase( 1982): selectOutput() output 3 outputDesc->mProfile->mFlags 0008 flags 0000
V/AudioPolicyManagerBase( 1982): getOutput() returns output 2
V/AudioPolicyManagerBase( 1982): getOutput() stream 3, samplingRate 22050, format 1, channelMask 1, flags 4
V/AudioPolicyManagerBase( 1982): getOutputsForDevice device 0002 -> 0002
V/AudioPolicyManagerBase( 1982): selectOutput() output 2 outputDesc->mProfile->mFlags 0002 flags 0004
V/AudioPolicyManagerBase( 1982): selectOutput() output 3 outputDesc->mProfile->mFlags 0008 flags 0004
V/AudioPolicyManagerBase( 1982): getOutput() returns output 2
V/LvOutput( 1982): initCheck: 0
V/LvOutput( 1982): attachEffects: attach processing to output 2, stream 3, session 6840, mode 0
V/LvOutput( 1982): attachEffects: no output processing needs to be attached to this stream
V/LvOutput( 1982): LvOutput::setAllProcessorEnabled(false) mOutputs.size(0)
V/AudioPolicyManagerBase( 1982): startOutput() output 2, stream 3, session 6840
V/AudioPolicyManagerBase( 1982): changeRefCount() stream 3, count 4
V/AudioPolicyManagerBase( 1982): releaseOutput() 2
E/AudioResampler( 1982): Unsupported sample format, 1 bits, 1 channels
E/AudioResampler( 1982): Unsupported sample format, 1 bits, 1 channels
I/AudioResampler( 1982): new MM resampler(22050 -> 48000, 1)
I/AudioResampler( 1982): new MM resampler(22050 -> 48000, 1)
I/InputReader( 2387): Touch event's action is 0x0 (deviceType=0) [pCnt=1, s=0.31695 ] when=129887957341000
I/InputDispatcher( 2387): Delivering touch to: action: 0x0
V/AudioPolicyManagerBase( 1982): getOutput() stream 3, samplingRate 0, format 0, channelMask 3, flags 0
V/AudioPolicyManagerBase( 1982): getOutputsForDevice device 0002 -> 0002
V/AudioPolicyManagerBase( 1982): selectOutput() output 2 outputDesc->mProfile->mFlags 0002 flags 0000
V/AudioPolicyManagerBase( 1982): selectOutput() output 3 outputDesc->mProfile->mFlags 0008 flags 0000
V/AudioPolicyManagerBase( 1982): getOutput() returns output 2
V/AudioPolicyManagerBase( 1982): getOutput() stream 3, samplingRate 0, format 0, channelMask 3, flags 0
V/AudioPolicyManagerBase( 1982): getOutputsForDevice device 0002 -> 0002
V/AudioPolicyManagerBase( 1982): selectOutput() output 2 outputDesc->mProfile->mFlags 0002 flags 0000
V/AudioPolicyManagerBase( 1982): selectOutput() output 3 outputDesc->mProfile->mFlags 0008 flags 0000
V/AudioPolicyManagerBase( 1982): getOutput() returns output 2
V/AudioPolicyManagerBase( 1982): getOutput() stream 3, samplingRate 22050, format 1, channelMask 1, flags 4
V/AudioPolicyManagerBase( 1982): getOutputsForDevice device 0002 -> 0002
V/AudioPolicyManagerBase( 1982): selectOutput() output 2 outputDesc->mProfile->mFlags 0002 flags 0004
V/AudioPolicyManagerBase( 1982): selectOutput() output 3 outputDesc->mProfile->mFlags 0008 flags 0004
V/AudioPolicyManagerBase( 1982): getOutput() returns output 2
V/LvOutput( 1982): initCheck: 0
V/LvOutput( 1982): attachEffects: attach processing to output 2, stream 3, session 6841, mode 0
V/LvOutput( 1982): attachEffects: no output processing needs to be attached to this stream
V/LvOutput( 1982): LvOutput::setAllProcessorEnabled(false) mOutputs.size(0)
V/AudioPolicyManagerBase( 1982): startOutput() output 2, stream 3, session 6841
V/AudioPolicyManagerBase( 1982): changeRefCount() stream 3, count 5
V/AudioPolicyManagerBase( 1982): releaseOutput() 2
E/AudioResampler( 1982): Unsupported sample format, 1 bits, 1 channels
I/AudioResampler( 1982): new MM resampler(22050 -> 48000, 1)
I/InputReader( 2387): Touch event's action is 0x1 (deviceType=0) [pCnt=1, s=] when=129888045091000
I/InputDispatcher( 2387): Delivering touch to: action: 0x1
I/InputReader( 2387): Touch event's action is 0x0 (deviceType=0) [pCnt=1, s=0.31696 ] when=129888077434000
I/InputDispatcher( 2387): Delivering touch to: action: 0x0
V/AudioPolicyManagerBase( 1982): getOutput() stream 3, samplingRate 0, format 0, channelMask 3, flags 0
