--------- beginning of /dev/log/system
W/ContextImpl( 2387): Calling a method in the system process without a qualified user: android.app.ContextImpl.sendBroadcast:1361 com.android.server.am.ActivityManagerService.cleanUpApplicationRecordLocked:12456 com.android.server.am.ActivityManagerService.handleAppDiedLocked:3637 com.android.server.am.ActivityManagerService.appDiedLocked:3741 com.android.server.am.ActivityManagerService$AppDeathRecipient.binderDied:1001 
D/BatteryService( 2387): update start
D/BatteryService( 2387): level:20, scale:100, status:3, health:2, present:true, voltage: 3639, temperature: 367, technology: Li-ion, AC powered:false, USB powered:false, Wireless powered:false, icon:17303346, invalid charger:0, online:1, charge type:0, current avg:-980
D/BatteryService( 2387): Sending ACTION_BATTERY_CHANGED.
D/STATUSBAR-BatteryController( 2578): onReceive() - ACTION_BATTERY_CHANGED
D/STATUSBAR-BatteryController( 2578): onReceive() - BATTERY_STATUS_DISCHARGING: tw_stat_sys_battery
D/STATUSBAR-PhoneStatusBar( 2578):  mBrightnessEnablebySettings = true mBrightnessEnablebyBattery = true mBrightnessEnablebyDisableFlag = true
W/ContextImpl( 2387): Calling a method in the system process without a qualified user: android.app.ContextImpl.sendBroadcast:1361 com.android.server.am.ActivityManagerService.cleanUpApplicationRecordLocked:12456 com.android.server.am.ActivityManagerService.handleAppDiedLocked:3637 com.android.server.am.ActivityManagerService.appDiedLocked:3741 com.android.server.am.ActivityManagerService$AppDeathRecipient.binderDied:1001 
D/MediaProvider(20766): Attached volume: internal
D/MediaProvider(20766): Attached volume: external
I/WAKELOCK_RELEASE( 2387): TIMESTAMP=693129339536747, TAG=AsyncService, TYPE=PARTIAL_WAKE_LOCK             , COUNT=0, PID=20745, UID=10079
W/ContextImpl( 2387): Calling a method in the system process without a qualified user: android.app.ContextImpl.sendBroadcast:1361 com.android.server.am.ActivityManagerService.cleanUpApplicationRecordLocked:12456 com.android.server.am.ActivityManagerService.handleAppDiedLocked:3637 com.android.server.am.ActivityManagerService.appDiedLocked:3741 com.android.server.am.ActivityManagerService$AppDeathRecipient.binderDied:1001 
W/ProcessStats( 2387): Skipping unknown process pid 20662
W/ContextImpl( 2387): Calling a method in the system process without a qualified user: android.app.ContextImpl.sendBroadcast:1361 com.android.server.am.ActivityManagerService.cleanUpApplicationRecordLocked:12456 com.android.server.am.ActivityManagerService.handleAppDiedLocked:3637 com.android.server.am.ActivityManagerService.appDiedLocked:3741 com.android.server.am.ActivityManagerService$AppDeathRecipient.binderDied:1001 
D/STATUSBAR-NetworkController( 2578): refreshSignalCluster: data=-1 bt=false
D/IconMerger( 2578): overflowShown = false
D/IconMerger( 2578): moreRequired = false
I/WAKELOCK_RELEASE( 2387): TIMESTAMP=693130066259633, TAG=fingerprint_scanner_static, TYPE=PARTIAL_WAKE_LOCK             , COUNT=0, PID=20745, UID=10079
D/PowerManagerService( 2387): [api] userActivityFromNative : 2590 (event: 2 flags: 0)
I/WAKELOCK_RELEASE( 2387): TIMESTAMP=693130638116686, TAG=fingerprint_scanner_local, TYPE=PARTIAL_WAKE_LOCK             , COUNT=0, PID=20745, UID=10079
I/ActivityManager( 2387): Process com.metago.astro (pid 20787) (adj 11) has died.
W/ContextImpl( 2387): Calling a method in the system process without a qualified user: android.app.ContextImpl.sendBroadcast:1361 com.android.server.am.ActivityManagerService.cleanUpApplicationRecordLocked:12456 com.android.server.am.ActivityManagerService.handleAppDiedLocked:3637 com.android.server.am.ActivityManagerService.appDiedLocked:3741 com.android.server.am.ActivityManagerService$AppDeathRecipient.binderDied:1001 
I/ActivityManager( 2387): Process com.google.android.talk (pid 20712) (adj 13) has died.
W/ContextImpl( 2387): Calling a method in the system process without a qualified user: android.app.ContextImpl.sendBroadcast:1361 com.android.server.am.ActivityManagerService.cleanUpApplicationRecordLocked:12456 com.android.server.am.ActivityManagerService.handleAppDiedLocked:3637 com.android.server.am.ActivityManagerService.appDiedLocked:3741 com.android.server.am.ActivityManagerService$AppDeathRecipient.binderDied:1001 
I/ActivityManager( 2387): Process android.process.media (pid 20766) (adj 9) has died.
W/ContextImpl( 2387): Calling a method in the system process without a qualified user: android.app.ContextImpl.sendBroadcast:1361 com.android.server.am.ActivityManagerService.cleanUpApplicationRecordLocked:12456 com.android.server.am.ActivityManagerService.handleAppDiedLocked:3637 com.android.server.am.ActivityManagerService.appDiedLocked:3741 com.android.server.am.ActivityManagerService$AppDeathRecipient.binderDied:1001 
I/WAKELOCK_RELEASE( 2387): TIMESTAMP=693130844922179, TAG=AudioOut_2, TYPE=PARTIAL_WAKE_LOCK             , COUNT=0, PID=1982, UID=1013
D/STATUSBAR-NetworkController( 2578): refreshSignalCluster: data=-1 bt=false
D/IconMerger( 2578): overflowShown = false
D/IconMerger( 2578): moreRequired = false
I/WAKELOCK_RELEASE( 2387): TIMESTAMP=693130973022947, TAG=Icing, TYPE=PARTIAL_WAKE_LOCK             , COUNT=0, PID=20694, UID=10018
I/WAKELOCK_RELEASE( 2387): TIMESTAMP=693131035156714, TAG=Icing, TYPE=PARTIAL_WAKE_LOCK             , COUNT=0, PID=20694, UID=10018
I/WAKELOCK_RELEASE( 2387): TIMESTAMP=693131103809665, TAG=Icing, TYPE=PARTIAL_WAKE_LOCK             , COUNT=0, PID=20694, UID=10018
I/WAKELOCK_RELEASE( 2387): TIMESTAMP=693131178937499, TAG=Icing, TYPE=PARTIAL_WAKE_LOCK             , COUNT=0, PID=20694, UID=10018
I/WAKELOCK_RELEASE( 2387): TIMESTAMP=693131756115282, TAG=AlarmManager, TYPE=PARTIAL_WAKE_LOCK             , COUNT=0, PID=2387, UID=1000
W/ContextImpl( 2387): Calling a method in the system process without a qualified user: android.app.ContextImpl.sendBroadcast:1361 com.android.server.am.ActivityManagerService.cleanUpApplicationRecordLocked:12456 com.android.server.am.ActivityManagerService.handleAppDiedLocked:3637 com.android.server.am.ActivityManagerService.appDiedLocked:3741 com.android.server.am.ActivityManagerService$AppDeathRecipient.binderDied:1001 
V/VibratorService( 2387): useVibetonz: false
D/STATUSBAR-NetworkController( 2578): refreshSignalCluster: data=-1 bt=false
D/IconMerger( 2578): overflowShown = false
D/IconMerger( 2578): moreRequired = false
I/Monitor ( 2387): changeState : Name :Level-0 -> Level-1
I/Monitor ( 2387): changeState : freq : -1 -> -1
D/Monitor ( 2387): limitCPUFreq:: freq = -1
D/Monitor ( 2387): limitCPUFreq:: SIOP CPU freq max lock is released.
D/Monitor ( 2387): limitFlashLed:: bLimit = false
D/Monitor ( 2387): limitRecording:: recordingStop = false
D/Monitor ( 2387): limitBrightness : -1
D/PowerManagerService( 2387): [api] setMasterBrightnessLimit : maxBrightness : -1 (uid: 1000 pid: 2387)
D/Monitor ( 2387): limitDualRecordingToSingle:: dualRecordingToSingle = false
I/Monitor ( 2387): fileWriteInt : /sys/class/lcd/panel/siop_enable  value : 1
I/WAKELOCK_RELEASE( 2387): TIMESTAMP=693133383888943, TAG=*net_scheduler*, TYPE=PARTIAL_WAKE_LOCK             , COUNT=0, PID=18264, UID=10018
D/STATUSBAR-NetworkController( 2578): refreshSignalCluster: data=-1 bt=false
D/IconMerger( 2578): overflowShown = false
D/IconMerger( 2578): moreRequired = false
W/ContextImpl( 2387): Calling a method in the system process without a qualified user: android.app.ContextImpl.sendBroadcast:1361 com.android.server.am.ActivityManagerService.cleanUpApplicationRecordLocked:12456 com.android.server.am.ActivityManagerService.handleAppDiedLocked:3637 com.android.server.am.ActivityManagerService.appDiedLocked:3741 com.android.server.am.ActivityManagerService$AppDeathRecipient.binderDied:1001 
D/STATUSBAR-NetworkController( 2578): refreshSignalCluster: data=-1 bt=false
D/IconMerger( 2578): overflowShown = false
D/IconMerger( 2578): moreRequired = false
D/STATUSBAR-NetworkController( 2578): refreshSignalCluster: data=-1 bt=false
D/IconMerger( 2578): overflowShown = false
D/IconMerger( 2578): moreRequired = false
D/STATUSBAR-NetworkController( 2578): onReceive() - RSSI_CHANGED_ACTION, WIFI_STATE, NETWORK_STATE
D/STATUSBAR-NetworkController( 2578): refreshSignalCluster: data=-1 bt=false
D/IconMerger( 2578): overflowShown = false
D/IconMerger( 2578): moreRequired = false
D/STATUSBAR-NetworkController( 2578): refreshSignalCluster: data=-1 bt=false
D/IconMerger( 2578): overflowShown = false
D/IconMerger( 2578): moreRequired = false
D/STATUSBAR-NetworkController( 2578): refreshSignalCluster: data=-1 bt=false
D/IconMerger( 2578): overflowShown = false
D/IconMerger( 2578): moreRequired = false
D/STATUSBAR-NetworkController( 2578): onReceive() - RSSI_CHANGED_ACTION, WIFI_STATE, NETWORK_STATE
D/STATUSBAR-NetworkController( 2578): refreshSignalCluster: data=-1 bt=false
D/IconMerger( 2578): overflowShown = false
D/IconMerger( 2578): moreRequired = false
I/ActivityManager( 2387): Process com.google.android.gsf.login (pid 20834) (adj 13) has died.
W/ContextImpl( 2387): Calling a method in the system process without a qualified user: android.app.ContextImpl.sendBroadcast:1361 com.android.server.am.ActivityManagerService.cleanUpApplicationRecordLocked:12456 com.android.server.am.ActivityManagerService.handleAppDiedLocked:3637 com.android.server.am.ActivityManagerService.appDiedLocked:3741 com.android.server.am.ActivityManagerService$AppDeathRecipient.binderDied:1001 
I/ActivityManager( 2387): Process com.google.android.gms (pid 20694) (adj 11) has died.
W/ContextImpl( 2387): Calling a method in the system process without a qualified user: android.app.ContextImpl.sendBroadcast:1361 com.android.server.am.ActivityManagerService.cleanUpApplicationRecordLocked:12456 com.android.server.am.ActivityManagerService.handleAppDiedLocked:3637 com.android.server.am.ActivityManagerService.appDiedLocked:3741 com.android.server.am.ActivityManagerService$AppDeathRecipient.binderDied:1001 
I/ActivityManager( 2387): Process ru.yandex.yandexmaps (pid 20808) (adj 9) has died.
W/ContextImpl( 2387): Calling a method in the system process without a qualified user: android.app.ContextImpl.sendBroadcast:1361 com.android.server.am.ActivityManagerService.cleanUpApplicationRecordLocked:12456 com.android.server.am.ActivityManagerService.handleAppDiedLocked:3637 com.android.server.am.ActivityManagerService.appDiedLocked:3741 com.android.server.am.ActivityManagerService$AppDeathRecipient.binderDied:1001 
D/PowerManagerService( 2387): [api] userActivityFromNative : 2600 (event: 2 flags: 0)
I/ActivityManager( 2387): Process com.android.contacts (pid 20856) (adj 9) has died.
W/ContextImpl( 2387): Calling a method in the system process without a qualified user: android.app.ContextImpl.sendBroadcast:1361 com.android.server.am.ActivityManagerService.cleanUpApplicationRecordLocked:12456 com.android.server.am.ActivityManagerService.handleAppDiedLocked:3637 com.android.server.am.ActivityManagerService.appDiedLocked:3741 com.android.server.am.ActivityManagerService$AppDeathRecipient.binderDied:1001 
D/STATUSBAR-NetworkController( 2578): refreshSignalCluster: data=-1 bt=false
D/IconMerger( 2578): overflowShown = false
D/IconMerger( 2578): moreRequired = false
W/ContextImpl(20948): Calling a method in the system process without a qualified user: android.app.ContextImpl.startService:1681 android.content.ContextWrapper.startService:457 com.wssyncmldm.XDMApplication.onCreate:73 android.app.Instrumentation.callApplicationOnCreate:1017 android.app.ActivityThread.handleBindApplication:4552 
W/ContextImpl(20948): Calling a method in the system process without a qualified user: android.app.ContextImpl.bindService:1745 android.content.ContextWrapper.bindService:480 com.wssyncmldm.ui.XUINotificationManager.BindService:62 com.wssyncmldm.ui.XUINotificationManager.xuiSetIndicator:94 com.wssyncmldm.agent.XDMTask.xdmAgentTaskHandler:175 
I/WAKELOCK_RELEASE( 2387): TIMESTAMP=693152271511817, TAG=wakeLock, TYPE=PARTIAL_WAKE_LOCK             , COUNT=0, PID=20948, UID=1000
E/Watchdog( 2387): !@Sync 4246
I/Monitor ( 2387): changeState : Name :Level-1 -> Level-0
I/Monitor ( 2387): changeState : freq : -1 -> -1
D/Monitor ( 2387): limitCPUFreq:: freq = -1
D/Monitor ( 2387): limitCPUFreq:: SIOP CPU freq max lock is released.
D/Monitor ( 2387): limitFlashLed:: bLimit = false
D/Monitor ( 2387): limitRecording:: recordingStop = false
D/Monitor ( 2387): limitBrightness : -1
D/PowerManagerService( 2387): [api] setMasterBrightnessLimit : maxBrightness : -1 (uid: 1000 pid: 2387)
D/Monitor ( 2387): limitDualRecordingToSingle:: dualRecordingToSingle = false
I/Monitor ( 2387): fileWriteInt : /sys/class/lcd/panel/siop_enable  value : 0
V/AlarmManager( 2387): waitForAlarm result :8
D/KeyguardClockWidgetService(12859): onReceive action=android.intent.action.TIME_TICK
V/AlarmManager( 2387): ClockReceiver onReceive() ACTION_TIME_TICK
D/IconMerger( 2578): overflowShown = false
D/IconMerger( 2578): moreRequired = false
I/WAKELOCK_RELEASE( 2387): TIMESTAMP=693154153095828, TAG=AlarmManager, TYPE=PARTIAL_WAKE_LOCK             , COUNT=0, PID=2387, UID=1000
D/STATUSBAR-NetworkController( 2578): refreshSignalCluster: data=-1 bt=false
D/IconMerger( 2578): overflowShown = false
D/IconMerger( 2578): moreRequired = false
I/WAKELOCK_RELEASE( 2387): TIMESTAMP=693155223942415, TAG=AudioOut_2, TYPE=PARTIAL_WAKE_LOCK             , COUNT=0, PID=1982, UID=1013
D/BatteryService( 2387): update start
D/BatteryService( 2387): level:20, scale:100, status:3, health:2, present:true, voltage: 3638, temperature: 365, technology: Li-ion, AC powered:false, USB powered:false, Wireless powered:false, icon:17303346, invalid charger:0, online:1, charge type:0, current avg:-831
D/BatteryService( 2387): Sending ACTION_BATTERY_CHANGED.
D/STATUSBAR-BatteryController( 2578): onReceive() - ACTION_BATTERY_CHANGED
D/STATUSBAR-BatteryController( 2578): onReceive() - BATTERY_STATUS_DISCHARGING: tw_stat_sys_battery
D/STATUSBAR-PhoneStatusBar( 2578):  mBrightnessEnablebySettings = true mBrightnessEnablebyBattery = true mBrightnessEnablebyDisableFlag = true
I/WAKELOCK_RELEASE( 2387): TIMESTAMP=693159697819016, TAG=AudioOut_2, TYPE=PARTIAL_WAKE_LOCK             , COUNT=0, PID=1982, UID=1013
D/STATUSBAR-NetworkController( 2578): onReceive() - RSSI_CHANGED_ACTION, WIFI_STATE, NETWORK_STATE
D/STATUSBAR-NetworkController( 2578): refreshSignalCluster: data=-1 bt=false
D/IconMerger( 2578): overflowShown = false
D/IconMerger( 2578): moreRequired = false
D/STATUSBAR-NetworkController( 2578): refreshSignalCluster: data=-1 bt=false
D/IconMerger( 2578): overflowShown = false
D/IconMerger( 2578): moreRequired = false
D/STATUSBAR-NetworkController( 2578): refreshSignalCluster: data=-1 bt=false
D/IconMerger( 2578): overflowShown = false
D/IconMerger( 2578): moreRequired = false
D/STATUSBAR-NetworkController( 2578): refreshSignalCluster: data=-1 bt=false
D/IconMerger( 2578): overflowShown = false
D/IconMerger( 2578): moreRequired = false
D/STATUSBAR-NetworkController( 2578): refreshSignalCluster: data=-1 bt=false
D/IconMerger( 2578): overflowShown = false
D/IconMerger( 2578): moreRequired = false
D/STATUSBAR-NetworkController( 2578): refreshSignalCluster: data=-1 bt=false
D/IconMerger( 2578): overflowShown = false
D/IconMerger( 2578): moreRequired = false
I/WAKELOCK_RELEASE( 2387): TIMESTAMP=693169109759256, TAG=AudioOut_2, TYPE=PARTIAL_WAKE_LOCK             , COUNT=0, PID=1982, UID=1013
D/STATUSBAR-NetworkController( 2578): refreshSignalCluster: data=-1 bt=false
D/IconMerger( 2578): overflowShown = false
D/IconMerger( 2578): moreRequired = false
D/STATUSBAR-NetworkController( 2578): refreshSignalCluster: data=-1 bt=false
D/IconMerger( 2578): overflowShown = false
D/IconMerger( 2578): moreRequired = false
D/STATUSBAR-NetworkController( 2578): refreshSignalCluster: data=-1 bt=false
D/IconMerger( 2578): overflowShown = false
D/IconMerger( 2578): moreRequired = false
D/STATUSBAR-NetworkController( 2578): onReceive() - RSSI_CHANGED_ACTION, WIFI_STATE, NETWORK_STATE
D/STATUSBAR-NetworkController( 2578): refreshSignalCluster: data=-1 bt=false
D/IconMerger( 2578): overflowShown = false
D/IconMerger( 2578): moreRequired = false
D/STATUSBAR-NetworkController( 2578): refreshSignalCluster: data=-1 bt=false
D/IconMerger( 2578): overflowShown = false
D/IconMerger( 2578): moreRequired = false
D/STATUSBAR-NetworkController( 2578): refreshSignalCluster: data=-1 bt=false
D/IconMerger( 2578): overflowShown = false
D/IconMerger( 2578): moreRequired = false
E/Watchdog( 2387): !@Sync 4247
D/BatteryService( 2387): update start
D/BatteryService( 2387): level:20, scale:100, status:3, health:2, present:true, voltage: 3620, temperature: 364, technology: Li-ion, AC powered:false, USB powered:false, Wireless powered:false, icon:17303346, invalid charger:0, online:1, charge type:0, current avg:-803
D/BatteryService( 2387): Sending ACTION_BATTERY_CHANGED.
D/STATUSBAR-BatteryController( 2578): onReceive() - ACTION_BATTERY_CHANGED
D/STATUSBAR-BatteryController( 2578): onReceive() - BATTERY_STATUS_DISCHARGING: tw_stat_sys_battery
D/STATUSBAR-PhoneStatusBar( 2578):  mBrightnessEnablebySettings = true mBrightnessEnablebyBattery = true mBrightnessEnablebyDisableFlag = true
I/WAKELOCK_RELEASE( 2387): TIMESTAMP=693188138291447, TAG=AudioOut_2, TYPE=PARTIAL_WAKE_LOCK             , COUNT=0, PID=1982, UID=1013
D/STATUSBAR-NetworkController( 2578): onReceive() - RSSI_CHANGED_ACTION, WIFI_STATE, NETWORK_STATE
D/STATUSBAR-NetworkController( 2578): refreshSignalCluster: data=-1 bt=false
D/IconMerger( 2578): overflowShown = false
D/IconMerger( 2578): moreRequired = false
D/STATUSBAR-NetworkController( 2578): onReceive() - RSSI_CHANGED_ACTION, WIFI_STATE, NETWORK_STATE
D/STATUSBAR-NetworkController( 2578): refreshSignalCluster: data=-1 bt=false
D/IconMerger( 2578): overflowShown = false
D/IconMerger( 2578): moreRequired = false
D/STATUSBAR-NetworkController( 2578): refreshSignalCluster: data=-1 bt=false
D/IconMerger( 2578): overflowShown = false
D/IconMerger( 2578): moreRequired = false
D/STATUSBAR-NetworkController( 2578): onReceive() - RSSI_CHANGED_ACTION, WIFI_STATE, NETWORK_STATE
D/STATUSBAR-NetworkController( 2578): refreshSignalCluster: data=-1 bt=false
D/IconMerger( 2578): overflowShown = false
D/IconMerger( 2578): moreRequired = false
I/WAKELOCK_RELEASE( 2387): TIMESTAMP=693196083742647, TAG=AudioOut_2, TYPE=PARTIAL_WAKE_LOCK             , COUNT=0, PID=1982, UID=1013
D/STATUSBAR-NetworkController( 2578): refreshSignalCluster: data=-1 bt=false
D/IconMerger( 2578): overflowShown = false
D/IconMerger( 2578): moreRequired = false
D/STATUSBAR-NetworkController( 2578): refreshSignalCluster: data=-1 bt=false
D/IconMerger( 2578): overflowShown = false
D/IconMerger( 2578): moreRequired = false
D/STATUSBAR-NetworkController( 2578): refreshSignalCluster: data=-1 bt=false
D/IconMerger( 2578): overflowShown = false
D/IconMerger( 2578): moreRequired = false
D/STATUSBAR-NetworkController( 2578): onReceive() - RSSI_CHANGED_ACTION, WIFI_STATE, NETWORK_STATE
D/STATUSBAR-NetworkController( 2578): refreshSignalCluster: data=-1 bt=false
D/IconMerger( 2578): overflowShown = false
D/IconMerger( 2578): moreRequired = false
I/ActivityManager( 2387): Process com.sec.esdk.elm (pid 19794) (adj 8) has died.
W/ActivityManager( 2387): Canceling start item Intent { cmp=com.sec.esdk.elm/.service.ElmAgentService (has extras) } in service ComponentInfo{com.sec.esdk.elm/com.sec.esdk.elm.service.ElmAgentService}
W/ContextImpl( 2387): Calling a method in the system process without a qualified user: android.app.ContextImpl.sendBroadcast:1361 com.android.server.am.ActivityManagerService.cleanUpApplicationRecordLocked:12456 com.android.server.am.ActivityManagerService.handleAppDiedLocked:3637 com.android.server.am.ActivityManagerService.appDiedLocked:3741 com.android.server.am.ActivityManagerService$AppDeathRecipient.binderDied:1001 
I/ActivityManager( 2387): Process org.simalliance.openmobileapi.service:remote (pid 20163) (adj 8) has died.
W/ContextImpl( 2387): Calling a method in the system process without a qualified user: android.app.ContextImpl.sendBroadcast:1361 com.android.server.am.ActivityManagerService.cleanUpApplicationRecordLocked:12456 com.android.server.am.ActivityManagerService.handleAppDiedLocked:3637 com.android.server.am.ActivityManagerService.appDiedLocked:3741 com.android.server.am.ActivityManagerService$AppDeathRecipient.binderDied:1001 
I/ActivityManager( 2387): Process com.google.process.gapps (pid 18264) (adj 8) has died.
W/ContextImpl( 2387): Calling a method in the system process without a qualified user: android.app.ContextImpl.sendBroadcast:1361 com.android.server.am.ActivityManagerService.cleanUpApplicationRecordLocked:12456 com.android.server.am.ActivityManagerService.handleAppDiedLocked:3637 com.android.server.am.ActivityManagerService.appDiedLocked:3741 com.android.server.am.ActivityManagerService$AppDeathRecipient.binderDied:1001 
D/STATUSBAR-NetworkController( 2578): refreshSignalCluster: data=-1 bt=false
D/IconMerger( 2578): overflowShown = false
D/IconMerger( 2578): moreRequired = false
D/STATUSBAR-NetworkController( 2578): refreshSignalCluster: data=-1 bt=false
D/IconMerger( 2578): overflowShown = false
D/IconMerger( 2578): moreRequired = false
D/STATUSBAR-NetworkController( 2578): refreshSignalCluster: data=-1 bt=false
D/IconMerger( 2578): overflowShown = false
D/IconMerger( 2578): moreRequired = false
D/STATUSBAR-NetworkController( 2578): onReceive() - RSSI_CHANGED_ACTION, WIFI_STATE, NETWORK_STATE
D/STATUSBAR-NetworkController( 2578): refreshSignalCluster: data=-1 bt=false
D/IconMerger( 2578): overflowShown = false
D/IconMerger( 2578): moreRequired = false
I/WAKELOCK_RELEASE( 2387): TIMESTAMP=693210819785735, TAG=AudioOut_2, TYPE=PARTIAL_WAKE_LOCK             , COUNT=0, PID=1982, UID=1013
D/STATUSBAR-NetworkController( 2578): refreshSignalCluster: data=-1 bt=false
D/IconMerger( 2578): overflowShown = false
D/IconMerger( 2578): moreRequired = false
D/PowerManagerService( 2387): [api] userActivityFromNative : 2610 (event: 2 flags: 0)
I/WAKELOCK_RELEASE( 2387): TIMESTAMP=693211673764880, TAG=RILJ, TYPE=PARTIAL_WAKE_LOCK             , COUNT=0, PID=2706, UID=1001
I/WAKELOCK_RELEASE( 2387): TIMESTAMP=693211703596934, TAG=RILJ, TYPE=PARTIAL_WAKE_LOCK             , COUNT=0, PID=2706, UID=1001
I/WAKELOCK_RELEASE( 2387): TIMESTAMP=693211721767104, TAG=RILJ, TYPE=PARTIAL_WAKE_LOCK             , COUNT=0, PID=2706, UID=1001
I/WAKELOCK_RELEASE( 2387): TIMESTAMP=693211740044342, TAG=RILJ, TYPE=PARTIAL_WAKE_LOCK             , COUNT=0, PID=2706, UID=1001
I/WAKELOCK_RELEASE( 2387): TIMESTAMP=693211755591953, TAG=RILJ, TYPE=PARTIAL_WAKE_LOCK             , COUNT=0, PID=2706, UID=1001
D/STATUSBAR-NetworkController( 2578): refreshSignalCluster: data=-1 bt=false
D/IconMerger( 2578): overflowShown = false
D/IconMerger( 2578): moreRequired = false
E/Watchdog( 2387): !@Sync 4248
D/STATUSBAR-NetworkController( 2578): onReceive() - RSSI_CHANGED_ACTION, WIFI_STATE, NETWORK_STATE
D/STATUSBAR-NetworkController( 2578): refreshSignalCluster: data=-1 bt=false
D/IconMerger( 2578): overflowShown = false
D/IconMerger( 2578): moreRequired = false
V/AlarmManager( 2387): waitForAlarm result :8
D/KeyguardClockWidgetService(12859): onReceive action=android.intent.action.TIME_TICK
V/AlarmManager( 2387): ClockReceiver onReceive() ACTION_TIME_TICK
D/IconMerger( 2578): overflowShown = false
D/IconMerger( 2578): moreRequired = false
I/WAKELOCK_RELEASE( 2387): TIMESTAMP=693214099540045, TAG=AlarmManager, TYPE=PARTIAL_WAKE_LOCK             , COUNT=0, PID=2387, UID=1000
D/STATUSBAR-NetworkController( 2578): refreshSignalCluster: data=-1 bt=false
D/IconMerger( 2578): overflowShown = false
D/IconMerger( 2578): moreRequired = false
D/STATUSBAR-NetworkController( 2578): refreshSignalCluster: data=-1 bt=false
D/IconMerger( 2578): overflowShown = false
D/IconMerger( 2578): moreRequired = false
D/BatteryService( 2387): update start
D/BatteryService( 2387): level:20, scale:100, status:3, health:2, present:true, voltage: 3597, temperature: 361, technology: Li-ion, AC powered:false, USB powered:false, Wireless powered:false, icon:17303346, invalid charger:0, online:1, charge type:0, current avg:-824
D/BatteryService( 2387): Sending ACTION_BATTERY_CHANGED.
D/STATUSBAR-BatteryController( 2578): onReceive() - ACTION_BATTERY_CHANGED
D/STATUSBAR-BatteryController( 2578): onReceive() - BATTERY_STATUS_DISCHARGING: tw_stat_sys_battery
D/STATUSBAR-PhoneStatusBar( 2578):  mBrightnessEnablebySettings = true mBrightnessEnablebyBattery = true mBrightnessEnablebyDisableFlag = true
W/ActivityThread(21065): ClassLoader.loadClass: The class loader returned by Thread.getContextClassLoader() may fail for processes that host multiple applications. You should explicitly specify a context class loader. For example: Thread.setContextClassLoader(getClass().getClassLoader());
I/WAKELOCK_RELEASE( 2387): TIMESTAMP=693223052423971, TAG=*net_scheduler*, TYPE=PARTIAL_WAKE_LOCK             , COUNT=0, PID=21065, UID=10018
I/WAKELOCK_RELEASE( 2387): TIMESTAMP=693223063265693, TAG=AudioOut_2, TYPE=PARTIAL_WAKE_LOCK             , COUNT=0, PID=1982, UID=1013
D/STATUSBAR-NetworkController( 2578): refreshSignalCluster: data=-1 bt=false
D/IconMerger( 2578): overflowShown = false
D/IconMerger( 2578): moreRequired = false
I/WAKELOCK_RELEASE( 2387): TIMESTAMP=693223628979292, TAG=GCM_CONN_ALARM, TYPE=PARTIAL_WAKE_LOCK             , COUNT=0, PID=21065, UID=10018
I/WAKELOCK_RELEASE( 2387): TIMESTAMP=693223641238584, TAG=GCM_CONN, TYPE=PARTIAL_WAKE_LOCK             , COUNT=0, PID=21065, UID=10018
I/WAKELOCK_RELEASE( 2387): TIMESTAMP=693223660534933, TAG=GCM_CONN, TYPE=PARTIAL_WAKE_LOCK             , COUNT=0, PID=21065, UID=10018
I/WAKELOCK_RELEASE( 2387): TIMESTAMP=693223670477240, TAG=*net_scheduler*, TYPE=PARTIAL_WAKE_LOCK             , COUNT=0, PID=21065, UID=10018
I/WAKELOCK_RELEASE( 2387): TIMESTAMP=693223680830140, TAG=*net_scheduler*, TYPE=PARTIAL_WAKE_LOCK             , COUNT=0, PID=21065, UID=10018
I/WAKELOCK_RELEASE( 2387): TIMESTAMP=693223694814793, TAG=GCM_CONN, TYPE=PARTIAL_WAKE_LOCK             , COUNT=0, PID=21065, UID=10018
I/WAKELOCK_RELEASE( 2387): TIMESTAMP=693223700852916, TAG=*net_scheduler*, TYPE=PARTIAL_WAKE_LOCK             , COUNT=0, PID=21065, UID=10018
D/ConnectivityService( 2387): handleInetConditionHoldEnd: net=1, condition=100, published condition=100
D/ConnectivityService( 2387): sendStickyBroadcast: action=android.net.conn.INET_CONDITION_ACTION
D/STATUSBAR-NetworkController( 2578): onReceive() - CONNECTIVITY_ACTION, INET_CONDITION_ACTION
D/STATUSBAR-NetworkController( 2578): updateDataNetType()
D/STATUSBAR-NetworkController( 2578): Nothing, mRoamingIconId = 0
D/STATUSBAR-NetworkController( 2578): refreshSignalCluster: data=-1 bt=false
D/IconMerger( 2578): overflowShown = false
D/IconMerger( 2578): moreRequired = false
D/STATUSBAR-NetworkController( 2578): refreshSignalCluster: data=-1 bt=false
D/IconMerger( 2578): overflowShown = false
D/IconMerger( 2578): moreRequired = false
D/STATUSBAR-NetworkController( 2578): refreshSignalCluster: data=-1 bt=false
D/IconMerger( 2578): overflowShown = false
D/IconMerger( 2578): moreRequired = false
D/STATUSBAR-NetworkController( 2578): onSignalStrengthsChanged signalStrength=SignalStrength: 13 -1 -1 -1 -1 -1 -1 99 2147483647 2147483647 2147483647 -1 2147483647 gsm|lte 0x4 level=4
D/STATUSBAR-NetworkController( 2578): onReceive() - RSSI_CHANGED_ACTION, WIFI_STATE, NETWORK_STATE
D/STATUSBAR-NetworkController( 2578): refreshSignalCluster: data=-1 bt=false
D/IconMerger( 2578): overflowShown = false
D/IconMerger( 2578): moreRequired = false
D/STATUSBAR-NetworkController( 2578): refreshSignalCluster: data=-1 bt=false
D/IconMerger( 2578): overflowShown = false
D/IconMerger( 2578): moreRequired = false
I/WAKELOCK_RELEASE( 2387): TIMESTAMP=693236663637863, TAG=AudioOut_2, TYPE=PARTIAL_WAKE_LOCK             , COUNT=0, PID=1982, UID=1013
D/STATUSBAR-NetworkController( 2578): refreshSignalCluster: data=-1 bt=false
D/IconMerger( 2578): overflowShown = false
D/IconMerger( 2578): moreRequired = false
D/STATUSBAR-NetworkController( 2578): onSignalStrengthsChanged signalStrength=SignalStrength: 11 -1 -1 -1 -1 -1 -1 99 2147483647 2147483647 2147483647 -1 2147483647 gsm|lte 0x4 level=4
E/Watchdog( 2387): !@Sync 4249
D/PowerManagerService( 2387): [api] userActivityFromNative : 2620 (event: 2 flags: 0)
I/ActivityManager( 2387): Process com.google.android.gms (pid 21087) (adj 9) has died.
W/ContextImpl( 2387): Calling a method in the system process without a qualified user: android.app.ContextImpl.sendBroadcast:1361 com.android.server.am.ActivityManagerService.cleanUpApplicationRecordLocked:12456 com.android.server.am.ActivityManagerService.handleAppDiedLocked:3637 com.android.server.am.ActivityManagerService.appDiedLocked:3741 com.android.server.am.ActivityManagerService$AppDeathRecipient.binderDied:1001 
D/STATUSBAR-NetworkController( 2578): onSignalStrengthsChanged signalStrength=SignalStrength: 12 -1 -1 -1 -1 -1 -1 99 2147483647 2147483647 2147483647 -1 2147483647 gsm|lte 0x4 level=4
D/BatteryService( 2387): update start
D/BatteryService( 2387): level:20, scale:100, status:3, health:2, present:true, voltage: 3649, temperature: 359, technology: Li-ion, AC powered:false, USB powered:false, Wireless powered:false, icon:17303346, invalid charger:0, online:1, charge type:0, current avg:-795
D/BatteryService( 2387): Sending ACTION_BATTERY_CHANGED.
D/STATUSBAR-BatteryController( 2578): onReceive() - ACTION_BATTERY_CHANGED
D/STATUSBAR-BatteryController( 2578): onReceive() - BATTERY_STATUS_DISCHARGING: tw_stat_sys_battery
D/STATUSBAR-PhoneStatusBar( 2578):  mBrightnessEnablebySettings = true mBrightnessEnablebyBattery = true mBrightnessEnablebyDisableFlag = true
D/STATUSBAR-NetworkController( 2578): onReceive() - RSSI_CHANGED_ACTION, WIFI_STATE, NETWORK_STATE
D/STATUSBAR-NetworkController( 2578): refreshSignalCluster: data=-1 bt=false
D/IconMerger( 2578): overflowShown = false
D/IconMerger( 2578): moreRequired = false
D/STATUSBAR-NetworkController( 2578): refreshSignalCluster: data=-1 bt=false
D/IconMerger( 2578): overflowShown = false
D/IconMerger( 2578): moreRequired = false
D/STATUSBAR-NetworkController( 2578): refreshSignalCluster: data=-1 bt=false
D/IconMerger( 2578): overflowShown = false
D/IconMerger( 2578): moreRequired = false
D/STATUSBAR-NetworkController( 2578): refreshSignalCluster: data=-1 bt=false
D/IconMerger( 2578): overflowShown = false
D/IconMerger( 2578): moreRequired = false
D/STATUSBAR-NetworkController( 2578): onReceive() - RSSI_CHANGED_ACTION, WIFI_STATE, NETWORK_STATE
D/STATUSBAR-NetworkController( 2578): refreshSignalCluster: data=-1 bt=false
D/IconMerger( 2578): overflowShown = false
D/IconMerger( 2578): moreRequired = false
D/STATUSBAR-NetworkController( 2578): refreshSignalCluster: data=-1 bt=false
D/IconMerger( 2578): overflowShown = false
D/IconMerger( 2578): moreRequired = false
D/STATUSBAR-NetworkController( 2578): refreshSignalCluster: data=-1 bt=false
D/IconMerger( 2578): overflowShown = false
D/IconMerger( 2578): moreRequired = false
I/WAKELOCK_RELEASE( 2387): TIMESTAMP=693255891817010, TAG=AudioOut_2, TYPE=PARTIAL_WAKE_LOCK             , COUNT=0, PID=1982, UID=1013
D/STATUSBAR-NetworkController( 2578): onReceive() - RSSI_CHANGED_ACTION, WIFI_STATE, NETWORK_STATE
D/STATUSBAR-NetworkController( 2578): refreshSignalCluster: data=-1 bt=false
D/IconMerger( 2578): overflowShown = false
D/IconMerger( 2578): moreRequired = false
D/STATUSBAR-NetworkController( 2578): refreshSignalCluster: data=-1 bt=false
D/IconMerger( 2578): overflowShown = false
D/IconMerger( 2578): moreRequired = false
I/WAKELOCK_RELEASE( 2387): TIMESTAMP=693257481732845, TAG=RILJ, TYPE=PARTIAL_WAKE_LOCK             , COUNT=0, PID=2706, UID=1001
D/PowerManagerService( 2387): [api] userActivityFromNative : 2630 (event: 2 flags: 0)
D/STATUSBAR-NetworkController( 2578): refreshSignalCluster: data=-1 bt=false
D/IconMerger( 2578): overflowShown = false
D/IconMerger( 2578): moreRequired = false
I/WAKELOCK_RELEASE( 2387): TIMESTAMP=693262684749628, TAG=RILJ, TYPE=PARTIAL_WAKE_LOCK             , COUNT=0, PID=2706, UID=1001
I/WAKELOCK_RELEASE( 2387): TIMESTAMP=693262693779541, TAG=RILJ, TYPE=PARTIAL_WAKE_LOCK             , COUNT=0, PID=2706, UID=1001
D/STATUSBAR-NetworkController( 2578): onSignalStrengthsChanged signalStrength=SignalStrength: 13 -1 -1 -1 -1 -1 -1 99 2147483647 2147483647 2147483647 -1 2147483647 gsm|lte 0x4 level=4
D/STATUSBAR-NetworkController( 2578): refreshSignalCluster: data=-1 bt=false
D/IconMerger( 2578): overflowShown = false
D/IconMerger( 2578): moreRequired = false
I/WAKELOCK_RELEASE( 2387): TIMESTAMP=693265747461753, TAG=RILJ, TYPE=PARTIAL_WAKE_LOCK             , COUNT=0, PID=2706, UID=1001
D/STATUSBAR-NetworkController( 2578): refreshSignalCluster: data=-1 bt=false
D/IconMerger( 2578): overflowShown = false
D/IconMerger( 2578): moreRequired = false
I/WAKELOCK_RELEASE( 2387): TIMESTAMP=693268391925068, TAG=AudioOut_2, TYPE=PARTIAL_WAKE_LOCK             , COUNT=0, PID=1982, UID=1013
E/Watchdog( 2387): !@Sync 4250
V/AlarmManager( 2387): waitForAlarm result :8
D/KeyguardClockWidgetService(12859): onReceive action=android.intent.action.TIME_TICK
V/AlarmManager( 2387): ClockReceiver onReceive() ACTION_TIME_TICK
D/IconMerger( 2578): overflowShown = false
D/IconMerger( 2578): moreRequired = false
I/WAKELOCK_RELEASE( 2387): TIMESTAMP=693274094406504, TAG=AlarmManager, TYPE=PARTIAL_WAKE_LOCK             , COUNT=0, PID=2387, UID=1000
D/STATUSBAR-NetworkController( 2578): onReceive() - RSSI_CHANGED_ACTION, WIFI_STATE, NETWORK_STATE
D/STATUSBAR-NetworkController( 2578): refreshSignalCluster: data=-1 bt=false
D/IconMerger( 2578): overflowShown = false
D/IconMerger( 2578): moreRequired = false
D/STATUSBAR-NetworkController( 2578): refreshSignalCluster: data=-1 bt=false
D/IconMerger( 2578): overflowShown = false
D/IconMerger( 2578): moreRequired = false
D/STATUSBAR-NetworkController( 2578): onSignalStrengthsChanged signalStrength=SignalStrength: 14 -1 -1 -1 -1 -1 -1 99 2147483647 2147483647 2147483647 -1 2147483647 gsm|lte 0x4 level=4
D/STATUSBAR-NetworkController( 2578): refreshSignalCluster: data=-1 bt=false
D/IconMerger( 2578): overflowShown = false
D/IconMerger( 2578): moreRequired = false
D/BatteryService( 2387): update start
D/BatteryService( 2387): level:20, scale:100, status:3, health:2, present:true, voltage: 3632, temperature: 358, technology: Li-ion, AC powered:false, USB powered:false, Wireless powered:false, icon:17303346, invalid charger:0, online:1, charge type:0, current avg:-802
D/BatteryService( 2387): Sending ACTION_BATTERY_CHANGED.
D/STATUSBAR-BatteryController( 2578): onReceive() - ACTION_BATTERY_CHANGED
D/STATUSBAR-BatteryController( 2578): onReceive() - BATTERY_STATUS_DISCHARGING: tw_stat_sys_battery
D/STATUSBAR-PhoneStatusBar( 2578):  mBrightnessEnablebySettings = true mBrightnessEnablebyBattery = true mBrightnessEnablebyDisableFlag = true
I/WAKELOCK_RELEASE( 2387): TIMESTAMP=693278688381549, TAG=AudioOut_2, TYPE=PARTIAL_WAKE_LOCK             , COUNT=0, PID=1982, UID=1013
D/STATUSBAR-NetworkController( 2578): onReceive() - RSSI_CHANGED_ACTION, WIFI_STATE, NETWORK_STATE
D/STATUSBAR-NetworkController( 2578): refreshSignalCluster: data=-1 bt=false
D/IconMerger( 2578): overflowShown = false
D/IconMerger( 2578): moreRequired = false
D/STATUSBAR-NetworkController( 2578): refreshSignalCluster: data=-1 bt=false
D/IconMerger( 2578): overflowShown = false
D/IconMerger( 2578): moreRequired = false
D/STATUSBAR-NetworkController( 2578): refreshSignalCluster: data=-1 bt=false
D/IconMerger( 2578): overflowShown = false
D/IconMerger( 2578): moreRequired = false
I/WAKELOCK_RELEASE( 2387): TIMESTAMP=693283691816438, TAG=AudioOut_2, TYPE=PARTIAL_WAKE_LOCK             , COUNT=0, PID=1982, UID=1013
D/STATUSBAR-NetworkController( 2578): onReceive() - RSSI_CHANGED_ACTION, WIFI_STATE, NETWORK_STATE
D/STATUSBAR-NetworkController( 2578): refreshSignalCluster: data=-1 bt=false
D/IconMerger( 2578): overflowShown = false
D/IconMerger( 2578): moreRequired = false
D/STATUSBAR-NetworkController( 2578): onReceive() - RSSI_CHANGED_ACTION, WIFI_STATE, NETWORK_STATE
D/STATUSBAR-NetworkController( 2578): refreshSignalCluster: data=-1 bt=false
D/IconMerger( 2578): overflowShown = false
D/IconMerger( 2578): moreRequired = false
D/STATUSBAR-NetworkController( 2578): refreshSignalCluster: data=-1 bt=false
D/IconMerger( 2578): overflowShown = false
D/IconMerger( 2578): moreRequired = false
D/STATUSBAR-NetworkController( 2578): refreshSignalCluster: data=-1 bt=false
D/IconMerger( 2578): overflowShown = false
D/IconMerger( 2578): moreRequired = false
D/STATUSBAR-NetworkController( 2578): onReceive() - RSSI_CHANGED_ACTION, WIFI_STATE, NETWORK_STATE
D/STATUSBAR-NetworkController( 2578): refreshSignalCluster: data=-1 bt=false
D/IconMerger( 2578): overflowShown = false
D/IconMerger( 2578): moreRequired = false
D/STATUSBAR-NetworkController( 2578): refreshSignalCluster: data=-1 bt=false
D/IconMerger( 2578): overflowShown = false
D/IconMerger( 2578): moreRequired = false
D/STATUSBAR-NetworkController( 2578): refreshSignalCluster: data=-1 bt=false
D/IconMerger( 2578): overflowShown = false
D/IconMerger( 2578): moreRequired = false
D/STATUSBAR-NetworkController( 2578): refreshSignalCluster: data=-1 bt=false
D/IconMerger( 2578): overflowShown = false
D/IconMerger( 2578): moreRequired = false
D/STATUSBAR-NetworkController( 2578): onReceive() - RSSI_CHANGED_ACTION, WIFI_STATE, NETWORK_STATE
D/STATUSBAR-NetworkController( 2578): refreshSignalCluster: data=-1 bt=false
D/IconMerger( 2578): overflowShown = false
D/IconMerger( 2578): moreRequired = false
D/STATUSBAR-NetworkController( 2578): refreshSignalCluster: data=-1 bt=false
D/IconMerger( 2578): overflowShown = false
D/IconMerger( 2578): moreRequired = false
D/PowerManagerService( 2387): [api] userActivityFromNative : 2640 (event: 2 flags: 0)
D/STATUSBAR-NetworkController( 2578): refreshSignalCluster: data=-1 bt=false
D/IconMerger( 2578): overflowShown = false
D/IconMerger( 2578): moreRequired = false
D/STATUSBAR-NetworkController( 2578): onReceive() - RSSI_CHANGED_ACTION, WIFI_STATE, NETWORK_STATE
D/STATUSBAR-NetworkController( 2578): refreshSignalCluster: data=-1 bt=false
D/IconMerger( 2578): overflowShown = false
D/IconMerger( 2578): moreRequired = false
D/STATUSBAR-NetworkController( 2578): refreshSignalCluster: data=-1 bt=false
D/IconMerger( 2578): overflowShown = false
D/IconMerger( 2578): moreRequired = false
D/STATUSBAR-NetworkController( 2578): onReceive() - RSSI_CHANGED_ACTION, WIFI_STATE, NETWORK_STATE
D/STATUSBAR-NetworkController( 2578): refreshSignalCluster: data=-1 bt=false
D/IconMerger( 2578): overflowShown = false
D/IconMerger( 2578): moreRequired = false
D/STATUSBAR-NetworkController( 2578): onSignalStrengthsChanged signalStrength=SignalStrength: 15 -1 -1 -1 -1 -1 -1 99 2147483647 2147483647 2147483647 -1 2147483647 gsm|lte 0x4 level=4
D/STATUSBAR-NetworkController( 2578): refreshSignalCluster: data=-1 bt=false
D/IconMerger( 2578): overflowShown = false
D/IconMerger( 2578): moreRequired = false
E/Watchdog( 2387): !@Sync 4251
D/STATUSBAR-NetworkController( 2578): refreshSignalCluster: data=-1 bt=false
D/IconMerger( 2578): overflowShown = false
D/IconMerger( 2578): moreRequired = false
D/STATUSBAR-NetworkController( 2578): refreshSignalCluster: data=-1 bt=false
D/IconMerger( 2578): overflowShown = false
D/IconMerger( 2578): moreRequired = false
D/STATUSBAR-NetworkController( 2578): onReceive() - RSSI_CHANGED_ACTION, WIFI_STATE, NETWORK_STATE
D/STATUSBAR-NetworkController( 2578): refreshSignalCluster: data=-1 bt=false
D/IconMerger( 2578): overflowShown = false
D/IconMerger( 2578): moreRequired = false
I/WAKELOCK_RELEASE( 2387): TIMESTAMP=693307513708971, TAG=RILJ, TYPE=PARTIAL_WAKE_LOCK             , COUNT=0, PID=2706, UID=1001
D/STATUSBAR-NetworkController( 2578): onSignalStrengthsChanged signalStrength=SignalStrength: 14 -1 -1 -1 -1 -1 -1 99 2147483647 2147483647 2147483647 -1 2147483647 gsm|lte 0x4 level=4
D/BatteryService( 2387): update start
D/BatteryService( 2387): level:20, scale:100, status:3, health:2, present:true, voltage: 3621, temperature: 357, technology: Li-ion, AC powered:false, USB powered:false, Wireless powered:false, icon:17303346, invalid charger:0, online:1, charge type:0, current avg:-816
D/BatteryService( 2387): Sending ACTION_BATTERY_CHANGED.
D/STATUSBAR-BatteryController( 2578): onReceive() - ACTION_BATTERY_CHANGED
D/STATUSBAR-BatteryController( 2578): onReceive() - BATTERY_STATUS_DISCHARGING: tw_stat_sys_battery
D/STATUSBAR-PhoneStatusBar( 2578):  mBrightnessEnablebySettings = true mBrightnessEnablebyBattery = true mBrightnessEnablebyDisableFlag = true
D/STATUSBAR-NetworkController( 2578): refreshSignalCluster: data=-1 bt=false
D/IconMerger( 2578): overflowShown = false
D/IconMerger( 2578): moreRequired = false
D/STATUSBAR-NetworkController( 2578): onReceive() - RSSI_CHANGED_ACTION, WIFI_STATE, NETWORK_STATE
D/STATUSBAR-NetworkController( 2578): refreshSignalCluster: data=-1 bt=false
D/IconMerger( 2578): overflowShown = false
D/IconMerger( 2578): moreRequired = false
I/WAKELOCK_RELEASE( 2387): TIMESTAMP=693311330274446, TAG=RILJ, TYPE=PARTIAL_WAKE_LOCK             , COUNT=0, PID=2706, UID=1001
D/STATUSBAR-NetworkController( 2578): onSignalStrengthsChanged signalStrength=SignalStrength: 13 -1 -1 -1 -1 -1 -1 99 2147483647 2147483647 2147483647 -1 2147483647 gsm|lte 0x4 level=4
D/STATUSBAR-NetworkController( 2578): onReceive() - RSSI_CHANGED_ACTION, WIFI_STATE, NETWORK_STATE
D/STATUSBAR-NetworkController( 2578): refreshSignalCluster: data=-1 bt=false
D/IconMerger( 2578): overflowShown = false
D/IconMerger( 2578): moreRequired = false
D/STATUSBAR-NetworkController( 2578): refreshSignalCluster: data=-1 bt=false
D/IconMerger( 2578): overflowShown = false
D/IconMerger( 2578): moreRequired = false
D/STATUSBAR-NetworkController( 2578): onReceive() - RSSI_CHANGED_ACTION, WIFI_STATE, NETWORK_STATE
D/STATUSBAR-NetworkController( 2578): refreshSignalCluster: data=-1 bt=false
D/IconMerger( 2578): overflowShown = false
D/IconMerger( 2578): moreRequired = false
D/STATUSBAR-NetworkController( 2578): refreshSignalCluster: data=-1 bt=false
D/IconMerger( 2578): overflowShown = false
D/IconMerger( 2578): moreRequired = false
D/STATUSBAR-NetworkController( 2578): onReceive() - RSSI_CHANGED_ACTION, WIFI_STATE, NETWORK_STATE
D/STATUSBAR-NetworkController( 2578): refreshSignalCluster: data=-1 bt=false
D/IconMerger( 2578): overflowShown = false
D/IconMerger( 2578): moreRequired = false
E/Watchdog( 2387): !@Sync 4252
V/AlarmManager( 2387): waitForAlarm result :8
D/KeyguardClockWidgetService(12859): onReceive action=android.intent.action.TIME_TICK
V/AlarmManager( 2387): ClockReceiver onReceive() ACTION_TIME_TICK
D/IconMerger( 2578): overflowShown = false
D/IconMerger( 2578): moreRequired = false
I/WAKELOCK_RELEASE( 2387): TIMESTAMP=693334145006578, TAG=AlarmManager, TYPE=PARTIAL_WAKE_LOCK             , COUNT=0, PID=2387, UID=1000
D/STATUSBAR-NetworkController( 2578): refreshSignalCluster: data=-1 bt=false
D/IconMerger( 2578): overflowShown = false
D/IconMerger( 2578): moreRequired = false
D/STATUSBAR-NetworkController( 2578): refreshSignalCluster: data=-1 bt=false
D/IconMerger( 2578): overflowShown = false
D/IconMerger( 2578): moreRequired = false
D/STATUSBAR-NetworkController( 2578): refreshSignalCluster: data=-1 bt=false
D/IconMerger( 2578): overflowShown = false
D/IconMerger( 2578): moreRequired = false
I/WAKELOCK_RELEASE( 2387): TIMESTAMP=693336789348447, TAG=RILJ, TYPE=PARTIAL_WAKE_LOCK             , COUNT=0, PID=2706, UID=1001
D/STATUSBAR-NetworkController( 2578): refreshSignalCluster: data=-1 bt=false
D/IconMerger( 2578): overflowShown = false
D/IconMerger( 2578): moreRequired = false
D/STATUSBAR-NetworkController( 2578): onReceive() - RSSI_CHANGED_ACTION, WIFI_STATE, NETWORK_STATE
D/STATUSBAR-NetworkController( 2578): refreshSignalCluster: data=-1 bt=false
D/IconMerger( 2578): overflowShown = false
D/IconMerger( 2578): moreRequired = false
D/BatteryService( 2387): update start
D/BatteryService( 2387): level:20, scale:100, status:3, health:2, present:true, voltage: 3632, temperature: 358, technology: Li-ion, AC powered:false, USB powered:false, Wireless powered:false, icon:17303346, invalid charger:0, online:1, charge type:0, current avg:-829
D/BatteryService( 2387): Sending ACTION_BATTERY_CHANGED.
D/STATUSBAR-BatteryController( 2578): onReceive() - ACTION_BATTERY_CHANGED
D/STATUSBAR-BatteryController( 2578): onReceive() - BATTERY_STATUS_DISCHARGING: tw_stat_sys_battery
D/STATUSBAR-PhoneStatusBar( 2578):  mBrightnessEnablebySettings = true mBrightnessEnablebyBattery = true mBrightnessEnablebyDisableFlag = true
D/STATUSBAR-NetworkController( 2578): refreshSignalCluster: data=-1 bt=false
D/IconMerger( 2578): overflowShown = false
D/IconMerger( 2578): moreRequired = false
V/AlarmManager( 2387): waitForAlarm result :8
D/STATUSBAR-NetworkController( 2578): refreshSignalCluster: data=-1 bt=false
D/IconMerger( 2578): overflowShown = false
D/IconMerger( 2578): moreRequired = false
D/STATUSBAR-NetworkController( 2578): onReceive() - RSSI_CHANGED_ACTION, WIFI_STATE, NETWORK_STATE
D/STATUSBAR-NetworkController( 2578): refreshSignalCluster: data=-1 bt=false
D/IconMerger( 2578): overflowShown = false
D/IconMerger( 2578): moreRequired = false
I/WAKELOCK_RELEASE( 2387): TIMESTAMP=693340782944456, TAG=AlarmManager, TYPE=PARTIAL_WAKE_LOCK             , COUNT=0, PID=2387, UID=1000
D/MediaProvider(21307): Attached volume: internal
D/MediaProvider(21307): Attached volume: external
I/WAKELOCK_RELEASE( 2387): TIMESTAMP=693341567715400, TAG=GmsDownloadService, TYPE=PARTIAL_WAKE_LOCK             , COUNT=0, PID=21286, UID=10018
D/PowerManagerService( 2387): [api] userActivityFromNative : 2650 (event: 2 flags: 0)
D/STATUSBAR-NetworkController( 2578): refreshSignalCluster: data=-1 bt=false
D/IconMerger( 2578): overflowShown = false
D/IconMerger( 2578): moreRequired = false
V/AlarmManager( 2387): waitForAlarm result :8
I/WAKELOCK_RELEASE( 2387): TIMESTAMP=693346916794509, TAG=AlarmManager, TYPE=PARTIAL_WAKE_LOCK             , COUNT=0, PID=2387, UID=1000
W/ActivityThread(21340): ClassLoader.loadClass: The class loader returned by Thread.getContextClassLoader() may fail for processes that host multiple applications. You should explicitly specify a context class loader. For example: Thread.setContextClassLoader(getClass().getClassLoader());
D/STATUSBAR-NetworkController( 2578): refreshSignalCluster: data=-1 bt=false
D/IconMerger( 2578): overflowShown = false
D/IconMerger( 2578): moreRequired = false
I/ActivityManager( 2387): Process mobi.mgeek.TunnyBrowser:DolphinNotification (pid 21340) (adj 0) has died.
W/ContextImpl( 2387): Calling a method in the system process without a qualified user: android.app.ContextImpl.sendBroadcast:1361 com.android.server.am.ActivityManagerService.cleanUpApplicationRecordLocked:12456 com.android.server.am.ActivityManagerService.handleAppDiedLocked:3637 com.android.server.am.ActivityManagerService.appDiedLocked:3741 com.android.server.am.ActivityManagerService$AppDeathRecipient.binderDied:1001 
D/STATUSBAR-NetworkController( 2578): refreshSignalCluster: data=-1 bt=false
D/IconMerger( 2578): overflowShown = false
D/IconMerger( 2578): moreRequired = false
V/AlarmManager( 2387): waitForAlarm result :8
W/ThrottleService( 2387): unable to find stats for iface rmnet0
I/WAKELOCK_RELEASE( 2387): TIMESTAMP=693349988153591, TAG=AlarmManager, TYPE=PARTIAL_WAKE_LOCK             , COUNT=0, PID=2387, UID=1000
D/STATUSBAR-NetworkController( 2578): refreshSignalCluster: data=-1 bt=false
D/IconMerger( 2578): overflowShown = false
D/IconMerger( 2578): moreRequired = false
V/AlarmManager( 2387): waitForAlarm result :1
V/AlarmManager( 2387): trigger ELAPSED_REALTIME_WAKEUP or RTC_WAKEUP
I/WAKELOCK_RELEASE( 2387): TIMESTAMP=693350760591121, TAG=AlarmManager, TYPE=PARTIAL_WAKE_LOCK             , COUNT=0, PID=2387, UID=1000
I/WAKELOCK_RELEASE( 2387): TIMESTAMP=693350771372506, TAG=Event Log Handoff, TYPE=PARTIAL_WAKE_LOCK             , COUNT=0, PID=21286, UID=10018
I/WAKELOCK_RELEASE( 2387): TIMESTAMP=693351134278324, TAG=Event Log Service, TYPE=PARTIAL_WAKE_LOCK             , COUNT=0, PID=21286, UID=10018
D/STATUSBAR-NetworkController( 2578): onReceive() - RSSI_CHANGED_ACTION, WIFI_STATE, NETWORK_STATE
D/STATUSBAR-NetworkController( 2578): refreshSignalCluster: data=-1 bt=false
D/IconMerger( 2578): overflowShown = false
D/IconMerger( 2578): moreRequired = false
D/STATUSBAR-NetworkController( 2578): refreshSignalCluster: data=-1 bt=false
D/IconMerger( 2578): overflowShown = false
D/IconMerger( 2578): moreRequired = false
D/STATUSBAR-NetworkController( 2578): refreshSignalCluster: data=-1 bt=false
D/IconMerger( 2578): overflowShown = false
D/IconMerger( 2578): moreRequired = false
I/WAKELOCK_RELEASE( 2387): TIMESTAMP=693355166105088, TAG=RILJ, TYPE=PARTIAL_WAKE_LOCK             , COUNT=0, PID=2706, UID=1001
D/STATUSBAR-NetworkController( 2578): onReceive() - RSSI_CHANGED_ACTION, WIFI_STATE, NETWORK_STATE
D/STATUSBAR-NetworkController( 2578): refreshSignalCluster: data=-1 bt=false
D/IconMerger( 2578): overflowShown = false
D/IconMerger( 2578): moreRequired = false
D/STATUSBAR-NetworkController( 2578): refreshSignalCluster: data=-1 bt=false
D/IconMerger( 2578): overflowShown = false
D/IconMerger( 2578): moreRequired = false
D/STATUSBAR-NetworkController( 2578): refreshSignalCluster: data=-1 bt=false
D/IconMerger( 2578): overflowShown = false
D/IconMerger( 2578): moreRequired = false
D/STATUSBAR-NetworkController( 2578): onReceive() - RSSI_CHANGED_ACTION, WIFI_STATE, NETWORK_STATE
D/STATUSBAR-NetworkController( 2578): refreshSignalCluster: data=-1 bt=false
D/IconMerger( 2578): overflowShown = false
D/IconMerger( 2578): moreRequired = false
E/Watchdog( 2387): !@Sync 4253
D/STATUSBAR-NetworkController( 2578): refreshSignalCluster: data=-1 bt=false
