D/STATUSBAR-BatteryController(10134): onReceive() - ACTION_BATTERY_CHANGED
D/STATUSBAR-BatteryController(10134): onReceive() - BATTERY_STATUS_DISCHARGING: tw_stat_sys_battery
D/STATUSBAR-PhoneStatusBar(10134):  mBrightnessEnablebySettings = true mBrightnessEnablebyBattery = true mBrightnessEnablebyDisableFlag = true
I/WAKELOCK_RELEASE( 9929): TIMESTAMP=992584121862472, TAG=AlarmManager, TYPE=PARTIAL_WAKE_LOCK             , COUNT=0, PID=9929, UID=1000
D/BatteryService( 9929): update start
D/BatteryService( 9929): level:15, scale:100, status:3, health:2, present:true, voltage: 3705, temperature: 272, technology: Li-ion, AC powered:false, USB powered:false, Wireless powered:false, icon:17303346, invalid charger:0, online:1, charge type:0, current avg:-27
D/BatteryService( 9929): Sending ACTION_BATTERY_CHANGED.
D/STATUSBAR-BatteryController(10134): onReceive() - ACTION_BATTERY_CHANGED
D/STATUSBAR-BatteryController(10134): onReceive() - BATTERY_STATUS_DISCHARGING: tw_stat_sys_battery
D/STATUSBAR-PhoneStatusBar(10134):  mBrightnessEnablebySettings = true mBrightnessEnablebyBattery = true mBrightnessEnablebyDisableFlag = true
D/BatteryService( 9929): update start
D/BatteryService( 9929): level:15, scale:100, status:3, health:2, present:true, voltage: 3712, temperature: 273, technology: Li-ion, AC powered:false, USB powered:false, Wireless powered:false, icon:17303346, invalid charger:0, online:1, charge type:0, current avg:-29
D/BatteryService( 9929): Sending ACTION_BATTERY_CHANGED.
D/STATUSBAR-BatteryController(10134): onReceive() - ACTION_BATTERY_CHANGED
D/STATUSBAR-BatteryController(10134): onReceive() - BATTERY_STATUS_DISCHARGING: tw_stat_sys_battery
D/STATUSBAR-PhoneStatusBar(10134):  mBrightnessEnablebySettings = true mBrightnessEnablebyBattery = true mBrightnessEnablebyDisableFlag = true
V/AlarmManager( 9929): waitForAlarm result :8
D/KeyguardClockWidgetService(12493): onReceive action=android.intent.action.TIME_TICK
V/AlarmManager( 9929): ClockReceiver onReceive() ACTION_TIME_TICK
D/BatteryService( 9929): update start
D/BatteryService( 9929): level:15, scale:100, status:3, health:2, present:true, voltage: 3708, temperature: 273, technology: Li-ion, AC powered:false, USB powered:false, Wireless powered:false, icon:17303346, invalid charger:0, online:1, charge type:0, current avg:-19
D/BatteryService( 9929): Sending ACTION_BATTERY_CHANGED.
D/STATUSBAR-BatteryController(10134): onReceive() - ACTION_BATTERY_CHANGED
D/STATUSBAR-BatteryController(10134): onReceive() - BATTERY_STATUS_DISCHARGING: tw_stat_sys_battery
D/STATUSBAR-PhoneStatusBar(10134):  mBrightnessEnablebySettings = true mBrightnessEnablebyBattery = true mBrightnessEnablebyDisableFlag = true
I/WAKELOCK_RELEASE( 9929): TIMESTAMP=992625183770194, TAG=AlarmManager, TYPE=PARTIAL_WAKE_LOCK             , COUNT=0, PID=9929, UID=1000
D/BatteryService( 9929): update start
D/BatteryService( 9929): level:15, scale:100, status:3, health:2, present:true, voltage: 3709, temperature: 272, technology: Li-ion, AC powered:false, USB powered:false, Wireless powered:false, icon:17303346, invalid charger:0, online:1, charge type:0, current avg:-37
D/BatteryService( 9929): Sending ACTION_BATTERY_CHANGED.
D/STATUSBAR-BatteryController(10134): onReceive() - ACTION_BATTERY_CHANGED
D/STATUSBAR-BatteryController(10134): onReceive() - BATTERY_STATUS_DISCHARGING: tw_stat_sys_battery
D/STATUSBAR-PhoneStatusBar(10134):  mBrightnessEnablebySettings = true mBrightnessEnablebyBattery = true mBrightnessEnablebyDisableFlag = true
E/Watchdog( 9929): !@Sync 2048
D/BatteryService( 9929): update start
D/BatteryService( 9929): level:15, scale:100, status:3, health:2, present:true, voltage: 3709, temperature: 272, technology: Li-ion, AC powered:false, USB powered:false, Wireless powered:false, icon:17303346, invalid charger:0, online:1, charge type:0, current avg:-16
D/BatteryService( 9929): Sending ACTION_BATTERY_CHANGED.
D/STATUSBAR-BatteryController(10134): onReceive() - ACTION_BATTERY_CHANGED
D/STATUSBAR-BatteryController(10134): onReceive() - BATTERY_STATUS_DISCHARGING: tw_stat_sys_battery
D/STATUSBAR-PhoneStatusBar(10134):  mBrightnessEnablebySettings = true mBrightnessEnablebyBattery = true mBrightnessEnablebyDisableFlag = true
D/BatteryService( 9929): update start
D/BatteryService( 9929): level:15, scale:100, status:3, health:2, present:true, voltage: 3712, temperature: 273, technology: Li-ion, AC powered:false, USB powered:false, Wireless powered:false, icon:17303346, invalid charger:0, online:1, charge type:0, current avg:-28
D/BatteryService( 9929): Sending ACTION_BATTERY_CHANGED.
D/STATUSBAR-BatteryController(10134): onReceive() - ACTION_BATTERY_CHANGED
D/STATUSBAR-BatteryController(10134): onReceive() - BATTERY_STATUS_DISCHARGING: tw_stat_sys_battery
D/STATUSBAR-PhoneStatusBar(10134):  mBrightnessEnablebySettings = true mBrightnessEnablebyBattery = true mBrightnessEnablebyDisableFlag = true
V/AlarmManager( 9929): waitForAlarm result :14
V/AlarmManager( 9929): trigger ELAPSED_REALTIME_WAKEUP or RTC_WAKEUP
D/KeyguardClockWidgetService(12493): onReceive action=android.intent.action.TIME_TICK
D/BatteryService( 9929): update start
D/BatteryService( 9929): level:15, scale:100, status:3, health:2, present:true, voltage: 3710, temperature: 273, technology: Li-ion, AC powered:false, USB powered:false, Wireless powered:false, icon:17303346, invalid charger:0, online:1, charge type:0, current avg:-20
V/AlarmManager( 9929): ClockReceiver onReceive() ACTION_TIME_TICK
D/BatteryService( 9929): Sending ACTION_BATTERY_CHANGED.
D/STATUSBAR-BatteryController(10134): onReceive() - ACTION_BATTERY_CHANGED
D/STATUSBAR-BatteryController(10134): onReceive() - BATTERY_STATUS_DISCHARGING: tw_stat_sys_battery
D/STATUSBAR-PhoneStatusBar(10134):  mBrightnessEnablebySettings = true mBrightnessEnablebyBattery = true mBrightnessEnablebyDisableFlag = true
I/WAKELOCK_RELEASE( 9929): TIMESTAMP=992700808698711, TAG=NetworkStats, TYPE=PARTIAL_WAKE_LOCK             , COUNT=0, PID=9929, UID=1000
D/MobileDataStateTracker( 9929): default: setPolicyDataEnable(enabled=true)
I/WAKELOCK_RELEASE( 9929): TIMESTAMP=992700824546382, TAG=AlarmManager, TYPE=PARTIAL_WAKE_LOCK             , COUNT=0, PID=9929, UID=1000
D/BatteryService( 9929): update start
D/BatteryService( 9929): level:15, scale:100, status:3, health:2, present:true, voltage: 3709, temperature: 272, technology: Li-ion, AC powered:false, USB powered:false, Wireless powered:false, icon:17303346, invalid charger:0, online:1, charge type:0, current avg:-24
D/BatteryService( 9929): Sending ACTION_BATTERY_CHANGED.
D/STATUSBAR-BatteryController(10134): onReceive() - ACTION_BATTERY_CHANGED
D/STATUSBAR-BatteryController(10134): onReceive() - BATTERY_STATUS_DISCHARGING: tw_stat_sys_battery
D/STATUSBAR-PhoneStatusBar(10134):  mBrightnessEnablebySettings = true mBrightnessEnablebyBattery = true mBrightnessEnablebyDisableFlag = true
D/BatteryService( 9929): update start
D/BatteryService( 9929): level:15, scale:100, status:3, health:2, present:true, voltage: 3707, temperature: 272, technology: Li-ion, AC powered:false, USB powered:false, Wireless powered:false, icon:17303346, invalid charger:0, online:1, charge type:0, current avg:-42
D/BatteryService( 9929): Sending ACTION_BATTERY_CHANGED.
D/STATUSBAR-BatteryController(10134): onReceive() - ACTION_BATTERY_CHANGED
D/STATUSBAR-BatteryController(10134): onReceive() - BATTERY_STATUS_DISCHARGING: tw_stat_sys_battery
D/STATUSBAR-PhoneStatusBar(10134):  mBrightnessEnablebySettings = true mBrightnessEnablebyBattery = true mBrightnessEnablebyDisableFlag = true
D/BatteryService( 9929): update start
D/BatteryService( 9929): level:15, scale:100, status:3, health:2, present:true, voltage: 3715, temperature: 273, technology: Li-ion, AC powered:false, USB powered:false, Wireless powered:false, icon:17303346, invalid charger:0, online:1, charge type:0, current avg:-30
D/BatteryService( 9929): Sending ACTION_BATTERY_CHANGED.
D/STATUSBAR-BatteryController(10134): onReceive() - ACTION_BATTERY_CHANGED
D/STATUSBAR-BatteryController(10134): onReceive() - BATTERY_STATUS_DISCHARGING: tw_stat_sys_battery
D/STATUSBAR-PhoneStatusBar(10134):  mBrightnessEnablebySettings = true mBrightnessEnablebyBattery = true mBrightnessEnablebyDisableFlag = true
V/AlarmManager( 9929): waitForAlarm result :8
D/BatteryService( 9929): update start
D/BatteryService( 9929): level:15, scale:100, status:3, health:2, present:true, voltage: 3714, temperature: 273, technology: Li-ion, AC powered:false, USB powered:false, Wireless powered:false, icon:17303346, invalid charger:0, online:1, charge type:0, current avg:-21
D/BatteryService( 9929): Sending ACTION_BATTERY_CHANGED.
D/STATUSBAR-BatteryController(10134): onReceive() - ACTION_BATTERY_CHANGED
D/STATUSBAR-BatteryController(10134): onReceive() - BATTERY_STATUS_DISCHARGING: tw_stat_sys_battery
D/STATUSBAR-PhoneStatusBar(10134):  mBrightnessEnablebySettings = true mBrightnessEnablebyBattery = true mBrightnessEnablebyDisableFlag = true
D/KeyguardClockWidgetService(12493): onReceive action=android.intent.action.TIME_TICK
V/AlarmManager( 9929): ClockReceiver onReceive() ACTION_TIME_TICK
I/WAKELOCK_RELEASE( 9929): TIMESTAMP=992748117972597, TAG=AlarmManager, TYPE=PARTIAL_WAKE_LOCK             , COUNT=0, PID=9929, UID=1000
D/BatteryService( 9929): update start
D/BatteryService( 9929): level:15, scale:100, status:3, health:2, present:true, voltage: 3710, temperature: 273, technology: Li-ion, AC powered:false, USB powered:false, Wireless powered:false, icon:17303346, invalid charger:0, online:1, charge type:0, current avg:-36
D/BatteryService( 9929): Sending ACTION_BATTERY_CHANGED.
D/STATUSBAR-BatteryController(10134): onReceive() - ACTION_BATTERY_CHANGED
D/STATUSBAR-BatteryController(10134): onReceive() - BATTERY_STATUS_DISCHARGING: tw_stat_sys_battery
D/STATUSBAR-PhoneStatusBar(10134):  mBrightnessEnablebySettings = true mBrightnessEnablebyBattery = true mBrightnessEnablebyDisableFlag = true
D/BatteryService( 9929): update start
D/BatteryService( 9929): level:15, scale:100, status:3, health:2, present:true, voltage: 3714, temperature: 273, technology: Li-ion, AC powered:false, USB powered:false, Wireless powered:false, icon:17303346, invalid charger:0, online:1, charge type:0, current avg:-16
D/BatteryService( 9929): Sending ACTION_BATTERY_CHANGED.
D/STATUSBAR-BatteryController(10134): onReceive() - ACTION_BATTERY_CHANGED
D/STATUSBAR-BatteryController(10134): onReceive() - BATTERY_STATUS_DISCHARGING: tw_stat_sys_battery
D/STATUSBAR-PhoneStatusBar(10134):  mBrightnessEnablebySettings = true mBrightnessEnablebyBattery = true mBrightnessEnablebyDisableFlag = true
V/AlarmManager( 9929): waitForAlarm result :4
V/AlarmManager( 9929): trigger ELAPSED_REALTIME_WAKEUP or RTC_WAKEUP
I/WAKELOCK_RELEASE( 9929): TIMESTAMP=992787489306071, TAG=AlarmManager, TYPE=PARTIAL_WAKE_LOCK             , COUNT=0, PID=9929, UID=1000
I/WAKELOCK_RELEASE( 9929): TIMESTAMP=992787494168638, TAG=GCM_HB_ALARM, TYPE=PARTIAL_WAKE_LOCK             , COUNT=0, PID=10067, UID=10018
I/WAKELOCK_RELEASE( 9929): TIMESTAMP=992787500607941, TAG=*net_scheduler*, TYPE=PARTIAL_WAKE_LOCK             , COUNT=0, PID=10067, UID=10018
I/WAKELOCK_RELEASE( 9929): TIMESTAMP=992787643333187, TAG=GCM_CONN, TYPE=PARTIAL_WAKE_LOCK             , COUNT=0, PID=10067, UID=10018
I/WAKELOCK_RELEASE( 9929): TIMESTAMP=992787647455310, TAG=*net_scheduler*, TYPE=PARTIAL_WAKE_LOCK             , COUNT=0, PID=10067, UID=10018
D/ConnectivityService( 9929): handleInetConditionHoldEnd: net=1, condition=100, published condition=100
D/ConnectivityService( 9929): sendStickyBroadcast: action=android.net.conn.INET_CONDITION_ACTION
D/STATUSBAR-NetworkController(10134): onReceive() - CONNECTIVITY_ACTION, INET_CONDITION_ACTION
D/STATUSBAR-NetworkController(10134): updateDataNetType()
D/STATUSBAR-NetworkController(10134): Nothing, mRoamingIconId = 0
D/BatteryService( 9929): update start
D/BatteryService( 9929): level:15, scale:100, status:3, health:2, present:true, voltage: 3713, temperature: 273, technology: Li-ion, AC powered:false, USB powered:false, Wireless powered:false, icon:17303346, invalid charger:0, online:1, charge type:0, current avg:-28
D/BatteryService( 9929): Sending ACTION_BATTERY_CHANGED.
D/STATUSBAR-BatteryController(10134): onReceive() - ACTION_BATTERY_CHANGED
D/STATUSBAR-BatteryController(10134): onReceive() - BATTERY_STATUS_DISCHARGING: tw_stat_sys_battery
D/STATUSBAR-PhoneStatusBar(10134):  mBrightnessEnablebySettings = true mBrightnessEnablebyBattery = true mBrightnessEnablebyDisableFlag = true
V/AlarmManager( 9929): waitForAlarm result :8
D/KeyguardClockWidgetService(12493): onReceive action=android.intent.action.TIME_TICK
D/BatteryService( 9929): update start
D/BatteryService( 9929): level:15, scale:100, status:3, health:2, present:true, voltage: 3716, temperature: 272, technology: Li-ion, AC powered:false, USB powered:false, Wireless powered:false, icon:17303346, invalid charger:0, online:1, charge type:0, current avg:-17
D/BatteryService( 9929): Sending ACTION_BATTERY_CHANGED.
V/AlarmManager( 9929): ClockReceiver onReceive() ACTION_TIME_TICK
D/STATUSBAR-BatteryController(10134): onReceive() - ACTION_BATTERY_CHANGED
D/STATUSBAR-BatteryController(10134): onReceive() - BATTERY_STATUS_DISCHARGING: tw_stat_sys_battery
D/STATUSBAR-PhoneStatusBar(10134):  mBrightnessEnablebySettings = true mBrightnessEnablebyBattery = true mBrightnessEnablebyDisableFlag = true
I/WAKELOCK_RELEASE( 9929): TIMESTAMP=992829190835266, TAG=AlarmManager, TYPE=PARTIAL_WAKE_LOCK             , COUNT=0, PID=9929, UID=1000
D/BatteryService( 9929): update start
D/BatteryService( 9929): level:15, scale:100, status:3, health:2, present:true, voltage: 3708, temperature: 273, technology: Li-ion, AC powered:false, USB powered:false, Wireless powered:false, icon:17303346, invalid charger:0, online:1, charge type:0, current avg:-31
D/BatteryService( 9929): Sending ACTION_BATTERY_CHANGED.
D/STATUSBAR-BatteryController(10134): onReceive() - ACTION_BATTERY_CHANGED
D/STATUSBAR-BatteryController(10134): onReceive() - BATTERY_STATUS_DISCHARGING: tw_stat_sys_battery
D/STATUSBAR-PhoneStatusBar(10134):  mBrightnessEnablebySettings = true mBrightnessEnablebyBattery = true mBrightnessEnablebyDisableFlag = true
D/BatteryService( 9929): update start
D/BatteryService( 9929): level:15, scale:100, status:3, health:2, present:true, voltage: 3715, temperature: 272, technology: Li-ion, AC powered:false, USB powered:false, Wireless powered:false, icon:17303346, invalid charger:0, online:1, charge type:0, current avg:-27
D/BatteryService( 9929): Sending ACTION_BATTERY_CHANGED.
D/STATUSBAR-BatteryController(10134): onReceive() - ACTION_BATTERY_CHANGED
D/STATUSBAR-BatteryController(10134): onReceive() - BATTERY_STATUS_DISCHARGING: tw_stat_sys_battery
D/STATUSBAR-PhoneStatusBar(10134):  mBrightnessEnablebySettings = true mBrightnessEnablebyBattery = true mBrightnessEnablebyDisableFlag = true
V/AlarmManager( 9929): waitForAlarm result :4
V/AlarmManager( 9929): trigger ELAPSED_REALTIME_WAKEUP or RTC_WAKEUP
I/WAKELOCK_RELEASE( 9929): TIMESTAMP=992841808371538, TAG=SyncManagerHandleSyncAlarm, TYPE=PARTIAL_WAKE_LOCK             , COUNT=0, PID=9929, UID=1000
I/WAKELOCK_RELEASE( 9929): TIMESTAMP=992841808742391, TAG=AlarmManager, TYPE=PARTIAL_WAKE_LOCK             , COUNT=0, PID=9929, UID=1000
I/WAKELOCK_RELEASE( 9929): TIMESTAMP=992841812549529, TAG=SyncLoopWakeLock, TYPE=PARTIAL_WAKE_LOCK             , COUNT=0, PID=9929, UID=1000
D/BatteryService( 9929): update start
D/BatteryService( 9929): level:15, scale:100, status:3, health:2, present:true, voltage: 3705, temperature: 272, technology: Li-ion, AC powered:false, USB powered:false, Wireless powered:false, icon:17303346, invalid charger:0, online:1, charge type:0, current avg:-33
D/BatteryService( 9929): Sending ACTION_BATTERY_CHANGED.
D/STATUSBAR-BatteryController(10134): onReceive() - ACTION_BATTERY_CHANGED
D/STATUSBAR-BatteryController(10134): onReceive() - BATTERY_STATUS_DISCHARGING: tw_stat_sys_battery
D/STATUSBAR-PhoneStatusBar(10134):  mBrightnessEnablebySettings = true mBrightnessEnablebyBattery = true mBrightnessEnablebyDisableFlag = true
I/PowerManagerService( 9929): [PWL] Off : 3995s ago
V/AlarmManager( 9929): waitForAlarm result :8
D/BatteryService( 9929): update start
D/BatteryService( 9929): level:15, scale:100, status:3, health:2, present:true, voltage: 3715, temperature: 273, technology: Li-ion, AC powered:false, USB powered:false, Wireless powered:false, icon:17303346, invalid charger:0, online:1, charge type:0, current avg:-20
D/BatteryService( 9929): Sending ACTION_BATTERY_CHANGED.
D/STATUSBAR-BatteryController(10134): onReceive() - ACTION_BATTERY_CHANGED
D/STATUSBAR-BatteryController(10134): onReceive() - BATTERY_STATUS_DISCHARGING: tw_stat_sys_battery
D/STATUSBAR-PhoneStatusBar(10134):  mBrightnessEnablebySettings = true mBrightnessEnablebyBattery = true mBrightnessEnablebyDisableFlag = true
D/KeyguardClockWidgetService(12493): onReceive action=android.intent.action.TIME_TICK
V/AlarmManager( 9929): ClockReceiver onReceive() ACTION_TIME_TICK
I/WAKELOCK_RELEASE( 9929): TIMESTAMP=992870390807354, TAG=AlarmManager, TYPE=PARTIAL_WAKE_LOCK             , COUNT=0, PID=9929, UID=1000
V/AlarmManager( 9929): waitForAlarm result :1
V/AlarmManager( 9929): trigger ELAPSED_REALTIME_WAKEUP or RTC_WAKEUP
I/WAKELOCK_RELEASE( 9929): TIMESTAMP=992906559876396, TAG=AlarmManager, TYPE=PARTIAL_WAKE_LOCK             , COUNT=0, PID=9929, UID=1000
D/BatteryService( 9929): update start
D/BatteryService( 9929): level:15, scale:100, status:3, health:2, present:true, voltage: 3709, temperature: 272, technology: Li-ion, AC powered:false, USB powered:false, Wireless powered:false, icon:17303346, invalid charger:0, online:1, charge type:0, current avg:-16
D/BatteryService( 9929): Sending ACTION_BATTERY_CHANGED.
D/STATUSBAR-BatteryController(10134): onReceive() - ACTION_BATTERY_CHANGED
D/STATUSBAR-BatteryController(10134): onReceive() - BATTERY_STATUS_DISCHARGING: tw_stat_sys_battery
D/STATUSBAR-PhoneStatusBar(10134):  mBrightnessEnablebySettings = true mBrightnessEnablebyBattery = true mBrightnessEnablebyDisableFlag = true
D/BatteryService( 9929): update start
D/BatteryService( 9929): level:15, scale:100, status:3, health:2, present:true, voltage: 3713, temperature: 272, technology: Li-ion, AC powered:false, USB powered:false, Wireless powered:false, icon:17303346, invalid charger:0, online:1, charge type:0, current avg:-20
D/BatteryService( 9929): Sending ACTION_BATTERY_CHANGED.
D/STATUSBAR-BatteryController(10134): onReceive() - ACTION_BATTERY_CHANGED
D/STATUSBAR-BatteryController(10134): onReceive() - BATTERY_STATUS_DISCHARGING: tw_stat_sys_battery
D/STATUSBAR-PhoneStatusBar(10134):  mBrightnessEnablebySettings = true mBrightnessEnablebyBattery = true mBrightnessEnablebyDisableFlag = true
V/AlarmManager( 9929): waitForAlarm result :8
D/KeyguardClockWidgetService(12493): onReceive action=android.intent.action.TIME_TICK
D/BatteryService( 9929): update start
D/BatteryService( 9929): level:15, scale:100, status:3, health:2, present:true, voltage: 3715, temperature: 273, technology: Li-ion, AC powered:false, USB powered:false, Wireless powered:false, icon:17303346, invalid charger:0, online:1, charge type:0, current avg:-15
D/BatteryService( 9929): Sending ACTION_BATTERY_CHANGED.
V/AlarmManager( 9929): ClockReceiver onReceive() ACTION_TIME_TICK
D/STATUSBAR-BatteryController(10134): onReceive() - ACTION_BATTERY_CHANGED
D/STATUSBAR-BatteryController(10134): onReceive() - BATTERY_STATUS_DISCHARGING: tw_stat_sys_battery
D/STATUSBAR-PhoneStatusBar(10134):  mBrightnessEnablebySettings = true mBrightnessEnablebyBattery = true mBrightnessEnablebyDisableFlag = true
I/WAKELOCK_RELEASE( 9929): TIMESTAMP=992952644060851, TAG=AlarmManager, TYPE=PARTIAL_WAKE_LOCK             , COUNT=0, PID=9929, UID=1000
D/BatteryService( 9929): update start
D/BatteryService( 9929): level:15, scale:100, status:3, health:2, present:true, voltage: 3714, temperature: 274, technology: Li-ion, AC powered:false, USB powered:false, Wireless powered:false, icon:17303346, invalid charger:0, online:1, charge type:0, current avg:-15
D/BatteryService( 9929): Sending ACTION_BATTERY_CHANGED.
D/STATUSBAR-BatteryController(10134): onReceive() - ACTION_BATTERY_CHANGED
D/STATUSBAR-BatteryController(10134): onReceive() - BATTERY_STATUS_DISCHARGING: tw_stat_sys_battery
D/STATUSBAR-PhoneStatusBar(10134):  mBrightnessEnablebySettings = true mBrightnessEnablebyBattery = true mBrightnessEnablebyDisableFlag = true
V/AlarmManager( 9929): waitForAlarm result :8
D/KeyguardClockWidgetService(12493): onReceive action=android.intent.action.TIME_TICK
D/BatteryService( 9929): update start
D/BatteryService( 9929): level:15, scale:100, status:3, health:2, present:true, voltage: 3716, temperature: 273, technology: Li-ion, AC powered:false, USB powered:false, Wireless powered:false, icon:17303346, invalid charger:0, online:1, charge type:0, current avg:-17
D/BatteryService( 9929): Sending ACTION_BATTERY_CHANGED.
V/AlarmManager( 9929): ClockReceiver onReceive() ACTION_TIME_TICK
D/STATUSBAR-BatteryController(10134): onReceive() - ACTION_BATTERY_CHANGED
D/STATUSBAR-BatteryController(10134): onReceive() - BATTERY_STATUS_DISCHARGING: tw_stat_sys_battery
D/STATUSBAR-PhoneStatusBar(10134):  mBrightnessEnablebySettings = true mBrightnessEnablebyBattery = true mBrightnessEnablebyDisableFlag = true
I/WAKELOCK_RELEASE( 9929): TIMESTAMP=992993236291220, TAG=AlarmManager, TYPE=PARTIAL_WAKE_LOCK             , COUNT=0, PID=9929, UID=1000
V/AlarmManager( 9929): waitForAlarm result :8
D/KeyguardClockWidgetService(12493): onReceive action=android.intent.action.TIME_TICK
V/AlarmManager( 9929): ClockReceiver onReceive() ACTION_TIME_TICK
I/WAKELOCK_RELEASE( 9929): TIMESTAMP=993034092080289, TAG=AlarmManager, TYPE=PARTIAL_WAKE_LOCK             , COUNT=0, PID=9929, UID=1000
D/BatteryService( 9929): update start
D/BatteryService( 9929): level:15, scale:100, status:3, health:2, present:true, voltage: 3702, temperature: 272, technology: Li-ion, AC powered:false, USB powered:false, Wireless powered:false, icon:17303346, invalid charger:0, online:1, charge type:0, current avg:-19
D/BatteryService( 9929): Sending ACTION_BATTERY_CHANGED.
D/STATUSBAR-BatteryController(10134): onReceive() - ACTION_BATTERY_CHANGED
D/STATUSBAR-BatteryController(10134): onReceive() - BATTERY_STATUS_DISCHARGING: tw_stat_sys_battery
D/STATUSBAR-PhoneStatusBar(10134):  mBrightnessEnablebySettings = true mBrightnessEnablebyBattery = true mBrightnessEnablebyDisableFlag = true
D/BatteryService( 9929): update start
D/BatteryService( 9929): level:15, scale:100, status:3, health:2, present:true, voltage: 3713, temperature: 272, technology: Li-ion, AC powered:false, USB powered:false, Wireless powered:false, icon:17303346, invalid charger:0, online:1, charge type:0, current avg:-13
D/BatteryService( 9929): Sending ACTION_BATTERY_CHANGED.
D/STATUSBAR-BatteryController(10134): onReceive() - ACTION_BATTERY_CHANGED
D/STATUSBAR-BatteryController(10134): onReceive() - BATTERY_STATUS_DISCHARGING: tw_stat_sys_battery
D/STATUSBAR-PhoneStatusBar(10134):  mBrightnessEnablebySettings = true mBrightnessEnablebyBattery = true mBrightnessEnablebyDisableFlag = true
E/Watchdog( 9929): !@Sync 2049
V/AlarmManager( 9929): waitForAlarm result :8
D/KeyguardClockWidgetService(12493): onReceive action=android.intent.action.TIME_TICK
D/BatteryService( 9929): update start
D/BatteryService( 9929): level:15, scale:100, status:3, health:2, present:true, voltage: 3702, temperature: 273, technology: Li-ion, AC powered:false, USB powered:false, Wireless powered:false, icon:17303346, invalid charger:0, online:1, charge type:0, current avg:-16
D/BatteryService( 9929): Sending ACTION_BATTERY_CHANGED.
V/AlarmManager( 9929): ClockReceiver onReceive() ACTION_TIME_TICK
D/STATUSBAR-BatteryController(10134): onReceive() - ACTION_BATTERY_CHANGED
D/STATUSBAR-BatteryController(10134): onReceive() - BATTERY_STATUS_DISCHARGING: tw_stat_sys_battery
D/STATUSBAR-PhoneStatusBar(10134):  mBrightnessEnablebySettings = true mBrightnessEnablebyBattery = true mBrightnessEnablebyDisableFlag = true
I/WAKELOCK_RELEASE( 9929): TIMESTAMP=993097067918307, TAG=AlarmManager, TYPE=PARTIAL_WAKE_LOCK             , COUNT=0, PID=9929, UID=1000
D/BatteryService( 9929): update start
D/BatteryService( 9929): level:15, scale:100, status:3, health:2, present:true, voltage: 3712, temperature: 272, technology: Li-ion, AC powered:false, USB powered:false, Wireless powered:false, icon:17303346, invalid charger:0, online:1, charge type:0, current avg:-19
D/BatteryService( 9929): Sending ACTION_BATTERY_CHANGED.
D/STATUSBAR-BatteryController(10134): onReceive() - ACTION_BATTERY_CHANGED
D/STATUSBAR-BatteryController(10134): onReceive() - BATTERY_STATUS_DISCHARGING: tw_stat_sys_battery
D/STATUSBAR-PhoneStatusBar(10134):  mBrightnessEnablebySettings = true mBrightnessEnablebyBattery = true mBrightnessEnablebyDisableFlag = true
V/AlarmManager( 9929): waitForAlarm result :8
W/ThrottleService( 9929): unable to find stats for iface rmnet0
D/BatteryService( 9929): update start
D/BatteryService( 9929): level:15, scale:100, status:3, health:2, present:true, voltage: 3710, temperature: 272, technology: Li-ion, AC powered:false, USB powered:false, Wireless powered:false, icon:17303346, invalid charger:0, online:1, charge type:0, current avg:-19
D/KeyguardClockWidgetService(12493): onReceive action=android.intent.action.TIME_TICK
D/BatteryService( 9929): Sending ACTION_BATTERY_CHANGED.
V/AlarmManager( 9929): ClockReceiver onReceive() ACTION_TIME_TICK
D/STATUSBAR-BatteryController(10134): onReceive() - ACTION_BATTERY_CHANGED
D/STATUSBAR-BatteryController(10134): onReceive() - BATTERY_STATUS_DISCHARGING: tw_stat_sys_battery
D/STATUSBAR-PhoneStatusBar(10134):  mBrightnessEnablebySettings = true mBrightnessEnablebyBattery = true mBrightnessEnablebyDisableFlag = true
I/WAKELOCK_RELEASE( 9929): TIMESTAMP=993157292426302, TAG=AlarmManager, TYPE=PARTIAL_WAKE_LOCK             , COUNT=0, PID=9929, UID=1000
V/AlarmManager( 9929): waitForAlarm result :2
D/BatteryService( 9929): update start
D/BatteryService( 9929): level:15, scale:100, status:3, health:2, present:true, voltage: 3709, temperature: 272, technology: Li-ion, AC powered:false, USB powered:false, Wireless powered:false, icon:17303346, invalid charger:0, online:1, charge type:0, current avg:-15
I/WAKELOCK_RELEASE( 9929): TIMESTAMP=993198062204284, TAG=AlarmManager, TYPE=PARTIAL_WAKE_LOCK             , COUNT=0, PID=9929, UID=1000
D/BatteryService( 9929): Sending ACTION_BATTERY_CHANGED.
D/STATUSBAR-BatteryController(10134): onReceive() - ACTION_BATTERY_CHANGED
D/STATUSBAR-BatteryController(10134): onReceive() - BATTERY_STATUS_DISCHARGING: tw_stat_sys_battery
D/STATUSBAR-PhoneStatusBar(10134):  mBrightnessEnablebySettings = true mBrightnessEnablebyBattery = true mBrightnessEnablebyDisableFlag = true
V/AlarmManager( 9929): waitForAlarm result :8
D/KeyguardClockWidgetService(12493): onReceive action=android.intent.action.TIME_TICK
V/AlarmManager( 9929): ClockReceiver onReceive() ACTION_TIME_TICK
D/BatteryService( 9929): update start
D/BatteryService( 9929): level:15, scale:100, status:3, health:2, present:true, voltage: 3715, temperature: 272, technology: Li-ion, AC powered:false, USB powered:false, Wireless powered:false, icon:17303346, invalid charger:0, online:1, charge type:0, current avg:-16
D/BatteryService( 9929): Sending ACTION_BATTERY_CHANGED.
D/STATUSBAR-BatteryController(10134): onReceive() - ACTION_BATTERY_CHANGED
D/STATUSBAR-BatteryController(10134): onReceive() - BATTERY_STATUS_DISCHARGING: tw_stat_sys_battery
D/STATUSBAR-PhoneStatusBar(10134):  mBrightnessEnablebySettings = true mBrightnessEnablebyBattery = true mBrightnessEnablebyDisableFlag = true
I/WAKELOCK_RELEASE( 9929): TIMESTAMP=993222102094063, TAG=AlarmManager, TYPE=PARTIAL_WAKE_LOCK             , COUNT=0, PID=9929, UID=1000
D/BatteryService( 9929): update start
D/BatteryService( 9929): level:15, scale:100, status:3, health:2, present:true, voltage: 3711, temperature: 273, technology: Li-ion, AC powered:false, USB powered:false, Wireless powered:false, icon:17303346, invalid charger:0, online:1, charge type:0, current avg:-18
D/BatteryService( 9929): Sending ACTION_BATTERY_CHANGED.
D/STATUSBAR-BatteryController(10134): onReceive() - ACTION_BATTERY_CHANGED
D/STATUSBAR-BatteryController(10134): onReceive() - BATTERY_STATUS_DISCHARGING: tw_stat_sys_battery
D/STATUSBAR-PhoneStatusBar(10134):  mBrightnessEnablebySettings = true mBrightnessEnablebyBattery = true mBrightnessEnablebyDisableFlag = true
V/AlarmManager( 9929): waitForAlarm result :8
D/BatteryService( 9929): update start
D/BatteryService( 9929): level:15, scale:100, status:3, health:2, present:true, voltage: 3706, temperature: 273, technology: Li-ion, AC powered:false, USB powered:false, Wireless powered:false, icon:17303346, invalid charger:0, online:1, charge type:0, current avg:-14
D/BatteryService( 9929): Sending ACTION_BATTERY_CHANGED.
D/STATUSBAR-BatteryController(10134): onReceive() - ACTION_BATTERY_CHANGED
D/STATUSBAR-BatteryController(10134): onReceive() - BATTERY_STATUS_DISCHARGING: tw_stat_sys_battery
D/STATUSBAR-PhoneStatusBar(10134):  mBrightnessEnablebySettings = true mBrightnessEnablebyBattery = true mBrightnessEnablebyDisableFlag = true
D/KeyguardClockWidgetService(12493): onReceive action=android.intent.action.TIME_TICK
V/AlarmManager( 9929): ClockReceiver onReceive() ACTION_TIME_TICK
I/WAKELOCK_RELEASE( 9929): TIMESTAMP=993280193946002, TAG=AlarmManager, TYPE=PARTIAL_WAKE_LOCK             , COUNT=0, PID=9929, UID=1000
D/BatteryService( 9929): update start
D/BatteryService( 9929): level:15, scale:100, status:3, health:2, present:true, voltage: 3712, temperature: 272, technology: Li-ion, AC powered:false, USB powered:false, Wireless powered:false, icon:17303346, invalid charger:0, online:1, charge type:0, current avg:-23
D/BatteryService( 9929): Sending ACTION_BATTERY_CHANGED.
D/STATUSBAR-BatteryController(10134): onReceive() - ACTION_BATTERY_CHANGED
D/STATUSBAR-BatteryController(10134): onReceive() - BATTERY_STATUS_DISCHARGING: tw_stat_sys_battery
D/STATUSBAR-PhoneStatusBar(10134):  mBrightnessEnablebySettings = true mBrightnessEnablebyBattery = true mBrightnessEnablebyDisableFlag = true
V/AlarmManager( 9929): waitForAlarm result :8
D/KeyguardClockWidgetService(12493): onReceive action=android.intent.action.TIME_TICK
D/BatteryService( 9929): update start
D/BatteryService( 9929): level:15, scale:100, status:3, health:2, present:true, voltage: 3708, temperature: 272, technology: Li-ion, AC powered:false, USB powered:false, Wireless powered:false, icon:17303346, invalid charger:0, online:1, charge type:0, current avg:-17
D/BatteryService( 9929): Sending ACTION_BATTERY_CHANGED.
V/AlarmManager( 9929): ClockReceiver onReceive() ACTION_TIME_TICK
D/STATUSBAR-BatteryController(10134): onReceive() - ACTION_BATTERY_CHANGED
D/STATUSBAR-BatteryController(10134): onReceive() - BATTERY_STATUS_DISCHARGING: tw_stat_sys_battery
D/STATUSBAR-PhoneStatusBar(10134):  mBrightnessEnablebySettings = true mBrightnessEnablebyBattery = true mBrightnessEnablebyDisableFlag = true
I/WAKELOCK_RELEASE( 9929): TIMESTAMP=993362191412471, TAG=AlarmManager, TYPE=PARTIAL_WAKE_LOCK             , COUNT=0, PID=9929, UID=1000
V/AlarmManager( 9929): waitForAlarm result :8
D/BatteryService( 9929): update start
D/BatteryService( 9929): level:15, scale:100, status:3, health:2, present:true, voltage: 3704, temperature: 272, technology: Li-ion, AC powered:false, USB powered:false, Wireless powered:false, icon:17303346, invalid charger:0, online:1, charge type:0, current avg:-16
D/BatteryService( 9929): Sending ACTION_BATTERY_CHANGED.
D/STATUSBAR-BatteryController(10134): onReceive() - ACTION_BATTERY_CHANGED
D/STATUSBAR-BatteryController(10134): onReceive() - BATTERY_STATUS_DISCHARGING: tw_stat_sys_battery
D/STATUSBAR-PhoneStatusBar(10134):  mBrightnessEnablebySettings = true mBrightnessEnablebyBattery = true mBrightnessEnablebyDisableFlag = true
D/KeyguardClockWidgetService(12493): onReceive action=android.intent.action.TIME_TICK
V/AlarmManager( 9929): ClockReceiver onReceive() ACTION_TIME_TICK
I/WAKELOCK_RELEASE( 9929): TIMESTAMP=993403417461334, TAG=AlarmManager, TYPE=PARTIAL_WAKE_LOCK             , COUNT=0, PID=9929, UID=1000
W/ActivityThread( 7916): ClassLoader.loadClass: The class loader returned by Thread.getContextClassLoader() may fail for processes that host multiple applications. You should explicitly specify a context class loader. For example: Thread.setContextClassLoader(getClass().getClassLoader());
D/BatteryService( 9929): update start
D/BatteryService( 9929): level:15, scale:100, status:3, health:2, present:true, voltage: 3702, temperature: 272, technology: Li-ion, AC powered:false, USB powered:false, Wireless powered:false, icon:17303346, invalid charger:0, online:1, charge type:0, current avg:-16
D/BatteryService( 9929): Sending ACTION_BATTERY_CHANGED.
D/STATUSBAR-BatteryController(10134): onReceive() - ACTION_BATTERY_CHANGED
D/STATUSBAR-BatteryController(10134): onReceive() - BATTERY_STATUS_DISCHARGING: tw_stat_sys_battery
D/STATUSBAR-PhoneStatusBar(10134):  mBrightnessEnablebySettings = true mBrightnessEnablebyBattery = true mBrightnessEnablebyDisableFlag = true
I/ActivityManager( 9929): Process mobi.mgeek.TunnyBrowser:DolphinNotification (pid 7916) (adj 0) has died.
W/ContextImpl( 9929): Calling a method in the system process without a qualified user: android.app.ContextImpl.sendBroadcast:1361 com.android.server.am.ActivityManagerService.cleanUpApplicationRecordLocked:12456 com.android.server.am.ActivityManagerService.handleAppDiedLocked:3637 com.android.server.am.ActivityManagerService.appDiedLocked:3741 com.android.server.am.ActivityManagerService$AppDeathRecipient.binderDied:1001 
V/AlarmManager( 9929): waitForAlarm result :8
D/KeyguardClockWidgetService(12493): onReceive action=android.intent.action.TIME_TICK
V/AlarmManager( 9929): ClockReceiver onReceive() ACTION_TIME_TICK
D/BatteryService( 9929): update start
D/BatteryService( 9929): level:15, scale:100, status:3, health:2, present:true, voltage: 3713, temperature: 273, technology: Li-ion, AC powered:false, USB powered:false, Wireless powered:false, icon:17303346, invalid charger:0, online:1, charge type:0, current avg:-20
D/BatteryService( 9929): Sending ACTION_BATTERY_CHANGED.
D/STATUSBAR-BatteryController(10134): onReceive() - ACTION_BATTERY_CHANGED
D/STATUSBAR-BatteryController(10134): onReceive() - BATTERY_STATUS_DISCHARGING: tw_stat_sys_battery
D/STATUSBAR-PhoneStatusBar(10134):  mBrightnessEnablebySettings = true mBrightnessEnablebyBattery = true mBrightnessEnablebyDisableFlag = true
D/STATUSBAR-NetworkController(10134): onSignalStrengthsChanged signalStrength=SignalStrength: 13 -1 -1 -1 -1 -1 -1 99 2147483647 2147483647 2147483647 -1 2147483647 gsm|lte 0x4 level=4
I/WAKELOCK_RELEASE( 9929): TIMESTAMP=993485395898010, TAG=AlarmManager, TYPE=PARTIAL_WAKE_LOCK             , COUNT=0, PID=9929, UID=1000
V/AlarmManager( 9929): waitForAlarm result :8
D/BatteryService( 9929): update start
D/KeyguardClockWidgetService(12493): onReceive action=android.intent.action.TIME_TICK
D/BatteryService( 9929): level:15, scale:100, status:3, health:2, present:true, voltage: 3706, temperature: 273, technology: Li-ion, AC powered:false, USB powered:false, Wireless powered:false, icon:17303346, invalid charger:0, online:1, charge type:0, current avg:-16
D/BatteryService( 9929): Sending ACTION_BATTERY_CHANGED.
V/AlarmManager( 9929): ClockReceiver onReceive() ACTION_TIME_TICK
D/STATUSBAR-BatteryController(10134): onReceive() - ACTION_BATTERY_CHANGED
D/STATUSBAR-BatteryController(10134): onReceive() - BATTERY_STATUS_DISCHARGING: tw_stat_sys_battery
D/STATUSBAR-PhoneStatusBar(10134):  mBrightnessEnablebySettings = true mBrightnessEnablebyBattery = true mBrightnessEnablebyDisableFlag = true
I/WAKELOCK_RELEASE( 9929): TIMESTAMP=993526237662551, TAG=AlarmManager, TYPE=PARTIAL_WAKE_LOCK             , COUNT=0, PID=9929, UID=1000
D/BatteryService( 9929): update start
D/InputManager( 9929): notifySwitch: values=200000, mask=200000
D/BatteryService( 9929): level:15, scale:100, status:3, health:2, present:true, voltage: 3710, temperature: 272, technology: Li-ion, AC powered:false, USB powered:false, Wireless powered:false, icon:17303346, invalid charger:0, online:1, charge type:0, current avg:-28
D/BatteryService( 9929): Sending ACTION_BATTERY_CHANGED.
D/STATUSBAR-BatteryController(10134): onReceive() - ACTION_BATTERY_CHANGED
D/STATUSBAR-BatteryController(10134): onReceive() - BATTERY_STATUS_DISCHARGING: tw_stat_sys_battery
D/STATUSBAR-PhoneStatusBar(10134):  mBrightnessEnablebySettings = true mBrightnessEnablebyBattery = true mBrightnessEnablebyDisableFlag = true
V/WindowManager( 9929): rotationForOrientationLw(orient=2, last=0); user=1  sensorRotation=-1 isCoverOpen=true mLidState=-1 mDockMode=0 mHdmiPlugged=false mAccelerometerDefault=false
V/WindowManager( 9929): Application requested orientation 2, got rotation 0 which has compatible metrics
D/WindowManager( 9929): computeScreenConfigurationLocked() set config.orientation=2 dw=1280 dh=800 Callers=com.android.server.wm.WindowManagerService.computeNewConfigurationLocked:8401 com.android.server.wm.WindowManagerService.computeNewConfiguration:8388 com.android.server.am.ActivityManagerService.updateConfiguration:13956 
D/PowerManagerService( 9929): setKeyboardVisibility: false
D/PowerManagerService( 9929): updateCoverState: false
D/PowerManagerService( 9929): updateDisplayPowerStateLocked: mIsCoverClosed = false
V/SmartFaceService( 9929): onReceive: com.samsung.cover.OPEN
E/SmartFaceService( 9929): mClearCoverOpened: true
D/PhoneStatusBarView(10134): clear cover opened : 0
D/PowerManagerService( 9929): [api] [s] wakeUp (uid: 1000 pid: 9929)
I/PowerManagerService( 9929): [ps] Screen__On :  wakeUp:  (uid: 1000 pid: 9929)
I/PowerManagerService( 9929): Waking up from sleep...
D/PowerManagerService( 9929): Screen on blocked: mNestCount=1
D/PowerManagerService( 9929): [PWL] sb acquire: PowerManagerService.Broadcasts
D/PowerManagerService( 9929): [s] WAKEFULNESS_AWAKE
D/PowerManagerService( 9929): [s] UserActivityState : 0 -> 1
D/SmartFaceIndicator( 9929): no icon
E/SmartFaceService( 9929): mActiveServiceType: 0
I/WAKELOCK_RELEASE( 9929): TIMESTAMP=993530669580353, TAG=keyguardWakeAndHandOff, TYPE=PARTIAL_WAKE_LOCK             , COUNT=0, PID=9929, UID=1000
D/SmartFaceService( 9929): mLightIntensityEnough: true mLux: 0.0
D/Stay/Rotation Worker( 9929): updateClientsDone. def. do nothing.
D/SmartFaceService( 9929): Service Type to Worker: 0
D/SmartFaceService( 9929): Last Active clients:0 Current Active clients: 0
D/SmartFaceService( 9929): Last Smart Pause clients: 0 Current Smart Pause clients: 0
D/PowerManagerService( 9929): [api] mCoverIntentReceiver: received value = true
D/DisplayPowerController( 9929): animation target = 24(true, (-1 ~ -1), ( < -1)
D/PhoneStatusBarView(10134): marqueeStatusBar:6, mClearCover:0
D/RampAnimator( 9929): Light Animator Finished currentValue=24
D/PowerManagerService( 9929): [api] [s] userActivity : event: 3 flags: 0 (uid: 1000 pid: 9929)
D/PowerManagerService( 9929): [api] [s] userActivity : event: 3 flags: 0 (uid: 1000 pid: 9929)
D/KeyguardClockWidgetService(12493): onReceive action=android.intent.action.SCREEN_ON
D/PowerManagerService( 9929): [api] [s] userActivity : event: 3 flags: 0 (uid: 1000 pid: 9929)
D/PowerManagerService( 9929): [api] [s] userActivity : event: 3 flags: 0 (uid: 1000 pid: 9929)
D/KeyguardClockWidgetProvider(12493): refreshSingleClock :{Home} Hour = 08, Min = 40
I/WindowManager( 9929): Lock screen displayed!
D/KeyguardClockWidgetProvider(12493): desc Message =  8:40
D/PowerManagerNotifier( 9929): [api] WindowManagerPolicy.ScreenOnListener : Received onScreenOn().
D/PowerManagerService( 9929): Screen on unblocked: mNestCount=0
D/DisplayPowerController( 9929): animation target = 24(true, (-1 ~ -1), ( < -1)
D/PowerManagerService( 9929): [s] mDisplayPowerControllerCallbacks : onStateChanged()
D/IconMerger(10134): overflowShown = false
D/IconMerger(10134): moreRequired = false
D/PowerManagerService( 9929): [s] unblankAllDisplays() : unblankAllDisplaysFromPowerManager
W/ContextImpl(10272): Calling a method in the system process without a qualified user: android.app.ContextImpl.sendBroadcast:1361 android.content.ContextWrapper.sendBroadcast:345 com.diotek.ime.framework.common.InputManagerImpl.sendInputLanguage:7219 com.diotek.ime.framework.common.InputManagerImpl.setLanguage:4232 com.diotek.ime.framework.common.InputManagerImpl.startInputViewContinue:2490 
W/ContextImpl(10272): Calling a method in the system process without a qualified user: android.app.ContextImpl.sendBroadcast:1361 android.content.ContextWrapper.sendBroadcast:345 android.inputmethodservice.InputMethodService.sendInputViewShownState:533 android.inputmethodservice.InputMethodService.showWindow:2133 android.inputmethodservice.InputMethodService$InputMethodImpl.showSoftInput:701 
I/Monitor ( 9929): changeState : Name :Level-0 -> Level-0
I/Monitor ( 9929): changeState : freq : -1 -> -1
D/Monitor ( 9929): limitCPUFreq:: freq = -1
D/Monitor ( 9929): limitCPUFreq:: SIOP CPU freq max lock is released.
D/Monitor ( 9929): limitFlashLed:: bLimit = false
D/Monitor ( 9929): limitRecording:: recordingStop = false
D/Monitor ( 9929): limitBrightness : -1
D/PowerManagerService( 9929): [api] setMasterBrightnessLimit : maxBrightness : -1 (uid: 1000 pid: 9929)
D/Monitor ( 9929): limitDualRecordingToSingle:: dualRecordingToSingle = false
I/Monitor ( 9929): fileWriteInt : /sys/class/lcd/panel/siop_enable  value : 0
D/STATUSBAR-NotificationService( 9929): ACTION_SCREEN_ON
D/LightsService( 9929): [SvcLED] turnOff:: id = 4mIsIDUsingPatternLED = true
D/LightsService( 9929): [SvcLED] setSvcLedStateLocked:: id = 4, color = 0, mode = Off, set = Off
D/LightsService( 9929): [SvcLED] ForcedSvcLEDTask is running.
D/LightsService( 9929): [SvcLED] setSvcLedLightLocked : mSvcLedState : 0x0  priority : 7  mSvcLedMode : 0
I/WAKELOCK_RELEASE( 9929): TIMESTAMP=993531292647377, TAG=LightsService, TYPE=PARTIAL_WAKE_LOCK             , COUNT=0, PID=9929, UID=1000
D/IconMerger(10134): overflowShown = false
D/IconMerger(10134): moreRequired = false
D/STATUSBAR-NetworkController(10134): onReceive() - RSSI_CHANGED_ACTION, WIFI_STATE, NETWORK_STATE
I/WAKELOCK_RELEASE( 9929): TIMESTAMP=993531375244295, TAG=RILJ, TYPE=PARTIAL_WAKE_LOCK             , COUNT=0, PID=10244, UID=1001
I/WAKELOCK_RELEASE( 9929): TIMESTAMP=993531395744040, TAG=RILJ, TYPE=PARTIAL_WAKE_LOCK             , COUNT=0, PID=10244, UID=1001
I/WAKELOCK_RELEASE( 9929): TIMESTAMP=993531499400965, TAG=Wakeful StateMachine: GeofencerStateMachine, TYPE=PARTIAL_WAKE_LOCK             , COUNT=0, PID=9871, UID=10018
I/WAKELOCK_RELEASE( 9929): TIMESTAMP=993531527348096, TAG=GCoreFlp, TYPE=PARTIAL_WAKE_LOCK             , COUNT=0, PID=9871, UID=10018
D/PowerManagerService( 9929): [PWL] sb release: PowerManagerService.Broadcasts
W/BackupManagerService( 9929): dataChanged but no participant pkg='com.android.providers.settings' uid=10123
D/STATUSBAR-StatusBarManagerService( 9929): manageDisableList what=0x600000 pkg=WindowManager.LayoutParams
D/PowerManagerService( 9929): [api] [s] userActivity : event: 3 flags: 0 (uid: 1000 pid: 9929)
D/PhoneStatusBar(10134): disable: < EXPAND icons alerts TICKER system_info BACK* HOME* RECENT clock search brightness >
D/PowerManagerService( 9929): [api] [s] userActivity : event: 3 flags: 0 (uid: 1000 pid: 9929)
D/PowerManagerService( 9929): [api] [s] userActivity : event: 3 flags: 0 (uid: 1000 pid: 9929)
W/InputMethodManagerService( 9929): Window already focused, ignoring focus gain of: android.view.inputmethod.InputMethodManager$1@21a22898 attribute=android.view.inputmethod.EditorInfo@219b8d90, token = android.view.ViewRootImpl$W@21158000
W/ContextImpl(10272): Calling a method in the system process without a qualified user: android.app.ContextImpl.sendBroadcast:1361 android.content.ContextWrapper.sendBroadcast:345 com.diotek.ime.framework.common.InputManagerImpl.sendInputLanguage:7219 com.diotek.ime.framework.common.InputManagerImpl.setLanguage:4232 com.diotek.ime.framework.common.InputManagerImpl.startInputViewContinue:2490 
W/ContextImpl(10272): Calling a method in the system process without a qualified user: android.app.ContextImpl.sendBroadcast:1361 android.content.ContextWrapper.sendBroadcast:345 android.inputmethodservice.InputMethodService.sendInputViewShownState:533 android.inputmethodservice.InputMethodService.showWindow:2133 android.inputmethodservice.InputMethodService$InputMethodImpl.showSoftInput:701 
W/ContextImpl(10272): Calling a method in the system process without a qualified user: android.app.ContextImpl.sendBroadcast:1361 android.content.ContextWrapper.sendBroadcast:345 com.diotek.ime.framework.common.InputManagerImpl.sendInputLanguage:7219 com.diotek.ime.framework.common.InputManagerImpl.setLanguage:4232 com.diotek.ime.framework.common.InputManagerImpl.startInputViewContinue:2490 
W/ContextImpl(10272): Calling a method in the system process without a qualified user: android.app.ContextImpl.sendBroadcast:1361 android.content.ContextWrapper.sendBroadcast:345 com.diotek.ime.framework.common.InputManagerImpl.sendInputLanguage:7219 com.diotek.ime.framework.common.InputManagerImpl.initDefaultLanguage:3769 com.diotek.ime.framework.common.InputManagerImpl.initSelectedLanguage:3977 
W/ContextImpl(10272): Calling a method in the system process without a qualified user: android.app.ContextImpl.sendBroadcast:1361 android.content.ContextWrapper.sendBroadcast:345 android.inputmethodservice.InputMethodService.sendInputViewShownState:533 android.inputmethodservice.InputMethodService.showWindow:2133 android.inputmethodservice.InputMethodService$InputMethodImpl.showSoftInput:701 
D/STATUSBAR-NetworkController(10134): onReceive() - RSSI_CHANGED_ACTION, WIFI_STATE, NETWORK_STATE
D/PowerManagerService( 9929): [api] [s] userActivity : event: 3 flags: 0 (uid: 1000 pid: 9929)
D/PowerManagerService( 9929): [api] [s] userActivity : event: 3 flags: 0 (uid: 1000 pid: 9929)
D/PowerManagerService( 9929): [api] [s] userActivity : event: 3 flags: 0 (uid: 1000 pid: 9929)
D/STATUSBAR-NetworkController(10134): refreshSignalCluster: data=-1 bt=false
D/IconMerger(10134): overflowShown = false
D/IconMerger(10134): moreRequired = false
D/PowerManagerService( 9929): [api] [s] userActivity : event: 3 flags: 0 (uid: 1000 pid: 9929)
D/PowerManagerService( 9929): [api] [s] userActivity : event: 3 flags: 0 (uid: 1000 pid: 9929)
D/PowerManagerService( 9929): [api] [s] userActivity : event: 3 flags: 0 (uid: 1000 pid: 9929)
D/PowerManagerService( 9929): [api] [s] userActivity : event: 3 flags: 0 (uid: 1000 pid: 9929)
D/PowerManagerService( 9929): [api] [s] userActivity : event: 3 flags: 0 (uid: 1000 pid: 9929)
D/PowerManagerService( 9929): [api] [s] userActivity : event: 3 flags: 0 (uid: 1000 pid: 9929)
D/PowerManagerService( 9929): [api] [s] userActivity : event: 3 flags: 0 (uid: 1000 pid: 9929)
D/PowerManagerService( 9929): [api] [s] userActivity : event: 3 flags: 0 (uid: 1000 pid: 9929)
D/PowerManagerService( 9929): [api] [s] userActivity : event: 3 flags: 0 (uid: 1000 pid: 9929)
D/PowerManagerService( 9929): [api] [s] userActivity : event: 3 flags: 0 (uid: 1000 pid: 9929)
D/PowerManagerService( 9929): [api] [s] userActivity : event: 3 flags: 0 (uid: 1000 pid: 9929)
D/PowerManagerService( 9929): [api] [s] userActivity : event: 3 flags: 0 (uid: 1000 pid: 9929)
D/STATUSBAR-NetworkController(10134): refreshSignalCluster: data=-1 bt=false
D/IconMerger(10134): overflowShown = false
D/IconMerger(10134): moreRequired = false
D/PowerManagerService( 9929): [api] [s] userActivity : event: 3 flags: 0 (uid: 1000 pid: 9929)
D/PowerManagerService( 9929): [api] [s] userActivity : event: 3 flags: 0 (uid: 1000 pid: 9929)
D/PowerManagerService( 9929): [api] [s] userActivity : event: 3 flags: 0 (uid: 1000 pid: 9929)
W/ContextImpl( 9929): Calling a method in the system process without a qualified user: android.app.ContextImpl.sendBroadcast:1361 com.android.server.InputMethodManagerService$5.run:2473 java.lang.Thread.run:856 <bottom of call stack> <bottom of call stack> 
W/ContextImpl(10272): Calling a method in the system process without a qualified user: android.app.ContextImpl.sendBroadcast:1361 android.content.ContextWrapper.sendBroadcast:345 android.inputmethodservice.InputMethodService.sendInputViewShownState:533 android.inputmethodservice.InputMethodService.hideWindow:2308 android.inputmethodservice.InputMethodService.doHideWindow:2293 
V/WindowManager( 9929): Window{21126b70 u0 Keyguard}mOrientationRequetedFromKeyguard=true
D/PowerManagerService( 9929): [api] [s] userActivity : event: 3 flags: 0 (uid: 1000 pid: 9929)
D/PowerManagerService( 9929): [api] [s] userActivity : event: 3 flags: 0 (uid: 1000 pid: 9929)
D/PowerManagerService( 9929): [api] [s] userActivity : event: 3 flags: 0 (uid: 1000 pid: 9929)
V/WindowManager( 9929): Window{21126b70 u0 Keyguard}mOrientationRequetedFromKeyguard=true
D/WindowManager( 9929): computeScreenConfigurationLocked() set config.orientation=2 dw=1280 dh=800 Callers=com.android.server.wm.WindowManagerService.updateOrientationFromAppTokensLocked:5224 com.android.server.wm.WindowManagerService.updateOrientationFromAppTokens:5193 com.android.server.am.ActivityStack.resumeTopActivityLocked:2689 
D/PowerManagerService( 9929): setKeyboardVisibility: false
W/ContextImpl( 9929): Calling a method in the system process without a qualified user: android.app.ContextImpl.sendBroadcast:1375 com.android.server.am.ActivityStack.resumeTopActivityLocked:2754 com.android.server.am.ActivityStack.resumeTopActivityLocked:2317 com.android.server.am.ActivityStack.resumeTopActivityLocked:2271 com.android.server.am.ActivityManagerService.comeOutOfSleepIfNeededLocked:8433 
