D/IconMerger( 2578): moreRequired = false
D/STATUSBAR-NetworkController( 2578): onReceive() - RSSI_CHANGED_ACTION, WIFI_STATE, NETWORK_STATE
D/STATUSBAR-NetworkController( 2578): refreshSignalCluster: data=-1 bt=false
D/IconMerger( 2578): overflowShown = false
D/IconMerger( 2578): moreRequired = false
D/STATUSBAR-NetworkController( 2578): refreshSignalCluster: data=-1 bt=false
D/IconMerger( 2578): overflowShown = false
D/IconMerger( 2578): moreRequired = false
D/STATUSBAR-NetworkController( 2578): refreshSignalCluster: data=-1 bt=false
D/IconMerger( 2578): overflowShown = false
D/IconMerger( 2578): moreRequired = false
D/STATUSBAR-NetworkController( 2578): refreshSignalCluster: data=-1 bt=false
D/IconMerger( 2578): overflowShown = false
D/IconMerger( 2578): moreRequired = false
D/STATUSBAR-NetworkController( 2578): refreshSignalCluster: data=-1 bt=false
D/IconMerger( 2578): overflowShown = false
D/IconMerger( 2578): moreRequired = false
D/STATUSBAR-NetworkController( 2578): onReceive() - RSSI_CHANGED_ACTION, WIFI_STATE, NETWORK_STATE
D/STATUSBAR-NetworkController( 2578): refreshSignalCluster: data=-1 bt=false
D/IconMerger( 2578): overflowShown = false
D/IconMerger( 2578): moreRequired = false
D/STATUSBAR-NetworkController( 2578): onReceive() - RSSI_CHANGED_ACTION, WIFI_STATE, NETWORK_STATE
D/STATUSBAR-NetworkController( 2578): refreshSignalCluster: data=-1 bt=false
D/IconMerger( 2578): overflowShown = false
D/IconMerger( 2578): moreRequired = false
D/STATUSBAR-NetworkController( 2578): refreshSignalCluster: data=-1 bt=false
D/IconMerger( 2578): overflowShown = false
D/IconMerger( 2578): moreRequired = false
D/STATUSBAR-NetworkController( 2578): refreshSignalCluster: data=-1 bt=false
D/IconMerger( 2578): overflowShown = false
D/IconMerger( 2578): moreRequired = false
D/STATUSBAR-NetworkController( 2578): onReceive() - RSSI_CHANGED_ACTION, WIFI_STATE, NETWORK_STATE
D/STATUSBAR-NetworkController( 2578): refreshSignalCluster: data=-1 bt=false
D/IconMerger( 2578): overflowShown = false
D/IconMerger( 2578): moreRequired = false
D/STATUSBAR-NetworkController( 2578): refreshSignalCluster: data=-1 bt=false
D/IconMerger( 2578): overflowShown = false
D/IconMerger( 2578): moreRequired = false
D/STATUSBAR-NetworkController( 2578): refreshSignalCluster: data=-1 bt=false
D/IconMerger( 2578): overflowShown = false
D/IconMerger( 2578): moreRequired = false
D/STATUSBAR-NetworkController( 2578): onReceive() - RSSI_CHANGED_ACTION, WIFI_STATE, NETWORK_STATE
D/STATUSBAR-NetworkController( 2578): refreshSignalCluster: data=-1 bt=false
D/IconMerger( 2578): overflowShown = false
D/IconMerger( 2578): moreRequired = false
D/STATUSBAR-NetworkController( 2578): onReceive() - RSSI_CHANGED_ACTION, WIFI_STATE, NETWORK_STATE
D/STATUSBAR-NetworkController( 2578): refreshSignalCluster: data=-1 bt=false
D/IconMerger( 2578): overflowShown = false
D/IconMerger( 2578): moreRequired = false
E/Watchdog( 2387): !@Sync 4283
D/STATUSBAR-NetworkController( 2578): refreshSignalCluster: data=-1 bt=false
D/IconMerger( 2578): overflowShown = false
D/IconMerger( 2578): moreRequired = false
D/STATUSBAR-NetworkController( 2578): refreshSignalCluster: data=-1 bt=false
D/IconMerger( 2578): overflowShown = false
D/IconMerger( 2578): moreRequired = false
D/STATUSBAR-NetworkController( 2578): refreshSignalCluster: data=-1 bt=false
D/IconMerger( 2578): overflowShown = false
D/IconMerger( 2578): moreRequired = false
D/STATUSBAR-NetworkController( 2578): refreshSignalCluster: data=-1 bt=false
D/IconMerger( 2578): overflowShown = false
D/IconMerger( 2578): moreRequired = false
D/BatteryService( 2387): update start
D/BatteryService( 2387): level:16, scale:100, status:3, health:2, present:true, voltage: 3585, temperature: 354, technology: Li-ion, AC powered:false, USB powered:false, Wireless powered:false, icon:17303346, invalid charger:0, online:1, charge type:0, current avg:-934
D/BatteryService( 2387): Sending ACTION_BATTERY_CHANGED.
D/STATUSBAR-BatteryController( 2578): onReceive() - ACTION_BATTERY_CHANGED
D/STATUSBAR-BatteryController( 2578): onReceive() - BATTERY_STATUS_DISCHARGING: tw_stat_sys_battery
D/STATUSBAR-PhoneStatusBar( 2578):  mBrightnessEnablebySettings = true mBrightnessEnablebyBattery = true mBrightnessEnablebyDisableFlag = true
D/PowerManagerService( 2387): [api] userActivityFromNative : 2810 (event: 2 flags: 0)
D/STATUSBAR-NetworkController( 2578): refreshSignalCluster: data=-1 bt=false
D/IconMerger( 2578): overflowShown = false
D/IconMerger( 2578): moreRequired = false
D/STATUSBAR-NetworkController( 2578): refreshSignalCluster: data=-1 bt=false
D/IconMerger( 2578): overflowShown = false
D/IconMerger( 2578): moreRequired = false
D/STATUSBAR-NetworkController( 2578): onReceive() - RSSI_CHANGED_ACTION, WIFI_STATE, NETWORK_STATE
D/STATUSBAR-NetworkController( 2578): refreshSignalCluster: data=-1 bt=false
V/AlarmManager( 2387): waitForAlarm result :1
V/AlarmManager( 2387): trigger ELAPSED_REALTIME_WAKEUP or RTC_WAKEUP
I/WAKELOCK_RELEASE( 2387): TIMESTAMP=694273824271019, TAG=AlarmManager, TYPE=PARTIAL_WAKE_LOCK             , COUNT=0, PID=2387, UID=1000
D/IconMerger( 2578): overflowShown = false
D/IconMerger( 2578): moreRequired = false
D/STATUSBAR-NetworkController( 2578): refreshSignalCluster: data=-1 bt=false
D/IconMerger( 2578): overflowShown = false
D/IconMerger( 2578): moreRequired = false
D/STATUSBAR-NetworkController( 2578): refreshSignalCluster: data=-1 bt=false
D/IconMerger( 2578): overflowShown = false
D/IconMerger( 2578): moreRequired = false
D/STATUSBAR-NetworkController( 2578): refreshSignalCluster: data=-1 bt=false
D/IconMerger( 2578): overflowShown = false
D/IconMerger( 2578): moreRequired = false
D/STATUSBAR-NetworkController( 2578): refreshSignalCluster: data=-1 bt=false
D/IconMerger( 2578): overflowShown = false
D/IconMerger( 2578): moreRequired = false
D/STATUSBAR-NetworkController( 2578): refreshSignalCluster: data=-1 bt=false
D/IconMerger( 2578): overflowShown = false
D/IconMerger( 2578): moreRequired = false
D/STATUSBAR-NetworkController( 2578): refreshSignalCluster: data=-1 bt=false
D/IconMerger( 2578): overflowShown = false
D/IconMerger( 2578): moreRequired = false
D/STATUSBAR-NetworkController( 2578): refreshSignalCluster: data=-1 bt=false
D/IconMerger( 2578): overflowShown = false
D/IconMerger( 2578): moreRequired = false
D/STATUSBAR-NetworkController( 2578): refreshSignalCluster: data=-1 bt=false
D/IconMerger( 2578): overflowShown = false
D/IconMerger( 2578): moreRequired = false
D/STATUSBAR-NetworkController( 2578): refreshSignalCluster: data=-1 bt=false
D/IconMerger( 2578): overflowShown = false
D/IconMerger( 2578): moreRequired = false
D/STATUSBAR-NetworkController( 2578): onReceive() - RSSI_CHANGED_ACTION, WIFI_STATE, NETWORK_STATE
D/STATUSBAR-NetworkController( 2578): refreshSignalCluster: data=-1 bt=false
D/IconMerger( 2578): overflowShown = false
D/IconMerger( 2578): moreRequired = false
D/STATUSBAR-NetworkController( 2578): refreshSignalCluster: data=-1 bt=false
D/IconMerger( 2578): overflowShown = false
D/IconMerger( 2578): moreRequired = false
D/STATUSBAR-NetworkController( 2578): refreshSignalCluster: data=-1 bt=false
D/IconMerger( 2578): overflowShown = false
D/IconMerger( 2578): moreRequired = false
D/STATUSBAR-NetworkController( 2578): refreshSignalCluster: data=-1 bt=false
D/IconMerger( 2578): overflowShown = false
D/IconMerger( 2578): moreRequired = false
E/Watchdog( 2387): !@Sync 4284
D/STATUSBAR-NetworkController( 2578): refreshSignalCluster: data=-1 bt=false
D/IconMerger( 2578): overflowShown = false
D/IconMerger( 2578): moreRequired = false
V/AlarmManager( 2387): waitForAlarm result :8
D/KeyguardClockWidgetService(12859): onReceive action=android.intent.action.TIME_TICK
V/AlarmManager( 2387): ClockReceiver onReceive() ACTION_TIME_TICK
D/STATUSBAR-NetworkController( 2578): refreshSignalCluster: data=-1 bt=false
D/IconMerger( 2578): overflowShown = false
D/IconMerger( 2578): moreRequired = false
D/IconMerger( 2578): overflowShown = false
D/IconMerger( 2578): moreRequired = false
I/WAKELOCK_RELEASE( 2387): TIMESTAMP=694294118136394, TAG=AlarmManager, TYPE=PARTIAL_WAKE_LOCK             , COUNT=0, PID=2387, UID=1000
D/STATUSBAR-NetworkController( 2578): onReceive() - RSSI_CHANGED_ACTION, WIFI_STATE, NETWORK_STATE
D/STATUSBAR-NetworkController( 2578): refreshSignalCluster: data=-1 bt=false
D/IconMerger( 2578): overflowShown = false
D/IconMerger( 2578): moreRequired = false
D/STATUSBAR-NetworkController( 2578): onReceive() - RSSI_CHANGED_ACTION, WIFI_STATE, NETWORK_STATE
D/STATUSBAR-NetworkController( 2578): refreshSignalCluster: data=-1 bt=false
D/IconMerger( 2578): overflowShown = false
D/IconMerger( 2578): moreRequired = false
I/WAKELOCK_RELEASE( 2387): TIMESTAMP=694298541591969, TAG=AudioOut_2, TYPE=PARTIAL_WAKE_LOCK             , COUNT=0, PID=1982, UID=1013
I/WAKELOCK_RELEASE( 2387): TIMESTAMP=694298586550142, TAG=AudioOut_3, TYPE=PARTIAL_WAKE_LOCK             , COUNT=0, PID=1982, UID=1013
D/STATUSBAR-NetworkController( 2578): refreshSignalCluster: data=-1 bt=false
D/IconMerger( 2578): overflowShown = false
D/IconMerger( 2578): moreRequired = false
D/STATUSBAR-NetworkController( 2578): refreshSignalCluster: data=-1 bt=false
D/IconMerger( 2578): overflowShown = false
D/IconMerger( 2578): moreRequired = false
D/BatteryService( 2387): update start
D/BatteryService( 2387): level:16, scale:100, status:3, health:2, present:true, voltage: 3580, temperature: 355, technology: Li-ion, AC powered:false, USB powered:false, Wireless powered:false, icon:17303346, invalid charger:0, online:1, charge type:0, current avg:-917
D/BatteryService( 2387): Sending ACTION_BATTERY_CHANGED.
D/STATUSBAR-BatteryController( 2578): onReceive() - ACTION_BATTERY_CHANGED
D/STATUSBAR-BatteryController( 2578): onReceive() - BATTERY_STATUS_DISCHARGING: tw_stat_sys_battery
D/STATUSBAR-PhoneStatusBar( 2578):  mBrightnessEnablebySettings = true mBrightnessEnablebyBattery = true mBrightnessEnablebyDisableFlag = true
D/STATUSBAR-NetworkController( 2578): refreshSignalCluster: data=-1 bt=false
D/IconMerger( 2578): overflowShown = false
D/IconMerger( 2578): moreRequired = false
D/STATUSBAR-NetworkController( 2578): refreshSignalCluster: data=-1 bt=false
D/IconMerger( 2578): overflowShown = false
D/IconMerger( 2578): moreRequired = false
I/WAKELOCK_RELEASE( 2387): TIMESTAMP=694303957541398, TAG=AudioOut_2, TYPE=PARTIAL_WAKE_LOCK             , COUNT=0, PID=1982, UID=1013
D/STATUSBAR-NetworkController( 2578): refreshSignalCluster: data=-1 bt=false
D/IconMerger( 2578): overflowShown = false
D/IconMerger( 2578): moreRequired = false
D/STATUSBAR-NetworkController( 2578): refreshSignalCluster: data=-1 bt=false
D/IconMerger( 2578): overflowShown = false
D/IconMerger( 2578): moreRequired = false
D/STATUSBAR-NetworkController( 2578): refreshSignalCluster: data=-1 bt=false
D/IconMerger( 2578): overflowShown = false
D/IconMerger( 2578): moreRequired = false
D/STATUSBAR-NetworkController( 2578): refreshSignalCluster: data=-1 bt=false
D/IconMerger( 2578): overflowShown = false
D/IconMerger( 2578): moreRequired = false
D/STATUSBAR-NetworkController( 2578): onReceive() - RSSI_CHANGED_ACTION, WIFI_STATE, NETWORK_STATE
D/STATUSBAR-NetworkController( 2578): refreshSignalCluster: data=-1 bt=false
D/IconMerger( 2578): overflowShown = false
D/IconMerger( 2578): moreRequired = false
D/STATUSBAR-NetworkController( 2578): refreshSignalCluster: data=-1 bt=false
D/IconMerger( 2578): overflowShown = false
D/IconMerger( 2578): moreRequired = false
D/STATUSBAR-NetworkController( 2578): refreshSignalCluster: data=-1 bt=false
D/IconMerger( 2578): overflowShown = false
D/IconMerger( 2578): moreRequired = false
D/STATUSBAR-NetworkController( 2578): refreshSignalCluster: data=-1 bt=false
D/IconMerger( 2578): overflowShown = false
D/IconMerger( 2578): moreRequired = false
D/STATUSBAR-NetworkController( 2578): refreshSignalCluster: data=-1 bt=false
D/IconMerger( 2578): overflowShown = false
D/IconMerger( 2578): moreRequired = false
E/Watchdog( 2387): !@Sync 4285
D/STATUSBAR-NetworkController( 2578): refreshSignalCluster: data=-1 bt=false
D/IconMerger( 2578): overflowShown = false
D/IconMerger( 2578): moreRequired = false
D/PowerManagerService( 2387): [api] userActivityFromNative : 2820 (event: 2 flags: 0)
D/STATUSBAR-NetworkController( 2578): refreshSignalCluster: data=-1 bt=false
D/IconMerger( 2578): overflowShown = false
D/IconMerger( 2578): moreRequired = false
D/STATUSBAR-NetworkController( 2578): refreshSignalCluster: data=-1 bt=false
D/IconMerger( 2578): overflowShown = false
D/IconMerger( 2578): moreRequired = false
D/BatteryService( 2387): update start
D/BatteryService( 2387): level:15, scale:100, status:3, health:2, present:true, voltage: 3595, temperature: 355, technology: Li-ion, AC powered:false, USB powered:false, Wireless powered:false, icon:17303346, invalid charger:0, online:1, charge type:0, current avg:-919
D/BatteryService( 2387): Sending ACTION_BATTERY_CHANGED.
D/STATUSBAR-BatteryController( 2578): onReceive() - ACTION_BATTERY_CHANGED
D/STATUSBAR-BatteryController( 2578): onReceive() - BATTERY_STATUS_DISCHARGING: tw_stat_sys_battery
D/STATUSBAR-PhoneStatusBar( 2578):  mBrightnessEnablebySettings = true mBrightnessEnablebyBattery = true mBrightnessEnablebyDisableFlag = true
I/PowerUI ( 2578): showing low battery warning: level=15 [-1]
D/STATUSBAR-StatusBarManagerService( 2387): manageDisableList what=0x0 pkg=WindowManager.LayoutParams
V/WindowManager( 2387): Window{217d9e28 u0 Keyguard}mOrientationRequetedFromKeyguard=false
D/PowerUI ( 2578): playSound : 2
V/VibratorService( 2387): vibrate - milliseconds: 50, token: null
D/VibratorService( 2387): JNI vibratorOff()
D/VibratorService( 2387): JNI vibratorOn() : 50
D/PowerUI ( 2578): RINGER_MODE_VIBRATE
D/PowerManagerService( 2387): [api] acquire WakeLock flags=0x10000006 tag=PowerUI uid=10123 pid=2578
W/BackupManagerService( 2387): dataChanged but no participant pkg='com.android.providers.settings' uid=10123
D/VibratorService( 2387): JNI vibratorOff()
V/WindowManager( 2387): Window{217d9e28 u0 Keyguard}mOrientationRequetedFromKeyguard=false
V/WindowManager( 2387): Window{217d9e28 u0 Keyguard}mOrientationRequetedFromKeyguard=false
V/WindowManager( 2387): Window{217d9e28 u0 Keyguard}mOrientationRequetedFromKeyguard=false
W/BackupManagerService( 2387): dataChanged but no participant pkg='com.android.providers.settings' uid=10123
D/STATUSBAR-StatusBarManagerService( 2387): manageDisableList what=0x0 pkg=WindowManager.LayoutParams
W/InputMethodManagerService( 2387): Window already focused, ignoring focus gain of: com.android.internal.view.IInputMethodClient$Stub$Proxy@22135e70 attribute=null, token = android.os.BinderProxy@2170c310
D/STATUSBAR-NetworkController( 2578): refreshSignalCluster: data=-1 bt=false
D/IconMerger( 2578): overflowShown = false
D/IconMerger( 2578): moreRequired = false
D/STATUSBAR-NetworkController( 2578): refreshSignalCluster: data=-1 bt=false
D/IconMerger( 2578): overflowShown = false
D/IconMerger( 2578): moreRequired = false
D/STATUSBAR-NetworkController( 2578): onReceive() - RSSI_CHANGED_ACTION, WIFI_STATE, NETWORK_STATE
D/STATUSBAR-NetworkController( 2578): refreshSignalCluster: data=-1 bt=false
D/IconMerger( 2578): overflowShown = false
D/IconMerger( 2578): moreRequired = false
D/STATUSBAR-NetworkController( 2578): refreshSignalCluster: data=-1 bt=false
D/IconMerger( 2578): overflowShown = false
D/IconMerger( 2578): moreRequired = false
D/STATUSBAR-NetworkController( 2578): onReceive() - RSSI_CHANGED_ACTION, WIFI_STATE, NETWORK_STATE
D/STATUSBAR-NetworkController( 2578): refreshSignalCluster: data=-1 bt=false
D/IconMerger( 2578): overflowShown = false
D/IconMerger( 2578): moreRequired = false
I/WAKELOCK_RELEASE( 2387): TIMESTAMP=694339062801625, TAG=AudioOut_3, TYPE=PARTIAL_WAKE_LOCK             , COUNT=0, PID=1982, UID=1013
D/STATUSBAR-NetworkController( 2578): refreshSignalCluster: data=-1 bt=false
D/IconMerger( 2578): overflowShown = false
D/IconMerger( 2578): moreRequired = false
D/STATUSBAR-NetworkController( 2578): onReceive() - RSSI_CHANGED_ACTION, WIFI_STATE, NETWORK_STATE
D/STATUSBAR-NetworkController( 2578): refreshSignalCluster: data=-1 bt=false
D/IconMerger( 2578): overflowShown = false
D/IconMerger( 2578): moreRequired = false
I/WAKELOCK_RELEASE( 2387): TIMESTAMP=694341144421774, TAG=AudioOut_2, TYPE=PARTIAL_WAKE_LOCK             , COUNT=0, PID=1982, UID=1013
D/STATUSBAR-NetworkController( 2578): refreshSignalCluster: data=-1 bt=false
D/IconMerger( 2578): overflowShown = false
D/IconMerger( 2578): moreRequired = false
D/PowerManagerService( 2387): [api] release WakeLock flags=0x10000006 tag=PowerUI uid=10123 pid=2578 (0x0)
I/WAKELOCK_RELEASE( 2387): TIMESTAMP=694345593127635, TAG=PowerUI, TYPE=SCREEN_DIM_WAKE_LOCK          , COUNT=0, PID=2578, UID=10123
D/STATUSBAR-NetworkController( 2578): refreshSignalCluster: data=-1 bt=false
D/IconMerger( 2578): overflowShown = false
D/IconMerger( 2578): moreRequired = false
D/PowerManagerService( 2387): [api] userActivityFromNative : 2830 (event: 2 flags: 0)
D/STATUSBAR-NetworkController( 2578): refreshSignalCluster: data=-1 bt=false
D/IconMerger( 2578): overflowShown = false
D/IconMerger( 2578): moreRequired = false
D/STATUSBAR-NetworkController( 2578): refreshSignalCluster: data=-1 bt=false
D/IconMerger( 2578): overflowShown = false
D/IconMerger( 2578): moreRequired = false
D/STATUSBAR-NetworkController( 2578): refreshSignalCluster: data=-1 bt=false
D/IconMerger( 2578): overflowShown = false
D/IconMerger( 2578): moreRequired = false
D/STATUSBAR-NetworkController( 2578): refreshSignalCluster: data=-1 bt=false
D/IconMerger( 2578): overflowShown = false
D/IconMerger( 2578): moreRequired = false
E/Watchdog( 2387): !@Sync 4286
D/STATUSBAR-NetworkController( 2578): refreshSignalCluster: data=-1 bt=false
D/IconMerger( 2578): overflowShown = false
D/IconMerger( 2578): moreRequired = false
V/AlarmManager( 2387): waitForAlarm result :8
D/KeyguardClockWidgetService(12859): onReceive action=android.intent.action.TIME_TICK
V/AlarmManager( 2387): ClockReceiver onReceive() ACTION_TIME_TICK
D/IconMerger( 2578): overflowShown = false
D/IconMerger( 2578): moreRequired = false
I/WAKELOCK_RELEASE( 2387): TIMESTAMP=694354098925374, TAG=AlarmManager, TYPE=PARTIAL_WAKE_LOCK             , COUNT=0, PID=2387, UID=1000
D/STATUSBAR-NetworkController( 2578): refreshSignalCluster: data=-1 bt=false
D/IconMerger( 2578): overflowShown = false
D/IconMerger( 2578): moreRequired = false
D/STATUSBAR-NetworkController( 2578): refreshSignalCluster: data=-1 bt=false
D/IconMerger( 2578): overflowShown = false
D/IconMerger( 2578): moreRequired = false
I/WAKELOCK_RELEASE( 2387): TIMESTAMP=694356696115567, TAG=RILJ, TYPE=PARTIAL_WAKE_LOCK             , COUNT=0, PID=2706, UID=1001
I/WAKELOCK_RELEASE( 2387): TIMESTAMP=694356722475250, TAG=RILJ, TYPE=PARTIAL_WAKE_LOCK             , COUNT=0, PID=2706, UID=1001
I/WAKELOCK_RELEASE( 2387): TIMESTAMP=694356740032319, TAG=RILJ, TYPE=PARTIAL_WAKE_LOCK             , COUNT=0, PID=2706, UID=1001
I/WAKELOCK_RELEASE( 2387): TIMESTAMP=694356754779412, TAG=RILJ, TYPE=PARTIAL_WAKE_LOCK             , COUNT=0, PID=2706, UID=1001
I/WAKELOCK_RELEASE( 2387): TIMESTAMP=694356766971389, TAG=RILJ, TYPE=PARTIAL_WAKE_LOCK             , COUNT=0, PID=2706, UID=1001
D/STATUSBAR-NetworkController( 2578): refreshSignalCluster: data=-1 bt=false
D/IconMerger( 2578): overflowShown = false
D/IconMerger( 2578): moreRequired = false
D/STATUSBAR-NetworkController( 2578): onReceive() - RSSI_CHANGED_ACTION, WIFI_STATE, NETWORK_STATE
D/STATUSBAR-NetworkController( 2578): refreshSignalCluster: data=-1 bt=false
D/IconMerger( 2578): overflowShown = false
D/IconMerger( 2578): moreRequired = false
D/STATUSBAR-NetworkController( 2578): refreshSignalCluster: data=-1 bt=false
D/IconMerger( 2578): overflowShown = false
D/IconMerger( 2578): moreRequired = false
D/STATUSBAR-NetworkController( 2578): refreshSignalCluster: data=-1 bt=false
D/IconMerger( 2578): overflowShown = false
D/IconMerger( 2578): moreRequired = false
D/BatteryService( 2387): update start
D/BatteryService( 2387): level:15, scale:100, status:3, health:2, present:true, voltage: 3575, temperature: 356, technology: Li-ion, AC powered:false, USB powered:false, Wireless powered:false, icon:17303346, invalid charger:0, online:1, charge type:0, current avg:-923
D/BatteryService( 2387): Sending ACTION_BATTERY_CHANGED.
D/STATUSBAR-BatteryController( 2578): onReceive() - ACTION_BATTERY_CHANGED
D/STATUSBAR-BatteryController( 2578): onReceive() - BATTERY_STATUS_DISCHARGING: tw_stat_sys_battery
D/STATUSBAR-PhoneStatusBar( 2578):  mBrightnessEnablebySettings = true mBrightnessEnablebyBattery = true mBrightnessEnablebyDisableFlag = true
I/WAKELOCK_RELEASE( 2387): TIMESTAMP=694361326197215, TAG=AudioOut_2, TYPE=PARTIAL_WAKE_LOCK             , COUNT=0, PID=1982, UID=1013
I/WAKELOCK_RELEASE( 2387): TIMESTAMP=694361375331117, TAG=AudioOut_3, TYPE=PARTIAL_WAKE_LOCK             , COUNT=0, PID=1982, UID=1013
D/STATUSBAR-NetworkController( 2578): onReceive() - RSSI_CHANGED_ACTION, WIFI_STATE, NETWORK_STATE
D/STATUSBAR-NetworkController( 2578): refreshSignalCluster: data=-1 bt=false
D/IconMerger( 2578): overflowShown = false
D/IconMerger( 2578): moreRequired = false
D/STATUSBAR-NetworkController( 2578): refreshSignalCluster: data=-1 bt=false
D/IconMerger( 2578): overflowShown = false
D/IconMerger( 2578): moreRequired = false
I/WAKELOCK_RELEASE( 2387): TIMESTAMP=694365846621841, TAG=AudioOut_2, TYPE=PARTIAL_WAKE_LOCK             , COUNT=0, PID=1982, UID=1013
D/STATUSBAR-NetworkController( 2578): refreshSignalCluster: data=-1 bt=false
D/IconMerger( 2578): overflowShown = false
D/IconMerger( 2578): moreRequired = false
D/STATUSBAR-NetworkController( 2578): refreshSignalCluster: data=-1 bt=false
D/IconMerger( 2578): overflowShown = false
D/IconMerger( 2578): moreRequired = false
D/PowerManagerService( 2387): [api] userActivityFromNative : 2840 (event: 2 flags: 0)
D/STATUSBAR-NetworkController( 2578): refreshSignalCluster: data=-1 bt=false
D/IconMerger( 2578): overflowShown = false
D/IconMerger( 2578): moreRequired = false
D/STATUSBAR-NetworkController( 2578): onReceive() - RSSI_CHANGED_ACTION, WIFI_STATE, NETWORK_STATE
D/STATUSBAR-NetworkController( 2578): refreshSignalCluster: data=-1 bt=false
D/IconMerger( 2578): overflowShown = false
D/IconMerger( 2578): moreRequired = false
D/STATUSBAR-NetworkController( 2578): onReceive() - RSSI_CHANGED_ACTION, WIFI_STATE, NETWORK_STATE
D/STATUSBAR-NetworkController( 2578): refreshSignalCluster: data=-1 bt=false
D/IconMerger( 2578): overflowShown = false
D/IconMerger( 2578): moreRequired = false
D/STATUSBAR-NetworkController( 2578): refreshSignalCluster: data=-1 bt=false
D/IconMerger( 2578): overflowShown = false
D/IconMerger( 2578): moreRequired = false
D/STATUSBAR-NetworkController( 2578): refreshSignalCluster: data=-1 bt=false
D/IconMerger( 2578): overflowShown = false
D/IconMerger( 2578): moreRequired = false
E/Watchdog( 2387): !@Sync 4287
D/STATUSBAR-NetworkController( 2578): refreshSignalCluster: data=-1 bt=false
D/IconMerger( 2578): overflowShown = false
D/IconMerger( 2578): moreRequired = false
D/STATUSBAR-NetworkController( 2578): refreshSignalCluster: data=-1 bt=false
D/IconMerger( 2578): overflowShown = false
D/IconMerger( 2578): moreRequired = false
D/STATUSBAR-NetworkController( 2578): refreshSignalCluster: data=-1 bt=false
D/IconMerger( 2578): overflowShown = false
D/IconMerger( 2578): moreRequired = false
D/STATUSBAR-NetworkController( 2578): refreshSignalCluster: data=-1 bt=false
D/IconMerger( 2578): overflowShown = false
D/IconMerger( 2578): moreRequired = false
D/BatteryService( 2387): update start
D/BatteryService( 2387): level:15, scale:100, status:3, health:2, present:true, voltage: 3590, temperature: 355, technology: Li-ion, AC powered:false, USB powered:false, Wireless powered:false, icon:17303346, invalid charger:0, online:1, charge type:0, current avg:-908
D/BatteryService( 2387): Sending ACTION_BATTERY_CHANGED.
D/STATUSBAR-BatteryController( 2578): onReceive() - ACTION_BATTERY_CHANGED
D/STATUSBAR-BatteryController( 2578): onReceive() - BATTERY_STATUS_DISCHARGING: tw_stat_sys_battery
D/STATUSBAR-PhoneStatusBar( 2578):  mBrightnessEnablebySettings = true mBrightnessEnablebyBattery = true mBrightnessEnablebyDisableFlag = true
D/STATUSBAR-NetworkController( 2578): refreshSignalCluster: data=-1 bt=false
D/IconMerger( 2578): overflowShown = false
D/IconMerger( 2578): moreRequired = false
D/STATUSBAR-NetworkController( 2578): onReceive() - RSSI_CHANGED_ACTION, WIFI_STATE, NETWORK_STATE
D/STATUSBAR-NetworkController( 2578): refreshSignalCluster: data=-1 bt=false
D/IconMerger( 2578): overflowShown = false
D/IconMerger( 2578): moreRequired = false
D/STATUSBAR-NetworkController( 2578): refreshSignalCluster: data=-1 bt=false
D/IconMerger( 2578): overflowShown = false
D/IconMerger( 2578): moreRequired = false
D/STATUSBAR-NetworkController( 2578): onReceive() - RSSI_CHANGED_ACTION, WIFI_STATE, NETWORK_STATE
D/STATUSBAR-NetworkController( 2578): refreshSignalCluster: data=-1 bt=false
D/IconMerger( 2578): overflowShown = false
D/IconMerger( 2578): moreRequired = false
V/AlarmManager( 2387): waitForAlarm result :1
V/AlarmManager( 2387): trigger ELAPSED_REALTIME_WAKEUP or RTC_WAKEUP
I/WAKELOCK_RELEASE( 2387): TIMESTAMP=694397023207549, TAG=AlarmManager, TYPE=PARTIAL_WAKE_LOCK             , COUNT=0, PID=2387, UID=1000
D/STATUSBAR-NetworkController( 2578): refreshSignalCluster: data=-1 bt=false
D/IconMerger( 2578): overflowShown = false
D/IconMerger( 2578): moreRequired = false
D/PowerManagerService( 2387): [api] userActivityFromNative : 2850 (event: 2 flags: 0)
D/STATUSBAR-NetworkController( 2578): refreshSignalCluster: data=-1 bt=false
D/IconMerger( 2578): overflowShown = false
D/IconMerger( 2578): moreRequired = false
D/STATUSBAR-NetworkController( 2578): refreshSignalCluster: data=-1 bt=false
D/IconMerger( 2578): overflowShown = false
D/IconMerger( 2578): moreRequired = false
D/STATUSBAR-NetworkController( 2578): refreshSignalCluster: data=-1 bt=false
D/IconMerger( 2578): overflowShown = false
D/IconMerger( 2578): moreRequired = false
D/STATUSBAR-NetworkController( 2578): refreshSignalCluster: data=-1 bt=false
D/IconMerger( 2578): overflowShown = false
D/IconMerger( 2578): moreRequired = false
D/STATUSBAR-NetworkController( 2578): refreshSignalCluster: data=-1 bt=false
D/IconMerger( 2578): overflowShown = false
D/IconMerger( 2578): moreRequired = false
D/STATUSBAR-NetworkController( 2578): refreshSignalCluster: data=-1 bt=false
D/IconMerger( 2578): overflowShown = false
D/IconMerger( 2578): moreRequired = false
D/STATUSBAR-NetworkController( 2578): refreshSignalCluster: data=-1 bt=false
D/IconMerger( 2578): overflowShown = false
D/IconMerger( 2578): moreRequired = false
D/STATUSBAR-NetworkController( 2578): refreshSignalCluster: data=-1 bt=false
D/IconMerger( 2578): overflowShown = false
D/IconMerger( 2578): moreRequired = false
I/WAKELOCK_RELEASE( 2387): TIMESTAMP=694407686494945, TAG=AudioOut_2, TYPE=PARTIAL_WAKE_LOCK             , COUNT=0, PID=1982, UID=1013
V/AlarmManager( 2387): waitForAlarm result :1
V/AlarmManager( 2387): trigger ELAPSED_REALTIME_WAKEUP or RTC_WAKEUP
I/WAKELOCK_RELEASE( 2387): TIMESTAMP=694408710857337, TAG=AlarmManager, TYPE=PARTIAL_WAKE_LOCK             , COUNT=0, PID=2387, UID=1000
D/STATUSBAR-NetworkController( 2578): refreshSignalCluster: data=-1 bt=false
D/IconMerger( 2578): overflowShown = false
D/IconMerger( 2578): moreRequired = false
D/STATUSBAR-NetworkController( 2578): refreshSignalCluster: data=-1 bt=false
D/IconMerger( 2578): overflowShown = false
D/IconMerger( 2578): moreRequired = false
I/WAKELOCK_RELEASE( 2387): TIMESTAMP=694411910816560, TAG=AudioOut_3, TYPE=PARTIAL_WAKE_LOCK             , COUNT=0, PID=1982, UID=1013
D/STATUSBAR-NetworkController( 2578): refreshSignalCluster: data=-1 bt=false
D/IconMerger( 2578): overflowShown = false
D/IconMerger( 2578): moreRequired = false
E/Watchdog( 2387): !@Sync 4288
D/STATUSBAR-NetworkController( 2578): refreshSignalCluster: data=-1 bt=false
D/IconMerger( 2578): overflowShown = false
D/IconMerger( 2578): moreRequired = false
V/AlarmManager( 2387): waitForAlarm result :8
D/KeyguardClockWidgetService(12859): onReceive action=android.intent.action.TIME_TICK
V/AlarmManager( 2387): ClockReceiver onReceive() ACTION_TIME_TICK
D/IconMerger( 2578): overflowShown = false
D/IconMerger( 2578): moreRequired = false
I/WAKELOCK_RELEASE( 2387): TIMESTAMP=694414109384726, TAG=AlarmManager, TYPE=PARTIAL_WAKE_LOCK             , COUNT=0, PID=2387, UID=1000
I/WAKELOCK_RELEASE( 2387): TIMESTAMP=694414290573989, TAG=AudioOut_2, TYPE=PARTIAL_WAKE_LOCK             , COUNT=0, PID=1982, UID=1013
D/STATUSBAR-NetworkController( 2578): refreshSignalCluster: data=-1 bt=false
D/IconMerger( 2578): overflowShown = false
D/IconMerger( 2578): moreRequired = false
D/STATUSBAR-NetworkController( 2578): refreshSignalCluster: data=-1 bt=false
D/IconMerger( 2578): overflowShown = false
D/IconMerger( 2578): moreRequired = false
D/STATUSBAR-NetworkController( 2578): refreshSignalCluster: data=-1 bt=false
D/IconMerger( 2578): overflowShown = false
D/IconMerger( 2578): moreRequired = false
D/STATUSBAR-NetworkController( 2578): refreshSignalCluster: data=-1 bt=false
D/IconMerger( 2578): overflowShown = false
D/IconMerger( 2578): moreRequired = false
D/BatteryService( 2387): update start
D/BatteryService( 2387): level:15, scale:100, status:3, health:2, present:true, voltage: 3603, temperature: 355, technology: Li-ion, AC powered:false, USB powered:false, Wireless powered:false, icon:17303346, invalid charger:0, online:1, charge type:0, current avg:-880
D/BatteryService( 2387): Sending ACTION_BATTERY_CHANGED.
D/STATUSBAR-BatteryController( 2578): onReceive() - ACTION_BATTERY_CHANGED
D/STATUSBAR-BatteryController( 2578): onReceive() - BATTERY_STATUS_DISCHARGING: tw_stat_sys_battery
D/STATUSBAR-PhoneStatusBar( 2578):  mBrightnessEnablebySettings = true mBrightnessEnablebyBattery = true mBrightnessEnablebyDisableFlag = true
D/STATUSBAR-NetworkController( 2578): refreshSignalCluster: data=-1 bt=false
D/IconMerger( 2578): overflowShown = false
D/IconMerger( 2578): moreRequired = false
D/STATUSBAR-NetworkController( 2578): refreshSignalCluster: data=-1 bt=false
D/IconMerger( 2578): overflowShown = false
D/IconMerger( 2578): moreRequired = false
D/STATUSBAR-NetworkController( 2578): refreshSignalCluster: data=-1 bt=false
D/IconMerger( 2578): overflowShown = false
D/IconMerger( 2578): moreRequired = false
D/STATUSBAR-NetworkController( 2578): refreshSignalCluster: data=-1 bt=false
D/IconMerger( 2578): overflowShown = false
D/IconMerger( 2578): moreRequired = false
I/WAKELOCK_RELEASE( 2387): TIMESTAMP=694427845839294, TAG=AudioOut_2, TYPE=PARTIAL_WAKE_LOCK             , COUNT=0, PID=1982, UID=1013
D/STATUSBAR-NetworkController( 2578): refreshSignalCluster: data=-1 bt=false
D/IconMerger( 2578): overflowShown = false
D/IconMerger( 2578): moreRequired = false
D/STATUSBAR-NetworkController( 2578): refreshSignalCluster: data=-1 bt=false
D/IconMerger( 2578): overflowShown = false
D/IconMerger( 2578): moreRequired = false
D/STATUSBAR-NetworkController( 2578): refreshSignalCluster: data=-1 bt=false
D/IconMerger( 2578): overflowShown = false
D/IconMerger( 2578): moreRequired = false
D/PowerManagerService( 2387): [api] userActivityFromNative : 2860 (event: 2 flags: 0)
D/STATUSBAR-NetworkController( 2578): refreshSignalCluster: data=-1 bt=false
D/IconMerger( 2578): overflowShown = false
D/IconMerger( 2578): moreRequired = false
D/STATUSBAR-NetworkController( 2578): refreshSignalCluster: data=-1 bt=false
D/IconMerger( 2578): overflowShown = false
D/IconMerger( 2578): moreRequired = false
D/STATUSBAR-NetworkController( 2578): refreshSignalCluster: data=-1 bt=false
D/IconMerger( 2578): overflowShown = false
D/IconMerger( 2578): moreRequired = false
I/WAKELOCK_RELEASE( 2387): TIMESTAMP=694439607930233, TAG=AudioOut_2, TYPE=PARTIAL_WAKE_LOCK             , COUNT=0, PID=1982, UID=1013
D/STATUSBAR-NetworkController( 2578): refreshSignalCluster: data=-1 bt=false
D/IconMerger( 2578): overflowShown = false
D/IconMerger( 2578): moreRequired = false
D/STATUSBAR-NetworkController( 2578): refreshSignalCluster: data=-1 bt=false
D/IconMerger( 2578): overflowShown = false
D/IconMerger( 2578): moreRequired = false
E/Watchdog( 2387): !@Sync 4289
I/WAKELOCK_RELEASE( 2387): TIMESTAMP=694444109756090, TAG=AudioOut_2, TYPE=PARTIAL_WAKE_LOCK             , COUNT=0, PID=1982, UID=1013
D/STATUSBAR-NetworkController( 2578): refreshSignalCluster: data=-1 bt=false
D/IconMerger( 2578): overflowShown = false
D/IconMerger( 2578): moreRequired = false
D/STATUSBAR-NetworkController( 2578): refreshSignalCluster: data=-1 bt=false
D/IconMerger( 2578): overflowShown = false
D/IconMerger( 2578): moreRequired = false
D/STATUSBAR-NetworkController( 2578): refreshSignalCluster: data=-1 bt=false
D/IconMerger( 2578): overflowShown = false
D/IconMerger( 2578): moreRequired = false
D/BatteryService( 2387): update start
D/BatteryService( 2387): level:15, scale:100, status:3, health:2, present:true, voltage: 3587, temperature: 356, technology: Li-ion, AC powered:false, USB powered:false, Wireless powered:false, icon:17303346, invalid charger:0, online:1, charge type:0, current avg:-889
D/BatteryService( 2387): Sending ACTION_BATTERY_CHANGED.
D/STATUSBAR-BatteryController( 2578): onReceive() - ACTION_BATTERY_CHANGED
D/STATUSBAR-BatteryController( 2578): onReceive() - BATTERY_STATUS_DISCHARGING: tw_stat_sys_battery
D/STATUSBAR-PhoneStatusBar( 2578):  mBrightnessEnablebySettings = true mBrightnessEnablebyBattery = true mBrightnessEnablebyDisableFlag = true
D/STATUSBAR-NetworkController( 2578): refreshSignalCluster: data=-1 bt=false
D/IconMerger( 2578): overflowShown = false
D/IconMerger( 2578): moreRequired = false
D/STATUSBAR-NetworkController( 2578): refreshSignalCluster: data=-1 bt=false
D/IconMerger( 2578): overflowShown = false
D/IconMerger( 2578): moreRequired = false
D/STATUSBAR-NetworkController( 2578): refreshSignalCluster: data=-1 bt=false
D/IconMerger( 2578): overflowShown = false
D/IconMerger( 2578): moreRequired = false
D/STATUSBAR-NetworkController( 2578): refreshSignalCluster: data=-1 bt=false
D/IconMerger( 2578): overflowShown = false
D/IconMerger( 2578): moreRequired = false
D/PowerManagerService( 2387): [api] userActivityFromNative : 2870 (event: 2 flags: 0)
D/STATUSBAR-NetworkController( 2578): refreshSignalCluster: data=-1 bt=false
D/IconMerger( 2578): overflowShown = false
D/IconMerger( 2578): moreRequired = false
D/STATUSBAR-NetworkController( 2578): refreshSignalCluster: data=-1 bt=false
D/IconMerger( 2578): overflowShown = false
D/IconMerger( 2578): moreRequired = false
D/STATUSBAR-NetworkController( 2578): refreshSignalCluster: data=-1 bt=false
D/IconMerger( 2578): overflowShown = false
D/IconMerger( 2578): moreRequired = false
D/STATUSBAR-NetworkController( 2578): refreshSignalCluster: data=-1 bt=false
D/IconMerger( 2578): overflowShown = false
D/IconMerger( 2578): moreRequired = false
D/STATUSBAR-NetworkController( 2578): refreshSignalCluster: data=-1 bt=false
D/IconMerger( 2578): overflowShown = false
D/IconMerger( 2578): moreRequired = false
D/STATUSBAR-NetworkController( 2578): refreshSignalCluster: data=-1 bt=false
D/IconMerger( 2578): overflowShown = false
D/IconMerger( 2578): moreRequired = false
D/STATUSBAR-NetworkController( 2578): refreshSignalCluster: data=-1 bt=false
D/IconMerger( 2578): overflowShown = false
D/IconMerger( 2578): moreRequired = false
E/Watchdog( 2387): !@Sync 4290
D/STATUSBAR-NetworkController( 2578): refreshSignalCluster: data=-1 bt=false
D/IconMerger( 2578): overflowShown = false
D/IconMerger( 2578): moreRequired = false
V/AlarmManager( 2387): waitForAlarm result :8
D/KeyguardClockWidgetService(12859): onReceive action=android.intent.action.TIME_TICK
V/AlarmManager( 2387): ClockReceiver onReceive() ACTION_TIME_TICK
D/IconMerger( 2578): overflowShown = false
D/IconMerger( 2578): moreRequired = false
I/WAKELOCK_RELEASE( 2387): TIMESTAMP=694474086074457, TAG=AlarmManager, TYPE=PARTIAL_WAKE_LOCK             , COUNT=0, PID=2387, UID=1000
D/STATUSBAR-NetworkController( 2578): refreshSignalCluster: data=-1 bt=false
D/IconMerger( 2578): overflowShown = false
D/IconMerger( 2578): moreRequired = false
D/STATUSBAR-NetworkController( 2578): refreshSignalCluster: data=-1 bt=false
D/IconMerger( 2578): overflowShown = false
D/IconMerger( 2578): moreRequired = false
I/WAKELOCK_RELEASE( 2387): TIMESTAMP=694477589761194, TAG=AudioOut_2, TYPE=PARTIAL_WAKE_LOCK             , COUNT=0, PID=1982, UID=1013
D/PowerManagerService( 2387): [api] userActivityFromNative : 2880 (event: 2 flags: 0)
D/STATUSBAR-NetworkController( 2578): refreshSignalCluster: data=-1 bt=false
D/IconMerger( 2578): overflowShown = false
D/IconMerger( 2578): moreRequired = false
D/STATUSBAR-NetworkController( 2578): refreshSignalCluster: data=-1 bt=false
D/IconMerger( 2578): overflowShown = false
D/IconMerger( 2578): moreRequired = false
D/BatteryService( 2387): update start
D/BatteryService( 2387): level:15, scale:100, status:3, health:2, present:true, voltage: 3580, temperature: 355, technology: Li-ion, AC powered:false, USB powered:false, Wireless powered:false, icon:17303346, invalid charger:0, online:1, charge type:0, current avg:-893
D/BatteryService( 2387): Sending ACTION_BATTERY_CHANGED.
D/STATUSBAR-BatteryController( 2578): onReceive() - ACTION_BATTERY_CHANGED
D/STATUSBAR-BatteryController( 2578): onReceive() - BATTERY_STATUS_DISCHARGING: tw_stat_sys_battery
D/STATUSBAR-PhoneStatusBar( 2578):  mBrightnessEnablebySettings = true mBrightnessEnablebyBattery = true mBrightnessEnablebyDisableFlag = true
D/STATUSBAR-NetworkController( 2578): refreshSignalCluster: data=-1 bt=false
D/IconMerger( 2578): overflowShown = false
D/IconMerger( 2578): moreRequired = false
D/STATUSBAR-NetworkController( 2578): refreshSignalCluster: data=-1 bt=false
D/IconMerger( 2578): overflowShown = false
D/IconMerger( 2578): moreRequired = false
D/STATUSBAR-NetworkController( 2578): refreshSignalCluster: data=-1 bt=false
D/IconMerger( 2578): overflowShown = false
D/IconMerger( 2578): moreRequired = false
D/STATUSBAR-NetworkController( 2578): refreshSignalCluster: data=-1 bt=false
D/IconMerger( 2578): overflowShown = false
D/IconMerger( 2578): moreRequired = false
D/STATUSBAR-NetworkController( 2578): refreshSignalCluster: data=-1 bt=false
D/IconMerger( 2578): overflowShown = false
D/IconMerger( 2578): moreRequired = false
D/PowerManagerService( 2387): [api] userActivityFromNative : 2890 (event: 2 flags: 0)
D/STATUSBAR-NetworkController( 2578): refreshSignalCluster: data=-1 bt=false
D/IconMerger( 2578): overflowShown = false
D/IconMerger( 2578): moreRequired = false
D/STATUSBAR-NetworkController( 2578): refreshSignalCluster: data=-1 bt=false
D/IconMerger( 2578): overflowShown = false
D/IconMerger( 2578): moreRequired = false
E/Watchdog( 2387): !@Sync 4291
D/PowerManagerService( 2387): [api] userActivityFromNative : 2900 (event: 2 flags: 0)
D/STATUSBAR-NetworkController( 2578): refreshSignalCluster: data=-1 bt=false
D/IconMerger( 2578): overflowShown = false
D/IconMerger( 2578): moreRequired = false
D/STATUSBAR-NetworkController( 2578): refreshSignalCluster: data=-1 bt=false
D/IconMerger( 2578): overflowShown = false
D/IconMerger( 2578): moreRequired = false
D/BatteryService( 2387): update start
D/BatteryService( 2387): level:15, scale:100, status:3, health:2, present:true, voltage: 3583, temperature: 357, technology: Li-ion, AC powered:false, USB powered:false, Wireless powered:false, icon:17303346, invalid charger:0, online:1, charge type:0, current avg:-930
D/BatteryService( 2387): Sending ACTION_BATTERY_CHANGED.
D/STATUSBAR-BatteryController( 2578): onReceive() - ACTION_BATTERY_CHANGED
D/STATUSBAR-BatteryController( 2578): onReceive() - BATTERY_STATUS_DISCHARGING: tw_stat_sys_battery
D/STATUSBAR-PhoneStatusBar( 2578):  mBrightnessEnablebySettings = true mBrightnessEnablebyBattery = true mBrightnessEnablebyDisableFlag = true
D/STATUSBAR-NetworkController( 2578): refreshSignalCluster: data=-1 bt=false
D/IconMerger( 2578): overflowShown = false
D/IconMerger( 2578): moreRequired = false
D/STATUSBAR-NetworkController( 2578): refreshSignalCluster: data=-1 bt=false
D/IconMerger( 2578): overflowShown = false
D/IconMerger( 2578): moreRequired = false
I/WAKELOCK_RELEASE( 2387): TIMESTAMP=694514987764405, TAG=AudioOut_2, TYPE=PARTIAL_WAKE_LOCK             , COUNT=0, PID=1982, UID=1013
D/STATUSBAR-NetworkController( 2578): refreshSignalCluster: data=-1 bt=false
D/IconMerger( 2578): overflowShown = false
D/IconMerger( 2578): moreRequired = false
D/PowerManagerService( 2387): [api] userActivityFromNative : 2910 (event: 2 flags: 0)
D/STATUSBAR-NetworkController( 2578): refreshSignalCluster: data=-1 bt=false
D/IconMerger( 2578): overflowShown = false
D/IconMerger( 2578): moreRequired = false
V/AlarmManager( 2387): waitForAlarm result :1
V/AlarmManager( 2387): trigger ELAPSED_REALTIME_WAKEUP or RTC_WAKEUP
I/WAKELOCK_RELEASE( 2387): TIMESTAMP=694520226089729, TAG=AlarmManager, TYPE=PARTIAL_WAKE_LOCK             , COUNT=0, PID=2387, UID=1000
D/STATUSBAR-NetworkController( 2578): refreshSignalCluster: data=-1 bt=false
D/IconMerger( 2578): overflowShown = false
D/IconMerger( 2578): moreRequired = false
D/STATUSBAR-NetworkController( 2578): refreshSignalCluster: data=-1 bt=false
D/IconMerger( 2578): overflowShown = false
D/IconMerger( 2578): moreRequired = false
D/STATUSBAR-NetworkController( 2578): refreshSignalCluster: data=-1 bt=false
D/IconMerger( 2578): overflowShown = false
D/IconMerger( 2578): moreRequired = false
D/STATUSBAR-NetworkController( 2578): refreshSignalCluster: data=-1 bt=false
D/IconMerger( 2578): overflowShown = false
D/IconMerger( 2578): moreRequired = false
D/STATUSBAR-NetworkController( 2578): refreshSignalCluster: data=-1 bt=false
D/IconMerger( 2578): overflowShown = false
D/IconMerger( 2578): moreRequired = false
D/STATUSBAR-NetworkController( 2578): refreshSignalCluster: data=-1 bt=false
D/IconMerger( 2578): overflowShown = false
D/IconMerger( 2578): moreRequired = false
D/PowerManagerService( 2387): [api] userActivityFromNative : 2920 (event: 2 flags: 0)
D/STATUSBAR-NetworkController( 2578): refreshSignalCluster: data=-1 bt=false
D/IconMerger( 2578): overflowShown = false
D/IconMerger( 2578): moreRequired = false
D/STATUSBAR-NetworkController( 2578): refreshSignalCluster: data=-1 bt=false
D/IconMerger( 2578): overflowShown = false
D/IconMerger( 2578): moreRequired = false
D/PowerManagerService( 2387): [api] userActivityFromNative : 2930 (event: 2 flags: 0)
E/Watchdog( 2387): !@Sync 4292
D/STATUSBAR-NetworkController( 2578): refreshSignalCluster: data=-1 bt=false
D/IconMerger( 2578): overflowShown = false
D/IconMerger( 2578): moreRequired = false
V/AlarmManager( 2387): waitForAlarm result :8
D/KeyguardClockWidgetService(12859): onReceive action=android.intent.action.TIME_TICK
V/AlarmManager( 2387): ClockReceiver onReceive() ACTION_TIME_TICK
D/IconMerger( 2578): overflowShown = false
D/IconMerger( 2578): moreRequired = false
I/WAKELOCK_RELEASE( 2387): TIMESTAMP=694534098719927, TAG=AlarmManager, TYPE=PARTIAL_WAKE_LOCK             , COUNT=0, PID=2387, UID=1000
D/STATUSBAR-NetworkController( 2578): refreshSignalCluster: data=-1 bt=false
D/IconMerger( 2578): overflowShown = false
D/IconMerger( 2578): moreRequired = false
D/STATUSBAR-NetworkController( 2578): refreshSignalCluster: data=-1 bt=false
D/IconMerger( 2578): overflowShown = false
D/IconMerger( 2578): moreRequired = false
D/STATUSBAR-NetworkController( 2578): refreshSignalCluster: data=-1 bt=false
D/IconMerger( 2578): overflowShown = false
D/IconMerger( 2578): moreRequired = false
D/STATUSBAR-NetworkController( 2578): refreshSignalCluster: data=-1 bt=false
D/IconMerger( 2578): overflowShown = false
D/IconMerger( 2578): moreRequired = false
D/BatteryService( 2387): update start
D/BatteryService( 2387): level:14, scale:100, status:3, health:2, present:true, voltage: 3608, temperature: 358, technology: Li-ion, AC powered:false, USB powered:false, Wireless powered:false, icon:17303346, invalid charger:0, online:1, charge type:0, current avg:-944
D/BatteryService( 2387): Sending ACTION_BATTERY_CHANGED.
D/STATUSBAR-BatteryController( 2578): onReceive() - ACTION_BATTERY_CHANGED
D/STATUSBAR-BatteryController( 2578): onReceive() - BATTERY_STATUS_DISCHARGING: tw_stat_sys_battery
D/STATUSBAR-PhoneStatusBar( 2578):  mBrightnessEnablebySettings = true mBrightnessEnablebyBattery = true mBrightnessEnablebyDisableFlag = true
I/WAKELOCK_RELEASE( 2387): TIMESTAMP=694547605619765, TAG=AudioOut_2, TYPE=PARTIAL_WAKE_LOCK             , COUNT=0, PID=1982, UID=1013
V/AlarmManager( 2387): waitForAlarm result :8
W/ThrottleService( 2387): unable to find stats for iface rmnet0
I/WAKELOCK_RELEASE( 2387): TIMESTAMP=694550007781160, TAG=AlarmManager, TYPE=PARTIAL_WAKE_LOCK             , COUNT=0, PID=2387, UID=1000
D/STATUSBAR-NetworkController( 2578): refreshSignalCluster: data=-1 bt=false
D/IconMerger( 2578): overflowShown = false
D/IconMerger( 2578): moreRequired = false
D/STATUSBAR-NetworkController( 2578): refreshSignalCluster: data=-1 bt=false
D/IconMerger( 2578): overflowShown = false
D/IconMerger( 2578): moreRequired = false
D/PowerManagerService( 2387): [api] userActivityFromNative : 2940 (event: 2 flags: 0)
D/STATUSBAR-NetworkController( 2578): refreshSignalCluster: data=-1 bt=false
D/IconMerger( 2578): overflowShown = false
D/IconMerger( 2578): moreRequired = false
D/STATUSBAR-NetworkController( 2578): refreshSignalCluster: data=-1 bt=false
D/IconMerger( 2578): overflowShown = false
D/IconMerger( 2578): moreRequired = false
D/STATUSBAR-NetworkController( 2578): refreshSignalCluster: data=-1 bt=false
D/IconMerger( 2578): overflowShown = false
D/IconMerger( 2578): moreRequired = false
E/Watchdog( 2387): !@Sync 4293
D/STATUSBAR-NetworkController( 2578): refreshSignalCluster: data=-1 bt=false
D/IconMerger( 2578): overflowShown = false
D/IconMerger( 2578): moreRequired = false
I/WAKELOCK_RELEASE( 2387): TIMESTAMP=694564800128439, TAG=AudioOut_2, TYPE=PARTIAL_WAKE_LOCK             , COUNT=0, PID=1982, UID=1013
D/STATUSBAR-NetworkController( 2578): refreshSignalCluster: data=-1 bt=false
D/IconMerger( 2578): overflowShown = false
D/IconMerger( 2578): moreRequired = false
D/STATUSBAR-NetworkController( 2578): refreshSignalCluster: data=-1 bt=false
D/IconMerger( 2578): overflowShown = false
D/IconMerger( 2578): moreRequired = false
D/BatteryService( 2387): update start
D/BatteryService( 2387): level:14, scale:100, status:3, health:2, present:true, voltage: 3610, temperature: 356, technology: Li-ion, AC powered:false, USB powered:false, Wireless powered:false, icon:17303346, invalid charger:0, online:1, charge type:0, current avg:-922
D/BatteryService( 2387): Sending ACTION_BATTERY_CHANGED.
D/STATUSBAR-BatteryController( 2578): onReceive() - ACTION_BATTERY_CHANGED
D/STATUSBAR-BatteryController( 2578): onReceive() - BATTERY_STATUS_DISCHARGING: tw_stat_sys_battery
D/STATUSBAR-PhoneStatusBar( 2578):  mBrightnessEnablebySettings = true mBrightnessEnablebyBattery = true mBrightnessEnablebyDisableFlag = true
D/STATUSBAR-NetworkController( 2578): refreshSignalCluster: data=-1 bt=false
D/IconMerger( 2578): overflowShown = false
D/IconMerger( 2578): moreRequired = false
D/STATUSBAR-NetworkController( 2578): refreshSignalCluster: data=-1 bt=false
D/IconMerger( 2578): overflowShown = false
D/IconMerger( 2578): moreRequired = false
I/WAKELOCK_RELEASE( 2387): TIMESTAMP=694589953991550, TAG=AudioOut_2, TYPE=PARTIAL_WAKE_LOCK             , COUNT=0, PID=1982, UID=1013
D/PowerManagerService( 2387): [api] userActivityFromNative : 2950 (event: 2 flags: 0)
E/Watchdog( 2387): !@Sync 4294
D/STATUSBAR-NetworkController( 2578): refreshSignalCluster: data=-1 bt=false
D/IconMerger( 2578): overflowShown = false
D/IconMerger( 2578): moreRequired = false
V/AlarmManager( 2387): waitForAlarm result :8
D/KeyguardClockWidgetService(12859): onReceive action=android.intent.action.TIME_TICK
V/AlarmManager( 2387): ClockReceiver onReceive() ACTION_TIME_TICK
D/IconMerger( 2578): overflowShown = false
D/IconMerger( 2578): moreRequired = false
I/WAKELOCK_RELEASE( 2387): TIMESTAMP=694594076940957, TAG=AlarmManager, TYPE=PARTIAL_WAKE_LOCK             , COUNT=0, PID=2387, UID=1000
D/STATUSBAR-NetworkController( 2578): refreshSignalCluster: data=-1 bt=false
D/IconMerger( 2578): overflowShown = false
D/IconMerger( 2578): moreRequired = false
I/WAKELOCK_RELEASE( 2387): TIMESTAMP=694596061812494, TAG=AudioOut_2, TYPE=PARTIAL_WAKE_LOCK             , COUNT=0, PID=1982, UID=1013
D/STATUSBAR-NetworkController( 2578): refreshSignalCluster: data=-1 bt=false
D/IconMerger( 2578): overflowShown = false
D/IconMerger( 2578): moreRequired = false
D/STATUSBAR-NetworkController( 2578): refreshSignalCluster: data=-1 bt=false
D/IconMerger( 2578): overflowShown = false
D/IconMerger( 2578): moreRequired = false
D/BatteryService( 2387): update start
D/BatteryService( 2387): level:14, scale:100, status:3, health:2, present:true, voltage: 3606, temperature: 360, technology: Li-ion, AC powered:false, USB powered:false, Wireless powered:false, icon:17303346, invalid charger:0, online:1, charge type:0, current avg:-907
D/BatteryService( 2387): Sending ACTION_BATTERY_CHANGED.
D/STATUSBAR-BatteryController( 2578): onReceive() - ACTION_BATTERY_CHANGED
D/STATUSBAR-BatteryController( 2578): onReceive() - BATTERY_STATUS_DISCHARGING: tw_stat_sys_battery
D/STATUSBAR-PhoneStatusBar( 2578):  mBrightnessEnablebySettings = true mBrightnessEnablebyBattery = true mBrightnessEnablebyDisableFlag = true
D/STATUSBAR-NetworkController( 2578): refreshSignalCluster: data=-1 bt=false
D/IconMerger( 2578): overflowShown = false
D/IconMerger( 2578): moreRequired = false
D/STATUSBAR-NetworkController( 2578): refreshSignalCluster: data=-1 bt=false
D/IconMerger( 2578): overflowShown = false
D/IconMerger( 2578): moreRequired = false
