D/WindowManager( 9929): computeScreenConfigurationLocked() set config.orientation=2 dw=1280 dh=800 Callers=com.android.server.wm.WindowManagerService.updateOrientationFromAppTokensLocked:5224 com.android.server.wm.WindowManagerService.updateOrientationFromAppTokens:5193 com.android.server.am.ActivityStack.resumeTopActivityLocked:2689 
D/PowerManagerService( 9929): setKeyboardVisibility: false
W/ContextImpl( 9929): Calling a method in the system process without a qualified user: android.app.ContextImpl.sendBroadcast:1375 com.android.server.am.ActivityStack.resumeTopActivityLocked:2754 com.android.server.am.ActivityStack.resumeTopActivityLocked:2317 com.android.server.am.ActivityStack.resumeTopActivityLocked:2271 com.android.server.am.ActivityStack.completePauseLocked:1726 
D/SurfaceWidgetClient$ISurfaceWidgetStub(24962): [123491/10] Surface widget visibility changed visibility = true on instance = 1
D/SurfaceWidget.Renderer(24962): [123491/10] SurfaceWidgetRenderer waiting done: 1 (Thread[Thread-3689,5,main])
D/SurfaceWidget.Renderer(24962): [123491/10] SurfaceWidgetRenderer waiting: 1 (Thread[Thread-3689,5,main])
D/Launcher.Workspace(24861): exitWidgetResizeMode State: NORMAL, newDragStarted: false
D/Launcher(24861): onRestart, Launcher: 554293512
D/Launcher(24861): onStart, Launcher: 554293512
D/Launcher.HomeView(24861): onStart
D/Launcher(24861): onResume, Launcher: 554293512
D/Launcher.HomeView(24861): onResume
D/MenuAppsGridFragment(24861): onResume
D/SurfaceWidgetClient$ISurfaceWidgetStub(24962): [123491/10] Surface widget visibility changed visibility = true on instance = 1
D/SurfaceWidget.Renderer(24962): [123491/10] SurfaceWidgetRenderer waiting done: 1 (Thread[Thread-3689,5,main])
D/SurfaceWidget.Renderer(24962): [123491/10] SurfaceWidgetRenderer waiting: 1 (Thread[Thread-3689,5,main])
D/dalvikvm( 9929): Rejecting registerization due to +iget-object-quick v1, v5, (#16)
D/hwcomposer( 1964): isRGBOverlayLayer: got an RGB overlay layer
D/hwcomposer( 1964): isSpriteLayer: got a sprite layer
D/STATUSBAR-StatusBarManagerService( 9929): manageDisableList what=0x0 pkg=WindowManager.LayoutParams
E/EnterpriseContainerManager( 9929): ContainerPolicy Service is not yet ready!!!
D/EnterpriseDeviceManager( 9929): ContainerId: 0
W/LicenseLogService( 9929): log() is called by non admin
W/ContextImpl( 9929): Calling a method in the system process without a qualified user: android.app.ContextImpl.sendBroadcast:1361 com.android.server.InputMethodManagerService$5.run:2473 java.lang.Thread.run:856 <bottom of call stack> <bottom of call stack> 
D/hwcomposer( 1964): isRGBOverlayLayer: got an RGB overlay layer
D/hwcomposer( 1964): isSpriteLayer: got a sprite layer
I/dalvikvm( 8196): Total arena pages for JIT: 17
W/IInputConnectionWrapper( 8196): showStatusIcon on inactive InputConnection
V/WindowManager( 9929): Window{21126b70 u0 Keyguard}mOrientationRequetedFromKeyguard=false
I/WAKELOCK_RELEASE( 9929): TIMESTAMP=993575073456167, TAG=ActivityManager-Launch, TYPE=PARTIAL_WAKE_LOCK             , COUNT=0, PID=9929, UID=1000
V/WindowManager( 9929): Window{21126b70 u0 Keyguard}mOrientationRequetedFromKeyguard=false
D/hwcomposer( 1964): bool IntelOverlayContext::disable(): disable overlay...
V/VibratorService( 9929): useVibetonz: false
W/ActivityManager( 9929): mDVFSHelper.release()
D/STATUSBAR-NetworkController(10134): refreshSignalCluster: data=-1 bt=false
D/IconMerger(10134): overflowShown = false
D/IconMerger(10134): moreRequired = false
D/BadgeProvider( 8375): onCreate
D/BadgeProvider( 8375): DatabaseHelper
D/BadgeProvider( 8375): query, [selection] : package='com.android.email' AND class='com.android.email.activity.Welcome' AND extraData='base_extra_badge'
D/Launcher.Model(24861): reloadBadges entered.
D/BadgeProvider( 8375): sendNotify entered. [uri] : content://com.sec.badge/apps/1
D/BadgeProvider( 8375): sendNotify, [notify] : null
D/BadgeProvider( 8375): update, [uri] : content://com.sec.badge/apps/1
D/BadgeProvider( 8375): update, [BadgeCount] : badgecount=0
D/BadgeProvider( 8375): update, [UpdateCount] : 1
W/LicenseLogService( 9929): log() is called by non admin
W/LicenseLogService( 9929): log() is called by non admin
W/LicenseLogService( 9929): log() is called by non admin
W/LicenseLogService( 9929): log() is called by non admin
W/LicenseLogService( 9929): log() is called by non admin
D/ProgramMonitor(18186): LAUNCHER_RESUME
W/LicenseLogService( 9929): log() is called by non admin
D/ProgramMonitor(18186): isWidgetEnabled:0  mViews:android.widget.RemoteViews@2109a560
D/ProgramMonitor(18186): startWidgetsUpdating()
V/TaskCloserActivity(18186): TaskCloserActivity onReceive()
W/LicenseLogService( 9929): log() is called by non admin
W/LicenseLogService( 9929): log() is called by non admin
W/LicenseLogService( 9929): log() is called by non admin
W/ActivityManager( 9929): Unable to start service Intent { cmp=com.android.email/.service.AttachmentDownloadService } U=0: not found
D/dalvikvm( 8357): Rejecting registerization due to mul-int/lit8 v4, v2, (#31)
D/dalvikvm( 8357): Rejecting registerization due to mul-int/lit8 v4, v2, (#31)
E/ActivityThread( 8391): Service com.android.exchange.ExchangeService has leaked ServiceConnection com.android.emailcommon.service.ServiceProxy$ProxyConnection@2107ebe8 that was originally bound here
E/ActivityThread( 8391): android.app.ServiceConnectionLeaked: Service com.android.exchange.ExchangeService has leaked ServiceConnection com.android.emailcommon.service.ServiceProxy$ProxyConnection@2107ebe8 that was originally bound here
E/ActivityThread( 8391): 	at android.app.LoadedApk$ServiceDispatcher.<init>(LoadedApk.java:974)
E/ActivityThread( 8391): 	at android.app.LoadedApk.getServiceDispatcher(LoadedApk.java:868)
E/ActivityThread( 8391): 	at android.app.ContextImpl.bindService(ContextImpl.java:1757)
E/ActivityThread( 8391): 	at android.app.ContextImpl.bindService(ContextImpl.java:1746)
E/ActivityThread( 8391): 	at android.content.ContextWrapper.bindService(ContextWrapper.java:480)
E/ActivityThread( 8391): 	at com.android.emailcommon.service.ServiceProxy.setTask(ServiceProxy.java:158)
E/ActivityThread( 8391): 	at com.android.emailcommon.service.ServiceProxy.setTask(ServiceProxy.java:146)
E/ActivityThread( 8391): 	at com.android.emailcommon.service.AccountServiceProxy.restoreAccountsIfNeeded(AccountServiceProxy.java:135)
E/ActivityThread( 8391): 	at com.android.exchange.ExchangeService$11.run(ExchangeService.java:4575)
E/ActivityThread( 8391): 	at com.android.emailcommon.utility.Utility$2.doInBackground(Utility.java:986)
E/ActivityThread( 8391): 	at com.android.emailcommon.utility.Utility$2.doInBackground(Utility.java:983)
E/ActivityThread( 8391): 	at android.os.AsyncTask$2.call(AsyncTask.java:287)
E/ActivityThread( 8391): 	at java.util.concurrent.FutureTask.run(FutureTask.java:234)
E/ActivityThread( 8391): 	at android.os.AsyncTask$SerialExecutor$1.run(AsyncTask.java:230)
E/ActivityThread( 8391): 	at java.util.concurrent.ThreadPoolExecutor.runWorker(ThreadPoolExecutor.java:1080)
E/ActivityThread( 8391): 	at java.util.concurrent.ThreadPoolExecutor$Worker.run(ThreadPoolExecutor.java:573)
E/ActivityThread( 8391): 	at java.lang.Thread.run(Thread.java:856)
V/WindowOrientationListener( 9929): nearestRotation : 0   Angle: 6   tilt: 57
D/STATUSBAR-NetworkController(10134): refreshSignalCluster: data=-1 bt=false
D/IconMerger(10134): overflowShown = false
D/IconMerger(10134): moreRequired = false
I/Monitor ( 9929): SIOP:: Current AP = 296, CP = 0
I/InputReader( 9929): Touch event's action is 0x0 (deviceType=0) [pCnt=1, s=0.38884 ] when=208873244761000
I/InputDispatcher( 9929): Delivering touch to: action: 0x0
I/InputDispatcher( 9929): Delivering touch to: action: 0x0
I/CustomFrequencyManager(24861): newFrequencyRequest  - mFrequency = 1333000, mTimeoutMs = 1000, mPkgName = com.sec.android.app.launcher@1
I/CustomFrequencyManager(24861): Boost Request from package = com.sec.android.app.launcher@1 frequency : 1333000type = 6
I/CustomFrequencyManager(24861): !! pkgName = com.sec.android.app.launcher@1
I/CustomFrequencyManager(24861): Request from package name pkgName = com.sec.android.app.launcher@1
I/CustomFrequencyManager(24861): mContext is Not Null  mContext.pkgName = com.sec.android.app.launcher
I/CustomFrequencyManager(24861): mToken is Null....Creating New Binder!
I/CustomFrequencyManager(24861): CPUDVFSControlRequest : doFrequencyRequest::  = 1333000 Timeout : 1000
D/dalvikvm(27358): GC_CONCURRENT freed 4060K, 53% free 5203K/10848K, paused 3ms+3ms, total 18ms
D/dalvikvm(27358): WAIT_FOR_CONCURRENT_GC blocked 2ms
D/dalvikvm(27358): Rejecting registerization due to +iget-quick v3, v5, (#20)
V/TaskCloserActivity(18186): TaskCloserActivity resetList mRunningItems.clear
V/TaskCloserActivity(18186): TaskCloserActivity resetList runningAppsCount : 3
V/TaskCloserActivity(18186): TaskCloserActivity tnails != null
V/TaskCloserActivity(18186): TaskCloserActivity tnails != null
V/TaskCloserActivity(18186): TaskCloserActivity tnails == null
D/ProgramMonitor(18186): Active Applications count = 3
V/TaskCloserActivity(18186): TaskCloserActivity onReceive()
D/SurfaceWidgetView(24861): getHardwareLayer being called directly
I/InputReader( 9929): Touch event's action is 0x1 (deviceType=0) [pCnt=1, s=] when=208873404570000
I/InputDispatcher( 9929): Delivering touch to: action: 0x1
I/InputDispatcher( 9929): Delivering touch to: action: 0x1
D/Launcher.Workspace(24861): exitWidgetResizeMode State: NORMAL, newDragStarted: false
D/SurfaceWidgetClient$ISurfaceWidgetStub(24962): [123491/10] Surface widget visibility changed visibility = false on instance = 1
D/STATUSBAR-NetworkController(10134): refreshSignalCluster: data=-1 bt=false
D/IconMerger(10134): overflowShown = false
D/IconMerger(10134): moreRequired = false
D/InputReader( 9929): Input event: value=1 when=208874832309000
W/LicenseLogService( 9929): log() is called by non admin
E/EnterpriseContainerManager(10134): ContainerPolicy Service is not yet ready!!!
D/EnterpriseDeviceManager(10134): ContainerId: 0
D/dalvikvm(10134): Rejecting registerization due to +iget-quick v2, v4, (#20)
E/EnterpriseContainerManager(10134): ContainerPolicy Service is not yet ready!!!
D/EnterpriseDeviceManager(10134): ContainerId: 0
E/EnterpriseContainerManager(10134): ContainerPolicy Service is not yet ready!!!
D/EnterpriseDeviceManager(10134): ContainerId: 0
D/dalvikvm( 9929): Rejecting registerization due to and-int/lit16 v0, v5, (#128)
W/LicenseLogService( 9929): log() is called by non admin
D/VoIPInterfaceManager( 9929): isVoIPRinging()...
D/VoIPInterfaceManager( 9929): Not exist call session
V/VibratorService( 9929): useVibetonz: false
I/CustomFrequencyManager( 9929): newFrequencyRequest  - mFrequency = 1600000, mTimeoutMs = -1, mPkgName = ACTIVITY_RESUME_BOOSTER@5
I/CustomFrequencyManager( 9929): Boost Request from package = ACTIVITY_RESUME_BOOSTER@5 frequency : 1600000type = 6
I/CustomFrequencyManager( 9929): !! pkgName = ACTIVITY_RESUME_BOOSTER@5
I/CustomFrequencyManager( 9929): Request from package name pkgName = ACTIVITY_RESUME_BOOSTER@5
I/CustomFrequencyManager( 9929): mContext is Not Null  mContext.pkgName = android
I/CustomFrequencyManager( 9929): 2 Old token will be reused!
I/CustomFrequencyManager( 9929): CPUDVFSControlRequest : doFrequencyRequest::  = 1600000 Timeout : -1
W/ActivityManager( 9929): mDVFSHelper.acquire()
D/Launcher(24861): onPause, Launcher: 554293512
D/Launcher.HomeView(24861): onPause
D/Launcher.Workspace(24861): exitWidgetResizeMode State: NORMAL, newDragStarted: false
W/ContextImpl( 9929): Calling a method in the system process without a qualified user: android.app.ContextImpl.sendBroadcast:1375 com.android.server.am.ActivityStack.startPausingLocked:1418 com.android.server.am.ActivityStack.startPausingLocked:1356 com.android.server.am.ActivityStack.resumeTopActivityLocked:2519 com.android.server.am.ActivityStack.resumeTopActivityLocked:2317 
D/STATUSBAR-PhoneStatusBar(10134): animateCollapsePanels
D/ProgramMonitor(18186):  stopWidgetsUpdating() 
D/ActivityManager( 9929): Trying to launch com.android.systemui/.recent.RecentsActivity
D/WindowManager( 9929): computeScreenConfigurationLocked() set config.orientation=2 dw=1280 dh=800 Callers=com.android.server.wm.WindowManagerService.updateOrientationFromAppTokensLocked:5224 com.android.server.wm.WindowManagerService.updateOrientationFromAppTokens:5193 com.android.server.am.ActivityStack.realStartActivityLocked:966 
D/PowerManagerService( 9929): setKeyboardVisibility: false
W/LicenseLogService( 9929): log() is called by non admin
W/ContextImpl( 9929): Calling a method in the system process without a qualified user: android.app.ContextImpl.sendBroadcast:1361 com.android.server.am.ActivityManagerService.computeOomAdjLocked:14974 com.android.server.am.ActivityManagerService.computeOomAdjLocked:14633 com.android.server.am.ActivityManagerService.computeOomAdjLocked:14803 com.android.server.am.ActivityManagerService.updateOomAdjLocked:15265 
W/ContextImpl( 9929): Calling a method in the system process without a qualified user: android.app.ContextImpl.sendBroadcast:1361 com.android.server.am.ActivityManagerService.computeOomAdjLocked:14980 com.android.server.am.ActivityManagerService.computeOomAdjLocked:14633 com.android.server.am.ActivityManagerService.computeOomAdjLocked:14803 com.android.server.am.ActivityManagerService.updateOomAdjLocked:15265 
D/SurfaceWidgetClient(24962): [123491/10] SurfaceWidgetClient onTrimMemory level: 20
W/ContextImpl( 9929): Calling a method in the system process without a qualified user: android.app.ContextImpl.sendBroadcast:1375 com.android.server.am.ActivityStack.realStartActivityLocked:1003 com.android.server.am.ActivityStack.startSpecificActivityLocked:1198 com.android.server.am.ActivityStack.resumeTopActivityLocked:2830 com.android.server.am.ActivityStack.resumeTopActivityLocked:2317 
V/TaskCloserActivity(18186): TaskCloserActivity onReceive()
D/Launcher(24861): onTrimMemory. Level: 20
W/LicenseLogService( 9929): log() is called by non admin
W/LicenseLogService( 9929): log() is called by non admin
I/PackageManager( 9929): findPreferredActivity: No PreferredActivities set
I/PackageManager( 9929): findPreferredActivity: No PreferredActivities set
D/STATUSBAR-PhoneStatusBar(10134): animateCollapsePanels
D/STATUSBAR-PhoneStatusBar(10134): animateCollapsePanels
W/LicenseLogService( 9929): log() is called by non admin
D/STATUSBAR-StatusBarManagerService( 9929): manageDisableList what=0x0 pkg=WindowManager.LayoutParams
W/LicenseLogService( 9929): log() is called by non admin
E/EnterpriseContainerManager( 9929): ContainerPolicy Service is not yet ready!!!
D/EnterpriseDeviceManager( 9929): ContainerId: 0
W/LicenseLogService( 9929): log() is called by non admin
W/ContextImpl( 9929): Calling a method in the system process without a qualified user: android.app.ContextImpl.sendBroadcast:1361 com.android.server.InputMethodManagerService$5.run:2473 java.lang.Thread.run:856 <bottom of call stack> <bottom of call stack> 
W/LicenseLogService( 9929): log() is called by non admin
V/WindowManager( 9929): Window{21126b70 u0 Keyguard}mOrientationRequetedFromKeyguard=false
V/WindowManager( 9929): Window{21126b70 u0 Keyguard}mOrientationRequetedFromKeyguard=false
I/WAKELOCK_RELEASE( 9929): TIMESTAMP=993579638124369, TAG=ActivityManager-Launch, TYPE=PARTIAL_WAKE_LOCK             , COUNT=0, PID=9929, UID=1000
W/LicenseLogService( 9929): log() is called by non admin
W/LicenseLogService( 9929): log() is called by non admin
W/LicenseLogService( 9929): log() is called by non admin
W/LicenseLogService( 9929): log() is called by non admin
D/BatteryService( 9929): update start
D/BatteryService( 9929): level:15, scale:100, status:3, health:2, present:true, voltage: 3677, temperature: 277, technology: Li-ion, AC powered:false, USB powered:true, Wireless powered:false, icon:17303346, invalid charger:0, online:4, charge type:1, current avg:-225
D/BatteryService( 9929): Sending ACTION_BATTERY_CHANGED.
D/dalvikvm( 9929): Rejecting registerization due to ushr-int/lit8 v2, v4, (#1)
D/STATUSBAR-BatteryController(10134): onReceive() - ACTION_BATTERY_CHANGED
D/STATUSBAR-BatteryController(10134): onReceive() - BATTERY_STATUS_DISCHARGING: tw_stat_sys_battery_usb_not_charge
D/STATUSBAR-PhoneStatusBar(10134):  mBrightnessEnablebySettings = true mBrightnessEnablebyBattery = true mBrightnessEnablebyDisableFlag = true
W/LicenseLogService( 9929): log() is called by non admin
W/ActivityManager( 9929): mDVFSHelper.release()
W/LicenseLogService( 9929): log() is called by non admin
D/Launcher(24861): onStop, Launcher: 554293512
D/Launcher.HomeView(24861): onStop
D/SurfaceWidgetClient$ISurfaceWidgetStub(24962): [123491/10] Surface widget visibility changed visibility = false on instance = 1
W/LicenseLogService( 9929): log() is called by non admin
D/dalvikvm( 9929): Rejecting registerization due to sget-object v3, (#638), (#0)
W/LicenseLogService( 9929): log() is called by non admin
W/LicenseLogService( 9929): log() is called by non admin
D/InputReader( 9929): Input event: value=0 when=208876146417000
W/LicenseLogService( 9929): log() is called by non admin
I/InputReader( 9929): Touch event's action is 0x0 (deviceType=0) [pCnt=1, s=0.38885 ] when=208876879359000
I/InputDispatcher( 9929): Delivering touch to: action: 0x0
I/InputDispatcher( 9929): Delivering touch to: action: 0x0
I/InputReader( 9929): Touch event's action is 0x1 (deviceType=0) [pCnt=1, s=] when=208877035978000
I/InputDispatcher( 9929): Delivering touch to: action: 0x1
I/InputDispatcher( 9929): Delivering touch to: action: 0x1
I/dalvikvm( 8325): Total arena pages for JIT: 11
D/dalvikvm( 8325): Rejecting registerization due to and-int/lit16 v0, v5, (#128)
I/dalvikvm( 8325): Total arena pages for JIT: 12
D/dalvikvm( 8325): Rejecting registerization due to and-int/lit16 v0, v5, (#128)
V/WindowOrientationListener( 9929): nearestRotation : 0   Angle: 348   tilt: 55
D/STATUSBAR-NetworkController(10134): refreshSignalCluster: data=-1 bt=false
D/IconMerger(10134): overflowShown = false
D/IconMerger(10134): moreRequired = false
I/InputReader( 9929): Touch event's action is 0x0 (deviceType=0) [pCnt=1, s=0.38886 ] when=208877798264000
I/InputDispatcher( 9929): Delivering touch to: action: 0x0
I/InputDispatcher( 9929): Delivering touch to: action: 0x0
I/InputReader( 9929): Touch event's action is 0x1 (deviceType=0) [pCnt=1, s=] when=208878099206000
I/InputDispatcher( 9929): Delivering touch to: action: 0x1
I/InputDispatcher( 9929): Delivering touch to: action: 0x1
I/InputReader( 9929): Touch event's action is 0x0 (deviceType=0) [pCnt=1, s=0.38887 ] when=208878895200000
I/InputDispatcher( 9929): Delivering touch to: action: 0x0
I/InputDispatcher( 9929): Delivering touch to: action: 0x0
D/dalvikvm( 9929): Rejecting registerization due to div-int/lit8 v0, v3, (#2)
I/InputReader( 9929): Touch event's action is 0x1 (deviceType=0) [pCnt=1, s=] when=208879518605000
I/InputDispatcher( 9929): Delivering touch to: action: 0x1
I/InputDispatcher( 9929): Delivering touch to: action: 0x1
I/ActivityManager( 9929): Killing 8196:org.qtproject.example.mytetra/u0a10183: remove task
W/ContextImpl( 9929): Calling a method in the system process without a qualified user: android.app.ContextImpl.sendBroadcast:1361 com.android.server.am.ActivityManagerService.cleanUpApplicationRecordLocked:12456 com.android.server.am.ActivityManagerService.handleAppDiedLocked:3637 com.android.server.am.ActivityManagerService.appDiedLocked:3741 com.android.server.am.ActivityManagerService$AppDeathRecipient.binderDied:1001 
D/STATUSBAR-NetworkController(10134): refreshSignalCluster: data=-1 bt=false
D/IconMerger(10134): overflowShown = false
D/IconMerger(10134): moreRequired = false
I/ThermalZone( 9929): TEMP 35000 newMaxSensorState 0
V/WindowOrientationListener( 9929): nearestRotation : 0   Angle: 354   tilt: 50
I/dalvikvm( 8357): Total arena pages for JIT: 11
D/dalvikvm( 8357): Rejecting registerization due to and-int/lit16 v0, v5, (#128)
I/dalvikvm( 8357): Total arena pages for JIT: 12
D/dalvikvm( 8357): Rejecting registerization due to and-int/lit16 v0, v5, (#128)
I/InputReader( 9929): Touch event's action is 0x0 (deviceType=0) [pCnt=1, s=0.38888 ] when=208881694787000
I/InputDispatcher( 9929): Delivering touch to: action: 0x0
I/InputDispatcher( 9929): Delivering touch to: action: 0x0
I/dalvikvm( 8375): Total arena pages for JIT: 11
D/dalvikvm( 8375): Rejecting registerization due to and-int/lit16 v0, v5, (#128)
I/dalvikvm( 8375): Total arena pages for JIT: 12
D/dalvikvm( 8375): Rejecting registerization due to and-int/lit16 v0, v5, (#128)
I/dalvikvm( 8391): Total arena pages for JIT: 11
I/dalvikvm( 8391): Total arena pages for JIT: 12
D/dalvikvm( 8391): Rejecting registerization due to and-int/lit16 v0, v5, (#128)
D/dalvikvm( 8391): Rejecting registerization due to and-int/lit16 v0, v5, (#128)
D/PowerManagerService( 9929): [api] userActivityFromNative : 20 (event: 2 flags: 0)
I/InputReader( 9929): Touch event's action is 0x1 (deviceType=0) [pCnt=1, s=] when=208882634603000
I/InputDispatcher( 9929): Delivering touch to: action: 0x1
I/InputDispatcher( 9929): Delivering touch to: action: 0x1
I/ActivityManager( 9929): Killing 16795:com.google.android.youtube/u0a10138: remove task
W/AudioService( 9929):   AudioFocus   audio focus client died
I/AudioService( 9929):  AudioFocus  abandonAudioFocus(): removing entry for android.media.AudioManager$2115f260cwu$210e5e00
W/ContextImpl( 9929): Calling a method in the system process without a qualified user: android.app.ContextImpl.sendBroadcast:1361 com.android.server.am.ActivityManagerService.cleanUpApplicationRecordLocked:12456 com.android.server.am.ActivityManagerService.handleAppDiedLocked:3637 com.android.server.am.ActivityManagerService.appDiedLocked:3741 com.android.server.am.ActivityManagerService$AppDeathRecipient.binderDied:1001 
I/InputReader( 9929): Touch event's action is 0x0 (deviceType=0) [pCnt=1, s=0.38889 ] when=208883017277000
I/InputDispatcher( 9929): Delivering touch to: action: 0x0
I/InputDispatcher( 9929): Delivering touch to: action: 0x0
I/Monitor ( 9929): SIOP:: Current AP = 300, CP = 0
I/InputReader( 9929): Touch event's action is 0x1 (deviceType=0) [pCnt=1, s=] when=208883333141000
I/InputDispatcher( 9929): Delivering touch to: action: 0x1
I/InputDispatcher( 9929): Delivering touch to: action: 0x1
D/STATUSBAR-NetworkController(10134): refreshSignalCluster: data=-1 bt=false
D/IconMerger(10134): overflowShown = false
D/IconMerger(10134): moreRequired = false
V/UsbDeviceManager( 9929): USB UEVENT: {USB_STATE=DISCONNECTED, SUBSYSTEM=android_usb, DEVPATH=/devices/virtual/android_usb/android0, SEQNUM=119440, ACTION=change}
D/UsbDeviceManager( 9929): handleMessage -> MSG_UPDATE_STATE connected = 0,configured = 0
D/UsbDeviceManager( 9929): updateUsbNotification : mConnected = false, mConfigured = false, mCurrentFunctions = mtp,adb
W/ContextImpl( 9929): Calling a method in the system process without a qualified user: android.app.ContextImpl.sendBroadcast:1375 com.android.server.StatusBarManagerService.sendNotification:179 com.android.server.StatusBarManagerService.removeNotification:812 com.android.server.NotificationManagerService.cancelNotificationLocked:1626 com.android.server.NotificationManagerService.cancelNotification:1699 
D/IconMerger(10134): overflowShown = false
D/IconMerger(10134): moreRequired = false
D/STATUSBAR-StatusBarManagerService( 9929): sendNotification(3) - 17041023
D/LightsService( 9929): [SvcLED] turnOff:: id = 4mIsIDUsingPatternLED = true
D/LightsService( 9929): [SvcLED] setSvcLedStateLocked:: id = 4, color = 0, mode = Off, set = Off
D/UsbDeviceManager( 9929): updateUsbNotification : cancel id = 17041023, title =    
D/dalvikvm( 9929): Rejecting registerization due to mul-int/lit8 v7, v4, (#100)
D/LightsService( 9929): [SvcLED] ForcedSvcLEDTask is running.
D/LightsService( 9929): [SvcLED] setSvcLedLightLocked : mSvcLedState : 0x0  priority : 7  mSvcLedMode : 0
D/UsbDeviceManager( 9929): sending intent : ACTION_USB_STATE : connected = false, configured = false, functions = mtp,adb
E/MTPRx   ( 8313): In MtpReceiverandroid.hardware.usb.action.USB_STATE
E/MTPRx   ( 8313): check value of boot_completed is1
E/MTPRx   ( 8313): check booting is completed_sys.boot_completed
E/MTPRx   ( 8313): Sd-Card path/storage/extSdCard
E/MTPRx   ( 8313): Status for mount/Unmount :mounted
E/MTPRx   ( 8313): SDcard is  available
E/MTPRx   ( 8313): The value of first_boot is  1
E/MTPRx   ( 8313): [ 662] The value of first_boot is  1NORMAL SEQUENCE 
W/MTPRx   ( 8313): value of connected isfalse
W/MTPRx   ( 8313): value of configured isfalse
W/MTPRx   ( 8313): value of mtpEnabled istrue
W/MTPRx   ( 8313): value of ptpEnabled isfalse
E/MTPRx   ( 8313): Received USB_STATE with sdCardLaunch = 0
E/MTPRx   ( 8313): configured is false
I/dalvikvm( 8313): Total arena pages for JIT: 11
I/dalvikvm( 8313): Total arena pages for JIT: 12
D/dalvikvm( 8313): Rejecting registerization due to and-int/lit16 v0, v5, (#128)
D/dalvikvm( 8313): Rejecting registerization due to and-int/lit16 v0, v5, (#128)
D/dalvikvm( 8313): Rejecting registerization due to move v5, v4, (#0)
D/dalvikvm( 8313): Rejecting registerization due to move v5, v4, (#0)
I/WAKELOCK_RELEASE( 9929): TIMESTAMP=993587858908085, TAG=LightsService, TYPE=PARTIAL_WAKE_LOCK             , COUNT=0, PID=9929, UID=1000
W/LicenseLogService( 9929): log() is called by non admin
V/UsbDeviceManager( 9929): USB UEVENT: {USB_STATE=CONNECTED, SUBSYSTEM=android_usb, DEVPATH=/devices/virtual/android_usb/android0, SEQNUM=119441, ACTION=change}
D/UsbDeviceManager( 9929): handleMessage -> MSG_UPDATE_STATE connected = 1,configured = 0
D/UsbDeviceManager( 9929): updateUsbNotification : mConnected = true, mConfigured = false, mCurrentFunctions = mtp,adb
V/UsbDeviceManager( 9929): USB UEVENT: {USB_STATE=DISCONNECTED, SUBSYSTEM=android_usb, DEVPATH=/devices/virtual/android_usb/android0, SEQNUM=119442, ACTION=change}
W/ContextImpl( 9929): Calling a method in the system process without a qualified user: android.app.ContextImpl.sendBroadcast:1375 com.android.server.StatusBarManagerService.sendNotification:179 com.android.server.StatusBarManagerService.addNotification:776 com.android.server.NotificationManagerService.enqueueNotificationInternal:1304 com.android.server.NotificationManagerService.enqueueNotificationWithTag:1156 
D/STATUSBAR-StatusBarManagerService( 9929): sendNotification(1) - 17041023
D/UsbDeviceManager( 9929): updateUsbNotification : notify id = 17041023, title =    
E/MTPRx   ( 8313): In MtpReceiverandroid.hardware.usb.action.USB_STATE
E/MTPRx   ( 8313): check value of boot_completed is1
E/MTPRx   ( 8313): check booting is completed_sys.boot_completed
E/MTPRx   ( 8313): Sd-Card path/storage/extSdCard
D/UsbDeviceManager( 9929): sending intent : ACTION_USB_STATE : connected = true, configured = false, functions = mtp,adb
D/UsbDeviceManager( 9929): handleMessage -> MSG_UPDATE_STATE connected = 0,configured = 0
D/UsbDeviceManager( 9929): updateUsbNotification : mConnected = false, mConfigured = false, mCurrentFunctions = mtp,adb
W/ContextImpl( 9929): Calling a method in the system process without a qualified user: android.app.ContextImpl.sendBroadcast:1375 com.android.server.StatusBarManagerService.sendNotification:179 com.android.server.StatusBarManagerService.removeNotification:812 com.android.server.NotificationManagerService.cancelNotificationLocked:1626 com.android.server.NotificationManagerService.cancelNotification:1699 
D/STATUSBAR-StatusBarManagerService( 9929): sendNotification(3) - 17041023
D/LightsService( 9929): [SvcLED] turnOff:: id = 4mIsIDUsingPatternLED = true
D/LightsService( 9929): [SvcLED] setSvcLedStateLocked:: id = 4, color = 0, mode = Off, set = Off
D/LightsService( 9929): [SvcLED] ForcedSvcLEDTask is running.
D/LightsService( 9929): [SvcLED] setSvcLedLightLocked : mSvcLedState : 0x0  priority : 7  mSvcLedMode : 0
D/UsbDeviceManager( 9929): updateUsbNotification : cancel id = 17041023, title =    
E/MTPRx   ( 8313): Status for mount/Unmount :mounted
E/MTPRx   ( 8313): SDcard is  available
E/MTPRx   ( 8313): The value of first_boot is  1
E/MTPRx   ( 8313): [ 662] The value of first_boot is  1NORMAL SEQUENCE 
W/MTPRx   ( 8313): value of connected istrue
W/MTPRx   ( 8313): value of configured isfalse
W/MTPRx   ( 8313): value of mtpEnabled istrue
W/MTPRx   ( 8313): value of ptpEnabled isfalse
E/MTPRx   ( 8313): Received USB_STATE with sdCardLaunch = 0
E/MTPRx   ( 8313): configured is false
D/ProgressBar(10134): setProgressDrawable mProgressDrawable = null, d = android.graphics.drawable.LayerDrawable@21417508needUpdate = false
D/ProgressBar(10134): setProgressDrawable drawableHeight = 9
D/ProgressBar(10134): setProgress = 0
D/ProgressBar(10134): setProgress = 0, fromUser = false
D/ProgressBar(10134): mProgress = 0mIndeterminate = false, mMin = 0, mMax = 100
D/UsbDeviceManager( 9929): sending intent : ACTION_USB_STATE : connected = false, configured = false, functions = mtp,adb
E/MTPRx   ( 8313): In MtpReceiverandroid.hardware.usb.action.USB_STATE
E/MTPRx   ( 8313): check value of boot_completed is1
E/MTPRx   ( 8313): check booting is completed_sys.boot_completed
E/MTPRx   ( 8313): Sd-Card path/storage/extSdCard
E/MTPRx   ( 8313): Status for mount/Unmount :mounted
E/MTPRx   ( 8313): SDcard is  available
E/MTPRx   ( 8313): The value of first_boot is  1
E/MTPRx   ( 8313): [ 662] The value of first_boot is  1NORMAL SEQUENCE 
W/MTPRx   ( 8313): value of connected isfalse
W/MTPRx   ( 8313): value of configured isfalse
W/MTPRx   ( 8313): value of mtpEnabled istrue
W/MTPRx   ( 8313): value of ptpEnabled isfalse
E/MTPRx   ( 8313): Received USB_STATE with sdCardLaunch = 0
E/MTPRx   ( 8313): configured is false
I/WAKELOCK_RELEASE( 9929): TIMESTAMP=993587977344683, TAG=LightsService, TYPE=PARTIAL_WAKE_LOCK             , COUNT=0, PID=9929, UID=1000
I/InputReader( 9929): Touch event's action is 0x0 (deviceType=0) [pCnt=1, s=0.38890 ] when=208884069380000
I/InputDispatcher( 9929): Delivering touch to: action: 0x0
I/InputDispatcher( 9929): Delivering touch to: action: 0x0
V/UsbDeviceManager( 9929): USB UEVENT: {USB_STATE=CONNECTED, SUBSYSTEM=android_usb, DEVPATH=/devices/virtual/android_usb/android0, SEQNUM=119443, ACTION=change}
W/LicenseLogService( 9929): log() is called by non admin
D/UsbDeviceManager( 9929): handleMessage -> MSG_UPDATE_STATE connected = 1,configured = 0
D/UsbDeviceManager( 9929): updateUsbNotification : mConnected = true, mConfigured = false, mCurrentFunctions = mtp,adb
V/UsbDeviceManager( 9929): USB UEVENT: {USB_STATE=CONFIGURED, SUBSYSTEM=android_usb, DEVPATH=/devices/virtual/android_usb/android0, SEQNUM=119444, ACTION=change}
W/LicenseLogService( 9929): log() is called by non admin
W/ContextImpl( 9929): Calling a method in the system process without a qualified user: android.app.ContextImpl.sendBroadcast:1375 com.android.server.StatusBarManagerService.sendNotification:179 com.android.server.StatusBarManagerService.addNotification:776 com.android.server.NotificationManagerService.enqueueNotificationInternal:1304 com.android.server.NotificationManagerService.enqueueNotificationWithTag:1156 
D/STATUSBAR-StatusBarManagerService( 9929): sendNotification(1) - 17041023
D/UsbDeviceManager( 9929): updateUsbNotification : notify id = 17041023, title =    
D/UsbDeviceManager( 9929): sending intent : ACTION_USB_STATE : connected = true, configured = false, functions = mtp,adb
D/UsbDeviceManager( 9929): handleMessage -> MSG_UPDATE_STATE connected = 1,configured = 1
D/UsbDeviceManager( 9929): updateUsbNotification : mConnected = true, mConfigured = true, mCurrentFunctions = mtp,adb
E/MTPRx   ( 8313): In MtpReceiverandroid.hardware.usb.action.USB_STATE
E/MTPRx   ( 8313): check value of boot_completed is1
E/MTPRx   ( 8313): check booting is completed_sys.boot_completed
E/MTPRx   ( 8313): Sd-Card path/storage/extSdCard
E/MTPRx   ( 8313): Status for mount/Unmount :mounted
E/MTPRx   ( 8313): SDcard is  available
E/MTPRx   ( 8313): The value of first_boot is  1
E/MTPRx   ( 8313): [ 662] The value of first_boot is  1NORMAL SEQUENCE 
W/MTPRx   ( 8313): value of connected istrue
W/MTPRx   ( 8313): value of configured isfalse
W/MTPRx   ( 8313): value of mtpEnabled istrue
W/MTPRx   ( 8313): value of ptpEnabled isfalse
E/MTPRx   ( 8313): Received USB_STATE with sdCardLaunch = 0
E/MTPRx   ( 8313): configured is false
D/UsbDeviceManager( 9929): sending intent : ACTION_USB_STATE : connected = true, configured = true, functions = mtp,adb
D/ProgressBar(10134): setProgressDrawable mProgressDrawable = null, d = android.graphics.drawable.LayerDrawable@212022b0needUpdate = false
D/ProgressBar(10134): setProgressDrawable drawableHeight = 9
D/ProgressBar(10134): setProgress = 0
D/ProgressBar(10134): setProgress = 0, fromUser = false
D/ProgressBar(10134): mProgress = 0mIndeterminate = false, mMin = 0, mMax = 100
E/MTPRx   ( 8313): In MtpReceiverandroid.hardware.usb.action.USB_STATE
E/MTPRx   ( 8313): check value of boot_completed is1
E/MTPRx   ( 8313): check booting is completed_sys.boot_completed
E/MTPRx   ( 8313): Sd-Card path/storage/extSdCard
E/MTPRx   ( 8313): Status for mount/Unmount :mounted
E/MTPRx   ( 8313): SDcard is  available
E/MTPRx   ( 8313): The value of first_boot is  1
E/MTPRx   ( 8313): [ 662] The value of first_boot is  1NORMAL SEQUENCE 
W/MTPRx   ( 8313): value of connected istrue
W/MTPRx   ( 8313): value of configured istrue
W/MTPRx   ( 8313): value of mtpEnabled istrue
W/MTPRx   ( 8313): value of ptpEnabled isfalse
E/MTPRx   ( 8313): Received USB_STATE with sdCardLaunch = 0
F/Environment( 8313): Static storage paths aren't available from AID_SYSTEM
F/Environment( 8313): java.lang.Throwable
F/Environment( 8313): 	at android.os.Environment.throwIfSystem(Environment.java:637)
F/Environment( 8313): 	at android.os.Environment.getExternalStorageDirectory(Environment.java:316)
F/Environment( 8313): 	at com.android.MtpApplication.MtpReceiver.onReceive(MtpReceiver.java:1121)
F/Environment( 8313): 	at android.app.ActivityThread.handleReceiver(ActivityThread.java:2441)
F/Environment( 8313): 	at android.app.ActivityThread.access$1600(ActivityThread.java:150)
F/Environment( 8313): 	at android.app.ActivityThread$H.handleMessage(ActivityThread.java:1356)
F/Environment( 8313): 	at android.os.Handler.dispatchMessage(Handler.java:99)
F/Environment( 8313): 	at android.os.Looper.loop(Looper.java:176)
F/Environment( 8313): 	at android.app.ActivityThread.main(ActivityThread.java:5279)
F/Environment( 8313): 	at java.lang.reflect.Method.invokeNative(Native Method)
F/Environment( 8313): 	at java.lang.reflect.Method.invoke(Method.java:511)
F/Environment( 8313): 	at com.android.internal.os.ZygoteInit$MethodAndArgsCaller.run(ZygoteInit.java:1102)
F/Environment( 8313): 	at com.android.internal.os.ZygoteInit.main(ZygoteInit.java:869)
F/Environment( 8313): 	at dalvik.system.NativeStart.main(Native Method)
E/MTPRx   ( 8313): currentUserId is 0
E/MTPRx   ( 8313): Start observing USB_STATE_MATCH 
E/MTPRx   ( 8313): Sending NORMAL_BOOT to stack
D/        ( 8313): calling hookJniOnload()!
E/MTPJNIInterface( 8313): noti = 17
I/InputReader( 9929): Touch event's action is 0x1 (deviceType=0) [pCnt=1, s=] when=208884304205000
I/InputDispatcher( 9929): Delivering touch to: action: 0x1
I/InputDispatcher( 9929): Delivering touch to: action: 0x1
D/EnterpriseDeviceManager( 8313): ContainerId: 0
W/LicenseLogService( 9929): log() is called by non admin
E/MTPRx   ( 8313): sending MTP_ICON_ENABLED to stack
D/dalvikvm( 8313): Rejecting registerization due to ushr-int/lit8 v4, v7, (#19)
W/ContextImpl( 8313): Calling a method in the system process without a qualified user: android.app.ContextImpl.startService:1681 android.content.ContextWrapper.startService:457 android.content.ContextWrapper.startService:457 com.android.MtpApplication.MtpReceiver.sendNoti:818 com.android.MtpApplication.MtpReceiver.onReceive:1311 
E/MTPRx   ( 8313): else part ... so first time!!!
E/MTPPlaObsrvr( 8313): inside setContext()
E/MTPPlaObsrvr( 8313): playlist count is1
E/MTPPlaObsrvr( 8313): Row ID is329
E/MTPPlaObsrvr( 8313): Ignore Quick list.pla
E/MTPPlaObsrvr( 8313): Inside registerContentObserver
E/MtpAdbObserver( 8313): inside setContext()
E/MtpAdbObserver( 8313): Inside registerContentObserver
W/Settings( 8313): Setting adb_enabled has moved from android.provider.Settings.System to android.provider.Settings.Global, returning read-only global URI.
E/MtpService( 8313): onCreate.
W/ContextImpl( 8313): Calling a method in the system process without a qualified user: android.app.ContextImpl.startService:1681 android.content.ContextWrapper.startService:457 android.content.ContextWrapper.startService:457 com.android.MtpApplication.MtpReceiver.sendNoti:818 com.android.MtpApplication.MtpReceiver.launchMtpApp:918 
E/MtpService( 8313): < MTP > Registering BroadCast receiver :::::
E/MtpService( 8313): < MTP > Registering BroadCast registerBroadCastPolicyRec :::::
W/MTPRx   ( 8313): calling native method
E/MTPJNIInterface( 8313): < MTP > Registering BroadCast receiver :::::
E/MTPJNIInterface( 8313): noti = 10
E/MtpService( 8313): onStartCommand.
E/MtpService( 8313): handleMessage. msg= { what=0 when=-1ms arg1=1 obj=Intent { cmp=com.android.MtpApplication/.MtpService } }
E/MtpService( 8313): onStartCommand.
W/MTPRx   ( 8313): calling native method
E/MTPRx   ( 8313): Checking the driver time out
E/MTPJNIInterface( 8313): noti = 2
D/        ( 8313): event handler thread is created, so set the flag
E/MTPJNIInterface( 8313): Getting media scanner status0
E/SQLiteLog( 8313): (10) Failed to open database file with errno : 2!
E/SQLiteLog( 8313): 
E/SQLiteLog( 8313): (14) cannot open file at line 32474 of [00bb9c9ce4]
E/SQLiteLog( 8313): (14) os_unix.c:32474: (2) open(/opt/dbspace/inappdb) - 
E/MTPJNIInterface( 8313): DeviceName is vedroid
E/MTPRx   ( 8313): called native method
E/MTPJNIInterface( 8313): setting Media scanner status0
E/MTPJNIInterface( 8313): After setting Media scanner status0
W/MTPRx   ( 8313): notification from stack 1
D/dalvikvm( 8251): Rejecting registerization due to move v5, v4, (#0)
D/dalvikvm( 8251): Rejecting registerization due to move v5, v4, (#0)
E/MtpService( 8313): handleMessage. msg= { what=0 when=-27ms arg1=2 obj=Intent { cmp=com.android.MtpApplication/.MtpService } }
W/ContextImpl( 9929): Calling a method in the system process without a qualified user: android.app.ContextImpl.sendBroadcast:1375 com.android.server.am.ActivityStack.startPausingLocked:1418 com.android.server.am.ActivityStack.finishActivityLocked:5925 com.android.server.am.ActivityStack.finishActivityLocked:5839 com.android.server.am.ActivityStack.requestFinishActivityLocked:5755 
I/ActivityManager( 9929): Killing 16609:mobi.mgeek.TunnyBrowser/u0a10195: remove task
E/NotificationService( 9929): Ignoring notification with icon==0: Notification(pri=0 contentView=null vibrate=null sound=null defaults=0x0 flags=0x62 kind=[null])
E/NotificationService( 9929): Ignoring notification with icon==0: Notification(pri=0 contentView=null vibrate=null sound=null defaults=0x0 flags=0x62 kind=[null])
D/MtpService( 8251): addStorageLocked 65537 /storage/emulated/0
D/MtpService( 8251): addStorageLocked 131073 /storage/extSdCard
I/CustomFrequencyManager( 9929): newFrequencyRequest  - mFrequency = 1600000, mTimeoutMs = -1, mPkgName = ACTIVITY_RESUME_BOOSTER@5
I/CustomFrequencyManager( 9929): Boost Request from package = ACTIVITY_RESUME_BOOSTER@5 frequency : 1600000type = 6
I/CustomFrequencyManager( 9929): !! pkgName = ACTIVITY_RESUME_BOOSTER@5
I/CustomFrequencyManager( 9929): Request from package name pkgName = ACTIVITY_RESUME_BOOSTER@5
I/CustomFrequencyManager( 9929): mContext is Not Null  mContext.pkgName = android
I/CustomFrequencyManager( 9929): 2 Old token will be reused!
I/CustomFrequencyManager( 9929): CPUDVFSControlRequest : doFrequencyRequest::  = 1600000 Timeout : -1
W/ActivityManager( 9929): mDVFSHelper.acquire()
W/ContextImpl( 9929): Calling a method in the system process without a qualified user: android.app.ContextImpl.sendBroadcast:1361 com.android.server.am.ActivityManagerService.computeOomAdjLocked:14974 com.android.server.am.ActivityManagerService.computeOomAdjLocked:14633 com.android.server.am.ActivityManagerService.computeOomAdjLocked:14803 com.android.server.am.ActivityManagerService.updateOomAdjLocked:15265 
W/InputDispatcher( 9929): channel ~ Consumer closed input channel or an error occurred.  events=0x9
E/InputDispatcher( 9929): channel ~ Channel is unrecoverably broken and will be disposed!
W/InputDispatcher( 9929): Attempted to unregister already unregistered input channel
W/ContextImpl( 9929): Calling a method in the system process without a qualified user: android.app.ContextImpl.sendBroadcast:1361 com.android.server.am.ActivityManagerService.computeOomAdjLocked:14980 com.android.server.am.ActivityManagerService.computeOomAdjLocked:14633 com.android.server.am.ActivityManagerService.computeOomAdjLocked:14803 com.android.server.am.ActivityManagerService.updateOomAdjLocked:15265 
V/WindowOrientationListener( 9929): nearestRotation : 0   Angle: 354   tilt: 49
D/WindowManager( 9929): computeScreenConfigurationLocked() set config.orientation=2 dw=1280 dh=800 Callers=com.android.server.wm.WindowManagerService.updateOrientationFromAppTokensLocked:5224 com.android.server.wm.WindowManagerService.updateOrientationFromAppTokens:5193 com.android.server.am.ActivityStack.resumeTopActivityLocked:2689 
D/PowerManagerService( 9929): setKeyboardVisibility: false
W/ContextImpl( 9929): Calling a method in the system process without a qualified user: android.app.ContextImpl.sendBroadcast:1375 com.android.server.am.ActivityStack.resumeTopActivityLocked:2754 com.android.server.am.ActivityStack.resumeTopActivityLocked:2317 com.android.server.am.ActivityStack.resumeTopActivityLocked:2271 com.android.server.am.ActivityStack.completePauseLocked:1726 
D/Launcher(24861): onRestart, Launcher: 554293512
D/Launcher(24861): onStart, Launcher: 554293512
D/Launcher.HomeView(24861): onStart
D/Launcher(24861): onResume, Launcher: 554293512
D/Launcher.HomeView(24861): onResume
W/ContextImpl( 9929): Calling a method in the system process without a qualified user: android.app.ContextImpl.sendBroadcast:1361 com.android.server.am.ActivityManagerService.cleanUpApplicationRecordLocked:12456 com.android.server.am.ActivityManagerService.handleAppDiedLocked:3637 com.android.server.am.ActivityManagerService.appDiedLocked:3741 com.android.server.am.ActivityManagerService$AppDeathRecipient.binderDied:1001 
D/MenuAppsGridFragment(24861): onResume
D/SurfaceWidgetClient$ISurfaceWidgetStub(24962): [123491/10] Surface widget visibility changed visibility = true on instance = 1
D/SurfaceWidget.Renderer(24962): [123491/10] SurfaceWidgetRenderer waiting done: 1 (Thread[Thread-3689,5,main])
D/SurfaceWidget.Renderer(24962): [123491/10] SurfaceWidgetRenderer waiting: 1 (Thread[Thread-3689,5,main])
E/EnterpriseContainerManager( 8251): ContainerPolicy Service is not yet ready!!!
D/EnterpriseDeviceManager( 8251): ContainerId: 0
D/MtpService( 8251): starting MTP server in MTP mode
W/LicenseLogService( 9929): log() is called by non admin
D/STATUSBAR-StatusBarManagerService( 9929): manageDisableList what=0x0 pkg=WindowManager.LayoutParams
E/EnterpriseContainerManager( 9929): ContainerPolicy Service is not yet ready!!!
D/EnterpriseDeviceManager( 9929): ContainerId: 0
W/LicenseLogService( 9929): log() is called by non admin
W/ContextImpl( 9929): Calling a method in the system process without a qualified user: android.app.ContextImpl.sendBroadcast:1361 com.android.server.InputMethodManagerService$5.run:2473 java.lang.Thread.run:856 <bottom of call stack> <bottom of call stack> 
I/dalvikvm( 8340): Total arena pages for JIT: 11
I/dalvikvm( 8340): Total arena pages for JIT: 12
D/dalvikvm( 8340): Rejecting registerization due to and-int/lit16 v0, v5, (#128)
D/MediaScanner( 8251): Constructor set externalStorageSdPath : /storage/extSdCard
D/dalvikvm( 8340): Rejecting registerization due to and-int/lit16 v0, v5, (#128)
D/ProgramMonitor(18186): LAUNCHER_RESUME
D/ProgramMonitor(18186): isWidgetEnabled:0  mViews:android.widget.RemoteViews@2109a560
D/ProgramMonitor(18186): startWidgetsUpdating()
E/MtpServerJNI( 8251): could not open MTP driver, errno: 2
D/MtpService( 8251): addStorageLocked 65537 /storage/emulated/0
E/MtpServerJNI( 8251): server is null in add_storage
D/MtpService( 8251): addStorageLocked 131073 /storage/extSdCard
E/MtpServerJNI( 8251): server is null in add_storage
E/MtpServerJNI( 8251): server is null in run
E/MtpServerJNI( 8251): server is null in cleanup
V/TaskCloserActivity(18186): TaskCloserActivity onReceive()
E/MTPJNIInterface( 8313): Status for mount/Unmount :mounted
E/MTPJNIInterface( 8313): SDcard is  available
E/MTPJNIInterface( 8313): Status for mount/Unmount :removed
E/MTPJNIInterface( 8313): SDcard is not available
V/WindowManager( 9929): Window{21126b70 u0 Keyguard}mOrientationRequetedFromKeyguard=false
E/MTPJNIInterface( 8313): Status for mount/Unmount :removed
E/MTPJNIInterface( 8313): SDcard is not available
E/MTPJNIInterface( 8313): Status for mount/Unmount :removed
E/MTPJNIInterface( 8313): SDcard is not available
I/WAKELOCK_RELEASE( 9929): TIMESTAMP=993588583373605, TAG=ActivityManager-Launch, TYPE=PARTIAL_WAKE_LOCK             , COUNT=0, PID=9929, UID=1000
D/        ( 8313): written string DATA_STORE_ID into file /data/hidden_volume.txt 
D/        ( 8313):  
D/        ( 8313): written string CACHE_STORE_ID into file /cache/hidden_volume.txt 
D/        ( 8313):  
E/MTPJNIInterface( 8313): Status for mount/Unmount :mounted
E/MTPJNIInterface( 8313): SDcard is  available
E/SQLiteLog( 8313): (21) API call with unopened database connection pointer
E/SQLiteLog( 8313): (21) misuse at line 96726 of [00bb9c9ce4]
E/SQLiteLog( 8313): (21) API call with unopened database connection pointer
E/SQLiteLog( 8313): (21) misuse at line 93202 of [00bb9c9ce4]
E/SQLiteLog( 8313): (21) API call with unopened database connection pointer
E/SQLiteLog( 8313): (21) misuse at line 93202 of [00bb9c9ce4]
E/SQLiteLog( 8313): (21) API call with unopened database connection pointer
E/SQLiteLog( 8313): (21) misuse at line 96726 of [00bb9c9ce4]
W/MTPRx   ( 8313): notification from stack 2
D/        ( 8313): [mtp_init_device] Going to open(): /dev/usb_mtp_gadget
E/        ( 8313): [mtp_init_device]  After open the MTP fd = 50 and line = 663...
D/        ( 8313): [mtp_init_device] IOCTL SET_MTP_USER_PID Sucesss 
D/        ( 8313): [mtp_init_device] b4 calling MTP_ONLY_ENABLE  ioctl coneect to host
V/WindowManager( 9929): Window{21126b70 u0 Keyguard}mOrientationRequetedFromKeyguard=false
E/MTPJNIInterface( 8313): Getting gadget reset status0
D/STATUSBAR-NetworkController(10134): refreshSignalCluster: data=-1 bt=false
W/ActivityManager( 9929): mDVFSHelper.release()
E/MTPRx   ( 8313): state from USB_STATE eventDISCONNECTED
D/DataRouter( 1974): After the usb select
E/MTPRx   ( 8313): ignore this event
D/DataRouter( 1974): read length is zero
D/DataRouter( 1974): dr_usb_deinit
D/DataRouter( 1974): dr_usb_init
E/DataRouter( 1974): USB Interface is open with 0x9
D/DataRouter( 1974): USB interface is now configured for usb_fd = 0x9
D/DataRouter( 1974): pcsyncreset
D/DataRouter( 1974): read usb data[len:0]
D/DataRouter( 1974): read usb data message:
D/DataRouter( 1974): Before the usb select
D/connfw  ( 1979): [DR->CONNFW]Received data notification
D/Kies    ( 1975): [DR->KIES]Received data notification
V/UsbDeviceManager( 9929): USB UEVENT: {USB_STATE=DISCONNECTED, SUBSYSTEM=android_usb, DEVPATH=/devices/virtual/android_usb/android0, SEQNUM=119445, ACTION=change}
D/UsbDeviceManager( 9929): handleMessage -> MSG_UPDATE_STATE connected = 0,configured = 0
D/UsbDeviceManager( 9929): updateUsbNotification : mConnected = false, mConfigured = false, mCurrentFunctions = mtp,adb
W/ContextImpl( 9929): Calling a method in the system process without a qualified user: android.app.ContextImpl.sendBroadcast:1375 com.android.server.StatusBarManagerService.sendNotification:179 com.android.server.StatusBarManagerService.removeNotification:812 com.android.server.NotificationManagerService.cancelNotificationLocked:1626 com.android.server.NotificationManagerService.cancelNotification:1699 
E/DTT     ( 1978): [DR->DTT]Received data notification
D/Kies    ( 1975): dr_process_kies_app(0)
D/Kies    ( 1975): intent start
D/Kies    ( 1975): pid init
D/Kies    ( 1975): execretrun init
D/Kies    ( 1975): fork success
D/Kies    ( 1975): child pid = 8444.
D/Kies    ( 1975): child get
D/Kies    ( 1975): process kill start
D/Kies    ( 8444): fork success
D/Kies    ( 8444): child pid = 0.
D/Kies    ( 8444): child get
D/Kies    ( 8444): execute sh.
D/STATUSBAR-StatusBarManagerService( 9929): sendNotification(3) - 17041023
D/LightsService( 9929): [SvcLED] turnOff:: id = 4mIsIDUsingPatternLED = true
D/LightsService( 9929): [SvcLED] setSvcLedStateLocked:: id = 4, color = 0, mode = Off, set = Off
D/LightsService( 9929): [SvcLED] ForcedSvcLEDTask is running.
D/LightsService( 9929): [SvcLED] setSvcLedLightLocked : mSvcLedState : 0x0  priority : 7  mSvcLedMode : 0
D/UsbDeviceManager( 9929): updateUsbNotification : cancel id = 17041023, title =    
D/UsbDeviceManager( 9929): sending intent : ACTION_USB_STATE : connected = false, configured = false, functions = mtp,adb
E/MTPRx   ( 8313): In MtpReceiverandroid.hardware.usb.action.USB_STATE
E/MTPRx   ( 8313): check value of boot_completed is1
E/MTPRx   ( 8313): check booting is completed_sys.boot_completed
E/MTPRx   ( 8313): Sd-Card path/storage/extSdCard
E/MTPRx   ( 8313): Status for mount/Unmount :mounted
E/MTPRx   ( 8313): SDcard is  available
E/MTPRx   ( 8313): The value of first_boot is  1
E/MTPRx   ( 8313): [ 662] The value of first_boot is  1NORMAL SEQUENCE 
W/MTPRx   ( 8313): value of connected isfalse
W/MTPRx   ( 8313): value of configured isfalse
W/MTPRx   ( 8313): value of mtpEnabled istrue
