W/ContextImpl( 2383): Calling a method in the system process without a qualified user: android.app.ContextImpl.sendBroadcast:1361 com.android.server.am.ActivityManagerService.cleanUpApplicationRecordLocked:12456 com.android.server.am.ActivityManagerService.handleAppDiedLocked:3637 com.android.server.am.ActivityManagerService.appDiedLocked:3741 com.android.server.am.ActivityManagerService$AppDeathRecipient.binderDied:1001 
W/ContextImpl( 2383): Calling a method in the system process without a qualified user: android.app.ContextImpl.sendBroadcast:1361 com.android.server.am.ActivityManagerService.cleanUpApplicationRecordLocked:12456 com.android.server.am.ActivityManagerService.handleAppDiedLocked:3637 com.android.server.am.ActivityManagerService.appDiedLocked:3741 com.android.server.am.ActivityManagerService$AppDeathRecipient.binderDied:1001 
I/dalvikvm( 4899): Total arena pages for JIT: 11
D/dalvikvm( 4899): Rejecting registerization due to and-int/lit16 v0, v5, (#128)
I/dalvikvm( 4899): Total arena pages for JIT: 12
D/dalvikvm( 4899): Rejecting registerization due to and-int/lit16 v0, v5, (#128)
W/ContextImpl( 2383): Calling a method in the system process without a qualified user: android.app.ContextImpl.sendBroadcast:1361 com.android.server.am.ActivityManagerService.cleanUpApplicationRecordLocked:12456 com.android.server.am.ActivityManagerService.handleAppDiedLocked:3637 com.android.server.am.ActivityManagerService.appDiedLocked:3741 com.android.server.am.ActivityManagerService$AppDeathRecipient.binderDied:1001 
D/GCM     ( 2803): GcmService start Intent { act=android.net.conn.CONNECTIVITY_CHANGE flg=0x8000010 cmp=com.google.android.gms/.gcm.GcmService (has extras) } android.net.conn.CONNECTIVITY_CHANGE
D/STATUSBAR-NetworkController( 2571): refreshSignalCluster: data=-1 bt=false
D/IconMerger( 2571): overflowShown = false
D/IconMerger( 2571): moreRequired = false
I/iu.Environment( 3272): update connectivity state; isNetworkMetered? false, isRoaming? false, isBackgroundDataAllowed? true*
I/dalvikvm( 4912): Total arena pages for JIT: 11
D/dalvikvm( 4912): Rejecting registerization due to and-int/lit16 v0, v5, (#128)
I/iu.SyncManager( 3272): SYNC; picasa accounts
I/dalvikvm( 4912): Total arena pages for JIT: 12
D/dalvikvm( 4912): Rejecting registerization due to and-int/lit16 v0, v5, (#128)
W/ContextImpl( 2383): Calling a method in the system process without a qualified user: android.app.ContextImpl.sendBroadcast:1361 com.android.server.am.ActivityManagerService.cleanUpApplicationRecordLocked:12456 com.android.server.am.ActivityManagerService.handleAppDiedLocked:3637 com.android.server.am.ActivityManagerService.appDiedLocked:3741 com.android.server.am.ActivityManagerService$AppDeathRecipient.binderDied:1001 
I/iu.UploadsManager( 3272): num queued entries: 0
I/iu.UploadsManager( 3272): num updated entries: 0
I/iu.SyncManager( 3272): NEXT; no task
D/dalvikvm( 2383): GC_EXPLICIT freed 381K, 28% free 21532K/29576K, paused 4ms+8ms, total 141ms
E/SPPClientService( 5272): ============PushLog. commonIsShipBuild. stop!
E/SPPClientService( 5272): [PushClientApplication] Push log off : This is Ship build version
D/SPPClientService( 5272): PushLog.txt file is not deleted.
D/SPPClientService( 5272): PushLog.txt file is not deleted.
D/SPPClientService( 5272): ============PushLog. stop!
D/dalvikvm( 2686): GC_EXPLICIT freed 547K, 46% free 5246K/9640K, paused 1ms+4ms, total 23ms
E/SPPClientService( 5272): [[SystemStateMoniter]] SystemStateMonitorService : noConnect? : false
W/ContextImpl( 2383): Calling a method in the system process without a qualified user: android.app.ContextImpl.sendBroadcast:1361 com.absolute.android.persistservice.ABTPersistenceService$1.run:924 java.lang.Thread.run:856 <bottom of call stack> <bottom of call stack> 
D/ConnectivityService( 2383): handleInetConditionHoldEnd: net=1, condition=100, published condition=100
D/ConnectivityService( 2383): sendStickyBroadcast: action=android.net.conn.INET_CONDITION_ACTION
D/STATUSBAR-NetworkController( 2571): onReceive() - CONNECTIVITY_ACTION, INET_CONDITION_ACTION
D/STATUSBAR-NetworkController( 2571): updateDataNetType()
I/dalvikvm( 4940): Total arena pages for JIT: 11
I/dalvikvm( 4940): Total arena pages for JIT: 12
D/dalvikvm( 4940): Rejecting registerization due to and-int/lit16 v0, v5, (#128)
D/TelephonyManager( 2660): getLteOnCdmaMode=0 curVal=-1 product_type='' lteOnCdmaProductType=''
D/STATUSBAR-NetworkController( 2571): Nothing, mRoamingIconId = 0
D/dalvikvm( 4940): Rejecting registerization due to and-int/lit16 v0, v5, (#128)
W/SignalStrength( 2571): getGsmLevel=4
W/SignalStrength( 2571): getLevel=4 (SignalStrength: 11 -1 -1 -1 -1 -1 -1 99 2147483647 2147483647 2147483647 -1 2147483647 gsm|lte 0x4)
I/dalvikvm( 5285): Could not find method android.webkit.WebView.setWebContentsDebuggingEnabled, referenced from method com.google.apps.dots.android.newsstand.NSDepend.setupInternal
W/dalvikvm( 5285): VFY: unable to resolve static method 7743: Landroid/webkit/WebView;.setWebContentsDebuggingEnabled (Z)V
D/dalvikvm( 5285): VFY: replacing opcode 0x71 at 0x00c8
I/dalvikvm( 5285): Could not find method android.accounts.AccountManager.getPreviousName, referenced from method com.google.apps.dots.android.newsstand.auth.AccountManagerDelegate.getPreviousName
W/dalvikvm( 5285): VFY: unable to resolve virtual method 7: Landroid/accounts/AccountManager;.getPreviousName (Landroid/accounts/Account;)Ljava/lang/String;
D/dalvikvm( 5285): VFY: replacing opcode 0x6e at 0x0002
I/dalvikvm( 5285): Could not find method android.graphics.Bitmap.getAllocationByteCount, referenced from method com.google.apps.dots.android.newsstand.bitmap.CachingBitmapPool.isGoodForMutableBitmapRequest
W/dalvikvm( 5285): VFY: unable to resolve virtual method 570: Landroid/graphics/Bitmap;.getAllocationByteCount ()I
D/dalvikvm( 5285): VFY: replacing opcode 0x6e at 0x0018
I/dalvikvm( 5285): Could not find method android.graphics.Bitmap.reconfigure, referenced from method com.google.apps.dots.android.newsstand.bitmap.CachingBitmapPool.reconfigureBitmap
W/dalvikvm( 5285): VFY: unable to resolve virtual method 577: Landroid/graphics/Bitmap;.reconfigure (IILandroid/graphics/Bitmap$Config;)V
D/dalvikvm( 5285): VFY: replacing opcode 0x6e at 0x0008
D/dalvikvm( 2383): GC_EXPLICIT freed 203K, 28% free 21512K/29576K, paused 15ms+9ms, total 177ms
I/NSApplication( 5285): Starting up...
I/dalvikvm( 5068): Total arena pages for JIT: 11
D/dalvikvm( 5068): Rejecting registerization due to and-int/lit16 v0, v5, (#128)
W/ContextImpl( 2383): Calling a method in the system process without a qualified user: android.app.ContextImpl.sendBroadcast:1361 com.android.server.am.ActivityManagerService.cleanUpApplicationRecordLocked:12456 com.android.server.am.ActivityManagerService.handleAppDiedLocked:3637 com.android.server.am.ActivityManagerService.appDiedLocked:3741 com.android.server.am.ActivityManagerService$AppDeathRecipient.binderDied:1001 
I/dalvikvm( 5068): Total arena pages for JIT: 12
D/dalvikvm( 5068): Rejecting registerization due to and-int/lit16 v0, v5, (#128)
I/PCWCLIENTTRACE_LOG( 5068): DEFAULT_LOGON : true
I/PCWCLIENTTRACE_LOG( 5068): DEFAULT_LOGLEVEL : 3
I/PCWCLIENTTRACE_PCWReceiver( 5068): mConnectivityHandler : connected
W/PCWCLIENTTRACE_AccountUtil( 5068): [hasSamungAccount] - No Samsung Account
I/PCWCLIENTTRACE_PushUtil( 5068): SPPPushClient is installed : true
I/PCWCLIENTTRACE_PushUtil( 5068): sales region : global
I/PCWCLIENTTRACE_PushUtil( 5068): getPushTypeList : [SPP, GCM]
E/PCWCLIENTTRACE_PCWHandler( 5068): [ensureRegistration] - No Samsung account
D/dalvikvm( 5068): Rejecting registerization due to move v5, v4, (#0)
D/dalvikvm( 5068): Rejecting registerization due to move v5, v4, (#0)
D/dalvikvm( 5068): Rejecting registerization due to mul-int/lit8 v5, v0, (#31)
D/dalvikvm( 5068): Rejecting registerization due to mul-int/lit8 v5, v0, (#31)
D/dalvikvm( 5068): Rejecting registerization due to mul-int/lit8 v4, v2, (#31)
D/dalvikvm( 1961): GC_EXPLICIT freed 44K, 26% free 4741K/6344K, paused 3ms+2ms, total 31ms
D/dalvikvm( 1961): GC_EXPLICIT freed <1K, 26% free 4742K/6344K, paused 3ms+2ms, total 17ms
D/dalvikvm( 1961): GC_EXPLICIT freed <1K, 26% free 4742K/6344K, paused 2ms+1ms, total 16ms
W/ContextImpl( 2383): Calling a method in the system process without a qualified user: android.app.ContextImpl.sendBroadcast:1361 com.android.server.am.ActivityManagerService.cleanUpApplicationRecordLocked:12456 com.android.server.am.ActivityManagerService.handleAppDiedLocked:3637 com.android.server.am.ActivityManagerService.appDiedLocked:3741 com.android.server.am.ActivityManagerService$AppDeathRecipient.binderDied:1001 
D/dalvikvm( 2383): GC_EXPLICIT freed 250K, 28% free 21520K/29576K, paused 8ms+7ms, total 170ms
W/ActivityThread( 5344): ClassLoader.loadClass: The class loader returned by Thread.getContextClassLoader() may fail for processes that host multiple applications. You should explicitly specify a context class loader. For example: Thread.setContextClassLoader(getClass().getClassLoader());
D/SensorManager( 2383): unregisterListener::  
D/MotionRecognitionService( 2383):   mReceiver.onReceive :CALL_ACTION_CHANGED, callAction = off
D/SensorService( 2383): SensorDevice::activating sensor handle=12 ns=20000000 
I/System.out( 2660): Broadcast completed: result=0
I/WAKELOCK_RELEASE( 2383): TIMESTAMP=85208343159, TAG=RILJ, TYPE=PARTIAL_WAKE_LOCK             , COUNT=0, PID=2660, UID=1001
D/GCM     ( 2803): GcmService start Intent { act=com.google.android.gms.INITIALIZE flg=0x10 pkg=com.google.android.gms cmp=com.google.android.gms/.gcm.GcmService } com.google.android.gms.INITIALIZE
W/ContextImpl( 2383): Calling a method in the system process without a qualified user: android.app.ContextImpl.sendBroadcast:1361 com.android.server.am.ActivityManagerService.cleanUpApplicationRecordLocked:12456 com.android.server.am.ActivityManagerService.handleAppDiedLocked:3637 com.android.server.am.ActivityManagerService.appDiedLocked:3741 com.android.server.am.ActivityManagerService$AppDeathRecipient.binderDied:1001 
W/ContextImpl( 2383): Calling a method in the system process without a qualified user: android.app.ContextImpl.sendBroadcast:1361 com.android.server.am.ActivityManagerService.cleanUpApplicationRecordLocked:12456 com.android.server.am.ActivityManagerService.handleAppDiedLocked:3637 com.android.server.am.ActivityManagerService.appDiedLocked:3741 com.android.server.am.ActivityManagerService$AppDeathRecipient.binderDied:1001 
D/CountryDetector( 2383): No listener is left
D/LocationInitializer( 3272): Restart initialization of location
D/AuthorizationBluetoothService( 2803): Received GmsCore event: Intent { act=com.google.android.gms.INITIALIZE flg=0x10 pkg=com.google.android.gms cmp=com.google.android.gms/.auth.be.proximity.authorization.bt.AuthorizationBluetoothService$AutoStarter }.
E/AuthorizationBluetoothService( 2803): Proximity feature is not enabled.
D/dalvikvm( 2686): GC_EXPLICIT freed 513K, 46% free 5231K/9640K, paused 4ms+5ms, total 35ms
I/dalvikvm( 5080): Total arena pages for JIT: 11
D/dalvikvm( 5080): Rejecting registerization due to and-int/lit16 v0, v5, (#128)
I/dalvikvm( 5080): Total arena pages for JIT: 12
D/dalvikvm( 5080): Rejecting registerization due to and-int/lit16 v0, v5, (#128)
D/dalvikvm( 4353): Rejecting registerization due to ushr-int/lit8 v4, v7, (#19)
D/dalvikvm( 4353): Rejecting registerization due to and-int/lit8 v0, v14, (#1)
I/WAKELOCK_RELEASE( 2383): TIMESTAMP=85403123146, TAG=*net_scheduler*, TYPE=PARTIAL_WAKE_LOCK             , COUNT=0, PID=2803, UID=10018
W/ResourceType( 5362): No package identifier when getting value for resource number 0x00000000
D/STATUSBAR-NetworkController( 2571): refreshSignalCluster: data=-1 bt=false
D/IconMerger( 2571): overflowShown = false
D/IconMerger( 2571): moreRequired = false
D/dalvikvm( 2383): GC_EXPLICIT freed 349K, 28% free 21526K/29576K, paused 6ms+7ms, total 151ms
I/{Metrica for Apps}:{Log}( 5362): Initializing of Metrica, Release type, Version 1.51, API Level 15, Dated 20.10.2014.
I/dalvikvm( 4925): Total arena pages for JIT: 11
I/dalvikvm( 4925): Total arena pages for JIT: 12
D/dalvikvm( 4925): Rejecting registerization due to and-int/lit16 v0, v5, (#128)
D/dalvikvm( 4925): Rejecting registerization due to and-int/lit16 v0, v5, (#128)
I/dalvikvm( 5010): Total arena pages for JIT: 11
D/dalvikvm( 5010): Rejecting registerization due to and-int/lit16 v0, v5, (#128)
I/dalvikvm( 5010): Total arena pages for JIT: 12
D/dalvikvm( 5010): Rejecting registerization due to and-int/lit16 v0, v5, (#128)
D/dalvikvm( 2383): GC_EXPLICIT freed 219K, 28% free 21503K/29576K, paused 9ms+7ms, total 157ms
D/CountryDetector( 2383): The first listener is added
D/dalvikvm( 2686): GC_EXPLICIT freed 474K, 46% free 5227K/9640K, paused 5ms+8ms, total 38ms
D/STATUSBAR-NetworkController( 2571): refreshSignalCluster: data=-1 bt=false
D/IconMerger( 2571): overflowShown = false
D/IconMerger( 2571): moreRequired = false
D/dalvikvm( 2660): Rejecting registerization due to +iget-object-quick v3, v6, (#8)
D/dalvikvm( 5272): Rejecting registerization due to mul-int/lit8 v4, v2, (#31)
D/BadgeProvider( 5413): onCreate
D/BadgeProvider( 5413): DatabaseHelper
D/dalvikvm( 2383): GC_EXPLICIT freed 158K, 28% free 21508K/29576K, paused 5ms+8ms, total 126ms
I/WAKELOCK_RELEASE( 2383): TIMESTAMP=87101420845, TAG=StartingAlertService, TYPE=PARTIAL_WAKE_LOCK             , COUNT=0, PID=5396, UID=10102
I/dalvikvm( 5431): Turning on JNI app bug workarounds for target SDK version 10...
W/ContextImpl( 2383): Calling a method in the system process without a qualified user: android.app.ContextImpl.sendBroadcast:1361 com.android.server.am.ActivityManagerService.cleanUpApplicationRecordLocked:12456 com.android.server.am.ActivityManagerService.handleAppDiedLocked:3637 com.android.server.am.ActivityManagerService.appDiedLocked:3741 com.android.server.am.ActivityManagerService$AppDeathRecipient.binderDied:1001 
D/FactoryTestApp( 5431): [FactoryTestBroadcastReceiver$onReceive] onReceive action=android.intent.action.SECPHONE_READY
I/FactoryTestApp( 5431): [FactoryTestBroadcastReceiver$onReceive] android.intent.action.SECPHONE_READY
W/ActivityThread( 5431): ClassLoader.getResources: The class loader returned by Thread.getContextClassLoader() may fail for processes that host multiple applications. You should explicitly specify a context class loader. For example: Thread.setContextClassLoader(getClass().getClassLoader());
D/dalvikvm( 3743): GC_CONCURRENT freed 4047K, 52% free 5219K/10864K, paused 2ms+2ms, total 20ms
D/dalvikvm( 3743): WAIT_FOR_CONCURRENT_GC blocked 10ms
W/FactoryTestApp( 5431): WARNNING: java.lang.NullPointerException
W/FactoryTestApp( 5431): WARNNING:     com.sec.factory.support.XMLDataStorage.getAttributeValueById(XMLDataStorage.java:217)
W/FactoryTestApp( 5431): WARNNING:     com.sec.factory.support.Support$Values.getBoolean(Support.java:1288)
W/FactoryTestApp( 5431): WARNNING:     com.sec.factory.support.Support$Values.getBoolean(Support.java:1281)
W/FactoryTestApp( 5431): WARNNING:     com.sec.factory.support.Support$Values.access$100(Support.java:1279)
W/FactoryTestApp( 5431): WARNNING:     com.sec.factory.support.Support$Feature.getBoolean(Support.java:159)
W/FactoryTestApp( 5431): WARNNING:     com.sec.factory.entry.FactoryTestBroadcastReceiver.onReceive(FactoryTestBroadcastReceiver.java:383)
W/FactoryTestApp( 5431): WARNNING:     android.app.ActivityThread.handleReceiver(ActivityThread.java:2441)
W/FactoryTestApp( 5431): WARNNING:     android.app.ActivityThread.access$1600(ActivityThread.java:150)
W/FactoryTestApp( 5431): WARNNING:     android.app.ActivityThread$H.handleMessage(ActivityThread.java:1356)
W/FactoryTestApp( 5431): WARNNING:     android.os.Handler.dispatchMessage(Handler.java:99)
W/FactoryTestApp( 5431): WARNNING:     android.os.Looper.loop(Looper.java:176)
W/FactoryTestApp( 5431): WARNNING:     android.app.ActivityThread.main(ActivityThread.java:5279)
W/FactoryTestApp( 5431): WARNNING:     java.lang.reflect.Method.invokeNative(Native Method)
W/FactoryTestApp( 5431): WARNNING:     java.lang.reflect.Method.invoke(Method.java:511)
W/FactoryTestApp( 5431): WARNNING:     com.android.internal.os.ZygoteInit$MethodAndArgsCaller.run(ZygoteInit.java:1102)
W/FactoryTestApp( 5431): WARNNING:     com.android.internal.os.ZygoteInit.main(ZygoteInit.java:869)
W/FactoryTestApp( 5431): WARNNING:     dalvik.system.NativeStart.main(Native Method)
V/TaskCloserActivity( 4983): TaskCloserActivity resetList mRunningItems.clear
V/TaskCloserActivity( 4983): TaskCloserActivity resetList runningAppsCount : 0
I/dalvikvm( 4983): Total arena pages for JIT: 11
I/dalvikvm( 4983): Total arena pages for JIT: 12
D/dalvikvm( 4983): Rejecting registerization due to and-int/lit16 v0, v5, (#128)
D/ProgramMonitor( 4983): Active Applications count = 0
D/dalvikvm( 4983): Rejecting registerization due to and-int/lit16 v0, v5, (#128)
W/ContextImpl( 2383): Calling a method in the system process without a qualified user: android.app.ContextImpl.sendBroadcast:1361 com.android.server.am.ActivityManagerService.cleanUpApplicationRecordLocked:12456 com.android.server.am.ActivityManagerService.handleAppDiedLocked:3637 com.android.server.am.ActivityManagerService.appDiedLocked:3741 com.android.server.am.ActivityManagerService$AppDeathRecipient.binderDied:1001 
V/TaskCloserActivity( 4983): TaskCloserActivity onReceive()
V/TaskCloserActivity( 4983): TaskCloserActivity onReceive()
W/ContextImpl( 2383): Calling a method in the system process without a qualified user: android.app.ContextImpl.sendBroadcast:1361 com.android.server.am.ActivityManagerService.cleanUpApplicationRecordLocked:12456 com.android.server.am.ActivityManagerService.handleAppDiedLocked:3637 com.android.server.am.ActivityManagerService.appDiedLocked:3741 com.android.server.am.ActivityManagerService$AppDeathRecipient.binderDied:1001 
D/GCM     ( 2803): GcmService start Intent { act=com.google.android.gms.INITIALIZE flg=0x10 pkg=com.google.android.gms cmp=com.google.android.gms/.gcm.GcmService } com.google.android.gms.INITIALIZE
W/ContextImpl( 2383): Calling a method in the system process without a qualified user: android.app.ContextImpl.sendBroadcast:1361 com.android.server.am.ActivityManagerService.cleanUpApplicationRecordLocked:12456 com.android.server.am.ActivityManagerService.handleAppDiedLocked:3637 com.android.server.am.ActivityManagerService.appDiedLocked:3741 com.android.server.am.ActivityManagerService$AppDeathRecipient.binderDied:1001 
W/ContextImpl( 2383): Calling a method in the system process without a qualified user: android.app.ContextImpl.sendBroadcast:1361 com.android.server.am.ActivityManagerService.cleanUpApplicationRecordLocked:12456 com.android.server.am.ActivityManagerService.handleAppDiedLocked:3637 com.android.server.am.ActivityManagerService.appDiedLocked:3741 com.android.server.am.ActivityManagerService$AppDeathRecipient.binderDied:1001 
D/LocationInitializer( 3272): Restart initialization of location
D/AuthorizationBluetoothService( 2803): Received GmsCore event: Intent { act=com.google.android.gms.INITIALIZE flg=0x10 pkg=com.google.android.gms cmp=com.google.android.gms/.auth.be.proximity.authorization.bt.AuthorizationBluetoothService$AutoStarter }.
E/AuthorizationBluetoothService( 2803): Proximity feature is not enabled.
I/WAKELOCK_RELEASE( 2383): TIMESTAMP=87411625755, TAG=RILJ, TYPE=PARTIAL_WAKE_LOCK             , COUNT=0, PID=2660, UID=1001
D/dalvikvm( 3823): Rejecting registerization due to move v5, v4, (#0)
D/dalvikvm( 3668): Rejecting registerization due to mul-int/lit8 v4, v2, (#31)
D/dalvikvm( 2383): GC_EXPLICIT freed 465K, 28% free 21528K/29576K, paused 5ms+8ms, total 123ms
D/dalvikvm( 2383): Rejecting registerization due to array-length v1, v2, (#0)
D/dalvikvm( 5447): Rejecting registerization due to move v5, v4, (#0)
D/dalvikvm( 5447): Rejecting registerization due to move v5, v4, (#0)
D/dalvikvm( 5447): Rejecting registerization due to mul-int/lit8 v5, v0, (#31)
D/dalvikvm( 5447): Rejecting registerization due to mul-int/lit8 v4, v2, (#31)
D/dalvikvm( 5447): Rejecting registerization due to mul-int/lit8 v5, v0, (#31)
D/dalvikvm( 5447): Rejecting registerization due to mul-int/lit8 v4, v2, (#31)
I/WAKELOCK_RELEASE( 2383): TIMESTAMP=87822334322, TAG=Wakeful StateMachine: GeofencerStateMachine, TYPE=PARTIAL_WAKE_LOCK             , COUNT=0, PID=2702, UID=10018
W/LicenseLogService( 2383): log() is called by non admin
D/dalvikvm( 5447): Rejecting registerization due to +iget-quick v10, v4, (#20)
W/LicenseLogService( 2383): log() is called by non admin
I/WAKELOCK_RELEASE( 2383): TIMESTAMP=87846785892, TAG=Wakeful StateMachine: GeofencerStateMachine, TYPE=PARTIAL_WAKE_LOCK             , COUNT=0, PID=2702, UID=10018
D/dalvikvm( 5447): Rejecting registerization due to +iget-quick v3, v5, (#20)
D/dalvikvm( 5447): Rejecting registerization due to +iget-quick v3, v5, (#20)
I/WAKELOCK_RELEASE( 2383): TIMESTAMP=87893097835, TAG=Wakeful StateMachine: GeofencerStateMachine, TYPE=PARTIAL_WAKE_LOCK             , COUNT=0, PID=2702, UID=10018
I/WAKELOCK_RELEASE( 2383): TIMESTAMP=87921122234, TAG=Wakeful StateMachine: GeofencerStateMachine, TYPE=PARTIAL_WAKE_LOCK             , COUNT=0, PID=2702, UID=10018
I/WAKELOCK_RELEASE( 2383): TIMESTAMP=87932603041, TAG=RILJ, TYPE=PARTIAL_WAKE_LOCK             , COUNT=0, PID=2660, UID=1001
I/WAKELOCK_RELEASE( 2383): TIMESTAMP=87953090030, TAG=RILJ, TYPE=PARTIAL_WAKE_LOCK             , COUNT=0, PID=2660, UID=1001
I/WAKELOCK_RELEASE( 2383): TIMESTAMP=87955657856, TAG=Wakeful StateMachine: GeofencerStateMachine, TYPE=PARTIAL_WAKE_LOCK             , COUNT=0, PID=2702, UID=10018
I/WAKELOCK_RELEASE( 2383): TIMESTAMP=87959782699, TAG=RILJ, TYPE=PARTIAL_WAKE_LOCK             , COUNT=0, PID=2660, UID=1001
I/WAKELOCK_RELEASE( 2383): TIMESTAMP=87968278267, TAG=RILJ, TYPE=PARTIAL_WAKE_LOCK             , COUNT=0, PID=2660, UID=1001
I/WAKELOCK_RELEASE( 2383): TIMESTAMP=87976594004, TAG=RILJ, TYPE=PARTIAL_WAKE_LOCK             , COUNT=0, PID=2660, UID=1001
I/WAKELOCK_RELEASE( 2383): TIMESTAMP=87984260972, TAG=RILJ, TYPE=PARTIAL_WAKE_LOCK             , COUNT=0, PID=2660, UID=1001
I/WAKELOCK_RELEASE( 2383): TIMESTAMP=87988117260, TAG=Wakeful StateMachine: GeofencerStateMachine, TYPE=PARTIAL_WAKE_LOCK             , COUNT=0, PID=2702, UID=10018
I/WAKELOCK_RELEASE( 2383): TIMESTAMP=87992920776, TAG=RILJ, TYPE=PARTIAL_WAKE_LOCK             , COUNT=0, PID=2660, UID=1001
D/dalvikvm( 2686): GC_EXPLICIT freed 470K, 46% free 5228K/9640K, paused 7ms+14ms, total 65ms
I/WAKELOCK_RELEASE( 2383): TIMESTAMP=88001784095, TAG=RILJ, TYPE=PARTIAL_WAKE_LOCK             , COUNT=0, PID=2660, UID=1001
I/WAKELOCK_RELEASE( 2383): TIMESTAMP=88017323706, TAG=Wakeful StateMachine: GeofencerStateMachine, TYPE=PARTIAL_WAKE_LOCK             , COUNT=0, PID=2702, UID=10018
D/dalvikvm( 2383): GC_EXPLICIT freed 442K, 28% free 21533K/29576K, paused 3ms+6ms, total 123ms
E/UpdateRequestReceiver( 5482): Received malformed URL while handling Gservices.CHANGED_ACTION
I/WAKELOCK_RELEASE( 2383): TIMESTAMP=88177323772, TAG=Wakeful StateMachine: GeofencerStateMachine, TYPE=PARTIAL_WAKE_LOCK             , COUNT=0, PID=2702, UID=10018
I/UpdateFetcherService( 5482): Update started
D/dalvikvm( 3668): Rejecting registerization due to mul-int/lit8 v4, v2, (#31)
W/SignalStrength( 2660): Size of signalstrength parcel:56
W/SignalStrength( 2660): Signal before validate=SignalStrength: 776 99 8 200 8 200 -1 -1 -1 -1 2147483647 -1 0 cdma 0x0
W/SignalStrength( 2660): Signal after validate=SignalStrength: 776 99 -8 -200 -8 -200 -1 99 2147483647 2147483647 2147483647 -1 2147483647 cdma 0x0
I/WAKELOCK_RELEASE( 2383): TIMESTAMP=88277214125, TAG=RILJ, TYPE=PARTIAL_WAKE_LOCK             , COUNT=0, PID=2660, UID=1001
W/SignalStrength( 2660): initialize: SignalStrength: 8 -1 -1 -1 -1 -1 -1 99 2147483647 2147483647 2147483647 -1 2147483647 gsm|lte 0x3
W/SignalStrength( 2383): Size of signalstrength parcel:172
W/SignalStrength( 2571): Size of signalstrength parcel:176
W/SignalStrength( 4353): Size of signalstrength parcel:176
D/dalvikvm( 3668): Rejecting registerization due to +iget-quick v3, v5, (#20)
W/SignalStrength( 2383): getGsmLevel=3
W/SignalStrength( 2383): getLevel=3 (SignalStrength: 8 -1 -1 -1 -1 -1 -1 99 2147483647 2147483647 2147483647 -1 2147483647 gsm|lte 0x3)
W/SignalStrength( 2571): getGsmLevel=3
W/SignalStrength( 2571): getLevel=3 (SignalStrength: 8 -1 -1 -1 -1 -1 -1 99 2147483647 2147483647 2147483647 -1 2147483647 gsm|lte 0x3)
W/SignalStrength( 2571): getGsmLevel=3
W/SignalStrength( 2571): getLevel=3 (SignalStrength: 8 -1 -1 -1 -1 -1 -1 99 2147483647 2147483647 2147483647 -1 2147483647 gsm|lte 0x3)
D/STATUSBAR-NetworkController( 2571): onSignalStrengthsChanged signalStrength=SignalStrength: 8 -1 -1 -1 -1 -1 -1 99 2147483647 2147483647 2147483647 -1 2147483647 gsm|lte 0x3 level=3
D/dalvikvm( 3668): Rejecting registerization due to +iget-quick v3, v5, (#20)
D/STATUSBAR-NetworkController( 2571): refreshSignalCluster: data=-1 bt=false
D/IconMerger( 2571): overflowShown = false
D/IconMerger( 2571): moreRequired = false
W/dalvikvm( 5502): VFY: unable to resolve static field 157 (CONTENT_URI) in Landroid/provider/ContactsContract$DeletedContacts;
D/dalvikvm( 5502): VFY: replacing opcode 0x62 at 0x001a
I/dalvikvm( 5502): Could not find method android.view.View.isInLayout, referenced from method com.google.android.shared.util.Util.assertNotInLayout
W/dalvikvm( 5502): VFY: unable to resolve virtual method 3641: Landroid/view/View;.isInLayout ()Z
D/dalvikvm( 5502): VFY: replacing opcode 0x6e at 0x0006
I/dalvikvm( 5502): Could not find method android.app.ActivityManager.isLowRamDevice, referenced from method com.google.android.shared.util.Util.isLowRamDevice
W/dalvikvm( 5502): VFY: unable to resolve virtual method 201: Landroid/app/ActivityManager;.isLowRamDevice ()Z
D/dalvikvm( 5502): VFY: replacing opcode 0x6e at 0x000f
I/DownloadManager( 2686): Initiating request for download id = 3488 with mAllowedNetworkTypes = -1 forP2Pbit = 8194
D/DownloadManager( 2686): GO TO PROXY
D/dalvikvm( 2686): Rejecting registerization due to +iget-quick v3, v5, (#20)
D/LocationManagerService( 2383): getProviders()=[passive, gps]
D/dalvikvm( 2686): Rejecting registerization due to +iget-quick v3, v5, (#20)
I/WAKELOCK_RELEASE( 2383): TIMESTAMP=88606166143, TAG=RILJ, TYPE=PARTIAL_WAKE_LOCK             , COUNT=0, PID=2660, UID=1001
I/dalvikvm( 5502): Could not find method android.app.AlarmManager.setExact, referenced from method com.google.android.search.core.util.AlarmHelper.setExact
W/dalvikvm( 5502): VFY: unable to resolve virtual method 208: Landroid/app/AlarmManager;.setExact (IJLandroid/app/PendingIntent;)V
D/dalvikvm( 5502): VFY: replacing opcode 0x6e at 0x0008
I/Search.GservicesUpdateTask( 5502): Updating Gservices keys
I/dalvikvm( 5502): Total arena pages for JIT: 11
D/dalvikvm( 5502): Rejecting registerization due to and-int/lit16 v0, v5, (#128)
I/dalvikvm( 5502): Total arena pages for JIT: 12
D/dalvikvm( 5502): Rejecting registerization due to and-int/lit16 v0, v5, (#128)
D/dalvikvm( 5502): Rejecting registerization due to mul-int/lit8 v4, v2, (#31)
D/dalvikvm( 5502): Rejecting registerization due to mul-int/lit8 v4, v2, (#31)
I/WAKELOCK_RELEASE( 2383): TIMESTAMP=88722636236, TAG=Checkin Handoff, TYPE=PARTIAL_WAKE_LOCK             , COUNT=0, PID=3272, UID=10018
W/LicenseLogService( 2383): log() is called by non admin
D/dalvikvm( 2686): Rejecting registerization due to +iget-object-quick v4, v6, (#8)
D/dalvikvm( 2686): Rejecting registerization due to +iget-object-quick v4, v6, (#8)
D/dalvikvm( 5502): Rejecting registerization due to +iget-object-quick v4, v3, (#8)
I/CheckinService( 3272): active receiver: disabled
W/LicenseLogService( 2383): log() is called by non admin
I/SystemUpdateService( 3272): receiver: Intent { act=com.google.gservices.intent.action.GSERVICES_CHANGED flg=0x10 cmp=com.google.android.gms/.update.SystemUpdateService$Receiver }
D/dalvikvm( 2686): Rejecting registerization due to +iget-object-quick v1, v3, (#12)
D/dalvikvm( 2686): Rejecting registerization due to +iget-object-quick v1, v3, (#12)
D/dalvikvm( 2686): Rejecting registerization due to +iget-object-quick v5, v7, (#8)
D/dalvikvm( 2686): Rejecting registerization due to +iget-object-quick v5, v7, (#8)
D/dalvikvm( 2686): Rejecting registerization due to +iget-object-quick v2, v3, (#8)
D/dalvikvm( 2686): Rejecting registerization due to +iget-object-quick v2, v3, (#8)
W/InputMethodManagerService( 2383): Found no subtypes in a system IME: com.sec.android.inputmethod
W/ContextImpl( 2383): Calling a method in the system process without a qualified user: android.app.ContextImpl.sendBroadcast:1361 com.absolute.android.persistservice.ABTPersistenceService$1.run:924 java.lang.Thread.run:856 <bottom of call stack> <bottom of call stack> 
D/dalvikvm( 2383): GC_EXPLICIT freed 404K, 27% free 21634K/29576K, paused 4ms+8ms, total 132ms
D/GCM     ( 2803): GcmService start Intent { act=com.google.gservices.intent.action.GSERVICES_CHANGED flg=0x10 cmp=com.google.android.gms/.gcm.GcmService } com.google.gservices.intent.action.GSERVICES_CHANGED
V/DownloadManager( 2686): MIME Type = text/plain
D/SystemUpdateService( 3272): onCreate
D/SystemUpdateService( 3272): onStartCommand: intent: Intent { cmp=com.google.android.gms/.update.SystemUpdateService (has extras) }
D/dalvikvm( 5502): Rejecting registerization due to mul-int/lit8 v5, v0, (#31)
D/dalvikvm( 5502): Rejecting registerization due to mul-int/lit8 v5, v0, (#31)
D/dalvikvm( 2686): Rejecting registerization due to +iget-quick v2, v4, (#20)
I/WAKELOCK_RELEASE( 2383): TIMESTAMP=88988651919, TAG=Checkin Service, TYPE=PARTIAL_WAKE_LOCK             , COUNT=0, PID=3272, UID=10018
I/Search.RefreshSearchDomainAndCookiesTask( 5502): refreshing search domain
I/SystemUpdateService( 3272): cancelUpdate (empty URL)
I/SystemUpdateService( 3272): active receiver: disabled
W/LicenseLogService( 2383): log() is called by non admin
D/dalvikvm( 5502): Rejecting registerization due to +iget-quick v3, v5, (#20)
D/dalvikvm( 5502): Rejecting registerization due to +iget-quick v3, v5, (#20)
D/dalvikvm( 2803): Rejecting registerization due to +iget-object-quick v1, v3, (#16)
I/GCM     ( 2803): GCM config loaded
I/WAKELOCK_RELEASE( 2383): TIMESTAMP=89050413712, TAG=DownloadManager, TYPE=PARTIAL_WAKE_LOCK             , COUNT=0, PID=2686, UID=10027
D/dalvikvm( 3272): Rejecting registerization due to +iget-object-quick v4, v7, (#16)
I/WAKELOCK_RELEASE( 2383): TIMESTAMP=89100489823, TAG=Icing, TYPE=PARTIAL_WAKE_LOCK             , COUNT=0, PID=3272, UID=10018
D/dalvikvm( 5502): Rejecting registerization due to array-length v3, v5, (#0)
D/dalvikvm( 5502): Rejecting registerization due to array-length v3, v5, (#0)
D/dalvikvm( 5502): Rejecting registerization due to move v5, v4, (#0)
D/dalvikvm( 5502): Rejecting registerization due to move v5, v4, (#0)
I/WAKELOCK_RELEASE( 2383): TIMESTAMP=89135009354, TAG=SystemUpdateService, TYPE=PARTIAL_WAKE_LOCK             , COUNT=0, PID=3272, UID=10018
D/SystemUpdateService( 3272): onDestroy
D/dalvikvm( 5502): Rejecting registerization due to +iget-object-quick v4, v10, (#8)
D/dalvikvm( 5502): Rejecting registerization due to +iget-object-quick v4, v10, (#8)
D/SystemEventReceiver( 3272): Received GSERVICES_CHANGED broadcast
D/dalvikvm( 5502): Rejecting registerization due to +iget-object-quick v2, v1, (#16)
I/OcrUtils( 3272): Updating ocr activity enabled=false
W/LicenseLogService( 2383): log() is called by non admin
I/GCoreUlr( 2702): Starting service, intent=Intent { act=com.google.android.location.reporting.ACTION_UPDATE_WORLD cmp=com.google.android.gms/com.google.android.location.reporting.service.DispatchingService (has extras) }, extras=Bundle[{receiverAction=com.google.gservices.intent.action.GSERVICES_CHANGED}]
I/dalvikvm( 5285): Total arena pages for JIT: 11
V/AlarmManager( 2383): ClockReceiver onReceive() ACTION_TIME_TICK
I/dalvikvm( 5285): Total arena pages for JIT: 12
D/dalvikvm( 5285): Rejecting registerization due to and-int/lit16 v0, v5, (#128)
I/GAV4    ( 5285): Thread[GAThread,5,main]: No campaign data found.
I/GCoreUlr( 2702): WorldUpdater received intent Intent { act=com.google.android.location.reporting.ACTION_UPDATE_WORLD cmp=com.google.android.gms/com.google.android.location.reporting.service.DispatchingService (has extras) } with receiverAction com.google.gservices.intent.action.GSERVICES_CHANGED
D/dalvikvm( 5285): Rejecting registerization due to and-int/lit16 v0, v5, (#128)
D/dalvikvm( 5502): Rejecting registerization due to +iget-quick v1, v4, (#44)
D/dalvikvm( 5502): Rejecting registerization due to array-length v5, v3, (#0)
D/dalvikvm( 5502): Rejecting registerization due to ushr-int/lit8 v2, v4, (#1)
D/dalvikvm( 5502): Rejecting registerization due to +iget-object-quick v5, v10, (#8)
E/Watchdog( 2383): !@Sync 2
D/dalvikvm( 5502): Rejecting registerization due to ushr-int/lit8 v4, v7, (#19)
D/dalvikvm( 5502): Rejecting registerization due to +iget-object-quick v1, v4, (#8)
D/dalvikvm( 5502): Rejecting registerization due to mul-int/lit8 v3, v0, (#8)
D/IconMerger( 2571): overflowShown = false
D/IconMerger( 2571): moreRequired = false
I/elm     ( 4039): MainReceiver.onReceive() : com.sec.esdk.elm.service.ACTIVATION_DEACTIVATION_RETRY_INTENT
D/dalvikvm( 2803): Rejecting registerization due to sget-object v4, (#1249), (#0)
I/elm     ( 4039): MainReceiver : Receive ACTIVATION_DEACTIVATION_RETRY Intent
I/elm     ( 4039): MainReceiver.onReceive() END - - - - - : com.sec.esdk.elm.service.ACTIVATION_DEACTIVATION_RETRY_INTENT
D/elm     ( 4039): ElmAgentService : onStartCommand()
D/elm     ( 4039): ElmAgentService : onStartCommand() : intent is not null
D/dalvikvm( 2803): GC_EXPLICIT freed 562K, 33% free 5946K/8852K, paused 1ms+3ms, total 32ms
D/GCM     ( 2803): GcmService start Intent { act=com.google.android.checkin.CHECKIN_COMPLETE flg=0x10 cmp=com.google.android.gms/.gcm.GcmService (has extras) } com.google.android.checkin.CHECKIN_COMPLETE
I/GCM     ( 2803): GCM config loaded
D/dalvikvm( 5502): Rejecting registerization due to array-length v3, v5, (#0)
D/dalvikvm( 5502): Rejecting registerization due to +iget-object-quick v4, v7, (#16)
D/dalvikvm( 5502): Rejecting registerization due to array-length v3, v5, (#0)
D/dalvikvm( 1961): GC_EXPLICIT freed 43K, 26% free 4741K/6344K, paused 2ms+2ms, total 31ms
I/GCoreUlr( 2702): No GCM registration ID
D/SyncManager( 2383): setIsSyncable:  provider com.google.android.location.reporting, user 0 -> 1
D/dalvikvm( 1961): GC_EXPLICIT freed <1K, 26% free 4742K/6344K, paused 2ms+5ms, total 23ms
D/dalvikvm( 5502): Rejecting registerization due to shr-int/lit8 v0, v0, (#7)
D/dalvikvm( 1961): GC_EXPLICIT freed <1K, 26% free 4742K/6344K, paused 1ms+2ms, total 19ms
D/dalvikvm( 5502): Rejecting registerization due to move v6, v7, (#0)
D/dalvikvm( 5502): Rejecting registerization due to move v6, v7, (#0)
D/[FileShare][Server]( 5551): ServerBroadcastReceiver : onReceive: android.intent.action.PACKAGE_CHANGED // package:com.google.android.gms
D/FactoryTestApp( 5431): [FactoryTestBroadcastReceiver$onReceive] onReceive action=android.intent.action.PACKAGE_CHANGED
D/FactoryTestApp( 5431): [XMLDataStorage$parseXML] is Live Demo : false
D/FactoryTestApp( 5431): [XMLDataStorage$parseXML] modelXML=gt-p5200.dat
D/FactoryTestApp( 5431): [XMLDataStorage$parseXML] deviceXML=santos103g.dat
D/FactoryTestApp( 5431): [XMLDataStorage$parseXML] nameXML=santos103gxx.dat
I/FactoryTestApp( 5431): [XMLDataStorage$parseAsset] Convert dat file: gt-p5200.dat
I/GCoreUlr( 2702): Ensuring that reporting is stopped because of reasons: {account#-13#=[InactiveReason{mVersionCode=0, mIdentifier=6, mName='ReportingNotSelected'}]}
D/FactoryTestApp( 5431): [XMLDataStorage$parseAsset] Decode base file: factory.dat
D/dalvikvm( 5502): Rejecting registerization due to and-int/lit16 v2, v2, (#255)
D/dalvikvm( 5502): Rejecting registerization due to and-int/lit16 v2, v2, (#255)
D/dalvikvm( 2383): GC_EXPLICIT freed 684K, 28% free 21585K/29576K, paused 6ms+7ms, total 131ms
D/GCoreFlp( 2702): Unknown pending intent to remove.
I/GCoreUlr( 2702): Unbound from all location providers
I/WAKELOCK_RELEASE( 2383): TIMESTAMP=89736157215, TAG=GCoreFlp, TYPE=PARTIAL_WAKE_LOCK             , COUNT=0, PID=2702, UID=10018
D/dalvikvm( 5502): Rejecting registerization due to +iget-object-quick v5, v10, (#8)
I/WAKELOCK_RELEASE( 2383): TIMESTAMP=89758883462, TAG=UlrDispatchingService, TYPE=PARTIAL_WAKE_LOCK             , COUNT=0, PID=2702, UID=10018
D/dalvikvm( 5502): Rejecting registerization due to ushr-int/lit8 v2, v4, (#1)
D/FactoryTestApp( 5431): [XMLDataStorage$redefinitionById] id=FACTORY_TEST_APP
D/FactoryTestApp( 5431): [XMLDataStorage$redefinitionById] id=FACTORY_TEST_COMMAND
D/FactoryTestApp( 5431): [XMLDataStorage$redefinitionById] id=MODEL_NAME
D/FactoryTestApp( 5431): [XMLDataStorage$redefinitionById] id=MODEL_NUMBER
D/FactoryTestApp( 5431): [XMLDataStorage$redefinitionById] id=MODEL_HARDWARE_REVISION
D/FactoryTestApp( 5431): [XMLDataStorage$redefinitionById] id=MODEL_COMMUNICATION_MODE
D/FactoryTestApp( 5431): [XMLDataStorage$redefinitionById] id=CHIPSET_MANUFACTURE
D/FactoryTestApp( 5431): [XMLDataStorage$redefinitionById] id=CHIPSET_CP_MANUFACTURE
D/FactoryTestApp( 5431): [XMLDataStorage$redefinitionById] id=CHIPSET_NAME
D/FactoryTestApp( 5431): [XMLDataStorage$redefinitionById] id=CHIPSET_NAME_CP
D/FactoryTestApp( 5431): [XMLDataStorage$redefinitionById] id=DEVICE_TYPE
D/FactoryTestApp( 5431): [XMLDataStorage$redefinitionById] id=PANEL_TYPE
D/FactoryTestApp( 5431): [XMLDataStorage$redefinitionById] id=SENSOR_NAME_ACCELEROMETER
D/FactoryTestApp( 5431): [XMLDataStorage$redefinitionById] id=SENSOR_NAME_MAGNETIC
D/FactoryTestApp( 5431): [XMLDataStorage$redefinitionById] id=SENSOR_NAME_GYROSCOPE
D/FactoryTestApp( 5431): [XMLDataStorage$redefinitionById] id=REAR_CAMERA_TYPE
D/FactoryTestApp( 5431): [XMLDataStorage$redefinitionById] id=FRONT_CAMERA_TYPE
D/FactoryTestApp( 5431): [XMLDataStorage$redefinitionById] id=SPEAKER_COUNT
D/FactoryTestApp( 5431): [XMLDataStorage$redefinitionById] id=MIC_COUNT
D/FactoryTestApp( 5431): [XMLDataStorage$redefinitionById] id=SUPPORT_VIBRATOR
D/FactoryTestApp( 5431): [XMLDataStorage$redefinitionById] id=SUPPORT_LTE
D/FactoryTestApp( 5431): [XMLDataStorage$redefinitionById] id=SUPPORT_FRONT_CAMERA
D/FactoryTestApp( 5431): [XMLDataStorage$redefinitionById] id=SUPPORT_RCV
D/FactoryTestApp( 5431): [XMLDataStorage$redefinitionById] id=FACTORY_TEST_APO
D/FactoryTestApp( 5431): [XMLDataStorage$redefinitionById] id=SUPPORT_BOOST_MEDIASCAN
D/FactoryTestApp( 5431): [XMLDataStorage$redefinitionById] id=GRIPSENSOR_TYPE
D/FactoryTestApp( 5431): [XMLDataStorage$redefinitionById] id=SUPPORT_IRLED_FEEDBACK_IC
D/FactoryTestApp( 5431): [XMLDataStorage$redefinitionById] id=SUPPORT_BOOK_COVER
D/FactoryTestApp( 5431): [XMLDataStorage$redefinitionById] id=MULTI_TSK_THD
D/FactoryTestApp( 5431): [XMLDataStorage$redefinitionById] id=SUPPORT_SYSFS_GEO_GYRO
D/FactoryTestApp( 5431): [XMLDataStorage$redefinitionById] id=CAL_AP_TEMP
D/FactoryTestApp( 5431): [XMLDataStorage$redefinitionById] id=SUBKEY_SIX_KEY
D/FactoryTestApp( 5431): [XMLDataStorage$redefinitionById] id=KEY_TEST_VOLUME_UP
D/FactoryTestApp( 5431): [XMLDataStorage$redefinitionById] id=KEY_TEST_VOLUME_DOWN
D/FactoryTestApp( 5431): [XMLDataStorage$redefinitionById] id=KEY_TEST_POWER
D/FactoryTestApp( 5431): [XMLDataStorage$redefinitionById] id=KEY_TEST_MENU
D/FactoryTestApp( 5431): [XMLDataStorage$redefinitionById] id=KEY_TEST_HOME
D/FactoryTestApp( 5431): [XMLDataStorage$redefinitionById] id=KEY_TEST_BACK
D/FactoryTestApp( 5431): [XMLDataStorage$redefinitionById] id=KEY_TEST_SEARCH
D/FactoryTestApp( 5431): [XMLDataStorage$redefinitionById] id=KEY_TEST_FOCUS
D/FactoryTestApp( 5431): [XMLDataStorage$redefinitionById] id=KEY_TEST_CAMERA
D/dalvikvm( 2686): GC_EXPLICIT freed 672K, 45% free 5311K/9640K, paused 2ms+5ms, total 29ms
D/FactoryTestApp( 5431): [XMLDataStorage$redefinitionById] id=KEY_TEST_F1
D/FactoryTestApp( 5431): [XMLDataStorage$redefinitionById] id=KEY_TEST_HIDDEN_1
D/dalvikvm( 5502): Rejecting registerization due to +iget-object-quick v6, v14, (#12)
D/dalvikvm( 5502): Rejecting registerization due to +iget-object-quick v6, v14, (#12)
D/FactoryTestApp( 5431): [XMLDataStorage$redefinitionById] id=KEY_TEST_HIDDEN_2
D/FactoryTestApp( 5431): [XMLDataStorage$redefinitionById] id=KEY_TEST_HIDDEN_3
D/FactoryTestApp( 5431): [XMLDataStorage$redefinitionById] id=KEY_TEST_HIDDEN_4
D/FactoryTestApp( 5431): [XMLDataStorage$redefinitionById] id=KEY_TEST_VIEW_TABLE
D/FactoryTestApp( 5431): [XMLDataStorage$redefinitionById] id=KEY_TEST_TOUCH_KEY_ODER_HIDDEN
D/FactoryTestApp( 5431): [XMLDataStorage$redefinitionById] id=IS_DUMMYKEY_SAME_KEYCODE
D/FactoryTestApp( 5431): [XMLDataStorage$redefinitionById] id=IS_SENSOR_TEST_ACC_REVERSE
D/FactoryTestApp( 5431): [XMLDataStorage$redefinitionById] id=SENSOR_TEST_ACC_BIT
D/FactoryTestApp( 5431): [XMLDataStorage$redefinitionById] id=IS_PROXIMITY_TEST_MOTOR_FEEDBACK
D/FactoryTestApp( 5431): [XMLDataStorage$redefinitionById] id=IS_IRLED_TEST_SPLIT_COMMAND
D/FactoryTestApp( 5431): [XMLDataStorage$redefinitionById] id=AT_GPSSTEST
D/FactoryTestApp( 5431): [XMLDataStorage$redefinitionById] id=HALL_IC_TEST
D/FactoryTestApp( 5431): [XMLDataStorage$redefinitionById] id=GRIPSENSOR_CAL_SUPPORT
D/FactoryTestApp( 5431): [XMLDataStorage$redefinitionById] id=SYS_INFO_BG_COLOR
D/FactoryTestApp( 5431): [XMLDataStorage$redefinitionById] id=SYS_INFO_BATTERY_LEVEL
D/FactoryTestApp( 5431): [XMLDataStorage$redefinitionById] id=SYS_INFO_MEMORY_SIZE
D/FactoryTestApp( 5431): [XMLDataStorage$redefinitionById] id=TSP_NODE_COUNT_WIDTH
D/FactoryTestApp( 5431): [XMLDataStorage$redefinitionById] id=TSP_NODE_COUNT_HEIGHT
D/FactoryTestApp( 5431): [XMLDataStorage$redefinitionById] id=TOUCH_KEY_SPEC_MAX
D/FactoryTestApp( 5431): [XMLDataStorage$redefinitionById] id=TOUCH_KEY_SPEC_MIN
D/FactoryTestApp( 5431): [XMLDataStorage$redefinitionById] id=TSP_CONNECTION_MIN
D/FactoryTestApp( 5431): [XMLDataStorage$redefinitionById] id=TSP_SELFTEST_MIN_ATMEL
D/FactoryTestApp( 5431): [XMLDataStorage$redefinitionById] id=TSP_SELFTEST_MAX_ATMEL
D/FactoryTestApp( 5431): [XMLDataStorage$redefinitionById] id=TOUCH_HIDDEN_KEY1_SPEC_MAX
D/FactoryTestApp( 5431): [XMLDataStorage$redefinitionById] id=TOUCH_HIDDEN_KEY2_SPEC_MAX
D/FactoryTestApp( 5431): [XMLDataStorage$redefinitionById] id=TOUCH_HIDDEN_KEY3_SPEC_MAX
D/dalvikvm( 5502): Rejecting registerization due to +iget-quick v2, v4, (#20)
D/FactoryTestApp( 5431): [XMLDataStorage$redefinitionById] id=TOUCH_HIDDEN_KEY4_SPEC_MAX
D/FactoryTestApp( 5431): [XMLDataStorage$redefinitionById] id=TOUCH_HIDDEN_KEY1_SPEC_MIN
D/FactoryTestApp( 5431): [XMLDataStorage$redefinitionById] id=TOUCH_HIDDEN_KEY2_SPEC_MIN
D/FactoryTestApp( 5431): [XMLDataStorage$redefinitionById] id=TOUCH_HIDDEN_KEY3_SPEC_MIN
D/FactoryTestApp( 5431): [XMLDataStorage$redefinitionById] id=TOUCH_HIDDEN_KEY4_SPEC_MIN
D/FactoryTestApp( 5431): [XMLDataStorage$redefinitionById] id=PHONE_VERSION
D/FactoryTestApp( 5431): [XMLDataStorage$redefinitionById] id=MAIN_CHIP_NAME_AP
D/FactoryTestApp( 5431): [XMLDataStorage$redefinitionById] id=BATTERY_TEST_MODE
D/FactoryTestApp( 5431): [XMLDataStorage$redefinitionById] id=BATTERY_VOLT_AVER
D/FactoryTestApp( 5431): [XMLDataStorage$redefinitionById] id=BATTERY_VF_OCV
D/FactoryTestApp( 5431): [XMLDataStorage$redefinitionById] id=APCHIP_TEMP_ADC
D/FactoryTestApp( 5431): [XMLDataStorage$redefinitionById] id=CAMERA_REAR_FW_VER
D/FactoryTestApp( 5431): [XMLDataStorage$redefinitionById] id=CAMERA_FRONT_FW_VER
D/FactoryTestApp( 5431): [XMLDataStorage$redefinitionById] id=PATH_HALLIC_STATE
D/FactoryTestApp( 5431): [XMLDataStorage$redefinitionById] id=KEY_PRESSED_POWER
D/FactoryTestApp( 5431): [XMLDataStorage$redefinitionById] id=OTG_MUIC_SET
I/WAKELOCK_RELEASE( 2383): TIMESTAMP=90244700013, TAG=*net_scheduler*, TYPE=PARTIAL_WAKE_LOCK             , COUNT=0, PID=2803, UID=10018
D/FactoryTestApp( 5431): [XMLDataStorage$redefinitionById] id=TOUCH_KEY_SENSITIVITY_HIDDEN3
I/GLSUser ( 2803): [GLSUser]  extracting token using key:Auth
W/GLSUser ( 2803): [GLSUser] [GLSUser]  Permission for com.google.android.googlequicksearchbox to access mobilepersonalfeeds will be managed locally.
D/dalvikvm( 5431): GC_CONCURRENT freed 3390K, 49% free 5337K/10284K, paused 3ms+2ms, total 26ms
D/dalvikvm( 2383): GC_EXPLICIT freed 211K, 28% free 21570K/29576K, paused 4ms+20ms, total 182ms
I/ThermalZone( 2383): TEMP 52000 newMaxSensorState 0
W/ContextImpl( 2383): Calling a method in the system process without a qualified user: android.app.ContextImpl.sendBroadcast:1361 com.android.server.am.ActivityManagerService.cleanUpApplicationRecordLocked:12456 com.android.server.am.ActivityManagerService.handleAppDiedLocked:3637 com.android.server.am.ActivityManagerService.appDiedLocked:3741 com.android.server.am.ActivityManagerService$AppDeathRecipient.binderDied:1001 
D/dalvikvm( 5502): Rejecting registerization due to and-int/lit16 v3, v3, (#255)
I/dalvikvm( 5565): Could not find method android.sec.multiwindow.MultiWindow.createInstance, referenced from method com.sec.android.gallery3d.util.GalleryUtils.getScreenSize
W/dalvikvm( 5565): VFY: unable to resolve static method 1354: Landroid/sec/multiwindow/MultiWindow;.createInstance (Landroid/app/Activity;)Landroid/sec/multiwindow/MultiWindow;
D/dalvikvm( 5565): VFY: replacing opcode 0x71 at 0x001a
I/dalvikvm( 5565): Could not find method android.sec.multiwindow.MultiWindow.createInstance, referenced from method com.sec.android.gallery3d.util.GalleryUtils.setMultiWindow
W/dalvikvm( 5565): VFY: unable to resolve static method 1354: Landroid/sec/multiwindow/MultiWindow;.createInstance (Landroid/app/Activity;)Landroid/sec/multiwindow/MultiWindow;
D/dalvikvm( 5565): VFY: replacing opcode 0x71 at 0x001a
W/System.err( 5565): android.content.pm.PackageManager$NameNotFoundException: com.skp.tcloud.agent
W/System.err( 5565): 	at android.app.ApplicationPackageManager.getPackageInfo(ApplicationPackageManager.java:102)
W/System.err( 5565): 	at com.sec.android.gallery3d.tCloud.TCloudRefer.isTCloudAgentExist(TCloudRefer.java:39)
W/System.err( 5565): 	at com.sec.android.gallery3d.util.GalleryFeature.checkUseTCloud(GalleryFeature.java:881)
W/System.err( 5565): 	at com.sec.android.gallery3d.util.GalleryFeature.init(GalleryFeature.java:287)
W/System.err( 5565): 	at com.sec.android.gallery3d.app.GalleryAppImpl.getDataManager(GalleryAppImpl.java:203)
W/System.err( 5565): 	at com.sec.android.gallery3d.provider.GalleryProvider.onCreate(GalleryProvider.java:124)
W/System.err( 5565): 	at android.content.ContentProvider.attachInfo(ContentProvider.java:1058)
W/System.err( 5565): 	at android.app.ActivityThread.installProvider(ActivityThread.java:4981)
W/System.err( 5565): 	at android.app.ActivityThread.installContentProviders(ActivityThread.java:4593)
W/System.err( 5565): 	at android.app.ActivityThread.handleBindApplication(ActivityThread.java:4533)
W/System.err( 5565): 	at android.app.ActivityThread.access$1400(ActivityThread.java:150)
W/System.err( 5565): 	at android.app.ActivityThread$H.handleMessage(ActivityThread.java:1340)
W/System.err( 5565): 	at android.os.Handler.dispatchMessage(Handler.java:99)
W/System.err( 5565): 	at android.os.Looper.loop(Looper.java:176)
W/System.err( 5565): 	at android.app.ActivityThread.main(ActivityThread.java:5279)
W/System.err( 5565): 	at java.lang.reflect.Method.invokeNative(Native Method)
W/System.err( 5565): 	at java.lang.reflect.Method.invoke(Method.java:511)
W/System.err( 5565): 	at com.android.internal.os.ZygoteInit$MethodAndArgsCaller.run(ZygoteInit.java:1102)
W/System.err( 5565): 	at com.android.internal.os.ZygoteInit.main(ZygoteInit.java:869)
W/System.err( 5565): 	at dalvik.system.NativeStart.main(Native Method)
D/NearbySource( 5565): Nearby Source Create!
I/dalvikvm( 5103): Total arena pages for JIT: 11
D/dalvikvm( 5103): Rejecting registerization due to and-int/lit16 v0, v5, (#128)
D/NearbyContext( 5565): Nearby Context Create!
I/dalvikvm( 5103): Total arena pages for JIT: 12
D/dalvikvm( 5103): Rejecting registerization due to and-int/lit16 v0, v5, (#128)
D/dalvikvm( 5565): No JNI_OnLoad found in /system/lib/libXIVGallery2013.so 0x420de1c0, skipping init
D/ContactProvider( 5565): getAllContactInfoList Start
D/dalvikvm( 2383): GC_EXPLICIT freed 260K, 28% free 21564K/29576K, paused 5ms+6ms, total 123ms
W/ContextImpl( 2383): Calling a method in the system process without a qualified user: android.app.ContextImpl.sendBroadcast:1361 com.android.server.am.ActivityManagerService.cleanUpApplicationRecordLocked:12456 com.android.server.am.ActivityManagerService.handleAppDiedLocked:3637 com.android.server.am.ActivityManagerService.appDiedLocked:3741 com.android.server.am.ActivityManagerService$AppDeathRecipient.binderDied:1001 
V/GelStubAppWatcher( 5502): onReceive: android.intent.action.PACKAGE_CHANGED
I/Icing.InternalIcingCorporaProvider( 5502): Updating corpora: A: com.google.android.gms, C: MAYBE
I/dalvikvm( 5224): Total arena pages for JIT: 11
I/dalvikvm( 5224): Total arena pages for JIT: 12
D/dalvikvm( 5224): Rejecting registerization due to and-int/lit16 v0, v5, (#128)
D/dalvikvm( 5224): Rejecting registerization due to and-int/lit16 v0, v5, (#128)
D/dalvikvm( 2686): Rejecting registerization due to div-int/lit8 v0, v3, (#2)
I/person  ( 5565): thread: 443, name = 
I/person  ( 5565): thread: 443, id = 
I/person  ( 5565): thread: 443, key = 
W/ContextImpl( 2383): Calling a method in the system process without a qualified user: android.app.ContextImpl.sendBroadcast:1361 com.android.server.am.ActivityManagerService.cleanUpApplicationRecordLocked:12456 com.android.server.am.ActivityManagerService.handleAppDiedLocked:3637 com.android.server.am.ActivityManagerService.appDiedLocked:3741 com.android.server.am.ActivityManagerService$AppDeathRecipient.binderDied:1001 
