D/IconMerger( 2578): overflowShown = false
D/IconMerger( 2578): moreRequired = false
I/WAKELOCK_RELEASE( 2387): TIMESTAMP=693363807663786, TAG=RILJ, TYPE=PARTIAL_WAKE_LOCK             , COUNT=0, PID=2706, UID=1001
D/STATUSBAR-NetworkController( 2578): refreshSignalCluster: data=-1 bt=false
D/IconMerger( 2578): overflowShown = false
D/IconMerger( 2578): moreRequired = false
D/STATUSBAR-NetworkController( 2578): refreshSignalCluster: data=-1 bt=false
D/IconMerger( 2578): overflowShown = false
D/IconMerger( 2578): moreRequired = false
D/BatteryService( 2387): update start
D/BatteryService( 2387): level:19, scale:100, status:3, health:2, present:true, voltage: 3642, temperature: 359, technology: Li-ion, AC powered:false, USB powered:false, Wireless powered:false, icon:17303346, invalid charger:0, online:1, charge type:0, current avg:-793
D/BatteryService( 2387): Sending ACTION_BATTERY_CHANGED.
D/STATUSBAR-BatteryController( 2578): onReceive() - ACTION_BATTERY_CHANGED
D/STATUSBAR-BatteryController( 2578): onReceive() - BATTERY_STATUS_DISCHARGING: tw_stat_sys_battery
D/STATUSBAR-PhoneStatusBar( 2578):  mBrightnessEnablebySettings = true mBrightnessEnablebyBattery = true mBrightnessEnablebyDisableFlag = true
D/STATUSBAR-NetworkController( 2578): refreshSignalCluster: data=-1 bt=false
D/IconMerger( 2578): overflowShown = false
D/IconMerger( 2578): moreRequired = false
I/ActivityManager( 2387): Process android.process.media (pid 21307) (adj 11) has died.
W/ContextImpl( 2387): Calling a method in the system process without a qualified user: android.app.ContextImpl.sendBroadcast:1361 com.android.server.am.ActivityManagerService.cleanUpApplicationRecordLocked:12456 com.android.server.am.ActivityManagerService.handleAppDiedLocked:3637 com.android.server.am.ActivityManagerService.appDiedLocked:3741 com.android.server.am.ActivityManagerService$AppDeathRecipient.binderDied:1001 
I/ActivityManager( 2387): Process com.google.android.gms (pid 21286) (adj 9) has died.
W/ContextImpl( 2387): Calling a method in the system process without a qualified user: android.app.ContextImpl.sendBroadcast:1361 com.android.server.am.ActivityManagerService.cleanUpApplicationRecordLocked:12456 com.android.server.am.ActivityManagerService.handleAppDiedLocked:3637 com.android.server.am.ActivityManagerService.appDiedLocked:3741 com.android.server.am.ActivityManagerService$AppDeathRecipient.binderDied:1001 
D/STATUSBAR-NetworkController( 2578): refreshSignalCluster: data=-1 bt=false
D/IconMerger( 2578): overflowShown = false
D/IconMerger( 2578): moreRequired = false
V/AlarmManager( 2387): waitForAlarm result :1
V/AlarmManager( 2387): trigger ELAPSED_REALTIME_WAKEUP or RTC_WAKEUP
I/WAKELOCK_RELEASE( 2387): TIMESTAMP=693372148673935, TAG=AlarmManager, TYPE=PARTIAL_WAKE_LOCK             , COUNT=0, PID=2387, UID=1000
D/STATUSBAR-NetworkController( 2578): refreshSignalCluster: data=-1 bt=false
D/IconMerger( 2578): overflowShown = false
D/IconMerger( 2578): moreRequired = false
W/ActivityManager( 2387): Permission denied: checkComponentPermission() owningUid=10131
W/ActivityManager( 2387): Permission denied: checkComponentPermission() owningUid=10131
I/WAKELOCK_RELEASE( 2387): TIMESTAMP=693373763372477, TAG=*net_scheduler*, TYPE=PARTIAL_WAKE_LOCK             , COUNT=0, PID=21065, UID=10018
D/STATUSBAR-NetworkController( 2578): onReceive() - RSSI_CHANGED_ACTION, WIFI_STATE, NETWORK_STATE
D/STATUSBAR-NetworkController( 2578): refreshSignalCluster: data=-1 bt=false
D/IconMerger( 2578): overflowShown = false
D/IconMerger( 2578): moreRequired = false
I/WAKELOCK_RELEASE( 2387): TIMESTAMP=693374257487639, TAG=Icing, TYPE=PARTIAL_WAKE_LOCK             , COUNT=0, PID=21389, UID=10018
D/STATUSBAR-NetworkController( 2578): refreshSignalCluster: data=-1 bt=false
D/IconMerger( 2578): overflowShown = false
D/IconMerger( 2578): moreRequired = false
D/STATUSBAR-NetworkController( 2578): refreshSignalCluster: data=-1 bt=false
D/IconMerger( 2578): overflowShown = false
D/IconMerger( 2578): moreRequired = false
D/STATUSBAR-NetworkController( 2578): refreshSignalCluster: data=-1 bt=false
D/IconMerger( 2578): overflowShown = false
D/IconMerger( 2578): moreRequired = false
D/STATUSBAR-NetworkController( 2578): refreshSignalCluster: data=-1 bt=false
D/IconMerger( 2578): overflowShown = false
D/IconMerger( 2578): moreRequired = false
D/STATUSBAR-NetworkController( 2578): refreshSignalCluster: data=-1 bt=false
D/IconMerger( 2578): overflowShown = false
D/IconMerger( 2578): moreRequired = false
D/STATUSBAR-NetworkController( 2578): refreshSignalCluster: data=-1 bt=false
D/IconMerger( 2578): overflowShown = false
D/IconMerger( 2578): moreRequired = false
D/STATUSBAR-NetworkController( 2578): onReceive() - RSSI_CHANGED_ACTION, WIFI_STATE, NETWORK_STATE
D/STATUSBAR-NetworkController( 2578): refreshSignalCluster: data=-1 bt=false
D/IconMerger( 2578): overflowShown = false
D/IconMerger( 2578): moreRequired = false
D/STATUSBAR-NetworkController( 2578): refreshSignalCluster: data=-1 bt=false
D/IconMerger( 2578): overflowShown = false
D/IconMerger( 2578): moreRequired = false
D/STATUSBAR-NetworkController( 2578): refreshSignalCluster: data=-1 bt=false
D/IconMerger( 2578): overflowShown = false
D/IconMerger( 2578): moreRequired = false
D/STATUSBAR-NetworkController( 2578): onReceive() - RSSI_CHANGED_ACTION, WIFI_STATE, NETWORK_STATE
D/STATUSBAR-NetworkController( 2578): refreshSignalCluster: data=-1 bt=false
D/IconMerger( 2578): overflowShown = false
D/IconMerger( 2578): moreRequired = false
D/STATUSBAR-NetworkController( 2578): refreshSignalCluster: data=-1 bt=false
D/IconMerger( 2578): overflowShown = false
D/IconMerger( 2578): moreRequired = false
D/PowerManagerService( 2387): [api] userActivityFromNative : 2660 (event: 2 flags: 0)
D/STATUSBAR-NetworkController( 2578): refreshSignalCluster: data=-1 bt=false
D/IconMerger( 2578): overflowShown = false
D/IconMerger( 2578): moreRequired = false
D/STATUSBAR-NetworkController( 2578): refreshSignalCluster: data=-1 bt=false
D/IconMerger( 2578): overflowShown = false
D/IconMerger( 2578): moreRequired = false
D/STATUSBAR-NetworkController( 2578): refreshSignalCluster: data=-1 bt=false
D/IconMerger( 2578): overflowShown = false
D/IconMerger( 2578): moreRequired = false
D/STATUSBAR-NetworkController( 2578): refreshSignalCluster: data=-1 bt=false
D/IconMerger( 2578): overflowShown = false
D/IconMerger( 2578): moreRequired = false
E/Watchdog( 2387): !@Sync 4254
V/AlarmManager( 2387): waitForAlarm result :8
D/KeyguardClockWidgetService(12859): onReceive action=android.intent.action.TIME_TICK
V/AlarmManager( 2387): ClockReceiver onReceive() ACTION_TIME_TICK
D/IconMerger( 2578): overflowShown = false
D/IconMerger( 2578): moreRequired = false
I/WAKELOCK_RELEASE( 2387): TIMESTAMP=693394165765344, TAG=AlarmManager, TYPE=PARTIAL_WAKE_LOCK             , COUNT=0, PID=2387, UID=1000
I/ActivityManager( 2387): Process com.google.android.partnersetup (pid 21432) (adj 9) has died.
W/ContextImpl( 2387): Calling a method in the system process without a qualified user: android.app.ContextImpl.sendBroadcast:1361 com.android.server.am.ActivityManagerService.cleanUpApplicationRecordLocked:12456 com.android.server.am.ActivityManagerService.handleAppDiedLocked:3637 com.android.server.am.ActivityManagerService.appDiedLocked:3741 com.android.server.am.ActivityManagerService$AppDeathRecipient.binderDied:1001 
I/ActivityManager( 2387): Process com.google.android.googlequicksearchbox:search (pid 21416) (adj 9) has died.
W/ContextImpl( 2387): Calling a method in the system process without a qualified user: android.app.ContextImpl.sendBroadcast:1361 com.android.server.am.ActivityManagerService.cleanUpApplicationRecordLocked:12456 com.android.server.am.ActivityManagerService.handleAppDiedLocked:3637 com.android.server.am.ActivityManagerService.appDiedLocked:3741 com.android.server.am.ActivityManagerService$AppDeathRecipient.binderDied:1001 
I/ActivityManager( 2387): Process com.google.android.gms (pid 21389) (adj 9) has died.
W/ContextImpl( 2387): Calling a method in the system process without a qualified user: android.app.ContextImpl.sendBroadcast:1361 com.android.server.am.ActivityManagerService.cleanUpApplicationRecordLocked:12456 com.android.server.am.ActivityManagerService.handleAppDiedLocked:3637 com.android.server.am.ActivityManagerService.appDiedLocked:3741 com.android.server.am.ActivityManagerService$AppDeathRecipient.binderDied:1001 
D/BatteryService( 2387): update start
D/BatteryService( 2387): level:19, scale:100, status:3, health:2, present:true, voltage: 3659, temperature: 355, technology: Li-ion, AC powered:false, USB powered:false, Wireless powered:false, icon:17303346, invalid charger:0, online:1, charge type:0, current avg:-793
D/BatteryService( 2387): Sending ACTION_BATTERY_CHANGED.
D/STATUSBAR-BatteryController( 2578): onReceive() - ACTION_BATTERY_CHANGED
D/STATUSBAR-BatteryController( 2578): onReceive() - BATTERY_STATUS_DISCHARGING: tw_stat_sys_battery
D/STATUSBAR-PhoneStatusBar( 2578):  mBrightnessEnablebySettings = true mBrightnessEnablebyBattery = true mBrightnessEnablebyDisableFlag = true
D/STATUSBAR-NetworkController( 2578): refreshSignalCluster: data=-1 bt=false
D/IconMerger( 2578): overflowShown = false
D/IconMerger( 2578): moreRequired = false
D/STATUSBAR-NetworkController( 2578): refreshSignalCluster: data=-1 bt=false
D/IconMerger( 2578): overflowShown = false
D/IconMerger( 2578): moreRequired = false
D/STATUSBAR-NetworkController( 2578): refreshSignalCluster: data=-1 bt=false
D/IconMerger( 2578): overflowShown = false
D/IconMerger( 2578): moreRequired = false
D/STATUSBAR-NetworkController( 2578): refreshSignalCluster: data=-1 bt=false
D/IconMerger( 2578): overflowShown = false
D/IconMerger( 2578): moreRequired = false
D/STATUSBAR-NetworkController( 2578): refreshSignalCluster: data=-1 bt=false
D/IconMerger( 2578): overflowShown = false
D/IconMerger( 2578): moreRequired = false
D/STATUSBAR-NetworkController( 2578): refreshSignalCluster: data=-1 bt=false
D/IconMerger( 2578): overflowShown = false
D/IconMerger( 2578): moreRequired = false
I/ActivityManager( 2387): Process com.sec.android.widgetapp.programmonitorwidget (pid 21525) (adj 9) has died.
W/ContextImpl( 2387): Calling a method in the system process without a qualified user: android.app.ContextImpl.sendBroadcast:1361 com.android.server.am.ActivityManagerService.cleanUpApplicationRecordLocked:12456 com.android.server.am.ActivityManagerService.handleAppDiedLocked:3637 com.android.server.am.ActivityManagerService.appDiedLocked:3741 com.android.server.am.ActivityManagerService$AppDeathRecipient.binderDied:1001 
D/STATUSBAR-NetworkController( 2578): onReceive() - RSSI_CHANGED_ACTION, WIFI_STATE, NETWORK_STATE
D/STATUSBAR-NetworkController( 2578): refreshSignalCluster: data=-1 bt=false
D/IconMerger( 2578): overflowShown = false
D/IconMerger( 2578): moreRequired = false
D/STATUSBAR-NetworkController( 2578): refreshSignalCluster: data=-1 bt=false
D/IconMerger( 2578): overflowShown = false
D/IconMerger( 2578): moreRequired = false
D/STATUSBAR-NetworkController( 2578): refreshSignalCluster: data=-1 bt=false
D/IconMerger( 2578): overflowShown = false
D/IconMerger( 2578): moreRequired = false
D/STATUSBAR-NetworkController( 2578): refreshSignalCluster: data=-1 bt=false
D/IconMerger( 2578): overflowShown = false
D/IconMerger( 2578): moreRequired = false
D/STATUSBAR-NetworkController( 2578): refreshSignalCluster: data=-1 bt=false
D/IconMerger( 2578): overflowShown = false
D/IconMerger( 2578): moreRequired = false
V/AlarmManager( 2387): waitForAlarm result :1
V/AlarmManager( 2387): trigger ELAPSED_REALTIME_WAKEUP or RTC_WAKEUP
I/WAKELOCK_RELEASE( 2387): TIMESTAMP=693417650404290, TAG=AlarmManager, TYPE=PARTIAL_WAKE_LOCK             , COUNT=0, PID=2387, UID=1000
D/STATUSBAR-NetworkController( 2578): refreshSignalCluster: data=-1 bt=false
D/IconMerger( 2578): overflowShown = false
D/IconMerger( 2578): moreRequired = false
D/STATUSBAR-NetworkController( 2578): refreshSignalCluster: data=-1 bt=false
D/IconMerger( 2578): overflowShown = false
D/IconMerger( 2578): moreRequired = false
I/ActivityManager( 2387): Process com.vlingo.midas (pid 18622) (adj 8) has died.
W/ContextImpl( 2387): Calling a method in the system process without a qualified user: android.app.ContextImpl.sendBroadcast:1361 com.android.server.am.ActivityManagerService.cleanUpApplicationRecordLocked:12456 com.android.server.am.ActivityManagerService.handleAppDiedLocked:3637 com.android.server.am.ActivityManagerService.appDiedLocked:3741 com.android.server.am.ActivityManagerService$AppDeathRecipient.binderDied:1001 
I/ActivityManager( 2387): Process com.wssyncmldm (pid 20948) (adj 8) has died.
W/ContextImpl( 2387): Calling a method in the system process without a qualified user: android.app.ContextImpl.sendBroadcast:1361 com.android.server.am.ActivityManagerService.cleanUpApplicationRecordLocked:12456 com.android.server.am.ActivityManagerService.handleAppDiedLocked:3637 com.android.server.am.ActivityManagerService.appDiedLocked:3741 com.android.server.am.ActivityManagerService$AppDeathRecipient.binderDied:1001 
I/ActivityManager( 2387): Process bs.app (pid 20124) (adj 8) has died.
W/ContextImpl( 2387): Calling a method in the system process without a qualified user: android.app.ContextImpl.sendBroadcast:1361 com.android.server.am.ActivityManagerService.cleanUpApplicationRecordLocked:12456 com.android.server.am.ActivityManagerService.handleAppDiedLocked:3637 com.android.server.am.ActivityManagerService.appDiedLocked:3741 com.android.server.am.ActivityManagerService$AppDeathRecipient.binderDied:1001 
D/STATUSBAR-NetworkController( 2578): refreshSignalCluster: data=-1 bt=false
D/IconMerger( 2578): overflowShown = false
D/IconMerger( 2578): moreRequired = false
D/STATUSBAR-NetworkController( 2578): refreshSignalCluster: data=-1 bt=false
D/IconMerger( 2578): overflowShown = false
D/IconMerger( 2578): moreRequired = false
E/Watchdog( 2387): !@Sync 4255
I/ActivityManager( 2387): Process ms.app (pid 20111) (adj 8) has died.
W/ContextImpl( 2387): Calling a method in the system process without a qualified user: android.app.ContextImpl.sendBroadcast:1361 com.android.server.am.ActivityManagerService.cleanUpApplicationRecordLocked:12456 com.android.server.am.ActivityManagerService.handleAppDiedLocked:3637 com.android.server.am.ActivityManagerService.appDiedLocked:3741 com.android.server.am.ActivityManagerService$AppDeathRecipient.binderDied:1001 
I/ActivityManager( 2387): Process com.google.process.gapps (pid 21065) (adj 8) has died.
W/ContextImpl( 2387): Calling a method in the system process without a qualified user: android.app.ContextImpl.sendBroadcast:1361 com.android.server.am.ActivityManagerService.cleanUpApplicationRecordLocked:12456 com.android.server.am.ActivityManagerService.handleAppDiedLocked:3637 com.android.server.am.ActivityManagerService.appDiedLocked:3741 com.android.server.am.ActivityManagerService$AppDeathRecipient.binderDied:1001 
I/ActivityManager( 2387): Process com.supreme.tanks (pid 21177) (adj 8) has died.
W/ContextImpl( 2387): Calling a method in the system process without a qualified user: android.app.ContextImpl.sendBroadcast:1361 com.android.server.am.ActivityManagerService.cleanUpApplicationRecordLocked:12456 com.android.server.am.ActivityManagerService.handleAppDiedLocked:3637 com.android.server.am.ActivityManagerService.appDiedLocked:3741 com.android.server.am.ActivityManagerService$AppDeathRecipient.binderDied:1001 
D/STATUSBAR-NetworkController( 2578): refreshSignalCluster: data=-1 bt=false
D/IconMerger( 2578): overflowShown = false
D/IconMerger( 2578): moreRequired = false
D/STATUSBAR-NetworkController( 2578): refreshSignalCluster: data=-1 bt=false
D/IconMerger( 2578): overflowShown = false
D/IconMerger( 2578): moreRequired = false
D/STATUSBAR-NetworkController( 2578): refreshSignalCluster: data=-1 bt=false
D/IconMerger( 2578): overflowShown = false
D/IconMerger( 2578): moreRequired = false
D/STATUSBAR-NetworkController( 2578): refreshSignalCluster: data=-1 bt=false
D/IconMerger( 2578): overflowShown = false
D/IconMerger( 2578): moreRequired = false
D/BatteryService( 2387): update start
D/BatteryService( 2387): level:19, scale:100, status:3, health:2, present:true, voltage: 3640, temperature: 354, technology: Li-ion, AC powered:false, USB powered:false, Wireless powered:false, icon:17303346, invalid charger:0, online:1, charge type:0, current avg:-781
D/BatteryService( 2387): Sending ACTION_BATTERY_CHANGED.
D/STATUSBAR-BatteryController( 2578): onReceive() - ACTION_BATTERY_CHANGED
D/STATUSBAR-BatteryController( 2578): onReceive() - BATTERY_STATUS_DISCHARGING: tw_stat_sys_battery
D/STATUSBAR-PhoneStatusBar( 2578):  mBrightnessEnablebySettings = true mBrightnessEnablebyBattery = true mBrightnessEnablebyDisableFlag = true
D/STATUSBAR-NetworkController( 2578): refreshSignalCluster: data=-1 bt=false
D/IconMerger( 2578): overflowShown = false
D/IconMerger( 2578): moreRequired = false
I/WAKELOCK_RELEASE( 2387): TIMESTAMP=693429452125930, TAG=AudioOut_3, TYPE=PARTIAL_WAKE_LOCK             , COUNT=0, PID=1982, UID=1013
D/STATUSBAR-NetworkController( 2578): refreshSignalCluster: data=-1 bt=false
D/IconMerger( 2578): overflowShown = false
D/IconMerger( 2578): moreRequired = false
D/STATUSBAR-NetworkController( 2578): refreshSignalCluster: data=-1 bt=false
D/IconMerger( 2578): overflowShown = false
D/IconMerger( 2578): moreRequired = false
D/STATUSBAR-NetworkController( 2578): refreshSignalCluster: data=-1 bt=false
D/IconMerger( 2578): overflowShown = false
D/IconMerger( 2578): moreRequired = false
I/WAKELOCK_RELEASE( 2387): TIMESTAMP=693433227438588, TAG=AudioOut_2, TYPE=PARTIAL_WAKE_LOCK             , COUNT=0, PID=1982, UID=1013
D/STATUSBAR-NetworkController( 2578): refreshSignalCluster: data=-1 bt=false
D/IconMerger( 2578): overflowShown = false
D/IconMerger( 2578): moreRequired = false
D/STATUSBAR-NetworkController( 2578): refreshSignalCluster: data=-1 bt=false
D/IconMerger( 2578): overflowShown = false
D/IconMerger( 2578): moreRequired = false
D/STATUSBAR-NetworkController( 2578): refreshSignalCluster: data=-1 bt=false
D/IconMerger( 2578): overflowShown = false
D/IconMerger( 2578): moreRequired = false
D/STATUSBAR-NetworkController( 2578): refreshSignalCluster: data=-1 bt=false
D/IconMerger( 2578): overflowShown = false
D/IconMerger( 2578): moreRequired = false
I/WAKELOCK_RELEASE( 2387): TIMESTAMP=693442629404580, TAG=AudioOut_2, TYPE=PARTIAL_WAKE_LOCK             , COUNT=0, PID=1982, UID=1013
D/STATUSBAR-NetworkController( 2578): refreshSignalCluster: data=-1 bt=false
D/IconMerger( 2578): overflowShown = false
D/IconMerger( 2578): moreRequired = false
D/STATUSBAR-NetworkController( 2578): refreshSignalCluster: data=-1 bt=false
D/IconMerger( 2578): overflowShown = false
D/IconMerger( 2578): moreRequired = false
D/STATUSBAR-NetworkController( 2578): refreshSignalCluster: data=-1 bt=false
D/IconMerger( 2578): overflowShown = false
D/IconMerger( 2578): moreRequired = false
I/WAKELOCK_RELEASE( 2387): TIMESTAMP=693447383718933, TAG=AudioOut_2, TYPE=PARTIAL_WAKE_LOCK             , COUNT=0, PID=1982, UID=1013
D/STATUSBAR-NetworkController( 2578): refreshSignalCluster: data=-1 bt=false
D/IconMerger( 2578): overflowShown = false
D/IconMerger( 2578): moreRequired = false
D/STATUSBAR-NetworkController( 2578): refreshSignalCluster: data=-1 bt=false
D/IconMerger( 2578): overflowShown = false
D/IconMerger( 2578): moreRequired = false
D/STATUSBAR-NetworkController( 2578): refreshSignalCluster: data=-1 bt=false
D/IconMerger( 2578): overflowShown = false
D/IconMerger( 2578): moreRequired = false
D/STATUSBAR-NetworkController( 2578): onSignalStrengthsChanged signalStrength=SignalStrength: 14 -1 -1 -1 -1 -1 -1 99 2147483647 2147483647 2147483647 -1 2147483647 gsm|lte 0x4 level=4
D/PowerManagerService( 2387): [api] userActivityFromNative : 2670 (event: 2 flags: 0)
E/Watchdog( 2387): !@Sync 4256
V/AlarmManager( 2387): waitForAlarm result :8
D/KeyguardClockWidgetService(12859): onReceive action=android.intent.action.TIME_TICK
V/AlarmManager( 2387): ClockReceiver onReceive() ACTION_TIME_TICK
D/IconMerger( 2578): overflowShown = false
D/IconMerger( 2578): moreRequired = false
I/WAKELOCK_RELEASE( 2387): TIMESTAMP=693454104442922, TAG=AlarmManager, TYPE=PARTIAL_WAKE_LOCK             , COUNT=0, PID=2387, UID=1000
D/STATUSBAR-NetworkController( 2578): refreshSignalCluster: data=-1 bt=false
D/IconMerger( 2578): overflowShown = false
D/IconMerger( 2578): moreRequired = false
W/ContextImpl(21605): Calling a method in the system process without a qualified user: android.app.ContextImpl.startService:1681 android.content.ContextWrapper.startService:457 com.wssyncmldm.XDMApplication.onCreate:73 android.app.Instrumentation.callApplicationOnCreate:1017 android.app.ActivityThread.handleBindApplication:4552 
W/ContextImpl(21605): Calling a method in the system process without a qualified user: android.app.ContextImpl.bindService:1745 android.content.ContextWrapper.bindService:480 com.wssyncmldm.ui.XUINotificationManager.BindService:62 com.wssyncmldm.ui.XUINotificationManager.xuiSetIndicator:94 com.wssyncmldm.agent.XDMTask.xdmAgentTaskHandler:175 
I/WAKELOCK_RELEASE( 2387): TIMESTAMP=693455591534343, TAG=wakeLock, TYPE=PARTIAL_WAKE_LOCK             , COUNT=0, PID=21605, UID=1000
D/STATUSBAR-NetworkController( 2578): refreshSignalCluster: data=-1 bt=false
D/IconMerger( 2578): overflowShown = false
D/IconMerger( 2578): moreRequired = false
D/STATUSBAR-NetworkController( 2578): refreshSignalCluster: data=-1 bt=false
D/IconMerger( 2578): overflowShown = false
D/IconMerger( 2578): moreRequired = false
D/BatteryService( 2387): update start
D/BatteryService( 2387): level:19, scale:100, status:3, health:2, present:true, voltage: 3605, temperature: 354, technology: Li-ion, AC powered:false, USB powered:false, Wireless powered:false, icon:17303346, invalid charger:0, online:1, charge type:0, current avg:-800
D/BatteryService( 2387): Sending ACTION_BATTERY_CHANGED.
D/STATUSBAR-BatteryController( 2578): onReceive() - ACTION_BATTERY_CHANGED
D/STATUSBAR-BatteryController( 2578): onReceive() - BATTERY_STATUS_DISCHARGING: tw_stat_sys_battery
D/STATUSBAR-PhoneStatusBar( 2578):  mBrightnessEnablebySettings = true mBrightnessEnablebyBattery = true mBrightnessEnablebyDisableFlag = true
D/STATUSBAR-NetworkController( 2578): refreshSignalCluster: data=-1 bt=false
D/IconMerger( 2578): overflowShown = false
D/IconMerger( 2578): moreRequired = false
D/STATUSBAR-NetworkController( 2578): refreshSignalCluster: data=-1 bt=false
D/IconMerger( 2578): overflowShown = false
D/IconMerger( 2578): moreRequired = false
D/STATUSBAR-NetworkController( 2578): refreshSignalCluster: data=-1 bt=false
D/IconMerger( 2578): overflowShown = false
D/IconMerger( 2578): moreRequired = false
D/STATUSBAR-NetworkController( 2578): refreshSignalCluster: data=-1 bt=false
D/IconMerger( 2578): overflowShown = false
D/IconMerger( 2578): moreRequired = false
D/STATUSBAR-NetworkController( 2578): refreshSignalCluster: data=-1 bt=false
D/IconMerger( 2578): overflowShown = false
D/IconMerger( 2578): moreRequired = false
D/STATUSBAR-NetworkController( 2578): refreshSignalCluster: data=-1 bt=false
D/IconMerger( 2578): overflowShown = false
D/IconMerger( 2578): moreRequired = false
D/STATUSBAR-NetworkController( 2578): refreshSignalCluster: data=-1 bt=false
D/IconMerger( 2578): overflowShown = false
D/IconMerger( 2578): moreRequired = false
D/STATUSBAR-NetworkController( 2578): refreshSignalCluster: data=-1 bt=false
D/IconMerger( 2578): overflowShown = false
D/IconMerger( 2578): moreRequired = false
D/STATUSBAR-NetworkController( 2578): refreshSignalCluster: data=-1 bt=false
D/IconMerger( 2578): overflowShown = false
D/IconMerger( 2578): moreRequired = false
D/STATUSBAR-NetworkController( 2578): refreshSignalCluster: data=-1 bt=false
D/IconMerger( 2578): overflowShown = false
D/IconMerger( 2578): moreRequired = false
D/STATUSBAR-NetworkController( 2578): refreshSignalCluster: data=-1 bt=false
D/IconMerger( 2578): overflowShown = false
D/IconMerger( 2578): moreRequired = false
D/STATUSBAR-NetworkController( 2578): refreshSignalCluster: data=-1 bt=false
D/IconMerger( 2578): overflowShown = false
D/IconMerger( 2578): moreRequired = false
D/STATUSBAR-NetworkController( 2578): refreshSignalCluster: data=-1 bt=false
D/IconMerger( 2578): overflowShown = false
D/IconMerger( 2578): moreRequired = false
D/STATUSBAR-NetworkController( 2578): refreshSignalCluster: data=-1 bt=false
D/IconMerger( 2578): overflowShown = false
D/IconMerger( 2578): moreRequired = false
D/STATUSBAR-NetworkController( 2578): refreshSignalCluster: data=-1 bt=false
D/IconMerger( 2578): overflowShown = false
D/IconMerger( 2578): moreRequired = false
E/Watchdog( 2387): !@Sync 4257
D/STATUSBAR-NetworkController( 2578): refreshSignalCluster: data=-1 bt=false
D/IconMerger( 2578): overflowShown = false
D/IconMerger( 2578): moreRequired = false
D/STATUSBAR-NetworkController( 2578): refreshSignalCluster: data=-1 bt=false
D/IconMerger( 2578): overflowShown = false
D/IconMerger( 2578): moreRequired = false
D/STATUSBAR-NetworkController( 2578): refreshSignalCluster: data=-1 bt=false
D/IconMerger( 2578): overflowShown = false
D/IconMerger( 2578): moreRequired = false
D/STATUSBAR-NetworkController( 2578): refreshSignalCluster: data=-1 bt=false
D/IconMerger( 2578): overflowShown = false
D/IconMerger( 2578): moreRequired = false
D/BatteryService( 2387): update start
D/BatteryService( 2387): level:19, scale:100, status:3, health:2, present:true, voltage: 3595, temperature: 353, technology: Li-ion, AC powered:false, USB powered:false, Wireless powered:false, icon:17303346, invalid charger:0, online:1, charge type:0, current avg:-830
D/BatteryService( 2387): Sending ACTION_BATTERY_CHANGED.
D/STATUSBAR-BatteryController( 2578): onReceive() - ACTION_BATTERY_CHANGED
D/STATUSBAR-BatteryController( 2578): onReceive() - BATTERY_STATUS_DISCHARGING: tw_stat_sys_battery
D/STATUSBAR-PhoneStatusBar( 2578):  mBrightnessEnablebySettings = true mBrightnessEnablebyBattery = true mBrightnessEnablebyDisableFlag = true
D/STATUSBAR-NetworkController( 2578): refreshSignalCluster: data=-1 bt=false
D/IconMerger( 2578): overflowShown = false
D/IconMerger( 2578): moreRequired = false
D/STATUSBAR-NetworkController( 2578): refreshSignalCluster: data=-1 bt=false
D/IconMerger( 2578): overflowShown = false
D/IconMerger( 2578): moreRequired = false
D/STATUSBAR-NetworkController( 2578): refreshSignalCluster: data=-1 bt=false
D/IconMerger( 2578): overflowShown = false
D/IconMerger( 2578): moreRequired = false
D/STATUSBAR-NetworkController( 2578): refreshSignalCluster: data=-1 bt=false
D/IconMerger( 2578): overflowShown = false
D/IconMerger( 2578): moreRequired = false
D/STATUSBAR-NetworkController( 2578): refreshSignalCluster: data=-1 bt=false
D/IconMerger( 2578): overflowShown = false
D/IconMerger( 2578): moreRequired = false
D/STATUSBAR-NetworkController( 2578): refreshSignalCluster: data=-1 bt=false
D/IconMerger( 2578): overflowShown = false
D/IconMerger( 2578): moreRequired = false
D/STATUSBAR-NetworkController( 2578): refreshSignalCluster: data=-1 bt=false
D/IconMerger( 2578): overflowShown = false
D/IconMerger( 2578): moreRequired = false
D/STATUSBAR-NetworkController( 2578): refreshSignalCluster: data=-1 bt=false
D/IconMerger( 2578): overflowShown = false
D/IconMerger( 2578): moreRequired = false
D/STATUSBAR-NetworkController( 2578): refreshSignalCluster: data=-1 bt=false
D/IconMerger( 2578): overflowShown = false
D/IconMerger( 2578): moreRequired = false
D/STATUSBAR-NetworkController( 2578): refreshSignalCluster: data=-1 bt=false
D/IconMerger( 2578): overflowShown = false
D/IconMerger( 2578): moreRequired = false
D/STATUSBAR-NetworkController( 2578): refreshSignalCluster: data=-1 bt=false
D/IconMerger( 2578): overflowShown = false
D/IconMerger( 2578): moreRequired = false
I/ActivityManager( 2387): Process org.simalliance.openmobileapi.service:remote (pid 21045) (adj 8) has died.
W/ContextImpl( 2387): Calling a method in the system process without a qualified user: android.app.ContextImpl.sendBroadcast:1361 com.android.server.am.ActivityManagerService.cleanUpApplicationRecordLocked:12456 com.android.server.am.ActivityManagerService.handleAppDiedLocked:3637 com.android.server.am.ActivityManagerService.appDiedLocked:3741 com.android.server.am.ActivityManagerService$AppDeathRecipient.binderDied:1001 
I/ActivityManager( 2387): Process com.sec.android.daemonapp (pid 21461) (adj 8) has died.
W/ContextImpl( 2387): Calling a method in the system process without a qualified user: android.app.ContextImpl.sendBroadcast:1361 com.android.server.am.ActivityManagerService.cleanUpApplicationRecordLocked:12456 com.android.server.am.ActivityManagerService.handleAppDiedLocked:3637 com.android.server.am.ActivityManagerService.appDiedLocked:3741 com.android.server.am.ActivityManagerService$AppDeathRecipient.binderDied:1001 
I/ActivityManager( 2387): Process com.sec.android.app.controlpanel (pid 21512) (adj 8) has died.
W/ContextImpl( 2387): Calling a method in the system process without a qualified user: android.app.ContextImpl.sendBroadcast:1361 com.android.server.am.ActivityManagerService.cleanUpApplicationRecordLocked:12456 com.android.server.am.ActivityManagerService.handleAppDiedLocked:3637 com.android.server.am.ActivityManagerService.appDiedLocked:3741 com.android.server.am.ActivityManagerService$AppDeathRecipient.binderDied:1001 
D/STATUSBAR-NetworkController( 2578): refreshSignalCluster: data=-1 bt=false
D/IconMerger( 2578): overflowShown = false
D/IconMerger( 2578): moreRequired = false
D/STATUSBAR-NetworkController( 2578): refreshSignalCluster: data=-1 bt=false
D/IconMerger( 2578): overflowShown = false
D/IconMerger( 2578): moreRequired = false
D/STATUSBAR-NetworkController( 2578): refreshSignalCluster: data=-1 bt=false
D/IconMerger( 2578): overflowShown = false
D/IconMerger( 2578): moreRequired = false
E/Watchdog( 2387): !@Sync 4258
D/STATUSBAR-NetworkController( 2578): refreshSignalCluster: data=-1 bt=false
D/IconMerger( 2578): overflowShown = false
D/IconMerger( 2578): moreRequired = false
V/AlarmManager( 2387): waitForAlarm result :8
D/KeyguardClockWidgetService(12859): onReceive action=android.intent.action.TIME_TICK
V/AlarmManager( 2387): ClockReceiver onReceive() ACTION_TIME_TICK
D/IconMerger( 2578): overflowShown = false
D/IconMerger( 2578): moreRequired = false
I/WAKELOCK_RELEASE( 2387): TIMESTAMP=693514116277034, TAG=AlarmManager, TYPE=PARTIAL_WAKE_LOCK             , COUNT=0, PID=2387, UID=1000
D/STATUSBAR-NetworkController( 2578): refreshSignalCluster: data=-1 bt=false
D/IconMerger( 2578): overflowShown = false
D/IconMerger( 2578): moreRequired = false
D/STATUSBAR-NetworkController( 2578): refreshSignalCluster: data=-1 bt=false
D/IconMerger( 2578): overflowShown = false
D/IconMerger( 2578): moreRequired = false
W/ActivityThread(21710): ClassLoader.loadClass: The class loader returned by Thread.getContextClassLoader() may fail for processes that host multiple applications. You should explicitly specify a context class loader. For example: Thread.setContextClassLoader(getClass().getClassLoader());
I/WAKELOCK_RELEASE( 2387): TIMESTAMP=693516687161722, TAG=*net_scheduler*, TYPE=PARTIAL_WAKE_LOCK             , COUNT=0, PID=21710, UID=10018
I/WAKELOCK_RELEASE( 2387): TIMESTAMP=693516871662148, TAG=GCM_CONN_ALARM, TYPE=PARTIAL_WAKE_LOCK             , COUNT=0, PID=21710, UID=10018
I/WAKELOCK_RELEASE( 2387): TIMESTAMP=693516898052412, TAG=GCM_CONN, TYPE=PARTIAL_WAKE_LOCK             , COUNT=0, PID=21710, UID=10018
D/STATUSBAR-NetworkController( 2578): refreshSignalCluster: data=-1 bt=false
I/WAKELOCK_RELEASE( 2387): TIMESTAMP=693516938180266, TAG=GCM_CONN, TYPE=PARTIAL_WAKE_LOCK             , COUNT=0, PID=21710, UID=10018
D/IconMerger( 2578): overflowShown = false
D/IconMerger( 2578): moreRequired = false
I/WAKELOCK_RELEASE( 2387): TIMESTAMP=693516956628854, TAG=*net_scheduler*, TYPE=PARTIAL_WAKE_LOCK             , COUNT=0, PID=21710, UID=10018
I/WAKELOCK_RELEASE( 2387): TIMESTAMP=693516975926314, TAG=GCM_CONN, TYPE=PARTIAL_WAKE_LOCK             , COUNT=0, PID=21710, UID=10018
I/WAKELOCK_RELEASE( 2387): TIMESTAMP=693516983879875, TAG=*net_scheduler*, TYPE=PARTIAL_WAKE_LOCK             , COUNT=0, PID=21710, UID=10018
D/ConnectivityService( 2387): handleInetConditionHoldEnd: net=1, condition=100, published condition=100
D/ConnectivityService( 2387): sendStickyBroadcast: action=android.net.conn.INET_CONDITION_ACTION
D/STATUSBAR-NetworkController( 2578): onReceive() - CONNECTIVITY_ACTION, INET_CONDITION_ACTION
D/STATUSBAR-NetworkController( 2578): updateDataNetType()
D/STATUSBAR-NetworkController( 2578): Nothing, mRoamingIconId = 0
D/BatteryService( 2387): update start
D/BatteryService( 2387): level:19, scale:100, status:3, health:2, present:true, voltage: 3605, temperature: 353, technology: Li-ion, AC powered:false, USB powered:false, Wireless powered:false, icon:17303346, invalid charger:0, online:1, charge type:0, current avg:-827
D/BatteryService( 2387): Sending ACTION_BATTERY_CHANGED.
D/STATUSBAR-BatteryController( 2578): onReceive() - ACTION_BATTERY_CHANGED
D/STATUSBAR-BatteryController( 2578): onReceive() - BATTERY_STATUS_DISCHARGING: tw_stat_sys_battery
D/STATUSBAR-PhoneStatusBar( 2578):  mBrightnessEnablebySettings = true mBrightnessEnablebyBattery = true mBrightnessEnablebyDisableFlag = true
D/STATUSBAR-NetworkController( 2578): refreshSignalCluster: data=-1 bt=false
D/IconMerger( 2578): overflowShown = false
D/IconMerger( 2578): moreRequired = false
D/PowerManagerService( 2387): [api] userActivityFromNative : 2680 (event: 2 flags: 0)
D/STATUSBAR-NetworkController( 2578): onReceive() - RSSI_CHANGED_ACTION, WIFI_STATE, NETWORK_STATE
D/STATUSBAR-NetworkController( 2578): refreshSignalCluster: data=-1 bt=false
D/IconMerger( 2578): overflowShown = false
D/IconMerger( 2578): moreRequired = false
D/STATUSBAR-NetworkController( 2578): refreshSignalCluster: data=-1 bt=false
D/IconMerger( 2578): overflowShown = false
D/IconMerger( 2578): moreRequired = false
D/STATUSBAR-NetworkController( 2578): onReceive() - RSSI_CHANGED_ACTION, WIFI_STATE, NETWORK_STATE
D/STATUSBAR-NetworkController( 2578): refreshSignalCluster: data=-1 bt=false
D/IconMerger( 2578): overflowShown = false
D/IconMerger( 2578): moreRequired = false
D/STATUSBAR-NetworkController( 2578): refreshSignalCluster: data=-1 bt=false
D/IconMerger( 2578): overflowShown = false
D/IconMerger( 2578): moreRequired = false
D/STATUSBAR-NetworkController( 2578): refreshSignalCluster: data=-1 bt=false
D/IconMerger( 2578): overflowShown = false
D/IconMerger( 2578): moreRequired = false
I/ActivityManager( 2387): Process com.google.android.gms (pid 21732) (adj 9) has died.
W/ContextImpl( 2387): Calling a method in the system process without a qualified user: android.app.ContextImpl.sendBroadcast:1361 com.android.server.am.ActivityManagerService.cleanUpApplicationRecordLocked:12456 com.android.server.am.ActivityManagerService.handleAppDiedLocked:3637 com.android.server.am.ActivityManagerService.appDiedLocked:3741 com.android.server.am.ActivityManagerService$AppDeathRecipient.binderDied:1001 
D/STATUSBAR-NetworkController( 2578): onSignalStrengthsChanged signalStrength=SignalStrength: 15 -1 -1 -1 -1 -1 -1 99 2147483647 2147483647 2147483647 -1 2147483647 gsm|lte 0x4 level=4
D/STATUSBAR-NetworkController( 2578): onReceive() - RSSI_CHANGED_ACTION, WIFI_STATE, NETWORK_STATE
D/STATUSBAR-NetworkController( 2578): refreshSignalCluster: data=-1 bt=false
D/IconMerger( 2578): overflowShown = false
D/IconMerger( 2578): moreRequired = false
D/STATUSBAR-NetworkController( 2578): refreshSignalCluster: data=-1 bt=false
D/IconMerger( 2578): overflowShown = false
D/IconMerger( 2578): moreRequired = false
D/STATUSBAR-NetworkController( 2578): refreshSignalCluster: data=-1 bt=false
D/IconMerger( 2578): overflowShown = false
D/IconMerger( 2578): moreRequired = false
D/STATUSBAR-NetworkController( 2578): onReceive() - RSSI_CHANGED_ACTION, WIFI_STATE, NETWORK_STATE
D/STATUSBAR-NetworkController( 2578): refreshSignalCluster: data=-1 bt=false
D/IconMerger( 2578): overflowShown = false
D/IconMerger( 2578): moreRequired = false
D/STATUSBAR-NetworkController( 2578): refreshSignalCluster: data=-1 bt=false
D/IconMerger( 2578): overflowShown = false
D/IconMerger( 2578): moreRequired = false
D/STATUSBAR-NetworkController( 2578): refreshSignalCluster: data=-1 bt=false
D/IconMerger( 2578): overflowShown = false
D/IconMerger( 2578): moreRequired = false
D/STATUSBAR-NetworkController( 2578): refreshSignalCluster: data=-1 bt=false
D/IconMerger( 2578): overflowShown = false
D/IconMerger( 2578): moreRequired = false
D/STATUSBAR-NetworkController( 2578): refreshSignalCluster: data=-1 bt=false
D/IconMerger( 2578): overflowShown = false
D/IconMerger( 2578): moreRequired = false
D/STATUSBAR-NetworkController( 2578): onReceive() - RSSI_CHANGED_ACTION, WIFI_STATE, NETWORK_STATE
D/STATUSBAR-NetworkController( 2578): refreshSignalCluster: data=-1 bt=false
D/IconMerger( 2578): overflowShown = false
D/IconMerger( 2578): moreRequired = false
D/STATUSBAR-NetworkController( 2578): refreshSignalCluster: data=-1 bt=false
D/IconMerger( 2578): overflowShown = false
D/IconMerger( 2578): moreRequired = false
D/STATUSBAR-NetworkController( 2578): refreshSignalCluster: data=-1 bt=false
D/IconMerger( 2578): overflowShown = false
D/IconMerger( 2578): moreRequired = false
E/Watchdog( 2387): !@Sync 4259
D/STATUSBAR-NetworkController( 2578): refreshSignalCluster: data=-1 bt=false
D/IconMerger( 2578): overflowShown = false
D/IconMerger( 2578): moreRequired = false
D/STATUSBAR-NetworkController( 2578): refreshSignalCluster: data=-1 bt=false
D/IconMerger( 2578): overflowShown = false
D/IconMerger( 2578): moreRequired = false
D/STATUSBAR-NetworkController( 2578): onSignalStrengthsChanged signalStrength=SignalStrength: 16 -1 -1 -1 -1 -1 -1 99 2147483647 2147483647 2147483647 -1 2147483647 gsm|lte 0x4 level=4
D/STATUSBAR-NetworkController( 2578): refreshSignalCluster: data=-1 bt=false
D/IconMerger( 2578): overflowShown = false
D/IconMerger( 2578): moreRequired = false
D/STATUSBAR-NetworkController( 2578): onReceive() - RSSI_CHANGED_ACTION, WIFI_STATE, NETWORK_STATE
D/STATUSBAR-NetworkController( 2578): refreshSignalCluster: data=-1 bt=false
D/IconMerger( 2578): overflowShown = false
D/IconMerger( 2578): moreRequired = false
D/BatteryService( 2387): update start
D/BatteryService( 2387): level:19, scale:100, status:3, health:2, present:true, voltage: 3646, temperature: 354, technology: Li-ion, AC powered:false, USB powered:false, Wireless powered:false, icon:17303346, invalid charger:0, online:1, charge type:0, current avg:-817
D/BatteryService( 2387): Sending ACTION_BATTERY_CHANGED.
D/STATUSBAR-BatteryController( 2578): onReceive() - ACTION_BATTERY_CHANGED
D/STATUSBAR-BatteryController( 2578): onReceive() - BATTERY_STATUS_DISCHARGING: tw_stat_sys_battery
D/STATUSBAR-PhoneStatusBar( 2578):  mBrightnessEnablebySettings = true mBrightnessEnablebyBattery = true mBrightnessEnablebyDisableFlag = true
D/STATUSBAR-NetworkController( 2578): refreshSignalCluster: data=-1 bt=false
D/IconMerger( 2578): overflowShown = false
D/IconMerger( 2578): moreRequired = false
D/STATUSBAR-NetworkController( 2578): refreshSignalCluster: data=-1 bt=false
D/IconMerger( 2578): overflowShown = false
D/IconMerger( 2578): moreRequired = false
D/STATUSBAR-NetworkController( 2578): refreshSignalCluster: data=-1 bt=false
D/IconMerger( 2578): overflowShown = false
D/IconMerger( 2578): moreRequired = false
D/STATUSBAR-NetworkController( 2578): refreshSignalCluster: data=-1 bt=false
D/IconMerger( 2578): overflowShown = false
D/IconMerger( 2578): moreRequired = false
D/STATUSBAR-NetworkController( 2578): onReceive() - RSSI_CHANGED_ACTION, WIFI_STATE, NETWORK_STATE
D/STATUSBAR-NetworkController( 2578): refreshSignalCluster: data=-1 bt=false
D/IconMerger( 2578): overflowShown = false
D/IconMerger( 2578): moreRequired = false
I/WAKELOCK_RELEASE( 2387): TIMESTAMP=693555404923235, TAG=RILJ, TYPE=PARTIAL_WAKE_LOCK             , COUNT=0, PID=2706, UID=1001
I/WAKELOCK_RELEASE( 2387): TIMESTAMP=693555428858713, TAG=RILJ, TYPE=PARTIAL_WAKE_LOCK             , COUNT=0, PID=2706, UID=1001
I/WAKELOCK_RELEASE( 2387): TIMESTAMP=693555445506107, TAG=RILJ, TYPE=PARTIAL_WAKE_LOCK             , COUNT=0, PID=2706, UID=1001
I/WAKELOCK_RELEASE( 2387): TIMESTAMP=693555459853755, TAG=RILJ, TYPE=PARTIAL_WAKE_LOCK             , COUNT=0, PID=2706, UID=1001
I/WAKELOCK_RELEASE( 2387): TIMESTAMP=693555475264595, TAG=RILJ, TYPE=PARTIAL_WAKE_LOCK             , COUNT=0, PID=2706, UID=1001
D/STATUSBAR-NetworkController( 2578): refreshSignalCluster: data=-1 bt=false
D/IconMerger( 2578): overflowShown = false
D/IconMerger( 2578): moreRequired = false
D/STATUSBAR-NetworkController( 2578): refreshSignalCluster: data=-1 bt=false
D/IconMerger( 2578): overflowShown = false
D/IconMerger( 2578): moreRequired = false
D/STATUSBAR-NetworkController( 2578): onReceive() - RSSI_CHANGED_ACTION, WIFI_STATE, NETWORK_STATE
D/STATUSBAR-NetworkController( 2578): refreshSignalCluster: data=-1 bt=false
D/IconMerger( 2578): overflowShown = false
D/IconMerger( 2578): moreRequired = false
D/STATUSBAR-NetworkController( 2578): refreshSignalCluster: data=-1 bt=false
D/IconMerger( 2578): overflowShown = false
D/IconMerger( 2578): moreRequired = false
D/STATUSBAR-NetworkController( 2578): refreshSignalCluster: data=-1 bt=false
D/IconMerger( 2578): overflowShown = false
D/IconMerger( 2578): moreRequired = false
D/STATUSBAR-NetworkController( 2578): refreshSignalCluster: data=-1 bt=false
D/IconMerger( 2578): overflowShown = false
D/IconMerger( 2578): moreRequired = false
D/STATUSBAR-NetworkController( 2578): refreshSignalCluster: data=-1 bt=false
D/IconMerger( 2578): overflowShown = false
D/IconMerger( 2578): moreRequired = false
D/STATUSBAR-NetworkController( 2578): refreshSignalCluster: data=-1 bt=false
D/IconMerger( 2578): overflowShown = false
D/IconMerger( 2578): moreRequired = false
D/STATUSBAR-NetworkController( 2578): refreshSignalCluster: data=-1 bt=false
D/IconMerger( 2578): overflowShown = false
D/IconMerger( 2578): moreRequired = false
D/STATUSBAR-NetworkController( 2578): refreshSignalCluster: data=-1 bt=false
D/IconMerger( 2578): overflowShown = false
D/IconMerger( 2578): moreRequired = false
E/Watchdog( 2387): !@Sync 4260
V/AlarmManager( 2387): waitForAlarm result :8
D/KeyguardClockWidgetService(12859): onReceive action=android.intent.action.TIME_TICK
V/AlarmManager( 2387): ClockReceiver onReceive() ACTION_TIME_TICK
D/IconMerger( 2578): overflowShown = false
D/IconMerger( 2578): moreRequired = false
D/STATUSBAR-NetworkController( 2578): refreshSignalCluster: data=-1 bt=false
D/IconMerger( 2578): overflowShown = false
D/IconMerger( 2578): moreRequired = false
I/WAKELOCK_RELEASE( 2387): TIMESTAMP=693574120644356, TAG=AlarmManager, TYPE=PARTIAL_WAKE_LOCK             , COUNT=0, PID=2387, UID=1000
D/STATUSBAR-NetworkController( 2578): refreshSignalCluster: data=-1 bt=false
D/IconMerger( 2578): overflowShown = false
D/IconMerger( 2578): moreRequired = false
D/STATUSBAR-NetworkController( 2578): refreshSignalCluster: data=-1 bt=false
D/IconMerger( 2578): overflowShown = false
D/IconMerger( 2578): moreRequired = false
D/STATUSBAR-NetworkController( 2578): refreshSignalCluster: data=-1 bt=false
D/IconMerger( 2578): overflowShown = false
D/IconMerger( 2578): moreRequired = false
D/BatteryService( 2387): update start
D/BatteryService( 2387): level:19, scale:100, status:3, health:2, present:true, voltage: 3646, temperature: 352, technology: Li-ion, AC powered:false, USB powered:false, Wireless powered:false, icon:17303346, invalid charger:0, online:1, charge type:0, current avg:-830
D/BatteryService( 2387): Sending ACTION_BATTERY_CHANGED.
D/STATUSBAR-BatteryController( 2578): onReceive() - ACTION_BATTERY_CHANGED
D/STATUSBAR-BatteryController( 2578): onReceive() - BATTERY_STATUS_DISCHARGING: tw_stat_sys_battery
D/STATUSBAR-PhoneStatusBar( 2578):  mBrightnessEnablebySettings = true mBrightnessEnablebyBattery = true mBrightnessEnablebyDisableFlag = true
D/STATUSBAR-NetworkController( 2578): refreshSignalCluster: data=-1 bt=false
D/IconMerger( 2578): overflowShown = false
D/IconMerger( 2578): moreRequired = false
D/STATUSBAR-NetworkController( 2578): refreshSignalCluster: data=-1 bt=false
D/IconMerger( 2578): overflowShown = false
D/IconMerger( 2578): moreRequired = false
D/STATUSBAR-NetworkController( 2578): refreshSignalCluster: data=-1 bt=false
D/IconMerger( 2578): overflowShown = false
D/IconMerger( 2578): moreRequired = false
D/STATUSBAR-NetworkController( 2578): refreshSignalCluster: data=-1 bt=false
D/IconMerger( 2578): overflowShown = false
D/IconMerger( 2578): moreRequired = false
D/STATUSBAR-NetworkController( 2578): refreshSignalCluster: data=-1 bt=false
D/IconMerger( 2578): overflowShown = false
D/IconMerger( 2578): moreRequired = false
D/STATUSBAR-NetworkController( 2578): refreshSignalCluster: data=-1 bt=false
D/IconMerger( 2578): overflowShown = false
D/IconMerger( 2578): moreRequired = false
D/STATUSBAR-NetworkController( 2578): refreshSignalCluster: data=-1 bt=false
D/IconMerger( 2578): overflowShown = false
D/IconMerger( 2578): moreRequired = false
V/AlarmManager( 2387): waitForAlarm result :1
V/AlarmManager( 2387): trigger ELAPSED_REALTIME_WAKEUP or RTC_WAKEUP
I/WAKELOCK_RELEASE( 2387): TIMESTAMP=693589018518527, TAG=AlarmManager, TYPE=PARTIAL_WAKE_LOCK             , COUNT=0, PID=2387, UID=1000
D/STATUSBAR-NetworkController( 2578): refreshSignalCluster: data=-1 bt=false
D/IconMerger( 2578): overflowShown = false
D/IconMerger( 2578): moreRequired = false
D/STATUSBAR-NetworkController( 2578): refreshSignalCluster: data=-1 bt=false
D/IconMerger( 2578): overflowShown = false
D/IconMerger( 2578): moreRequired = false
D/STATUSBAR-NetworkController( 2578): refreshSignalCluster: data=-1 bt=false
D/IconMerger( 2578): overflowShown = false
D/IconMerger( 2578): moreRequired = false
D/STATUSBAR-NetworkController( 2578): refreshSignalCluster: data=-1 bt=false
D/IconMerger( 2578): overflowShown = false
D/IconMerger( 2578): moreRequired = false
D/STATUSBAR-NetworkController( 2578): refreshSignalCluster: data=-1 bt=false
D/IconMerger( 2578): overflowShown = false
D/IconMerger( 2578): moreRequired = false
D/STATUSBAR-NetworkController( 2578): refreshSignalCluster: data=-1 bt=false
D/IconMerger( 2578): overflowShown = false
D/IconMerger( 2578): moreRequired = false
D/STATUSBAR-NetworkController( 2578): refreshSignalCluster: data=-1 bt=false
D/IconMerger( 2578): overflowShown = false
D/IconMerger( 2578): moreRequired = false
D/STATUSBAR-NetworkController( 2578): refreshSignalCluster: data=-1 bt=false
D/IconMerger( 2578): overflowShown = false
D/IconMerger( 2578): moreRequired = false
D/STATUSBAR-NetworkController( 2578): refreshSignalCluster: data=-1 bt=false
D/IconMerger( 2578): overflowShown = false
D/IconMerger( 2578): moreRequired = false
D/STATUSBAR-NetworkController( 2578): refreshSignalCluster: data=-1 bt=false
D/IconMerger( 2578): overflowShown = false
D/IconMerger( 2578): moreRequired = false
D/STATUSBAR-NetworkController( 2578): onSignalStrengthsChanged signalStrength=SignalStrength: 15 -1 -1 -1 -1 -1 -1 99 2147483647 2147483647 2147483647 -1 2147483647 gsm|lte 0x4 level=4
D/STATUSBAR-NetworkController( 2578): refreshSignalCluster: data=-1 bt=false
D/IconMerger( 2578): overflowShown = false
D/IconMerger( 2578): moreRequired = false
E/Watchdog( 2387): !@Sync 4261
D/STATUSBAR-NetworkController( 2578): refreshSignalCluster: data=-1 bt=false
D/IconMerger( 2578): overflowShown = false
D/IconMerger( 2578): moreRequired = false
D/STATUSBAR-NetworkController( 2578): refreshSignalCluster: data=-1 bt=false
D/IconMerger( 2578): overflowShown = false
D/IconMerger( 2578): moreRequired = false
D/PowerManagerService( 2387): [api] userActivityFromNative : 2690 (event: 2 flags: 0)
D/STATUSBAR-NetworkController( 2578): refreshSignalCluster: data=-1 bt=false
D/IconMerger( 2578): overflowShown = false
D/IconMerger( 2578): moreRequired = false
D/BatteryService( 2387): update start
D/BatteryService( 2387): level:18, scale:100, status:3, health:2, present:true, voltage: 3644, temperature: 352, technology: Li-ion, AC powered:false, USB powered:false, Wireless powered:false, icon:17303346, invalid charger:0, online:1, charge type:0, current avg:-823
D/BatteryService( 2387): Sending ACTION_BATTERY_CHANGED.
D/STATUSBAR-BatteryController( 2578): onReceive() - ACTION_BATTERY_CHANGED
D/STATUSBAR-BatteryController( 2578): onReceive() - BATTERY_STATUS_DISCHARGING: tw_stat_sys_battery
D/STATUSBAR-PhoneStatusBar( 2578):  mBrightnessEnablebySettings = true mBrightnessEnablebyBattery = true mBrightnessEnablebyDisableFlag = true
D/STATUSBAR-NetworkController( 2578): onReceive() - RSSI_CHANGED_ACTION, WIFI_STATE, NETWORK_STATE
D/STATUSBAR-NetworkController( 2578): refreshSignalCluster: data=-1 bt=false
D/IconMerger( 2578): overflowShown = false
D/IconMerger( 2578): moreRequired = false
D/STATUSBAR-NetworkController( 2578): refreshSignalCluster: data=-1 bt=false
D/IconMerger( 2578): overflowShown = false
D/IconMerger( 2578): moreRequired = false
D/STATUSBAR-NetworkController( 2578): refreshSignalCluster: data=-1 bt=false
D/IconMerger( 2578): overflowShown = false
D/IconMerger( 2578): moreRequired = false
D/STATUSBAR-NetworkController( 2578): onReceive() - RSSI_CHANGED_ACTION, WIFI_STATE, NETWORK_STATE
D/STATUSBAR-NetworkController( 2578): refreshSignalCluster: data=-1 bt=false
D/IconMerger( 2578): overflowShown = false
D/IconMerger( 2578): moreRequired = false
D/STATUSBAR-NetworkController( 2578): refreshSignalCluster: data=-1 bt=false
D/IconMerger( 2578): overflowShown = false
D/IconMerger( 2578): moreRequired = false
D/STATUSBAR-NetworkController( 2578): refreshSignalCluster: data=-1 bt=false
D/IconMerger( 2578): overflowShown = false
D/IconMerger( 2578): moreRequired = false
