V/WindowManager( 9929): Window{21126b70 u0 Keyguard}mOrientationRequetedFromKeyguard=true
D/STATUSBAR-StatusBarManagerService( 9929): manageDisableList what=0x0 pkg=android
D/PowerManagerService( 9929): [api] [s] userActivity : event: 0 flags: 0 (uid: 1000 pid: 9929)
D/PhoneStatusBar(10134): disable: < expand* icons alerts ticker* system_info BACK HOME recent* clock search brightness >
D/PowerManagerService( 9929): [api] [s] wakeUp (uid: 1000 pid: 9929)
D/LightsService( 9929): [SvcLED] turnOff:: id = 4mIsIDUsingPatternLED = true
D/LightsService( 9929): [SvcLED] setSvcLedStateLocked:: id = 4, color = 0, mode = Off, set = Off
E/MotionRecognitionService( 9929):   mReceiver.onReceive : ACTION_USER_PRESENT  :: UNLOCK SCREEN
D/LightsService( 9929): [SvcLED] ForcedSvcLEDTask is running.
D/LightsService( 9929): [SvcLED] setSvcLedLightLocked : mSvcLedState : 0x0  priority : 7  mSvcLedMode : 0
I/WAKELOCK_RELEASE( 9929): TIMESTAMP=993536334285188, TAG=*net_scheduler*, TYPE=PARTIAL_WAKE_LOCK             , COUNT=0, PID=10067, UID=10018
I/WAKELOCK_RELEASE( 9929): TIMESTAMP=993536365310737, TAG=LightsService, TYPE=PARTIAL_WAKE_LOCK             , COUNT=0, PID=9929, UID=1000
V/WindowManager( 9929): Window{21126b70 u0 Keyguard EXITING}mOrientationRequetedFromKeyguard=false
V/WindowManager( 9929): rotationForOrientationLw(orient=-1, last=0); user=1  sensorRotation=-1 isCoverOpen=true mLidState=-1 mDockMode=0 mHdmiPlugged=false mAccelerometerDefault=false
V/WindowManager( 9929): Application requested orientation -1, got rotation 0 which has compatible metrics
D/PowerManagerService( 9929): [api] setUserActivityTimeoutOverrideFromWindowManagerInternal: timeoutMillis: -1
D/PowerManagerService( 9929): [s] getScreenOffTimeoutLocked: 10000 -> 600000
D/PowerManagerService( 9929): [api] setScreenDimDurationOverrideFromWindowManagerInternal: timeoutMillis: -1
D/PowerManagerService( 9929): [api] setButtonTimeoutOverrideFromWindowManagerInternal: timeoutMillis: -1
D/STATUSBAR-StatusBarManagerService( 9929): manageDisableList what=0x0 pkg=WindowManager.LayoutParams
D/PhoneStatusBar(10134): disable: < expand icons alerts ticker system_info back* home* recent clock search brightness >
D/STATUSBAR-NetworkController(10134): refreshSignalCluster: data=-1 bt=false
D/IconMerger(10134): overflowShown = false
D/IconMerger(10134): moreRequired = false
V/WindowManager( 9929): Window{21126b70 u0 Keyguard EXITING}mOrientationRequetedFromKeyguard=false
V/WindowManager( 9929): Window{21126b70 u0 Keyguard}mOrientationRequetedFromKeyguard=false
W/ContextImpl( 9929): Calling a method in the system process without a qualified user: android.app.ContextImpl.sendBroadcast:1361 com.android.server.InputMethodManagerService$5.run:2473 java.lang.Thread.run:856 <bottom of call stack> <bottom of call stack> 
W/ActivityManager( 9929): Permission denied: checkComponentPermission() owningUid=10062
W/ActivityManager( 9929): Permission Denial: Accessing service ComponentInfo{com.google.android.music/com.google.android.music.dial.DialMediaRouteProviderService} from pid=16795, uid=10138 that is not exported from uid 10062
V/WindowManager( 9929): Window{21126b70 u0 Keyguard}mOrientationRequetedFromKeyguard=false
D/STATUSBAR-NetworkController(10134): onReceive() - RSSI_CHANGED_ACTION, WIFI_STATE, NETWORK_STATE
I/WAKELOCK_RELEASE( 9929): TIMESTAMP=993537951313538, TAG=*net_scheduler*, TYPE=PARTIAL_WAKE_LOCK             , COUNT=0, PID=10067, UID=10018
I/WAKELOCK_RELEASE( 9929): TIMESTAMP=993538088605837, TAG=*net_scheduler*, TYPE=PARTIAL_WAKE_LOCK             , COUNT=0, PID=10067, UID=10018
I/WAKELOCK_RELEASE( 9929): TIMESTAMP=993538130781279, TAG=*net_scheduler*, TYPE=PARTIAL_WAKE_LOCK             , COUNT=0, PID=10067, UID=10018
I/WAKELOCK_RELEASE( 9929): TIMESTAMP=993538344053430, TAG=*net_scheduler*, TYPE=PARTIAL_WAKE_LOCK             , COUNT=0, PID=10067, UID=10018
W/ContextImpl( 9929): Calling a method in the system process without a qualified user: android.app.ContextImpl.sendBroadcast:1375 com.android.server.am.ActivityStack.startPausingLocked:1418 com.android.server.am.ActivityStack.finishActivityLocked:5925 com.android.server.am.ActivityStack.finishActivityLocked:5839 com.android.server.am.ActivityStack.requestFinishActivityLocked:5755 
I/UsageStats( 9929): Deleting usage file : usage-20141208
I/WAKELOCK_RELEASE( 9929): TIMESTAMP=993539045466089, TAG=AudioOut_2, TYPE=PARTIAL_WAKE_LOCK             , COUNT=0, PID=9632, UID=1013
D/VoIPInterfaceManager( 9929): isVoIPRinging()...
D/VoIPInterfaceManager( 9929): Not exist call session
D/STATUSBAR-PhoneStatusBar(10134): animateCollapsePanels
W/ActivityManager( 9929): mDVFSHelper.acquire()
W/ContextImpl( 9929): Calling a method in the system process without a qualified user: android.app.ContextImpl.sendBroadcast:1361 com.android.server.am.ActivityManagerService.computeOomAdjLocked:14974 com.android.server.am.ActivityManagerService.computeOomAdjLocked:14633 com.android.server.am.ActivityManagerService.computeOomAdjLocked:14803 com.android.server.am.ActivityManagerService.updateOomAdjLocked:15265 
W/ContextImpl( 9929): Calling a method in the system process without a qualified user: android.app.ContextImpl.sendBroadcast:1361 com.android.server.am.ActivityManagerService.computeOomAdjLocked:14980 com.android.server.am.ActivityManagerService.computeOomAdjLocked:14633 com.android.server.am.ActivityManagerService.computeOomAdjLocked:14803 com.android.server.am.ActivityManagerService.updateOomAdjLocked:15265 
D/WindowManager( 9929): computeScreenConfigurationLocked() set config.orientation=2 dw=1280 dh=800 Callers=com.android.server.wm.WindowManagerService.updateOrientationFromAppTokensLocked:5224 com.android.server.wm.WindowManagerService.updateOrientationFromAppTokens:5193 com.android.server.am.ActivityStack.resumeTopActivityLocked:2689 
D/PowerManagerService( 9929): setKeyboardVisibility: false
W/ContextImpl( 9929): Calling a method in the system process without a qualified user: android.app.ContextImpl.sendBroadcast:1375 com.android.server.am.ActivityStack.resumeTopActivityLocked:2754 com.android.server.am.ActivityStack.resumeTopActivityLocked:2317 com.android.server.am.ActivityStack.resumeTopActivityLocked:2271 com.android.server.am.ActivityStack.completePauseLocked:1726 
D/STATUSBAR-StatusBarManagerService( 9929): manageDisableList what=0x0 pkg=WindowManager.LayoutParams
W/ActivityManager( 9929): mDVFSHelper.release()
V/VibratorService( 9929): useVibetonz: false
V/WindowManager( 9929): Window{21126b70 u0 Keyguard}mOrientationRequetedFromKeyguard=false
W/ContextImpl( 9929): Calling a method in the system process without a qualified user: android.app.ContextImpl.sendBroadcast:1361 com.android.server.InputMethodManagerService$5.run:2473 java.lang.Thread.run:856 <bottom of call stack> <bottom of call stack> 
V/WindowManager( 9929): Window{21126b70 u0 Keyguard}mOrientationRequetedFromKeyguard=false
I/WAKELOCK_RELEASE( 9929): TIMESTAMP=993539708816871, TAG=ActivityManager-Launch, TYPE=PARTIAL_WAKE_LOCK             , COUNT=0, PID=9929, UID=1000
E/Watchdog( 9929): !@Sync 2050
--------- beginning of /dev/log/main
D/accuweather(24962): [Accuweather_J_Tab]>>> DI:173 [0:0] === widget CURRENT_LOCATION= false
D/accuweather(24962): [Accuweather_J_Tab]>>> WCD:347 [0:0] send broad cast to clock
D/accuweather(24962): [Accuweather_J_Tab]>>> U:208 [0:0] config 1418470800000
D/accuweather(24962): [Accuweather_J_Tab]>>> DBH:1222 [0:0] ud NT1418470800000
D/comsamsungapp(29955): [MSC_Accu_Daemon]>>> ACP:475 [0:0] Provider update : content://daemonappapaccuweatherprovider/settings
D/comsamsungapp(29955): [MSC_Accu_Daemon]>>> ACP:496 [0:0] cp update : count : 1, pt : 8
D/accuweather(24962): [Accuweather_J_Tab]>>> DBH:1242 [0:0] send broad cast to clock
D/accuweather(24962): [Accuweather_J_Tab]>>> SWW:329 [0:0] try to redraw
D/accuweather(24962): [Accuweather_J_Tab]>>> SWW:290 [0:0] hideMsg : mResumeInstnceList[0] = 1
D/accuweather(24962): [Accuweather_J_Tab]>>> WR:768 [0:0] hideMsg : -1, isShow = false
D/accuweather(24962): [Accuweather_J_Tab]>>> WR:774 [0:0] hideMsg : 0
D/accuweather(24962): [Accuweather_J_Tab]>>> WR:863 [0:0] stopRefresh : 1
D/accuweather(24962): [Accuweather_J_Tab]>>> SWW:248 [0:0] draw : mInstnceList[0] = 1
D/accuweather(24962): [Accuweather_J_Tab]>>> WR:846 [0:0] uPanels : 1
D/accuweather(24962): [Accuweather_J_Tab]>>> WCD:1310 [0:0] AR_S_T : 3
D/accuweather(24962): [Accuweather_J_Tab]>>> WCD:1335 [0:0] cARH()
D/accuweather(24962): [Accuweather_J_Tab]>>> WCD:1359 [0:0] sAS
D/accuweather(24962): [Accuweather_J_Tab]>>> WCD:1366 [0:0] sAS : scroll = 0, size = 1
D/accuweather(24962): [Accuweather_J_Tab]>>> U:210 [0:0] widget 1418470800000
D/accuweather(24962): [Accuweather_J_Tab]>>> WCD:1212 [0:0] nt=1418470800000
D/accuweather(24962): [Accuweather_J_Tab]>>> WCD:1213 [0:0] [ARH] now = [1418449226411] lt = [1418470800000] need RF = [false]
D/accuweather(24962): [Accuweather_J_Tab]>>> WCD:1218 [0:0] nt - now =21573589
D/accuweather(24962): [Accuweather_J_Tab]>>> WCD:1219 [0:0]  now : 14/12/13 08:40:26 lt : 14/12/13 14:40:00
D/accuweather(24962): [Accuweather_J_Tab]>>> U:2822 [0:0] get UT pref:0
D/accuweather(24962): [Accuweather_J_Tab]>>> WR:274 [0:0] onPredraw Update Panel!!! : 1
D/accuweather(24962): [Accuweather_J_Tab]>>> AM:597 [0:0] notifyAnimationEnded aniType = 16, current weather effect type8, isAnimating() = false, isEnded() = false
D/accuweather(24962): [Accuweather_J_Tab]>>> WCD:201 [0:0] updateCityList
D/accuweather(24962): [Accuweather_J_Tab]>>> SWW:417 [0:0] getRefreshAnimation : mResumeInstnceList[0] = 1
D/accuweather(24962): [Accuweather_J_Tab]>>> DBH:1710 [0:0] gADWI : count = 1
D/accuweather(24962): [Accuweather_J_Tab]>>> SM:2871 [0:0] clearAllEffectObj
D/accuweather(24962): [Accuweather_J_Tab]>>> SM:1566 [0:0] updatePanels : mCityList.size():1
D/accuweather(24962): [Accuweather_J_Tab]>>> SM:1441 [0:0] calcRefreshSAO : [0.06745228, 0.10445469, 1.174, -1.1]
D/accuweather(24962): [Accuweather_J_Tab]>>> SM:715 [0:0] createCityWeather : L = cityId:295133, iconNum = 7, isDay = true
D/accuweather(24962): [Accuweather_J_Tab]>>> U:2375 [0:0] icon = 7, isDay = true
D/accuweather(24962): [Accuweather_J_Tab]>>> U:2516 [0:0] resID = 2130837523/-1
D/accuweather(24962): [Accuweather_J_Tab]>>> SM:1179 [0:0] checkAnimationType : icon : 7, isDay : true
D/accuweather(24962): [Accuweather_J_Tab]>>> SM:1301 [0:0] animationType : 8
D/accuweather(24962): [Accuweather_J_Tab]>>> SM:1910 [0:0] drw 1nd Tm dt = , 13 
D/accuweather(24962): [Accuweather_J_Tab]>>> SM:1943 [0:0] makeTimeText[1] time :null null null, new :, 13  08:40 
D/accuweather(24962): [Accuweather_J_Tab]>>> U:326 [0:0] convertTemp : fS = 1, tS = 1, v = 3.0
D/accuweather(24962): [Accuweather_J_Tab]>>> SM:1179 [0:0] checkAnimationType : icon : 7, isDay : true
D/accuweather(24962): [Accuweather_J_Tab]>>> SM:1301 [0:0] animationType : 8
D/BadgeProvider( 8148): onCreate
D/BadgeProvider( 8148): DatabaseHelper
D/BadgeProvider( 8148): query, [selection] : package='com.android.email' AND class='com.android.email.activity.Welcome' AND extraData='base_extra_badge'
D/accuweather(24962): [Accuweather_J_Tab]>>> U:537 [0:0] getWeatherText : 7/true
D/accuweather(24962): [Accuweather_J_Tab]>>> SM:1597 [0:0] updatePanels : mCityWeathers.size():1, index = 0
D/accuweather(24962): [Accuweather_J_Tab]>>> SM:1366 [0:0] aniType : 8
D/accuweather(24962): [Accuweather_J_Tab]>>> WR:539 [0:0] setSensor : 0, type = 8, isStartActivity() = false, mbPaused = false
D/accuweather(24962): [Accuweather_J_Tab]>>> SM:2871 [0:0] clearAllEffectObj
D/accuweather(24962): [Accuweather_J_Tab]>>> SM:1316 [0:0] prepareIconPanels : [0] = 2130837814
D/Launcher.Model(24861): reloadBadges entered.
D/BadgeProvider( 8148): sendNotify entered. [uri] : content://com.sec.badge/apps/1
D/BadgeProvider( 8148): sendNotify, [notify] : null
D/BadgeProvider( 8148): update, [uri] : content://com.sec.badge/apps/1
D/BadgeProvider( 8148): update, [BadgeCount] : badgecount=0
D/BadgeProvider( 8148): update, [UpdateCount] : 1
D/dalvikvm(24962): GC_FOR_ALLOC freed 4078K, 57% free 5411K/12444K, paused 7ms, total 7ms
D/dalvikvm(24861): Rejecting registerization due to +iget-quick v2, v4, (#20)
D/SurfaceWidget.Renderer(24962): [123491/10] updateTime set on renderer = 40
W/LicenseLogService( 9929): log() is called by non admin
D/accuweather(24962): [Accuweather_J_Tab]>>> SM:1910 [0:0] drw 1nd Tm dt = , 13 
D/accuweather(24962): [Accuweather_J_Tab]>>> SM:2058 [0:0] uCCV : msg = -1, oT = false
D/accuweather(24962): [Accuweather_J_Tab]>>> SM:2130 [0:0] lastUpdateString = 13/12 8:40
W/LicenseLogService( 9929): log() is called by non admin
W/LicenseLogService( 9929): log() is called by non admin
W/LicenseLogService( 9929): log() is called by non admin
W/LicenseLogService( 9929): log() is called by non admin
W/LicenseLogService( 9929): log() is called by non admin
W/LicenseLogService( 9929): log() is called by non admin
W/LicenseLogService( 9929): log() is called by non admin
D/ProgramMonitor(18186): LAUNCHER_RESUME
D/ProgramMonitor(18186): isWidgetEnabled:0  mViews:android.widget.RemoteViews@2109a560
D/ProgramMonitor(18186): startWidgetsUpdating()
W/LicenseLogService( 9929): log() is called by non admin
V/TaskCloserActivity(18186): TaskCloserActivity onReceive()
W/ActivityManager( 9929): Unable to start service Intent { cmp=com.android.email/.service.AttachmentDownloadService } U=0: not found
D/dalvikvm(24962): GC_FOR_ALLOC freed 2276K, 58% free 5330K/12444K, paused 6ms, total 7ms
D/accuweather(24962): [Accuweather_J_Tab]>>> AM:549 [0:0] startEffectAnimation aniType = 8
W/AnimationManager(24962): animation = com.samsung.surfacewidget.animate.Animate@2107c7c0 was not removed.  Item not in list
W/AnimationManager(24962): animation = com.samsung.surfacewidget.animate.Animate@2107c818 was not removed.  Item not in list
W/AnimationManager(24962): animation = com.samsung.surfacewidget.animate.Animate@2107c870 was not removed.  Item not in list
W/AnimationManager(24962): animation = com.samsung.surfacewidget.animate.Animate@210de050 was not removed.  Item not in list
W/AnimationManager(24962): animation = com.samsung.surfacewidget.animate.Animate@2108cb20 was not removed.  Item not in list
W/AnimationManager(24962): animation = com.samsung.surfacewidget.animate.Animate@210b0c98 was not removed.  Item not in list
D/accuweather(24962): [Accuweather_J_Tab]>>> WR:539 [0:0] setSensor : 0, type = 8, isStartActivity() = false, mbPaused = false
D/dalvikvm(27358): Rejecting registerization due to +iget-quick v10, v4, (#20)
W/System.err(24962): java.lang.InterruptedException
W/System.err(24962): 	at java.lang.VMThread.sleep(Native Method)
W/System.err(24962): 	at java.lang.Thread.sleep(Thread.java:1031)
W/System.err(24962): 	at java.lang.Thread.sleep(Thread.java:1013)
W/System.err(24962): 	at com.samsung.surfacewidget.SurfaceWidgetRenderer.run(SurfaceWidgetRenderer.java:235)
D/dalvikvm( 8128): Rejecting registerization due to mul-int/lit8 v4, v2, (#31)
D/dalvikvm( 8128): Rejecting registerization due to mul-int/lit8 v4, v2, (#31)
E/ActivityThread( 8164): Service com.android.exchange.ExchangeService has leaked ServiceConnection com.android.emailcommon.service.ServiceProxy$ProxyConnection@2107e590 that was originally bound here
E/ActivityThread( 8164): android.app.ServiceConnectionLeaked: Service com.android.exchange.ExchangeService has leaked ServiceConnection com.android.emailcommon.service.ServiceProxy$ProxyConnection@2107e590 that was originally bound here
E/ActivityThread( 8164): 	at android.app.LoadedApk$ServiceDispatcher.<init>(LoadedApk.java:974)
E/ActivityThread( 8164): 	at android.app.LoadedApk.getServiceDispatcher(LoadedApk.java:868)
E/ActivityThread( 8164): 	at android.app.ContextImpl.bindService(ContextImpl.java:1757)
E/ActivityThread( 8164): 	at android.app.ContextImpl.bindService(ContextImpl.java:1746)
E/ActivityThread( 8164): 	at android.content.ContextWrapper.bindService(ContextWrapper.java:480)
E/ActivityThread( 8164): 	at com.android.emailcommon.service.ServiceProxy.setTask(ServiceProxy.java:158)
E/ActivityThread( 8164): 	at com.android.emailcommon.service.ServiceProxy.setTask(ServiceProxy.java:146)
E/ActivityThread( 8164): 	at com.android.emailcommon.service.AccountServiceProxy.restoreAccountsIfNeeded(AccountServiceProxy.java:135)
E/ActivityThread( 8164): 	at com.android.exchange.ExchangeService$11.run(ExchangeService.java:4575)
E/ActivityThread( 8164): 	at com.android.emailcommon.utility.Utility$2.doInBackground(Utility.java:986)
E/ActivityThread( 8164): 	at com.android.emailcommon.utility.Utility$2.doInBackground(Utility.java:983)
E/ActivityThread( 8164): 	at android.os.AsyncTask$2.call(AsyncTask.java:287)
E/ActivityThread( 8164): 	at java.util.concurrent.FutureTask.run(FutureTask.java:234)
E/ActivityThread( 8164): 	at android.os.AsyncTask$SerialExecutor$1.run(AsyncTask.java:230)
E/ActivityThread( 8164): 	at java.util.concurrent.ThreadPoolExecutor.runWorker(ThreadPoolExecutor.java:1080)
E/ActivityThread( 8164): 	at java.util.concurrent.ThreadPoolExecutor$Worker.run(ThreadPoolExecutor.java:573)
E/ActivityThread( 8164): 	at java.lang.Thread.run(Thread.java:856)
I/ApplicationUsage( 9929): Done Updating Usage Statistics in DB @ 1418449226852
D/accuweather(24962): [Accuweather_J_Tab]>>> WR:606 [0:0] onGLDraw : BG texture = 2870041
I/dalvikvm(27358): Could not compile trace for Ljava/util/Arrays;fill, offset 5
I/dalvikvm(27358): ++++++++++++++++++++++++++++++++++++++++++++
I/dalvikvm(27358): JIT_INFO: Issues in trace  Ljava/util/Arrays;fill, offset 5
E/dalvikvm(27358): The following issues were seen:
I/dalvikvm(27358): 	Issue: The trace provoked a spill
I/dalvikvm(27358): Trying less registerization from 1 to 0
I/dalvikvm(27358): Retrying trace Ljava/util/Arrays;fill, offset 5
I/dalvikvm(27358): ++++++++++++++++++++++++++++++++++++++++++++
I/dalvikvm(27358): Could not compile trace for Ljava/util/Arrays;fill, offset 7
I/dalvikvm(27358): ++++++++++++++++++++++++++++++++++++++++++++
I/dalvikvm(27358): JIT_INFO: Issues in trace  Ljava/util/Arrays;fill, offset 7
E/dalvikvm(27358): The following issues were seen:
I/dalvikvm(27358): 	Issue: The trace provoked a spill
I/dalvikvm(27358): Trying less registerization from 1 to 0
I/dalvikvm(27358): Retrying trace Ljava/util/Arrays;fill, offset 7
I/dalvikvm(27358): ++++++++++++++++++++++++++++++++++++++++++++
D/dalvikvm(27358): Rejecting registerization due to array-length v1, v2, (#0)
D/dalvikvm(27358): Rejecting registerization due to array-length v1, v2, (#0)
D/dalvikvm(27358): GC_CONCURRENT freed 3664K, 51% free 5166K/10388K, paused 6ms+4ms, total 54ms
D/dalvikvm(27358): WAIT_FOR_CONCURRENT_GC blocked 24ms
E/dalvikvm(24962): JIT_INFO: Overwriting association of v3:edx with xmm0
I/dalvikvm(24962): JIT_INFO: Unsupported bytecode if-ge
I/dalvikvm(24962): Could not compile trace for Landroid/opengl/Matrix;scaleM, offset 1
I/dalvikvm(24962): ++++++++++++++++++++++++++++++++++++++++++++
I/dalvikvm(24962): JIT_INFO: Issues in trace  Landroid/opengl/Matrix;scaleM, offset 1
E/dalvikvm(24962): The following issues were seen:
I/dalvikvm(24962): 	Issue: Trace contains bytecode with no implementation
I/dalvikvm(24962): 	Issue: Issue registerizing the trace in the backend
E/dalvikvm(24962): Trying to turn backend registerization off
E/dalvikvm(24962): ++++++++++++++++++++++++++++++++++++++++++++
I/InputReader( 9929): Touch event's action is 0x0 (deviceType=0) [pCnt=1, s=0.38879 ] when=208838414022000
I/InputDispatcher( 9929): Delivering touch to: action: 0x0
I/InputDispatcher( 9929): Delivering touch to: action: 0x0
I/CustomFrequencyManager(24861): newFrequencyRequest  - mFrequency = 1333000, mTimeoutMs = 1000, mPkgName = com.sec.android.app.launcher@1
I/CustomFrequencyManager(24861): Boost Request from package = com.sec.android.app.launcher@1 frequency : 1333000type = 6
I/CustomFrequencyManager(24861): !! pkgName = com.sec.android.app.launcher@1
I/CustomFrequencyManager(24861): Request from package name pkgName = com.sec.android.app.launcher@1
I/CustomFrequencyManager(24861): mContext is Not Null  mContext.pkgName = com.sec.android.app.launcher
I/CustomFrequencyManager(24861): mToken is Null....Creating New Binder!
I/CustomFrequencyManager(24861): CPUDVFSControlRequest : doFrequencyRequest::  = 1333000 Timeout : 1000
D/accuweather(24962): [Accuweather_J_Tab]>>> WR:606 [0:0] onGLDraw : BG texture = 2870041
D/accuweather(24962): [Accuweather_J_Tab]>>> AM:597 [0:0] notifyAnimationEnded aniType = 516, current weather effect type8, isAnimating() = true, isEnded() = false
I/InputReader( 9929): Touch event's action is 0x1 (deviceType=0) [pCnt=1, s=] when=208838517543000
I/InputDispatcher( 9929): Delivering touch to: action: 0x1
I/InputDispatcher( 9929): Delivering touch to: action: 0x1
D/STATUSBAR-NetworkController(10134): refreshSignalCluster: data=-1 bt=false
D/IconMerger(10134): overflowShown = false
D/IconMerger(10134): moreRequired = false
D/dalvikvm( 9929): JIT code cache reset in 1 ms (1047528 bytes 24/0)
D/dalvikvm( 9929): GC_EXPLICIT freed 7781K, 36% free 29307K/45224K, paused 6ms+20ms, total 231ms
D/dalvikvm(24962): Rejecting registerization due to +iget-object-quick v1, v1, (#16)
D/SurfaceWidgetClient$ISurfaceWidgetStub(24962): [123491/10] Surface widget pause on instance = 1
D/accuweather(24962): [Accuweather_J_Tab]>>> SWW:189 [0:0] [SWW] onPause : rI = 1
D/accuweather(24962): [Accuweather_J_Tab]>>> SWW:199 [0:0] [SWW] onPause : size = 0
D/accuweather(24962): [Accuweather_J_Tab]>>> SWW:605 [0:0]  unRegisterTTReceiver !! 
V/TaskCloserActivity(18186): TaskCloserActivity resetList mRunningItems.clear
V/TaskCloserActivity(18186): TaskCloserActivity resetList runningAppsCount : 2
D/accuweather(24962): [Accuweather_J_Tab]>>> WCD:1335 [0:0] cARH()
D/accuweather(24962): [Accuweather_J_Tab]>>> WCD:492 [0:0]  onPause 
D/accuweather(24962): [Accuweather_J_Tab]>>> WR:463 [0:0] onPause : 1
D/accuweather(24962): [Accuweather_J_Tab]>>> SWW:515 [0:0] =================== , pause :1
D/dalvikvm( 9929): Rejecting registerization due to +iget-quick v3, v5, (#20)
V/TaskCloserActivity(18186): TaskCloserActivity tnails != null
D/accuweather(24962): [Accuweather_J_Tab]>>> WR:606 [0:0] onGLDraw : BG texture = 2870041
D/SurfaceWidget.Renderer(24962): [123491/10] SurfaceWidgetRenderer waiting: 1 (Thread[Thread-3689,5,main])
V/TaskCloserActivity(18186): TaskCloserActivity tnails == null
D/ProgramMonitor(18186): Active Applications count = 2
V/TaskCloserActivity(18186): TaskCloserActivity onReceive()
D/dalvikvm( 9929): Rejecting registerization due to +iget-quick v2, v4, (#20)
D/dalvikvm( 9929): Rejecting registerization due to +iget-object-quick v7, v12, (#8)
D/dalvikvm( 9929): Rejecting registerization due to +iget-object-quick v7, v12, (#8)
I/InputReader( 9929): Touch event's action is 0x0 (deviceType=0) [pCnt=1, s=0.38880 ] when=208839522492000
I/InputDispatcher( 9929): Delivering touch to: action: 0x0
I/InputDispatcher( 9929): Delivering touch to: action: 0x0
D/SurfaceWidgetClient$ISurfaceWidgetStub(24962): [123491/10] Surface widget visibility changed visibility = false on instance = 1
I/CustomFrequencyManager(24861): newFrequencyRequest  - mFrequency = 1333000, mTimeoutMs = 1000, mPkgName = com.sec.android.app.launcher@1
I/CustomFrequencyManager(24861): Boost Request from package = com.sec.android.app.launcher@1 frequency : 1333000type = 6
I/CustomFrequencyManager(24861): !! pkgName = com.sec.android.app.launcher@1
I/CustomFrequencyManager(24861): Request from package name pkgName = com.sec.android.app.launcher@1
I/CustomFrequencyManager(24861): mContext is Not Null  mContext.pkgName = com.sec.android.app.launcher
I/CustomFrequencyManager(24861): mToken is Null....Creating New Binder!
I/CustomFrequencyManager(24861): CPUDVFSControlRequest : doFrequencyRequest::  = 1333000 Timeout : 1000
D/SurfaceWidgetClient$ISurfaceWidgetStub(24962): [123491/10] Surface widget visibility changed visibility = true on instance = 1
D/SurfaceWidget.Renderer(24962): [123491/10] SurfaceWidgetRenderer waiting done: 1 (Thread[Thread-3689,5,main])
D/SurfaceWidget.Renderer(24962): [123491/10] SurfaceWidgetRenderer waiting: 1 (Thread[Thread-3689,5,main])
D/SurfaceWidgetClient$ISurfaceWidgetStub(24962): [123491/10] Surface widget visibility changed visibility = false on instance = 1
I/InputReader( 9929): Touch event's action is 0x1 (deviceType=0) [pCnt=1, s=] when=208839662919000
I/InputDispatcher( 9929): Delivering touch to: action: 0x1
I/InputDispatcher( 9929): Delivering touch to: action: 0x1
I/InputReader( 9929): Touch event's action is 0x0 (deviceType=0) [pCnt=1, s=0.38881 ] when=208840155924000
I/InputDispatcher( 9929): Delivering touch to: action: 0x0
I/InputDispatcher( 9929): Delivering touch to: action: 0x0
I/CustomFrequencyManager(24861): newFrequencyRequest  - mFrequency = 1333000, mTimeoutMs = 1000, mPkgName = com.sec.android.app.launcher@1
I/CustomFrequencyManager(24861): Boost Request from package = com.sec.android.app.launcher@1 frequency : 1333000type = 6
I/CustomFrequencyManager(24861): !! pkgName = com.sec.android.app.launcher@1
I/CustomFrequencyManager(24861): Request from package name pkgName = com.sec.android.app.launcher@1
I/CustomFrequencyManager(24861): mContext is Not Null  mContext.pkgName = com.sec.android.app.launcher
I/CustomFrequencyManager(24861): mToken is Null....Creating New Binder!
I/CustomFrequencyManager(24861): CPUDVFSControlRequest : doFrequencyRequest::  = 1333000 Timeout : 1000
I/InputReader( 9929): Touch event's action is 0x1 (deviceType=0) [pCnt=1, s=] when=208840264868000
I/InputDispatcher( 9929): Delivering touch to: action: 0x1
I/InputDispatcher( 9929): Delivering touch to: action: 0x1
D/Launcher.Workspace(24861): exitWidgetResizeMode State: NORMAL, newDragStarted: false
D/dalvikvm( 9929): Rejecting registerization due to +iget-quick v3, v5, (#20)
D/dalvikvm( 9929): Rejecting registerization due to +iget-quick v2, v4, (#20)
D/dalvikvm( 9929): Rejecting registerization due to array-length v2, v7, (#0)
D/SurfaceWidgetClient$ISurfaceWidgetStub(24962): [123491/10] Surface widget visibility changed visibility = false on instance = 1
D/dalvikvm( 9929): Rejecting registerization due to div-int/lit8 v0, v3, (#2)
D/dalvikvm( 9929): Rejecting registerization due to move v5, v4, (#0)
D/dalvikvm( 9929): Rejecting registerization due to move v5, v4, (#0)
D/dalvikvm( 9929): Rejecting registerization due to +iget-object-quick v5, v8, (#32)
D/dalvikvm( 9929): Rejecting registerization due to and-int/lit16 v0, v5, (#128)
D/dalvikvm( 9929): Rejecting registerization due to div-int/lit8 v0, v3, (#2)
I/InputReader( 9929): Touch event's action is 0x0 (deviceType=0) [pCnt=1, s=0.38882 ] when=208841508910000
I/InputDispatcher( 9929): Delivering touch to: action: 0x0
I/InputDispatcher( 9929): Delivering touch to: action: 0x0
I/CustomFrequencyManager(24861): newFrequencyRequest  - mFrequency = 1333000, mTimeoutMs = 1000, mPkgName = com.sec.android.app.launcher@1
I/CustomFrequencyManager(24861): Boost Request from package = com.sec.android.app.launcher@1 frequency : 1333000type = 6
I/CustomFrequencyManager(24861): !! pkgName = com.sec.android.app.launcher@1
I/CustomFrequencyManager(24861): Request from package name pkgName = com.sec.android.app.launcher@1
I/CustomFrequencyManager(24861): mContext is Not Null  mContext.pkgName = com.sec.android.app.launcher
I/CustomFrequencyManager(24861): mToken is Null....Creating New Binder!
I/CustomFrequencyManager(24861): CPUDVFSControlRequest : doFrequencyRequest::  = 1333000 Timeout : 1000
I/InputReader( 9929): Touch event's action is 0x1 (deviceType=0) [pCnt=1, s=] when=208841629140000
I/InputDispatcher( 9929): Delivering touch to: action: 0x1
I/InputDispatcher( 9929): Delivering touch to: action: 0x1
I/Monitor ( 9929): SIOP:: Current AP = 294, CP = 0
I/dalvikvm( 8042): Total arena pages for JIT: 11
D/dalvikvm( 8042): Rejecting registerization due to and-int/lit16 v0, v5, (#128)
I/dalvikvm( 8042): Total arena pages for JIT: 12
D/dalvikvm( 8042): Rejecting registerization due to and-int/lit16 v0, v5, (#128)
I/InputReader( 9929): Touch event's action is 0x0 (deviceType=0) [pCnt=1, s=0.38883 ] when=208843155895000
I/InputDispatcher( 9929): Delivering touch to: action: 0x0
I/InputDispatcher( 9929): Delivering touch to: action: 0x0
I/CustomFrequencyManager(24861): newFrequencyRequest  - mFrequency = 1333000, mTimeoutMs = 1000, mPkgName = com.sec.android.app.launcher@1
I/CustomFrequencyManager(24861): Boost Request from package = com.sec.android.app.launcher@1 frequency : 1333000type = 6
I/CustomFrequencyManager(24861): !! pkgName = com.sec.android.app.launcher@1
I/CustomFrequencyManager(24861): Request from package name pkgName = com.sec.android.app.launcher@1
I/CustomFrequencyManager(24861): mContext is Not Null  mContext.pkgName = com.sec.android.app.launcher
I/CustomFrequencyManager(24861): mToken is Null....Creating New Binder!
I/CustomFrequencyManager(24861): CPUDVFSControlRequest : doFrequencyRequest::  = 1333000 Timeout : 1000
I/InputReader( 9929): Touch event's action is 0x1 (deviceType=0) [pCnt=1, s=] when=208843263313000
I/InputDispatcher( 9929): Delivering touch to: action: 0x1
I/InputDispatcher( 9929): Delivering touch to: action: 0x1
I/CustomFrequencyManager(24861): newFrequencyRequest  - mFrequency = 1600000, mTimeoutMs = 2000, mPkgName = LAUNCHER_APP_BOOSTER_CPU@4
I/CustomFrequencyManager(24861): Boost Request from package = LAUNCHER_APP_BOOSTER_CPU@4 frequency : 1600000type = 6
I/CustomFrequencyManager(24861): !! pkgName = LAUNCHER_APP_BOOSTER_CPU@4
I/CustomFrequencyManager(24861): Request from package name pkgName = LAUNCHER_APP_BOOSTER_CPU@4
I/CustomFrequencyManager(24861): mContext is Not Null  mContext.pkgName = com.sec.android.app.launcher
I/CustomFrequencyManager(24861): mToken is Null....Creating New Binder!
I/CustomFrequencyManager(24861): CPUDVFSControlRequest : doFrequencyRequest::  = 1600000 Timeout : 2000
I/CustomFrequencyManager( 9929): newFrequencyRequest  - mFrequency = 1600000, mTimeoutMs = -1, mPkgName = ACTIVITY_RESUME_BOOSTER@5
I/CustomFrequencyManager( 9929): Boost Request from package = ACTIVITY_RESUME_BOOSTER@5 frequency : 1600000type = 6
I/CustomFrequencyManager( 9929): !! pkgName = ACTIVITY_RESUME_BOOSTER@5
I/CustomFrequencyManager( 9929): Request from package name pkgName = ACTIVITY_RESUME_BOOSTER@5
I/CustomFrequencyManager( 9929): mContext is Not Null  mContext.pkgName = android
I/CustomFrequencyManager( 9929): 2 Old token will be reused!
I/CustomFrequencyManager( 9929): CPUDVFSControlRequest : doFrequencyRequest::  = 1600000 Timeout : -1
W/ActivityManager( 9929): mDVFSHelper.acquire()
W/ContextImpl( 9929): Calling a method in the system process without a qualified user: android.app.ContextImpl.sendBroadcast:1375 com.android.server.am.ActivityStack.startPausingLocked:1418 com.android.server.am.ActivityStack.startPausingLocked:1356 com.android.server.am.ActivityStack.resumeTopActivityLocked:2519 com.android.server.am.ActivityStack.resumeTopActivityLocked:2317 
W/ResourceType( 9929): Failure getting entry for 0x01080a03 (t=7 e=2563) in package 0 (error -75)
E/MoreInfoHPW_ViewGroup( 9929): Parent view is not a TextView
D/Launcher(24861): onPause, Launcher: 554293512
D/Launcher.HomeView(24861): onPause
D/Launcher.Workspace(24861): exitWidgetResizeMode State: NORMAL, newDragStarted: false
W/ResourceType( 9929): Failure getting entry for 0x01080a03 (t=7 e=2563) in package 0 (error -75)
D/dalvikvm(27358): GC_CONCURRENT freed 3967K, 53% free 5171K/10816K, paused 3ms+3ms, total 32ms
D/dalvikvm(27358): WAIT_FOR_CONCURRENT_GC blocked 29ms
W/ResourceType( 9929): Failure getting entry for 0x01080a03 (t=7 e=2563) in package 0 (error -75)
D/ProgramMonitor(18186):  stopWidgetsUpdating() 
V/TaskCloserActivity(18186): TaskCloserActivity onReceive()
D/dalvikvm( 8196): Late-enabling CheckJNI
D/dalvikvm( 8196): Try to disable coredump for pid 8196
D/dalvikvm( 9929): Rejecting registerization due to iget-object v4, v3, (#5435)
W/ContextImpl( 9929): Calling a method in the system process without a qualified user: android.app.ContextImpl.sendBroadcast:1361 com.android.server.am.ActivityManagerService.computeOomAdjLocked:14974 com.android.server.am.ActivityManagerService.computeOomAdjLocked:14633 com.android.server.am.ActivityManagerService.computeOomAdjLocked:14803 com.android.server.am.ActivityManagerService.updateOomAdjLocked:15265 
D/dalvikvm( 9929): Rejecting registerization due to ushr-int/lit8 v4, v7, (#19)
V/WindowManager( 9929): Window{21126b70 u0 Keyguard}mOrientationRequetedFromKeyguard=false
D/dalvikvm( 9929): Rejecting registerization due to +iget-object-quick v2, v4, (#8)
D/dalvikvm( 9929): Rejecting registerization due to array-length v2, v7, (#0)
D/WindowManager( 9929): computeScreenConfigurationLocked() set config.orientation=2 dw=1280 dh=800 Callers=com.android.server.wm.WindowManagerService.updateOrientationFromAppTokensLocked:5224 com.android.server.wm.WindowManagerService.updateOrientationFromAppTokens:5193 com.android.server.am.ActivityStack.realStartActivityLocked:966 
D/PowerManagerService( 9929): setKeyboardVisibility: false
W/ContextImpl( 9929): Calling a method in the system process without a qualified user: android.app.ContextImpl.sendBroadcast:1361 com.android.server.am.ActivityManagerService.computeOomAdjLocked:14980 com.android.server.am.ActivityManagerService.updateOomAdjLocked:15265 com.android.server.am.ActivityManagerService.updateOomAdjLocked:15483 com.android.server.am.ActivityManagerService.updateLruProcessLocked:2253 
W/ContextImpl( 9929): Calling a method in the system process without a qualified user: android.app.ContextImpl.sendBroadcast:1375 com.android.server.am.ActivityStack.realStartActivityLocked:1003 com.android.server.am.ActivityManagerService.attachApplicationLocked:5118 com.android.server.am.ActivityManagerService.attachApplication:5210 android.app.ActivityManagerNative.onTransact:412 
D/dalvikvm( 9929): Rejecting registerization due to +iget-object-quick v2, v4, (#8)
D/SurfaceWidgetClient(24962): [123491/10] SurfaceWidgetClient onTrimMemory level: 20
V/WindowManager( 9929): Window{21126b70 u0 Keyguard}mOrientationRequetedFromKeyguard=false
D/Launcher(24861): onTrimMemory. Level: 20
D/dalvikvm( 9929): Rejecting registerization due to div-int/lit8 v0, v3, (#2)
V/WindowManager( 9929): Window{21126b70 u0 Keyguard}mOrientationRequetedFromKeyguard=false
D/dalvikvm(10582): GC_CONCURRENT freed 3899K, 53% free 4985K/10440K, paused 14ms+3ms, total 116ms
D/dalvikvm(10582): WAIT_FOR_CONCURRENT_GC blocked 85ms
W/ResourceType( 8196): Failure getting entry for 0x01080a04 (t=7 e=2564) in package 0 (error -75)
E/MoreInfoHPW_ViewGroup( 8196): Parent view is not a TextView
W/ResourceType( 8196): Failure getting entry for 0x01080a04 (t=7 e=2564) in package 0 (error -75)
W/ResourceType( 8196): Failure getting entry for 0x01080a04 (t=7 e=2564) in package 0 (error -75)
D/dalvikvm( 9929): Rejecting registerization due to div-int/lit8 v0, v3, (#2)
E/Qt      ( 8196): Can't create main activity
E/Qt      ( 8196): java.io.FileNotFoundException: /data/data/org.qtproject.example.mytetra/lib/libplugins_platforms_libqminimalegl.so: open failed: ENOENT (No such file or directory)
E/Qt      ( 8196): 	at libcore.io.IoBridge.open(IoBridge.java:416)
E/Qt      ( 8196): 	at java.io.FileInputStream.<init>(FileInputStream.java:78)
E/Qt      ( 8196): 	at java.io.FileInputStream.<init>(FileInputStream.java:105)
E/Qt      ( 8196): 	at org.qtproject.qt5.android.bindings.QtActivity.createBundledBinary(QtActivity.java:396)
E/Qt      ( 8196): 	at org.qtproject.qt5.android.bindings.QtActivity.extractBundledPluginsAndImports(QtActivity.java:416)
E/Qt      ( 8196): 	at org.qtproject.qt5.android.bindings.QtActivity.startApp(QtActivity.java:466)
E/Qt      ( 8196): 	at org.qtproject.qt5.android.bindings.QtActivity.onCreate(QtActivity.java:744)
E/Qt      ( 8196): 	at android.app.Activity.performCreate(Activity.java:5267)
E/Qt      ( 8196): 	at android.app.Instrumentation.callActivityOnCreate(Instrumentation.java:1097)
E/Qt      ( 8196): 	at android.app.ActivityThread.performLaunchActivity(ActivityThread.java:2209)
E/Qt      ( 8196): 	at android.app.ActivityThread.handleLaunchActivity(ActivityThread.java:2295)
E/Qt      ( 8196): 	at android.app.ActivityThread.access$700(ActivityThread.java:150)
E/Qt      ( 8196): 	at android.app.ActivityThread$H.handleMessage(ActivityThread.java:1280)
E/Qt      ( 8196): 	at android.os.Handler.dispatchMessage(Handler.java:99)
E/Qt      ( 8196): 	at android.os.Looper.loop(Looper.java:176)
E/Qt      ( 8196): 	at android.app.ActivityThread.main(ActivityThread.java:5279)
E/Qt      ( 8196): 	at java.lang.reflect.Method.invokeNative(Native Method)
E/Qt      ( 8196): 	at java.lang.reflect.Method.invoke(Method.java:511)
E/Qt      ( 8196): 	at com.android.internal.os.ZygoteInit$MethodAndArgsCaller.run(ZygoteInit.java:1102)
E/Qt      ( 8196): 	at com.android.internal.os.ZygoteInit.main(ZygoteInit.java:869)
E/Qt      ( 8196): 	at dalvik.system.NativeStart.main(Native Method)
E/Qt      ( 8196): Caused by: libcore.io.ErrnoException: open failed: ENOENT (No such file or directory)
E/Qt      ( 8196): 	at libcore.io.Posix.open(Native Method)
E/Qt      ( 8196): 	at libcore.io.BlockGuardOs.open(BlockGuardOs.java:110)
E/Qt      ( 8196): 	at libcore.io.IoBridge.open(IoBridge.java:400)
E/Qt      ( 8196): 	... 20 more
V/WindowManager( 9929): Window{21126b70 u0 Keyguard}mOrientationRequetedFromKeyguard=false
D/STATUSBAR-StatusBarManagerService( 9929): manageDisableList what=0x0 pkg=WindowManager.LayoutParams
E/EnterpriseContainerManager( 9929): ContainerPolicy Service is not yet ready!!!
D/EnterpriseDeviceManager( 9929): ContainerId: 0
W/LicenseLogService( 9929): log() is called by non admin
W/ContextImpl( 9929): Calling a method in the system process without a qualified user: android.app.ContextImpl.sendBroadcast:1361 com.android.server.InputMethodManagerService$5.run:2473 java.lang.Thread.run:856 <bottom of call stack> <bottom of call stack> 
D/hwcomposer( 1964): isRGBOverlayLayer: got an RGB overlay layer
D/hwcomposer( 1964): isSpriteLayer: got a sprite layer
D/hwcomposer( 1964): isRGBOverlayLayer: got an RGB overlay layer
D/hwcomposer( 1964): isSpriteLayer: got a sprite layer
I/WAKELOCK_RELEASE( 9929): TIMESTAMP=993547864945783, TAG=ActivityManager-Launch, TYPE=PARTIAL_WAKE_LOCK             , COUNT=0, PID=9929, UID=1000
D/dalvikvm( 9929): Rejecting registerization due to iget-object v4, v3, (#5435)
D/hwcomposer( 1964): isRGBOverlayLayer: got an RGB overlay layer
D/hwcomposer( 1964): isSpriteLayer: got a sprite layer
W/ActivityManager( 9929): mDVFSHelper.release()
D/Launcher(24861): onStop, Launcher: 554293512
D/Launcher.HomeView(24861): onStop
D/SurfaceWidgetClient$ISurfaceWidgetStub(24962): [123491/10] Surface widget visibility changed visibility = false on instance = 1
D/hwcomposer( 1964): isRGBOverlayLayer: got an RGB overlay layer
D/hwcomposer( 1964): isSpriteLayer: got a sprite layer
D/hwcomposer( 1964): isRGBOverlayLayer: got an RGB overlay layer
D/hwcomposer( 1964): isRGBOverlayLayer: got an RGB overlay layer
D/hwcomposer( 1964): isRGBOverlayLayer: got an RGB overlay layer
D/hwcomposer( 1964): isRGBOverlayLayer: got an RGB overlay layer
D/hwcomposer( 1964): isRGBOverlayLayer: got an RGB overlay layer
D/hwcomposer( 1964): isRGBOverlayLayer: got an RGB overlay layer
D/hwcomposer( 1964): isRGBOverlayLayer: got an RGB overlay layer
D/hwcomposer( 1964): isRGBOverlayLayer: got an RGB overlay layer
D/hwcomposer( 1964): isRGBOverlayLayer: got an RGB overlay layer
D/hwcomposer( 1964): isRGBOverlayLayer: got an RGB overlay layer
D/hwcomposer( 1964): isSpriteLayer: got a sprite layer
D/hwcomposer( 1964): isRGBOverlayLayer: got an RGB overlay layer
D/hwcomposer( 1964): isSpriteLayer: got a sprite layer
D/STATUSBAR-NetworkController(10134): refreshSignalCluster: data=-1 bt=false
D/IconMerger(10134): overflowShown = false
D/IconMerger(10134): moreRequired = false
D/STATUSBAR-NetworkController(10134): refreshSignalCluster: data=-1 bt=false
D/IconMerger(10134): overflowShown = false
D/IconMerger(10134): moreRequired = false
I/dalvikvm( 8128): Total arena pages for JIT: 11
D/dalvikvm( 8128): Rejecting registerization due to and-int/lit16 v0, v5, (#128)
I/dalvikvm( 8128): Total arena pages for JIT: 12
D/dalvikvm( 8128): Rejecting registerization due to and-int/lit16 v0, v5, (#128)
I/dalvikvm( 8148): Total arena pages for JIT: 11
D/dalvikvm( 8148): Rejecting registerization due to and-int/lit16 v0, v5, (#128)
I/dalvikvm( 8148): Total arena pages for JIT: 12
D/dalvikvm( 8148): Rejecting registerization due to and-int/lit16 v0, v5, (#128)
I/dalvikvm( 8164): Total arena pages for JIT: 11
I/dalvikvm( 8164): Total arena pages for JIT: 12
D/dalvikvm( 8164): Rejecting registerization due to and-int/lit16 v0, v5, (#128)
D/dalvikvm( 8164): Rejecting registerization due to and-int/lit16 v0, v5, (#128)
D/STATUSBAR-NetworkController(10134): refreshSignalCluster: data=-1 bt=false
D/IconMerger(10134): overflowShown = false
D/IconMerger(10134): moreRequired = false
D/STATUSBAR-NetworkController(10134): refreshSignalCluster: data=-1 bt=false
D/IconMerger(10134): overflowShown = false
D/IconMerger(10134): moreRequired = false
D/dalvikvm(27358): GC_CONCURRENT freed 3966K, 52% free 5199K/10812K, paused 1ms+2ms, total 19ms
D/dalvikvm(27358): WAIT_FOR_CONCURRENT_GC blocked 15ms
V/WindowOrientationListener( 9929): Proposed rotation changed!  proposedRotation=1, oldProposedRotation=-1currentRotation = 0
I/CustomFrequencyManager( 9929): newFrequencyRequest  - mFrequency = 1600000, mTimeoutMs = 2000, mPkgName = ROTATION_BOOSTER@13
I/CustomFrequencyManager( 9929): Boost Request from package = ROTATION_BOOSTER@13 frequency : 1600000type = 6
I/CustomFrequencyManager( 9929): !! pkgName = ROTATION_BOOSTER@13
I/CustomFrequencyManager( 9929): Request from package name pkgName = ROTATION_BOOSTER@13
I/CustomFrequencyManager( 9929): mContext is Not Null  mContext.pkgName = android
I/CustomFrequencyManager( 9929): 2 Old token will be reused!
I/CustomFrequencyManager( 9929): CPUDVFSControlRequest : doFrequencyRequest::  = 1600000 Timeout : 2000
D/InputDispatcher( 9929): setInputDispatchMode: enabled=1, frozen=1
V/WindowManager( 9929): rotationForOrientationLw(orient=-1, last=0); user=1  sensorRotation=1 isCoverOpen=true mLidState=-1 mDockMode=0 mHdmiPlugged=false mAccelerometerDefault=false
V/WindowManager( 9929): Application requested orientation -1, got rotation 1 which has compatible metrics
V/WindowManager( 9929): Rotation changed to 1 from 0, forceApp=-1
D/SamsungWindowManager( 9929): setRotationLw() : rotation=1
W/Surface ( 9929): Surfaces should always be created with the HIDDEN flag set to ensure that they are not made visible prematurely before all of the surface's properties have been configured.  Set the other properties and make the surface visible within a transaction.  New surface name: FreezeSurface
W/Surface ( 9929): java.lang.Throwable
W/Surface ( 9929): 	at android.view.Surface.<init>(Surface.java:337)
W/Surface ( 9929): 	at com.android.server.wm.ScreenRotationAnimation.<init>(ScreenRotationAnimation.java:258)
W/Surface ( 9929): 	at com.android.server.wm.WindowManagerService.startFreezingDisplayLocked(WindowManagerService.java:12122)
W/Surface ( 9929): 	at com.android.server.wm.WindowManagerService.updateRotationUncheckedLocked(WindowManagerService.java:7665)
W/Surface ( 9929): 	at com.android.server.wm.WindowManagerService.updateRotationUnchecked(WindowManagerService.java:7572)
W/Surface ( 9929): 	at com.android.server.wm.WindowManagerService.updateRotation(WindowManagerService.java:7535)
W/Surface ( 9929): 	at com.android.internal.policy.impl.PhoneWindowManager.updateRotation(PhoneWindowManager.java:6605)
W/Surface ( 9929): 	at com.android.internal.policy.impl.PhoneWindowManager$MyOrientationListener.onProposedRotationChanged(PhoneWindowManager.java:725)
W/Surface ( 9929): 	at android.view.WindowOrientationListener$SensorEventListenerImpl.onSensorChanged(WindowOrientationListener.java:1050)
W/Surface ( 9929): 	at android.hardware.SystemSensorManager$ListenerDelegate$1.handleMessage(SystemSensorManager.java:256)
W/Surface ( 9929): 	at android.os.Handler.dispatchMessage(Handler.java:99)
W/Surface ( 9929): 	at android.os.Looper.loop(Looper.java:176)
W/Surface ( 9929): 	at com.android.server.ServerThread.run(SystemServer.java:1726)
D/dalvikvm( 9929): Rejecting registerization due to ushr-int/lit8 v4, v7, (#19)
I/InputReader( 9929): Reconfiguring input devices.  changes=0x00000004
I/InputReader( 9929): Device reconfigured: id=9, name='sec_touchscreen', size 1280x800, orientation 1, mode 1, display id 0
D/WindowManager( 9929): computeScreenConfigurationLocked() set config.orientation=1 dw=800 dh=1280 Callers=com.android.server.wm.WindowManagerService.computeNewConfigurationLocked:8401 com.android.server.wm.WindowManagerService.computeNewConfiguration:8388 com.android.server.am.ActivityManagerService.updateConfiguration:13956 
D/PowerManagerService( 9929): setKeyboardVisibility: false
I/ActivityManager( 9929): Config changes=480 {1 0 1.0 250mcc2mnc ru_RU ldltr sw800dp w800dp h1255dp 160dpi xlrg port finger -keyb/v/h -nav/h s.34}
D/dalvikvm( 9929): Rejecting registerization due to array-length v1, v2, (#0)
I/dalvikvm( 8196): Total arena pages for JIT: 11
I/dalvikvm( 8196): Total arena pages for JIT: 12
D/dalvikvm( 8196): Rejecting registerization due to and-int/lit16 v0, v5, (#128)
D/dalvikvm( 9929): Rejecting registerization due to sget-object v2, (#8885), (#0)
D/dalvikvm( 8196): Rejecting registerization due to and-int/lit16 v0, v5, (#128)
I/dalvikvm( 8105): Total arena pages for JIT: 11
I/dalvikvm( 8105): Total arena pages for JIT: 12
D/dalvikvm( 8105): Rejecting registerization due to and-int/lit16 v0, v5, (#128)
D/dalvikvm( 8105): Rejecting registerization due to and-int/lit16 v0, v5, (#128)
I/dalvikvm(28446): Total arena pages for JIT: 11
I/dalvikvm(27589): Total arena pages for JIT: 11
I/dalvikvm(27589): Total arena pages for JIT: 12
D/dalvikvm(27589): Rejecting registerization due to and-int/lit16 v0, v5, (#128)
I/dalvikvm(28446): Total arena pages for JIT: 12
D/dalvikvm(28446): Rejecting registerization due to and-int/lit16 v0, v5, (#128)
I/dalvikvm(27739): Total arena pages for JIT: 11
D/dalvikvm(27739): Rejecting registerization due to and-int/lit16 v0, v5, (#128)
I/dalvikvm(27739): Total arena pages for JIT: 12
D/dalvikvm(27739): Rejecting registerization due to and-int/lit16 v0, v5, (#128)
D/dalvikvm(27589): Rejecting registerization due to and-int/lit16 v0, v5, (#128)
I/dalvikvm(27725): Total arena pages for JIT: 11
I/dalvikvm(27725): Total arena pages for JIT: 12
D/dalvikvm(16795): Rejecting registerization due to sget-object v6, (#22520), (#0)
D/dalvikvm(27725): Rejecting registerization due to and-int/lit16 v0, v5, (#128)
D/dalvikvm(28446): Rejecting registerization due to and-int/lit16 v0, v5, (#128)
D/dalvikvm(16795): Rejecting registerization due to sget-object v6, (#22520), (#0)
D/dalvikvm(27725): Rejecting registerization due to and-int/lit16 v0, v5, (#128)
I/dalvikvm(27526): Total arena pages for JIT: 11
I/dalvikvm(27526): Total arena pages for JIT: 12
D/dalvikvm(27526): Rejecting registerization due to and-int/lit16 v0, v5, (#128)
D/SurfaceWidgetClient(24962): [123491/10] onConfigurationChanged
D/dalvikvm(27526): Rejecting registerization due to and-int/lit16 v0, v5, (#128)
D/KeyguardViewMediator( 9929): ACTION_CONFIGURATION_CHANGED intent is received.
V/KeyguardViewManager( 9929): mConfigChangeReceiver.onReceive : action=android.intent.action.CONFIGURATION_CHANGED mLastOrientation=0 orient=1
W/ResourceType( 8196): Failure getting entry for 0x01080a04 (t=7 e=2564) in package 0 (error -75)
D/dalvikvm( 8196): Rejecting registerization due to div-int/lit8 v0, v3, (#2)
D/dalvikvm( 8196): Rejecting registerization due to div-int/lit8 v0, v3, (#2)
D/dalvikvm( 8196): Rejecting registerization due to div-int/lit8 v0, v3, (#2)
D/dalvikvm( 8196): Rejecting registerization due to div-int/lit8 v0, v3, (#2)
D/STATUSBAR-QuickSettingPanel(10134): setSingleLine:true
D/STATUSBAR-QuickSettingButton(10134): Reduce text : [
D/STATUSBAR-QuickSettingButton(10134): ] - buttonWidth:[73], textWidth[79]
D/STATUSBAR-QuickSettingButton(10134): Reduce text : [
D/STATUSBAR-QuickSettingButton(10134): ] - buttonWidth:[73], textWidth[78]
D/GeckoApplication(27915): onConfigurationChanged: ru_RU, background: false
D/STATUSBAR-QuickSettingButton(10134): Reduce text : [Bluetooth] - buttonWidth:[73], textWidth[84]
D/STATUSBAR-QuickSettingButton(10134): Reduce text : [Bluetooth] - buttonWidth:[73], textWidth[83]
I/ThermalZone( 9929): TEMP 36000 newMaxSensorState 0
D/STATUSBAR-QuickSettingButton(10134): Reduce text : [
D/STATUSBAR-QuickSettingButton(10134): .] - buttonWidth:[73], textWidth[93]
D/STATUSBAR-QuickSettingButton(10134): Reduce text : [
D/STATUSBAR-QuickSettingButton(10134): .] - buttonWidth:[73], textWidth[92]
D/VoIPInterfaceManager( 9929): getState()...
D/VoIPInterfaceManager( 9929): Not exist call session
D/VoIPInterfaceManager( 9929): getState()...
D/VoIPInterfaceManager( 9929): Not exist call session
D/STATUSBAR-QuickSettingButton(10134): Reduce text : [ 
D/STATUSBAR-QuickSettingButton(10134): Wi-Fi] - buttonWidth:[73], textWidth[83]
D/STATUSBAR-QuickSettingButton(10134): Reduce text : [ 
D/STATUSBAR-QuickSettingButton(10134): Wi-Fi] - buttonWidth:[73], textWidth[82]
D/STATUSBAR-QuickSettingButton(10134): Reduce text : [
D/STATUSBAR-QuickSettingButton(10134): ] - buttonWidth:[73], textWidth[92]
D/STATUSBAR-QuickSettingButton(10134): Reduce text : [
D/STATUSBAR-QuickSettingButton(10134): ] - buttonWidth:[73], textWidth[91]
I/dalvikvm(27628): Total arena pages for JIT: 11
D/dalvikvm(27628): Rejecting registerization due to and-int/lit16 v0, v5, (#128)
D/STATUSBAR-QuickSettingButton(10134): Reduce text : [.
D/STATUSBAR-QuickSettingButton(10134): .] - buttonWidth:[73], textWidth[103]
D/STATUSBAR-QuickSettingButton(10134): Reduce text : [.
